Initialized native services in: /home/runner/.gradle/native
Initialized jansi services in: /home/runner/.gradle/native
Received JVM installation metadata from '/usr/lib/jvm/temurin-17-jdk-amd64': {JAVA_HOME=/usr/lib/jvm/temurin-17-jdk-amd64, JAVA_VERSION=17.0.18, JAVA_VENDOR=Eclipse Adoptium, RUNTIME_NAME=OpenJDK Runtime Environment, RUNTIME_VERSION=17.0.18+8, VM_NAME=OpenJDK 64-Bit Server VM, VM_VERSION=17.0.18+8, VM_VENDOR=Eclipse Adoptium, OS_ARCH=amd64}
The client will now receive all logging from the daemon (pid: 2586). The daemon log file: /home/runner/.gradle/daemon/8.9/daemon-2586.out.log
Starting 4th build in daemon [uptime: 1 mins 56.962 secs, performance: 100%, GC rate: 0.00/s, heap usage: 0% of 4 GiB]
Using 2 worker leases.
Now considering [/home/runner/work/sovereign-vantage-android/sovereign-vantage-android] as hierarchies to watch
Watching the file system is configured to be enabled if available
File system watching is active
Starting Build
Settings evaluated using settings file '/home/runner/work/sovereign-vantage-android/sovereign-vantage-android/settings.gradle.kts'.
Using local directory build cache for the root build (location = /home/runner/.gradle/caches/build-cache-1, removeUnusedEntriesAfter = 7 days).
Projects loaded. Root project using build file '/home/runner/work/sovereign-vantage-android/sovereign-vantage-android/build.gradle.kts'.
Included projects: [root project 'SovereignVantage', project ':app']

> Configure project :
Evaluating root project 'SovereignVantage' using build file '/home/runner/work/sovereign-vantage-android/sovereign-vantage-android/build.gradle.kts'.
Transforming hilt-android-gradle-plugin-2.51.1.jar (com.google.dagger:hilt-android-gradle-plugin:2.51.1) with InstrumentationAnalysisTransform
Transforming gradle-8.5.2.jar (com.android.tools.build:gradle:8.5.2) with InstrumentationAnalysisTransform
Transforming gradle-settings-api-8.5.2.jar (com.android.tools.build:gradle-settings-api:8.5.2) with InstrumentationAnalysisTransform
Transforming lint-model-31.5.2.jar (com.android.tools.lint:lint-model:31.5.2) with InstrumentationAnalysisTransform
Transforming builder-8.5.2.jar (com.android.tools.build:builder:8.5.2) with InstrumentationAnalysisTransform
Transforming manifest-merger-31.5.2.jar (com.android.tools.build:manifest-merger:31.5.2) with InstrumentationAnalysisTransform
Transforming sdk-common-31.5.2.jar (com.android.tools:sdk-common:31.5.2) with InstrumentationAnalysisTransform
Transforming sdklib-31.5.2.jar (com.android.tools:sdklib:31.5.2) with InstrumentationAnalysisTransform
Transforming repository-31.5.2.jar (com.android.tools:repository:31.5.2) with InstrumentationAnalysisTransform
Transforming aaptcompiler-8.5.2.jar (com.android.tools.build:aaptcompiler:8.5.2) with InstrumentationAnalysisTransform
Transforming tracker-31.5.2.jar (com.android.tools.analytics-library:tracker:31.5.2) with InstrumentationAnalysisTransform
Transforming shared-31.5.2.jar (com.android.tools.analytics-library:shared:31.5.2) with InstrumentationAnalysisTransform
Transforming databinding-compiler-common-8.5.2.jar (androidx.databinding:databinding-compiler-common:8.5.2) with InstrumentationAnalysisTransform
Transforming android-test-plugin-host-emulator-control-proto-31.5.2.jar (com.android.tools.utp:android-test-plugin-host-emulator-control-proto:31.5.2) with InstrumentationAnalysisTransform
Transforming android-test-plugin-host-retention-proto-31.5.2.jar (com.android.tools.utp:android-test-plugin-host-retention-proto:31.5.2) with InstrumentationAnalysisTransform
Transforming builder-model-8.5.2.jar (com.android.tools.build:builder-model:8.5.2) with InstrumentationAnalysisTransform
Transforming gradle-api-8.5.2.jar (com.android.tools.build:gradle-api:8.5.2) with InstrumentationAnalysisTransform
Transforming builder-test-api-8.5.2.jar (com.android.tools.build:builder-test-api:8.5.2) with InstrumentationAnalysisTransform
Transforming ddmlib-31.5.2.jar (com.android.tools.ddms:ddmlib:31.5.2) with InstrumentationAnalysisTransform
Transforming layoutlib-api-31.5.2.jar (com.android.tools.layoutlib:layoutlib-api:31.5.2) with InstrumentationAnalysisTransform
Transforming dvlib-31.5.2.jar (com.android.tools:dvlib:31.5.2) with InstrumentationAnalysisTransform
Transforming common-31.5.2.jar (com.android.tools:common:31.5.2) with InstrumentationAnalysisTransform
Transforming kotlin-stdlib-jdk8-1.9.20.jar (org.jetbrains.kotlin:kotlin-stdlib-jdk8:1.9.20) with InstrumentationAnalysisTransform
Transforming jetifier-processor-1.0.0-beta10.jar (com.android.tools.build.jetifier:jetifier-processor:1.0.0-beta10) with InstrumentationAnalysisTransform
Transforming jetifier-core-1.0.0-beta10.jar (com.android.tools.build.jetifier:jetifier-core:1.0.0-beta10) with InstrumentationAnalysisTransform
Transforming symbol-processing-gradle-plugin-2.0.20-1.0.25.jar (com.google.devtools.ksp:symbol-processing-gradle-plugin:2.0.20-1.0.25) with InstrumentationAnalysisTransform
Transforming symbol-processing-api-2.0.20-1.0.25.jar (com.google.devtools.ksp:symbol-processing-api:2.0.20-1.0.25) with InstrumentationAnalysisTransform
Transforming symbol-processing-common-deps-2.0.20-1.0.25.jar (com.google.devtools.ksp:symbol-processing-common-deps:2.0.20-1.0.25) with InstrumentationAnalysisTransform
Transforming kotlin-reflect-1.9.23.jar (org.jetbrains.kotlin:kotlin-reflect:1.9.23) with InstrumentationAnalysisTransform
Transforming kotlin-stdlib-jdk7-1.9.20.jar (org.jetbrains.kotlin:kotlin-stdlib-jdk7:1.9.20) with InstrumentationAnalysisTransform
Transforming kotlin-stdlib-1.9.23.jar (org.jetbrains.kotlin:kotlin-stdlib:1.9.23) with InstrumentationAnalysisTransform
Transforming annotations-13.0.jar (org.jetbrains:annotations:13.0) with InstrumentationAnalysisTransform
Transforming kotlin-serialization-2.0.20-gradle85.jar (org.jetbrains.kotlin:kotlin-serialization:2.0.20) with InstrumentationAnalysisTransform
Transforming kotlin-gradle-plugin-model-2.0.20.jar (org.jetbrains.kotlin:kotlin-gradle-plugin-model:2.0.20) with InstrumentationAnalysisTransform
Transforming kotlin-gradle-plugin-api-2.0.20.jar (org.jetbrains.kotlin:kotlin-gradle-plugin-api:2.0.20) with InstrumentationAnalysisTransform
Transforming kotlin-gradle-plugin-api-2.0.20-gradle85.jar (org.jetbrains.kotlin:kotlin-gradle-plugin-api:2.0.20) with InstrumentationAnalysisTransform
Transforming compose-compiler-gradle-plugin-2.0.20-gradle85.jar (org.jetbrains.kotlin:compose-compiler-gradle-plugin:2.0.20) with InstrumentationAnalysisTransform
Transforming kotlin-gradle-plugin-2.0.20-gradle85.jar (org.jetbrains.kotlin:kotlin-gradle-plugin:2.0.20) with InstrumentationAnalysisTransform
Transforming bundletool-1.16.0.jar (com.android.tools.build:bundletool:1.16.0) with InstrumentationAnalysisTransform
Transforming aapt2-proto-8.5.2-11315950.jar (com.android.tools.build:aapt2-proto:8.5.2-11315950) with InstrumentationAnalysisTransform
Transforming crash-31.5.2.jar (com.android.tools.analytics-library:crash:31.5.2) with InstrumentationAnalysisTransform
Transforming lint-typedef-remover-31.5.2.jar (com.android.tools.lint:lint-typedef-remover:31.5.2) with InstrumentationAnalysisTransform
Transforming databinding-common-8.5.2.jar (androidx.databinding:databinding-common:8.5.2) with InstrumentationAnalysisTransform
Transforming baseLibrary-8.5.2.jar (com.android.databinding:baseLibrary:8.5.2) with InstrumentationAnalysisTransform
Transforming android-device-provider-ddmlib-proto-31.5.2.jar (com.android.tools.utp:android-device-provider-ddmlib-proto:31.5.2) with InstrumentationAnalysisTransform
Transforming android-device-provider-gradle-proto-31.5.2.jar (com.android.tools.utp:android-device-provider-gradle-proto:31.5.2) with InstrumentationAnalysisTransform
Transforming android-test-plugin-host-additional-test-output-proto-31.5.2.jar (com.android.tools.utp:android-test-plugin-host-additional-test-output-proto:31.5.2) with InstrumentationAnalysisTransform
Transforming android-test-plugin-host-coverage-proto-31.5.2.jar (com.android.tools.utp:android-test-plugin-host-coverage-proto:31.5.2) with InstrumentationAnalysisTransform
Transforming android-test-plugin-host-logcat-proto-31.5.2.jar (com.android.tools.utp:android-test-plugin-host-logcat-proto:31.5.2) with InstrumentationAnalysisTransform
Transforming android-test-plugin-host-apk-installer-proto-31.5.2.jar (com.android.tools.utp:android-test-plugin-host-apk-installer-proto:31.5.2) with InstrumentationAnalysisTransform
Transforming android-test-plugin-result-listener-gradle-proto-31.5.2.jar (com.android.tools.utp:android-test-plugin-result-listener-gradle-proto:31.5.2) with InstrumentationAnalysisTransform
Transforming transform-api-2.0.0-deprecated-use-gradle-api.jar (com.android.tools.build:transform-api:2.0.0-deprecated-use-gradle-api) with InstrumentationAnalysisTransform
Transforming httpmime-4.5.6.jar (org.apache.httpcomponents:httpmime:4.5.6) with InstrumentationAnalysisTransform
Transforming commons-io-2.13.0.jar (commons-io:commons-io:2.13.0) with InstrumentationAnalysisTransform
Transforming asm-commons-9.6.jar (org.ow2.asm:asm-commons:9.6) with InstrumentationAnalysisTransform
Transforming asm-util-9.6.jar (org.ow2.asm:asm-util:9.6) with InstrumentationAnalysisTransform
Transforming asm-analysis-9.6.jar (org.ow2.asm:asm-analysis:9.6) with InstrumentationAnalysisTransform
Transforming asm-tree-9.6.jar (org.ow2.asm:asm-tree:9.6) with InstrumentationAnalysisTransform
Transforming asm-9.6.jar (org.ow2.asm:asm:9.6) with InstrumentationAnalysisTransform
Transforming apkzlib-8.5.2.jar (com.android.tools.build:apkzlib:8.5.2) with InstrumentationAnalysisTransform
Transforming bcpkix-jdk18on-1.77.jar (org.bouncycastle:bcpkix-jdk18on:1.77) with InstrumentationAnalysisTransform
Transforming jaxb-runtime-2.3.2.jar (org.glassfish.jaxb:jaxb-runtime:2.3.2) with InstrumentationAnalysisTransform
Transforming jopt-simple-4.9.jar (net.sf.jopt-simple:jopt-simple:4.9) with InstrumentationAnalysisTransform
Transforming javapoet-1.13.0.jar (com.squareup:javapoet:1.13.0) with InstrumentationAnalysisTransform
Transforming protobuf-java-util-3.22.3.jar (com.google.protobuf:protobuf-java-util:3.22.3) with InstrumentationAnalysisTransform
Transforming grpc-protobuf-1.57.0.jar (io.grpc:grpc-protobuf:1.57.0) with InstrumentationAnalysisTransform
Transforming tink-1.7.0.jar (com.google.crypto.tink:tink:1.7.0) with InstrumentationAnalysisTransform
Transforming protos-31.5.2.jar (com.android.tools.analytics-library:protos:31.5.2) with InstrumentationAnalysisTransform
Transforming proto-google-common-protos-2.17.0.jar (com.google.api.grpc:proto-google-common-protos:2.17.0) with InstrumentationAnalysisTransform
Transforming protobuf-java-3.22.3.jar (com.google.protobuf:protobuf-java:3.22.3) with InstrumentationAnalysisTransform
Transforming grpc-netty-1.57.0.jar (io.grpc:grpc-netty:1.57.0) with InstrumentationAnalysisTransform
Transforming grpc-core-1.57.0.jar (io.grpc:grpc-core:1.57.0) with InstrumentationAnalysisTransform
Transforming kotlin-build-statistics-2.0.20.jar (org.jetbrains.kotlin:kotlin-build-statistics:2.0.20) with InstrumentationAnalysisTransform
Transforming gson-2.10.1.jar (com.google.code.gson:gson:2.10.1) with InstrumentationAnalysisTransform
Transforming grpc-stub-1.57.0.jar (io.grpc:grpc-stub:1.57.0) with InstrumentationAnalysisTransform
Transforming core-proto-0.0.9-alpha02.jar (com.google.testing.platform:core-proto:0.0.9-alpha02) with InstrumentationAnalysisTransform
Transforming kxml2-2.3.0.jar (net.sf.kxml:kxml2:2.3.0) with InstrumentationAnalysisTransform
Transforming tensorflow-lite-metadata-0.1.0-rc2.jar (org.tensorflow:tensorflow-lite-metadata:0.1.0-rc2) with InstrumentationAnalysisTransform
Transforming flatbuffers-java-1.12.0.jar (com.google.flatbuffers:flatbuffers-java:1.12.0) with InstrumentationAnalysisTransform
Transforming kotlin-gradle-plugin-idea-proto-2.0.20.jar (org.jetbrains.kotlin:kotlin-gradle-plugin-idea-proto:2.0.20) with InstrumentationAnalysisTransform
Transforming kotlin-gradle-plugin-idea-2.0.20.jar (org.jetbrains.kotlin:kotlin-gradle-plugin-idea:2.0.20) with InstrumentationAnalysisTransform
Transforming kotlin-klib-commonizer-api-2.0.20.jar (org.jetbrains.kotlin:kotlin-klib-commonizer-api:2.0.20) with InstrumentationAnalysisTransform
Transforming kotlin-build-tools-api-2.0.20.jar (org.jetbrains.kotlin:kotlin-build-tools-api:2.0.20) with InstrumentationAnalysisTransform
Transforming kotlin-compiler-runner-2.0.20.jar (org.jetbrains.kotlin:kotlin-compiler-runner:2.0.20) with InstrumentationAnalysisTransform
Transforming kotlin-native-utils-2.0.20.jar (org.jetbrains.kotlin:kotlin-native-utils:2.0.20) with InstrumentationAnalysisTransform
Transforming kotlin-util-klib-2.0.20.jar (org.jetbrains.kotlin:kotlin-util-klib:2.0.20) with InstrumentationAnalysisTransform
Transforming kotlin-compiler-embeddable-2.0.20.jar (org.jetbrains.kotlin:kotlin-compiler-embeddable:2.0.20) with InstrumentationAnalysisTransform
Transforming jimfs-1.1.jar (com.google.jimfs:jimfs:1.1) with InstrumentationAnalysisTransform
Transforming grpc-context-1.57.0.jar (io.grpc:grpc-context:1.57.0) with InstrumentationAnalysisTransform
Transforming grpc-protobuf-lite-1.57.0.jar (io.grpc:grpc-protobuf-lite:1.57.0) with InstrumentationAnalysisTransform
Transforming grpc-api-1.57.0.jar (io.grpc:grpc-api:1.57.0) with InstrumentationAnalysisTransform
Transforming guava-32.0.1-jre.jar (com.google.guava:guava:32.0.1-jre) with InstrumentationAnalysisTransform
Transforming dagger-2.28.3.jar (com.google.dagger:dagger:2.28.3) with InstrumentationAnalysisTransform
Transforming javax.inject-1.jar (javax.inject:javax.inject:1) with InstrumentationAnalysisTransform
Transforming bcutil-jdk18on-1.77.jar (org.bouncycastle:bcutil-jdk18on:1.77) with InstrumentationAnalysisTransform
Transforming bcprov-jdk18on-1.77.jar (org.bouncycastle:bcprov-jdk18on:1.77) with InstrumentationAnalysisTransform
Transforming trove4j-1.0.20200330.jar (org.jetbrains.intellij.deps:trove4j:1.0.20200330) with InstrumentationAnalysisTransform
Transforming commons-compress-1.21.jar (org.apache.commons:commons-compress:1.21) with InstrumentationAnalysisTransform
Transforming httpclient-4.5.14.jar (org.apache.httpcomponents:httpclient:4.5.14) with InstrumentationAnalysisTransform
Transforming httpcore-4.4.16.jar (org.apache.httpcomponents:httpcore:4.4.16) with InstrumentationAnalysisTransform
Transforming javax.activation-1.2.0.jar (com.sun.activation:javax.activation:1.2.0) with InstrumentationAnalysisTransform
Transforming signflinger-8.5.2.jar (com.android:signflinger:8.5.2) with InstrumentationAnalysisTransform
Transforming zipflinger-8.5.2.jar (com.android:zipflinger:8.5.2) with InstrumentationAnalysisTransform
Transforming annotations-31.5.2.jar (com.android.tools:annotations:31.5.2) with InstrumentationAnalysisTransform
Transforming jna-platform-5.6.0.jar (net.java.dev.jna:jna-platform:5.6.0) with InstrumentationAnalysisTransform
Transforming juniversalchardet-1.0.3.jar (com.googlecode.juniversalchardet:juniversalchardet:1.0.3) with InstrumentationAnalysisTransform
Transforming javax.annotation-api-1.3.2.jar (javax.annotation:javax.annotation-api:1.3.2) with InstrumentationAnalysisTransform
Transforming stax-ex-1.8.1.jar (org.jvnet.staxex:stax-ex:1.8.1) with InstrumentationAnalysisTransform
Transforming jakarta.xml.bind-api-2.3.2.jar (jakarta.xml.bind:jakarta.xml.bind-api:2.3.2) with InstrumentationAnalysisTransform
Transforming txw2-2.3.2.jar (org.glassfish.jaxb:txw2:2.3.2) with InstrumentationAnalysisTransform
Transforming istack-commons-runtime-3.0.8.jar (com.sun.istack:istack-commons-runtime:3.0.8) with InstrumentationAnalysisTransform
Transforming FastInfoset-1.2.16.jar (com.sun.xml.fastinfoset:FastInfoset:1.2.16) with InstrumentationAnalysisTransform
Transforming jakarta.activation-api-1.2.1.jar (jakarta.activation:jakarta.activation-api:1.2.1) with InstrumentationAnalysisTransform
Transforming auto-value-annotations-1.6.2.jar (com.google.auto.value:auto-value-annotations:1.6.2) with InstrumentationAnalysisTransform
Transforming error_prone_annotations-2.18.0.jar (com.google.errorprone:error_prone_annotations:2.18.0) with InstrumentationAnalysisTransform
Transforming jose4j-0.9.5.jar (org.bitbucket.b_c:jose4j:0.9.5) with InstrumentationAnalysisTransform
Transforming slf4j-api-1.7.30.jar (org.slf4j:slf4j-api:1.7.30) with InstrumentationAnalysisTransform
Transforming jdom2-2.0.6.jar (org.jdom:jdom2:2.0.6) with InstrumentationAnalysisTransform
Transforming jsr305-3.0.2.jar (com.google.code.findbugs:jsr305:3.0.2) with InstrumentationAnalysisTransform
Transforming j2objc-annotations-2.8.jar (com.google.j2objc:j2objc-annotations:2.8) with InstrumentationAnalysisTransform
Transforming annotations-4.1.1.4.jar (com.google.android:annotations:4.1.1.4) with InstrumentationAnalysisTransform
Transforming animal-sniffer-annotations-1.23.jar (org.codehaus.mojo:animal-sniffer-annotations:1.23) with InstrumentationAnalysisTransform
Transforming perfmark-api-0.26.0.jar (io.perfmark:perfmark-api:0.26.0) with InstrumentationAnalysisTransform
Transforming netty-codec-http2-4.1.93.Final.jar (io.netty:netty-codec-http2:4.1.93.Final) with InstrumentationAnalysisTransform
Transforming netty-handler-proxy-4.1.93.Final.jar (io.netty:netty-handler-proxy:4.1.93.Final) with InstrumentationAnalysisTransform
Transforming netty-codec-http-4.1.93.Final.jar (io.netty:netty-codec-http:4.1.93.Final) with InstrumentationAnalysisTransform
Transforming netty-handler-4.1.93.Final.jar (io.netty:netty-handler:4.1.93.Final) with InstrumentationAnalysisTransform
Transforming netty-transport-native-unix-common-4.1.93.Final.jar (io.netty:netty-transport-native-unix-common:4.1.93.Final) with InstrumentationAnalysisTransform
Transforming checker-qual-3.33.0.jar (org.checkerframework:checker-qual:3.33.0) with InstrumentationAnalysisTransform
Transforming commons-codec-1.11.jar (commons-codec:commons-codec:1.11) with InstrumentationAnalysisTransform
Transforming apksig-8.5.2.jar (com.android.tools.build:apksig:8.5.2) with InstrumentationAnalysisTransform
Transforming javawriter-2.5.0.jar (com.squareup:javawriter:2.5.0) with InstrumentationAnalysisTransform
Transforming kotlin-gradle-plugin-annotations-2.0.20.jar (org.jetbrains.kotlin:kotlin-gradle-plugin-annotations:2.0.20) with InstrumentationAnalysisTransform
Transforming kotlin-tooling-core-2.0.20.jar (org.jetbrains.kotlin:kotlin-tooling-core:2.0.20) with InstrumentationAnalysisTransform
Transforming kotlin-daemon-client-2.0.20.jar (org.jetbrains.kotlin:kotlin-daemon-client:2.0.20) with InstrumentationAnalysisTransform
Transforming kotlinx-coroutines-core-jvm-1.6.4.jar (org.jetbrains.kotlinx:kotlinx-coroutines-core-jvm:1.6.4) with InstrumentationAnalysisTransform
Transforming kotlin-util-io-2.0.20.jar (org.jetbrains.kotlin:kotlin-util-io:2.0.20) with InstrumentationAnalysisTransform
Transforming kotlin-daemon-embeddable-2.0.20.jar (org.jetbrains.kotlin:kotlin-daemon-embeddable:2.0.20) with InstrumentationAnalysisTransform
Transforming failureaccess-1.0.1.jar (com.google.guava:failureaccess:1.0.1) with InstrumentationAnalysisTransform
Transforming listenablefuture-9999.0-empty-to-avoid-conflict-with-guava.jar (com.google.guava:listenablefuture:9999.0-empty-to-avoid-conflict-with-guava) with InstrumentationAnalysisTransform
Transforming commons-logging-1.2.jar (commons-logging:commons-logging:1.2) with InstrumentationAnalysisTransform
Transforming jna-5.6.0.jar (net.java.dev.jna:jna:5.6.0) with InstrumentationAnalysisTransform
Transforming netty-codec-socks-4.1.93.Final.jar (io.netty:netty-codec-socks:4.1.93.Final) with InstrumentationAnalysisTransform
Transforming netty-codec-4.1.93.Final.jar (io.netty:netty-codec:4.1.93.Final) with InstrumentationAnalysisTransform
Transforming netty-transport-4.1.93.Final.jar (io.netty:netty-transport:4.1.93.Final) with InstrumentationAnalysisTransform
Transforming netty-buffer-4.1.93.Final.jar (io.netty:netty-buffer:4.1.93.Final) with InstrumentationAnalysisTransform
Transforming netty-resolver-4.1.93.Final.jar (io.netty:netty-resolver:4.1.93.Final) with InstrumentationAnalysisTransform
Transforming netty-common-4.1.93.Final.jar (io.netty:netty-common:4.1.93.Final) with InstrumentationAnalysisTransform
Transforming hilt-android-gradle-plugin-2.51.1.jar (com.google.dagger:hilt-android-gradle-plugin:2.51.1) with InstrumentationAnalysisTransform
Transforming hilt-android-gradle-plugin-2.51.1.jar (com.google.dagger:hilt-android-gradle-plugin:2.51.1) with MergeInstrumentationAnalysisTransform
Transforming gradle-8.5.2.jar (com.android.tools.build:gradle:8.5.2) with InstrumentationAnalysisTransform
Transforming gradle-8.5.2.jar (com.android.tools.build:gradle:8.5.2) with MergeInstrumentationAnalysisTransform
Transforming gradle-settings-api-8.5.2.jar (com.android.tools.build:gradle-settings-api:8.5.2) with InstrumentationAnalysisTransform
Transforming gradle-settings-api-8.5.2.jar (com.android.tools.build:gradle-settings-api:8.5.2) with MergeInstrumentationAnalysisTransform
Transforming lint-model-31.5.2.jar (com.android.tools.lint:lint-model:31.5.2) with InstrumentationAnalysisTransform
Transforming lint-model-31.5.2.jar (com.android.tools.lint:lint-model:31.5.2) with MergeInstrumentationAnalysisTransform
Transforming builder-8.5.2.jar (com.android.tools.build:builder:8.5.2) with InstrumentationAnalysisTransform
Transforming builder-8.5.2.jar (com.android.tools.build:builder:8.5.2) with MergeInstrumentationAnalysisTransform
Transforming manifest-merger-31.5.2.jar (com.android.tools.build:manifest-merger:31.5.2) with InstrumentationAnalysisTransform
Transforming manifest-merger-31.5.2.jar (com.android.tools.build:manifest-merger:31.5.2) with MergeInstrumentationAnalysisTransform
Transforming sdk-common-31.5.2.jar (com.android.tools:sdk-common:31.5.2) with InstrumentationAnalysisTransform
Transforming sdk-common-31.5.2.jar (com.android.tools:sdk-common:31.5.2) with MergeInstrumentationAnalysisTransform
Transforming sdklib-31.5.2.jar (com.android.tools:sdklib:31.5.2) with InstrumentationAnalysisTransform
Transforming sdklib-31.5.2.jar (com.android.tools:sdklib:31.5.2) with MergeInstrumentationAnalysisTransform
Transforming repository-31.5.2.jar (com.android.tools:repository:31.5.2) with InstrumentationAnalysisTransform
Transforming repository-31.5.2.jar (com.android.tools:repository:31.5.2) with MergeInstrumentationAnalysisTransform
Transforming aaptcompiler-8.5.2.jar (com.android.tools.build:aaptcompiler:8.5.2) with InstrumentationAnalysisTransform
Transforming aaptcompiler-8.5.2.jar (com.android.tools.build:aaptcompiler:8.5.2) with MergeInstrumentationAnalysisTransform
Transforming tracker-31.5.2.jar (com.android.tools.analytics-library:tracker:31.5.2) with InstrumentationAnalysisTransform
Transforming tracker-31.5.2.jar (com.android.tools.analytics-library:tracker:31.5.2) with MergeInstrumentationAnalysisTransform
Transforming shared-31.5.2.jar (com.android.tools.analytics-library:shared:31.5.2) with InstrumentationAnalysisTransform
Transforming shared-31.5.2.jar (com.android.tools.analytics-library:shared:31.5.2) with MergeInstrumentationAnalysisTransform
Transforming databinding-compiler-common-8.5.2.jar (androidx.databinding:databinding-compiler-common:8.5.2) with InstrumentationAnalysisTransform
Transforming databinding-compiler-common-8.5.2.jar (androidx.databinding:databinding-compiler-common:8.5.2) with MergeInstrumentationAnalysisTransform
Transforming android-test-plugin-host-emulator-control-proto-31.5.2.jar (com.android.tools.utp:android-test-plugin-host-emulator-control-proto:31.5.2) with InstrumentationAnalysisTransform
Transforming android-test-plugin-host-emulator-control-proto-31.5.2.jar (com.android.tools.utp:android-test-plugin-host-emulator-control-proto:31.5.2) with MergeInstrumentationAnalysisTransform
Transforming android-test-plugin-host-retention-proto-31.5.2.jar (com.android.tools.utp:android-test-plugin-host-retention-proto:31.5.2) with InstrumentationAnalysisTransform
Transforming android-test-plugin-host-retention-proto-31.5.2.jar (com.android.tools.utp:android-test-plugin-host-retention-proto:31.5.2) with MergeInstrumentationAnalysisTransform
Transforming builder-model-8.5.2.jar (com.android.tools.build:builder-model:8.5.2) with InstrumentationAnalysisTransform
Transforming builder-model-8.5.2.jar (com.android.tools.build:builder-model:8.5.2) with MergeInstrumentationAnalysisTransform
Transforming gradle-api-8.5.2.jar (com.android.tools.build:gradle-api:8.5.2) with InstrumentationAnalysisTransform
Transforming gradle-api-8.5.2.jar (com.android.tools.build:gradle-api:8.5.2) with MergeInstrumentationAnalysisTransform
Transforming builder-test-api-8.5.2.jar (com.android.tools.build:builder-test-api:8.5.2) with InstrumentationAnalysisTransform
Transforming builder-test-api-8.5.2.jar (com.android.tools.build:builder-test-api:8.5.2) with MergeInstrumentationAnalysisTransform
Transforming ddmlib-31.5.2.jar (com.android.tools.ddms:ddmlib:31.5.2) with InstrumentationAnalysisTransform
Transforming ddmlib-31.5.2.jar (com.android.tools.ddms:ddmlib:31.5.2) with MergeInstrumentationAnalysisTransform
Transforming layoutlib-api-31.5.2.jar (com.android.tools.layoutlib:layoutlib-api:31.5.2) with InstrumentationAnalysisTransform
Transforming layoutlib-api-31.5.2.jar (com.android.tools.layoutlib:layoutlib-api:31.5.2) with MergeInstrumentationAnalysisTransform
Transforming dvlib-31.5.2.jar (com.android.tools:dvlib:31.5.2) with InstrumentationAnalysisTransform
Transforming dvlib-31.5.2.jar (com.android.tools:dvlib:31.5.2) with MergeInstrumentationAnalysisTransform
Transforming common-31.5.2.jar (com.android.tools:common:31.5.2) with InstrumentationAnalysisTransform
Transforming common-31.5.2.jar (com.android.tools:common:31.5.2) with MergeInstrumentationAnalysisTransform
Transforming kotlin-stdlib-jdk8-1.9.20.jar (org.jetbrains.kotlin:kotlin-stdlib-jdk8:1.9.20) with InstrumentationAnalysisTransform
Transforming kotlin-stdlib-jdk8-1.9.20.jar (org.jetbrains.kotlin:kotlin-stdlib-jdk8:1.9.20) with MergeInstrumentationAnalysisTransform
Transforming jetifier-processor-1.0.0-beta10.jar (com.android.tools.build.jetifier:jetifier-processor:1.0.0-beta10) with InstrumentationAnalysisTransform
Transforming jetifier-processor-1.0.0-beta10.jar (com.android.tools.build.jetifier:jetifier-processor:1.0.0-beta10) with MergeInstrumentationAnalysisTransform
Transforming hilt-android-gradle-plugin-2.51.1.jar (com.google.dagger:hilt-android-gradle-plugin:2.51.1) with ExternalDependencyInstrumentingArtifactTransform
Transforming gradle-8.5.2.jar (com.android.tools.build:gradle:8.5.2) with ExternalDependencyInstrumentingArtifactTransform
Transforming gradle-settings-api-8.5.2.jar (com.android.tools.build:gradle-settings-api:8.5.2) with ExternalDependencyInstrumentingArtifactTransform
Transforming lint-model-31.5.2.jar (com.android.tools.lint:lint-model:31.5.2) with ExternalDependencyInstrumentingArtifactTransform
Transforming builder-8.5.2.jar (com.android.tools.build:builder:8.5.2) with ExternalDependencyInstrumentingArtifactTransform
Transforming manifest-merger-31.5.2.jar (com.android.tools.build:manifest-merger:31.5.2) with ExternalDependencyInstrumentingArtifactTransform
Transforming sdk-common-31.5.2.jar (com.android.tools:sdk-common:31.5.2) with ExternalDependencyInstrumentingArtifactTransform
Transforming sdklib-31.5.2.jar (com.android.tools:sdklib:31.5.2) with ExternalDependencyInstrumentingArtifactTransform
Transforming repository-31.5.2.jar (com.android.tools:repository:31.5.2) with ExternalDependencyInstrumentingArtifactTransform
Transforming aaptcompiler-8.5.2.jar (com.android.tools.build:aaptcompiler:8.5.2) with ExternalDependencyInstrumentingArtifactTransform
Transforming tracker-31.5.2.jar (com.android.tools.analytics-library:tracker:31.5.2) with ExternalDependencyInstrumentingArtifactTransform
Transforming jetifier-core-1.0.0-beta10.jar (com.android.tools.build.jetifier:jetifier-core:1.0.0-beta10) with InstrumentationAnalysisTransform
Transforming jetifier-core-1.0.0-beta10.jar (com.android.tools.build.jetifier:jetifier-core:1.0.0-beta10) with MergeInstrumentationAnalysisTransform
Transforming symbol-processing-gradle-plugin-2.0.20-1.0.25.jar (com.google.devtools.ksp:symbol-processing-gradle-plugin:2.0.20-1.0.25) with InstrumentationAnalysisTransform
Transforming symbol-processing-gradle-plugin-2.0.20-1.0.25.jar (com.google.devtools.ksp:symbol-processing-gradle-plugin:2.0.20-1.0.25) with MergeInstrumentationAnalysisTransform
Transforming symbol-processing-api-2.0.20-1.0.25.jar (com.google.devtools.ksp:symbol-processing-api:2.0.20-1.0.25) with InstrumentationAnalysisTransform
Transforming symbol-processing-api-2.0.20-1.0.25.jar (com.google.devtools.ksp:symbol-processing-api:2.0.20-1.0.25) with MergeInstrumentationAnalysisTransform
Transforming symbol-processing-common-deps-2.0.20-1.0.25.jar (com.google.devtools.ksp:symbol-processing-common-deps:2.0.20-1.0.25) with InstrumentationAnalysisTransform
Transforming symbol-processing-common-deps-2.0.20-1.0.25.jar (com.google.devtools.ksp:symbol-processing-common-deps:2.0.20-1.0.25) with MergeInstrumentationAnalysisTransform
Transforming kotlin-reflect-1.9.23.jar (org.jetbrains.kotlin:kotlin-reflect:1.9.23) with InstrumentationAnalysisTransform
Transforming kotlin-reflect-1.9.23.jar (org.jetbrains.kotlin:kotlin-reflect:1.9.23) with MergeInstrumentationAnalysisTransform
Transforming kotlin-stdlib-jdk7-1.9.20.jar (org.jetbrains.kotlin:kotlin-stdlib-jdk7:1.9.20) with InstrumentationAnalysisTransform
Transforming kotlin-stdlib-jdk7-1.9.20.jar (org.jetbrains.kotlin:kotlin-stdlib-jdk7:1.9.20) with MergeInstrumentationAnalysisTransform
Transforming kotlin-stdlib-1.9.23.jar (org.jetbrains.kotlin:kotlin-stdlib:1.9.23) with InstrumentationAnalysisTransform
Transforming kotlin-stdlib-1.9.23.jar (org.jetbrains.kotlin:kotlin-stdlib:1.9.23) with MergeInstrumentationAnalysisTransform
Transforming annotations-13.0.jar (org.jetbrains:annotations:13.0) with InstrumentationAnalysisTransform
Transforming annotations-13.0.jar (org.jetbrains:annotations:13.0) with MergeInstrumentationAnalysisTransform
Transforming kotlin-serialization-2.0.20-gradle85.jar (org.jetbrains.kotlin:kotlin-serialization:2.0.20) with InstrumentationAnalysisTransform
Transforming kotlin-serialization-2.0.20-gradle85.jar (org.jetbrains.kotlin:kotlin-serialization:2.0.20) with MergeInstrumentationAnalysisTransform
Transforming kotlin-gradle-plugin-model-2.0.20.jar (org.jetbrains.kotlin:kotlin-gradle-plugin-model:2.0.20) with InstrumentationAnalysisTransform
Transforming kotlin-gradle-plugin-model-2.0.20.jar (org.jetbrains.kotlin:kotlin-gradle-plugin-model:2.0.20) with MergeInstrumentationAnalysisTransform
Transforming kotlin-gradle-plugin-api-2.0.20.jar (org.jetbrains.kotlin:kotlin-gradle-plugin-api:2.0.20) with InstrumentationAnalysisTransform
Transforming kotlin-gradle-plugin-api-2.0.20.jar (org.jetbrains.kotlin:kotlin-gradle-plugin-api:2.0.20) with MergeInstrumentationAnalysisTransform
Transforming kotlin-gradle-plugin-api-2.0.20-gradle85.jar (org.jetbrains.kotlin:kotlin-gradle-plugin-api:2.0.20) with InstrumentationAnalysisTransform
Transforming kotlin-gradle-plugin-api-2.0.20-gradle85.jar (org.jetbrains.kotlin:kotlin-gradle-plugin-api:2.0.20) with MergeInstrumentationAnalysisTransform
Transforming compose-compiler-gradle-plugin-2.0.20-gradle85.jar (org.jetbrains.kotlin:compose-compiler-gradle-plugin:2.0.20) with InstrumentationAnalysisTransform
Transforming compose-compiler-gradle-plugin-2.0.20-gradle85.jar (org.jetbrains.kotlin:compose-compiler-gradle-plugin:2.0.20) with MergeInstrumentationAnalysisTransform
Transforming kotlin-gradle-plugin-2.0.20-gradle85.jar (org.jetbrains.kotlin:kotlin-gradle-plugin:2.0.20) with InstrumentationAnalysisTransform
Transforming kotlin-gradle-plugin-2.0.20-gradle85.jar (org.jetbrains.kotlin:kotlin-gradle-plugin:2.0.20) with MergeInstrumentationAnalysisTransform
Transforming bundletool-1.16.0.jar (com.android.tools.build:bundletool:1.16.0) with InstrumentationAnalysisTransform
Transforming bundletool-1.16.0.jar (com.android.tools.build:bundletool:1.16.0) with MergeInstrumentationAnalysisTransform
Transforming aapt2-proto-8.5.2-11315950.jar (com.android.tools.build:aapt2-proto:8.5.2-11315950) with InstrumentationAnalysisTransform
Transforming aapt2-proto-8.5.2-11315950.jar (com.android.tools.build:aapt2-proto:8.5.2-11315950) with MergeInstrumentationAnalysisTransform
Transforming crash-31.5.2.jar (com.android.tools.analytics-library:crash:31.5.2) with InstrumentationAnalysisTransform
Transforming crash-31.5.2.jar (com.android.tools.analytics-library:crash:31.5.2) with MergeInstrumentationAnalysisTransform
Transforming lint-typedef-remover-31.5.2.jar (com.android.tools.lint:lint-typedef-remover:31.5.2) with InstrumentationAnalysisTransform
Transforming lint-typedef-remover-31.5.2.jar (com.android.tools.lint:lint-typedef-remover:31.5.2) with MergeInstrumentationAnalysisTransform
Transforming databinding-common-8.5.2.jar (androidx.databinding:databinding-common:8.5.2) with InstrumentationAnalysisTransform
Transforming databinding-common-8.5.2.jar (androidx.databinding:databinding-common:8.5.2) with MergeInstrumentationAnalysisTransform
Transforming baseLibrary-8.5.2.jar (com.android.databinding:baseLibrary:8.5.2) with InstrumentationAnalysisTransform
Transforming baseLibrary-8.5.2.jar (com.android.databinding:baseLibrary:8.5.2) with MergeInstrumentationAnalysisTransform
Transforming android-device-provider-ddmlib-proto-31.5.2.jar (com.android.tools.utp:android-device-provider-ddmlib-proto:31.5.2) with InstrumentationAnalysisTransform
Transforming android-device-provider-ddmlib-proto-31.5.2.jar (com.android.tools.utp:android-device-provider-ddmlib-proto:31.5.2) with MergeInstrumentationAnalysisTransform
Transforming android-device-provider-gradle-proto-31.5.2.jar (com.android.tools.utp:android-device-provider-gradle-proto:31.5.2) with InstrumentationAnalysisTransform
Transforming android-device-provider-gradle-proto-31.5.2.jar (com.android.tools.utp:android-device-provider-gradle-proto:31.5.2) with MergeInstrumentationAnalysisTransform
Transforming android-test-plugin-host-additional-test-output-proto-31.5.2.jar (com.android.tools.utp:android-test-plugin-host-additional-test-output-proto:31.5.2) with InstrumentationAnalysisTransform
Transforming android-test-plugin-host-additional-test-output-proto-31.5.2.jar (com.android.tools.utp:android-test-plugin-host-additional-test-output-proto:31.5.2) with MergeInstrumentationAnalysisTransform
Transforming android-test-plugin-host-coverage-proto-31.5.2.jar (com.android.tools.utp:android-test-plugin-host-coverage-proto:31.5.2) with InstrumentationAnalysisTransform
Transforming android-test-plugin-host-coverage-proto-31.5.2.jar (com.android.tools.utp:android-test-plugin-host-coverage-proto:31.5.2) with MergeInstrumentationAnalysisTransform
Transforming android-test-plugin-host-logcat-proto-31.5.2.jar (com.android.tools.utp:android-test-plugin-host-logcat-proto:31.5.2) with InstrumentationAnalysisTransform
Transforming android-test-plugin-host-logcat-proto-31.5.2.jar (com.android.tools.utp:android-test-plugin-host-logcat-proto:31.5.2) with MergeInstrumentationAnalysisTransform
Transforming android-test-plugin-host-apk-installer-proto-31.5.2.jar (com.android.tools.utp:android-test-plugin-host-apk-installer-proto:31.5.2) with InstrumentationAnalysisTransform
Transforming android-test-plugin-host-apk-installer-proto-31.5.2.jar (com.android.tools.utp:android-test-plugin-host-apk-installer-proto:31.5.2) with MergeInstrumentationAnalysisTransform
Transforming android-test-plugin-result-listener-gradle-proto-31.5.2.jar (com.android.tools.utp:android-test-plugin-result-listener-gradle-proto:31.5.2) with InstrumentationAnalysisTransform
Transforming android-test-plugin-result-listener-gradle-proto-31.5.2.jar (com.android.tools.utp:android-test-plugin-result-listener-gradle-proto:31.5.2) with MergeInstrumentationAnalysisTransform
Transforming transform-api-2.0.0-deprecated-use-gradle-api.jar (com.android.tools.build:transform-api:2.0.0-deprecated-use-gradle-api) with InstrumentationAnalysisTransform
Transforming transform-api-2.0.0-deprecated-use-gradle-api.jar (com.android.tools.build:transform-api:2.0.0-deprecated-use-gradle-api) with MergeInstrumentationAnalysisTransform
Transforming httpmime-4.5.6.jar (org.apache.httpcomponents:httpmime:4.5.6) with InstrumentationAnalysisTransform
Transforming httpmime-4.5.6.jar (org.apache.httpcomponents:httpmime:4.5.6) with MergeInstrumentationAnalysisTransform
Transforming commons-io-2.13.0.jar (commons-io:commons-io:2.13.0) with InstrumentationAnalysisTransform
Transforming commons-io-2.13.0.jar (commons-io:commons-io:2.13.0) with MergeInstrumentationAnalysisTransform
Transforming asm-commons-9.6.jar (org.ow2.asm:asm-commons:9.6) with InstrumentationAnalysisTransform
Transforming asm-commons-9.6.jar (org.ow2.asm:asm-commons:9.6) with MergeInstrumentationAnalysisTransform
Transforming asm-util-9.6.jar (org.ow2.asm:asm-util:9.6) with InstrumentationAnalysisTransform
Transforming asm-util-9.6.jar (org.ow2.asm:asm-util:9.6) with MergeInstrumentationAnalysisTransform
Transforming asm-analysis-9.6.jar (org.ow2.asm:asm-analysis:9.6) with InstrumentationAnalysisTransform
Transforming asm-analysis-9.6.jar (org.ow2.asm:asm-analysis:9.6) with MergeInstrumentationAnalysisTransform
Transforming asm-tree-9.6.jar (org.ow2.asm:asm-tree:9.6) with InstrumentationAnalysisTransform
Transforming asm-tree-9.6.jar (org.ow2.asm:asm-tree:9.6) with MergeInstrumentationAnalysisTransform
Transforming asm-9.6.jar (org.ow2.asm:asm:9.6) with InstrumentationAnalysisTransform
Transforming asm-9.6.jar (org.ow2.asm:asm:9.6) with MergeInstrumentationAnalysisTransform
Transforming apkzlib-8.5.2.jar (com.android.tools.build:apkzlib:8.5.2) with InstrumentationAnalysisTransform
Transforming apkzlib-8.5.2.jar (com.android.tools.build:apkzlib:8.5.2) with MergeInstrumentationAnalysisTransform
Transforming bcpkix-jdk18on-1.77.jar (org.bouncycastle:bcpkix-jdk18on:1.77) with InstrumentationAnalysisTransform
Transforming bcpkix-jdk18on-1.77.jar (org.bouncycastle:bcpkix-jdk18on:1.77) with MergeInstrumentationAnalysisTransform
Transforming jaxb-runtime-2.3.2.jar (org.glassfish.jaxb:jaxb-runtime:2.3.2) with InstrumentationAnalysisTransform
Transforming jaxb-runtime-2.3.2.jar (org.glassfish.jaxb:jaxb-runtime:2.3.2) with MergeInstrumentationAnalysisTransform
Transforming jopt-simple-4.9.jar (net.sf.jopt-simple:jopt-simple:4.9) with InstrumentationAnalysisTransform
Transforming jopt-simple-4.9.jar (net.sf.jopt-simple:jopt-simple:4.9) with MergeInstrumentationAnalysisTransform
Transforming javapoet-1.13.0.jar (com.squareup:javapoet:1.13.0) with InstrumentationAnalysisTransform
Transforming javapoet-1.13.0.jar (com.squareup:javapoet:1.13.0) with MergeInstrumentationAnalysisTransform
Transforming protobuf-java-util-3.22.3.jar (com.google.protobuf:protobuf-java-util:3.22.3) with InstrumentationAnalysisTransform
Transforming protobuf-java-util-3.22.3.jar (com.google.protobuf:protobuf-java-util:3.22.3) with MergeInstrumentationAnalysisTransform
Transforming grpc-protobuf-1.57.0.jar (io.grpc:grpc-protobuf:1.57.0) with InstrumentationAnalysisTransform
Transforming grpc-protobuf-1.57.0.jar (io.grpc:grpc-protobuf:1.57.0) with MergeInstrumentationAnalysisTransform
Transforming tink-1.7.0.jar (com.google.crypto.tink:tink:1.7.0) with InstrumentationAnalysisTransform
Transforming tink-1.7.0.jar (com.google.crypto.tink:tink:1.7.0) with MergeInstrumentationAnalysisTransform
Transforming protos-31.5.2.jar (com.android.tools.analytics-library:protos:31.5.2) with InstrumentationAnalysisTransform
Transforming protos-31.5.2.jar (com.android.tools.analytics-library:protos:31.5.2) with MergeInstrumentationAnalysisTransform
Transforming shared-31.5.2.jar (com.android.tools.analytics-library:shared:31.5.2) with ExternalDependencyInstrumentingArtifactTransform
Transforming databinding-compiler-common-8.5.2.jar (androidx.databinding:databinding-compiler-common:8.5.2) with ExternalDependencyInstrumentingArtifactTransform
Transforming android-test-plugin-host-emulator-control-proto-31.5.2.jar (com.android.tools.utp:android-test-plugin-host-emulator-control-proto:31.5.2) with ExternalDependencyInstrumentingArtifactTransform
Transforming android-test-plugin-host-retention-proto-31.5.2.jar (com.android.tools.utp:android-test-plugin-host-retention-proto:31.5.2) with ExternalDependencyInstrumentingArtifactTransform
Transforming builder-model-8.5.2.jar (com.android.tools.build:builder-model:8.5.2) with ExternalDependencyInstrumentingArtifactTransform
Transforming gradle-api-8.5.2.jar (com.android.tools.build:gradle-api:8.5.2) with ExternalDependencyInstrumentingArtifactTransform
Transforming builder-test-api-8.5.2.jar (com.android.tools.build:builder-test-api:8.5.2) with ExternalDependencyInstrumentingArtifactTransform
Transforming ddmlib-31.5.2.jar (com.android.tools.ddms:ddmlib:31.5.2) with ExternalDependencyInstrumentingArtifactTransform
Transforming layoutlib-api-31.5.2.jar (com.android.tools.layoutlib:layoutlib-api:31.5.2) with ExternalDependencyInstrumentingArtifactTransform
Transforming dvlib-31.5.2.jar (com.android.tools:dvlib:31.5.2) with ExternalDependencyInstrumentingArtifactTransform
Transforming common-31.5.2.jar (com.android.tools:common:31.5.2) with ExternalDependencyInstrumentingArtifactTransform
Transforming kotlin-stdlib-jdk8-1.9.20.jar (org.jetbrains.kotlin:kotlin-stdlib-jdk8:1.9.20) with ExternalDependencyInstrumentingArtifactTransform
Transforming jetifier-processor-1.0.0-beta10.jar (com.android.tools.build.jetifier:jetifier-processor:1.0.0-beta10) with ExternalDependencyInstrumentingArtifactTransform
Transforming jetifier-core-1.0.0-beta10.jar (com.android.tools.build.jetifier:jetifier-core:1.0.0-beta10) with ExternalDependencyInstrumentingArtifactTransform
Transforming symbol-processing-gradle-plugin-2.0.20-1.0.25.jar (com.google.devtools.ksp:symbol-processing-gradle-plugin:2.0.20-1.0.25) with ExternalDependencyInstrumentingArtifactTransform
Transforming symbol-processing-api-2.0.20-1.0.25.jar (com.google.devtools.ksp:symbol-processing-api:2.0.20-1.0.25) with ExternalDependencyInstrumentingArtifactTransform
Transforming symbol-processing-common-deps-2.0.20-1.0.25.jar (com.google.devtools.ksp:symbol-processing-common-deps:2.0.20-1.0.25) with ExternalDependencyInstrumentingArtifactTransform
Transforming kotlin-reflect-1.9.23.jar (org.jetbrains.kotlin:kotlin-reflect:1.9.23) with ExternalDependencyInstrumentingArtifactTransform
Transforming kotlin-stdlib-jdk7-1.9.20.jar (org.jetbrains.kotlin:kotlin-stdlib-jdk7:1.9.20) with ExternalDependencyInstrumentingArtifactTransform
Transforming kotlin-stdlib-1.9.23.jar (org.jetbrains.kotlin:kotlin-stdlib:1.9.23) with ExternalDependencyInstrumentingArtifactTransform
Transforming annotations-13.0.jar (org.jetbrains:annotations:13.0) with ExternalDependencyInstrumentingArtifactTransform
Transforming kotlin-serialization-2.0.20-gradle85.jar (org.jetbrains.kotlin:kotlin-serialization:2.0.20) with ExternalDependencyInstrumentingArtifactTransform
Transforming kotlin-gradle-plugin-model-2.0.20.jar (org.jetbrains.kotlin:kotlin-gradle-plugin-model:2.0.20) with ExternalDependencyInstrumentingArtifactTransform
Transforming kotlin-gradle-plugin-api-2.0.20.jar (org.jetbrains.kotlin:kotlin-gradle-plugin-api:2.0.20) with ExternalDependencyInstrumentingArtifactTransform
Transforming proto-google-common-protos-2.17.0.jar (com.google.api.grpc:proto-google-common-protos:2.17.0) with InstrumentationAnalysisTransform
Transforming proto-google-common-protos-2.17.0.jar (com.google.api.grpc:proto-google-common-protos:2.17.0) with MergeInstrumentationAnalysisTransform
Transforming protobuf-java-3.22.3.jar (com.google.protobuf:protobuf-java:3.22.3) with InstrumentationAnalysisTransform
Transforming protobuf-java-3.22.3.jar (com.google.protobuf:protobuf-java:3.22.3) with MergeInstrumentationAnalysisTransform
Transforming grpc-netty-1.57.0.jar (io.grpc:grpc-netty:1.57.0) with InstrumentationAnalysisTransform
Transforming grpc-netty-1.57.0.jar (io.grpc:grpc-netty:1.57.0) with MergeInstrumentationAnalysisTransform
Transforming grpc-core-1.57.0.jar (io.grpc:grpc-core:1.57.0) with InstrumentationAnalysisTransform
Transforming grpc-core-1.57.0.jar (io.grpc:grpc-core:1.57.0) with MergeInstrumentationAnalysisTransform
Transforming kotlin-build-statistics-2.0.20.jar (org.jetbrains.kotlin:kotlin-build-statistics:2.0.20) with InstrumentationAnalysisTransform
Transforming kotlin-build-statistics-2.0.20.jar (org.jetbrains.kotlin:kotlin-build-statistics:2.0.20) with MergeInstrumentationAnalysisTransform
Transforming gson-2.10.1.jar (com.google.code.gson:gson:2.10.1) with InstrumentationAnalysisTransform
Transforming gson-2.10.1.jar (com.google.code.gson:gson:2.10.1) with MergeInstrumentationAnalysisTransform
Transforming grpc-stub-1.57.0.jar (io.grpc:grpc-stub:1.57.0) with InstrumentationAnalysisTransform
Transforming grpc-stub-1.57.0.jar (io.grpc:grpc-stub:1.57.0) with MergeInstrumentationAnalysisTransform
Transforming core-proto-0.0.9-alpha02.jar (com.google.testing.platform:core-proto:0.0.9-alpha02) with InstrumentationAnalysisTransform
Transforming core-proto-0.0.9-alpha02.jar (com.google.testing.platform:core-proto:0.0.9-alpha02) with MergeInstrumentationAnalysisTransform
Transforming kxml2-2.3.0.jar (net.sf.kxml:kxml2:2.3.0) with InstrumentationAnalysisTransform
Transforming kxml2-2.3.0.jar (net.sf.kxml:kxml2:2.3.0) with MergeInstrumentationAnalysisTransform
Transforming tensorflow-lite-metadata-0.1.0-rc2.jar (org.tensorflow:tensorflow-lite-metadata:0.1.0-rc2) with InstrumentationAnalysisTransform
Transforming tensorflow-lite-metadata-0.1.0-rc2.jar (org.tensorflow:tensorflow-lite-metadata:0.1.0-rc2) with MergeInstrumentationAnalysisTransform
Transforming flatbuffers-java-1.12.0.jar (com.google.flatbuffers:flatbuffers-java:1.12.0) with InstrumentationAnalysisTransform
Transforming flatbuffers-java-1.12.0.jar (com.google.flatbuffers:flatbuffers-java:1.12.0) with MergeInstrumentationAnalysisTransform
Transforming kotlin-gradle-plugin-idea-proto-2.0.20.jar (org.jetbrains.kotlin:kotlin-gradle-plugin-idea-proto:2.0.20) with InstrumentationAnalysisTransform
Transforming kotlin-gradle-plugin-idea-proto-2.0.20.jar (org.jetbrains.kotlin:kotlin-gradle-plugin-idea-proto:2.0.20) with MergeInstrumentationAnalysisTransform
Transforming kotlin-gradle-plugin-idea-2.0.20.jar (org.jetbrains.kotlin:kotlin-gradle-plugin-idea:2.0.20) with InstrumentationAnalysisTransform
Transforming kotlin-gradle-plugin-idea-2.0.20.jar (org.jetbrains.kotlin:kotlin-gradle-plugin-idea:2.0.20) with MergeInstrumentationAnalysisTransform
Transforming kotlin-klib-commonizer-api-2.0.20.jar (org.jetbrains.kotlin:kotlin-klib-commonizer-api:2.0.20) with InstrumentationAnalysisTransform
Transforming kotlin-klib-commonizer-api-2.0.20.jar (org.jetbrains.kotlin:kotlin-klib-commonizer-api:2.0.20) with MergeInstrumentationAnalysisTransform
Transforming kotlin-build-tools-api-2.0.20.jar (org.jetbrains.kotlin:kotlin-build-tools-api:2.0.20) with InstrumentationAnalysisTransform
Transforming kotlin-build-tools-api-2.0.20.jar (org.jetbrains.kotlin:kotlin-build-tools-api:2.0.20) with MergeInstrumentationAnalysisTransform
Transforming kotlin-compiler-runner-2.0.20.jar (org.jetbrains.kotlin:kotlin-compiler-runner:2.0.20) with InstrumentationAnalysisTransform
Transforming kotlin-compiler-runner-2.0.20.jar (org.jetbrains.kotlin:kotlin-compiler-runner:2.0.20) with MergeInstrumentationAnalysisTransform
Transforming kotlin-native-utils-2.0.20.jar (org.jetbrains.kotlin:kotlin-native-utils:2.0.20) with InstrumentationAnalysisTransform
Transforming kotlin-native-utils-2.0.20.jar (org.jetbrains.kotlin:kotlin-native-utils:2.0.20) with MergeInstrumentationAnalysisTransform
Transforming kotlin-util-klib-2.0.20.jar (org.jetbrains.kotlin:kotlin-util-klib:2.0.20) with InstrumentationAnalysisTransform
Transforming kotlin-util-klib-2.0.20.jar (org.jetbrains.kotlin:kotlin-util-klib:2.0.20) with MergeInstrumentationAnalysisTransform
Transforming kotlin-compiler-embeddable-2.0.20.jar (org.jetbrains.kotlin:kotlin-compiler-embeddable:2.0.20) with InstrumentationAnalysisTransform
Transforming kotlin-compiler-embeddable-2.0.20.jar (org.jetbrains.kotlin:kotlin-compiler-embeddable:2.0.20) with MergeInstrumentationAnalysisTransform
Transforming jimfs-1.1.jar (com.google.jimfs:jimfs:1.1) with InstrumentationAnalysisTransform
Transforming jimfs-1.1.jar (com.google.jimfs:jimfs:1.1) with MergeInstrumentationAnalysisTransform
Transforming grpc-context-1.57.0.jar (io.grpc:grpc-context:1.57.0) with InstrumentationAnalysisTransform
Transforming grpc-context-1.57.0.jar (io.grpc:grpc-context:1.57.0) with MergeInstrumentationAnalysisTransform
Transforming grpc-protobuf-lite-1.57.0.jar (io.grpc:grpc-protobuf-lite:1.57.0) with InstrumentationAnalysisTransform
Transforming grpc-protobuf-lite-1.57.0.jar (io.grpc:grpc-protobuf-lite:1.57.0) with MergeInstrumentationAnalysisTransform
Transforming grpc-api-1.57.0.jar (io.grpc:grpc-api:1.57.0) with InstrumentationAnalysisTransform
Transforming grpc-api-1.57.0.jar (io.grpc:grpc-api:1.57.0) with MergeInstrumentationAnalysisTransform
Transforming guava-32.0.1-jre.jar (com.google.guava:guava:32.0.1-jre) with InstrumentationAnalysisTransform
Transforming guava-32.0.1-jre.jar (com.google.guava:guava:32.0.1-jre) with MergeInstrumentationAnalysisTransform
Transforming dagger-2.28.3.jar (com.google.dagger:dagger:2.28.3) with InstrumentationAnalysisTransform
Transforming dagger-2.28.3.jar (com.google.dagger:dagger:2.28.3) with MergeInstrumentationAnalysisTransform
Transforming javax.inject-1.jar (javax.inject:javax.inject:1) with InstrumentationAnalysisTransform
Transforming javax.inject-1.jar (javax.inject:javax.inject:1) with MergeInstrumentationAnalysisTransform
Transforming bcutil-jdk18on-1.77.jar (org.bouncycastle:bcutil-jdk18on:1.77) with InstrumentationAnalysisTransform
Transforming bcutil-jdk18on-1.77.jar (org.bouncycastle:bcutil-jdk18on:1.77) with MergeInstrumentationAnalysisTransform
Transforming bcprov-jdk18on-1.77.jar (org.bouncycastle:bcprov-jdk18on:1.77) with InstrumentationAnalysisTransform
Transforming bcprov-jdk18on-1.77.jar (org.bouncycastle:bcprov-jdk18on:1.77) with MergeInstrumentationAnalysisTransform
Transforming trove4j-1.0.20200330.jar (org.jetbrains.intellij.deps:trove4j:1.0.20200330) with InstrumentationAnalysisTransform
Transforming trove4j-1.0.20200330.jar (org.jetbrains.intellij.deps:trove4j:1.0.20200330) with MergeInstrumentationAnalysisTransform
Transforming commons-compress-1.21.jar (org.apache.commons:commons-compress:1.21) with InstrumentationAnalysisTransform
Transforming commons-compress-1.21.jar (org.apache.commons:commons-compress:1.21) with MergeInstrumentationAnalysisTransform
Transforming httpclient-4.5.14.jar (org.apache.httpcomponents:httpclient:4.5.14) with InstrumentationAnalysisTransform
Transforming httpclient-4.5.14.jar (org.apache.httpcomponents:httpclient:4.5.14) with MergeInstrumentationAnalysisTransform
Transforming httpcore-4.4.16.jar (org.apache.httpcomponents:httpcore:4.4.16) with InstrumentationAnalysisTransform
Transforming httpcore-4.4.16.jar (org.apache.httpcomponents:httpcore:4.4.16) with MergeInstrumentationAnalysisTransform
Transforming javax.activation-1.2.0.jar (com.sun.activation:javax.activation:1.2.0) with InstrumentationAnalysisTransform
Transforming javax.activation-1.2.0.jar (com.sun.activation:javax.activation:1.2.0) with MergeInstrumentationAnalysisTransform
Transforming signflinger-8.5.2.jar (com.android:signflinger:8.5.2) with InstrumentationAnalysisTransform
Transforming signflinger-8.5.2.jar (com.android:signflinger:8.5.2) with MergeInstrumentationAnalysisTransform
Transforming zipflinger-8.5.2.jar (com.android:zipflinger:8.5.2) with InstrumentationAnalysisTransform
Transforming kotlin-gradle-plugin-api-2.0.20-gradle85.jar (org.jetbrains.kotlin:kotlin-gradle-plugin-api:2.0.20) with ExternalDependencyInstrumentingArtifactTransform
Transforming compose-compiler-gradle-plugin-2.0.20-gradle85.jar (org.jetbrains.kotlin:compose-compiler-gradle-plugin:2.0.20) with ExternalDependencyInstrumentingArtifactTransform
Transforming kotlin-gradle-plugin-2.0.20-gradle85.jar (org.jetbrains.kotlin:kotlin-gradle-plugin:2.0.20) with ExternalDependencyInstrumentingArtifactTransform
Transforming bundletool-1.16.0.jar (com.android.tools.build:bundletool:1.16.0) with ExternalDependencyInstrumentingArtifactTransform
Transforming aapt2-proto-8.5.2-11315950.jar (com.android.tools.build:aapt2-proto:8.5.2-11315950) with ExternalDependencyInstrumentingArtifactTransform
Transforming crash-31.5.2.jar (com.android.tools.analytics-library:crash:31.5.2) with ExternalDependencyInstrumentingArtifactTransform
Transforming lint-typedef-remover-31.5.2.jar (com.android.tools.lint:lint-typedef-remover:31.5.2) with ExternalDependencyInstrumentingArtifactTransform
Transforming zipflinger-8.5.2.jar (com.android:zipflinger:8.5.2) with MergeInstrumentationAnalysisTransform
Transforming annotations-31.5.2.jar (com.android.tools:annotations:31.5.2) with InstrumentationAnalysisTransform
Transforming annotations-31.5.2.jar (com.android.tools:annotations:31.5.2) with MergeInstrumentationAnalysisTransform
Transforming jna-platform-5.6.0.jar (net.java.dev.jna:jna-platform:5.6.0) with InstrumentationAnalysisTransform
Transforming jna-platform-5.6.0.jar (net.java.dev.jna:jna-platform:5.6.0) with MergeInstrumentationAnalysisTransform
Transforming juniversalchardet-1.0.3.jar (com.googlecode.juniversalchardet:juniversalchardet:1.0.3) with InstrumentationAnalysisTransform
Transforming juniversalchardet-1.0.3.jar (com.googlecode.juniversalchardet:juniversalchardet:1.0.3) with MergeInstrumentationAnalysisTransform
Transforming javax.annotation-api-1.3.2.jar (javax.annotation:javax.annotation-api:1.3.2) with InstrumentationAnalysisTransform
Transforming javax.annotation-api-1.3.2.jar (javax.annotation:javax.annotation-api:1.3.2) with MergeInstrumentationAnalysisTransform
Transforming stax-ex-1.8.1.jar (org.jvnet.staxex:stax-ex:1.8.1) with InstrumentationAnalysisTransform
Transforming stax-ex-1.8.1.jar (org.jvnet.staxex:stax-ex:1.8.1) with MergeInstrumentationAnalysisTransform
Transforming jakarta.xml.bind-api-2.3.2.jar (jakarta.xml.bind:jakarta.xml.bind-api:2.3.2) with InstrumentationAnalysisTransform
Transforming jakarta.xml.bind-api-2.3.2.jar (jakarta.xml.bind:jakarta.xml.bind-api:2.3.2) with MergeInstrumentationAnalysisTransform
Transforming txw2-2.3.2.jar (org.glassfish.jaxb:txw2:2.3.2) with InstrumentationAnalysisTransform
Transforming txw2-2.3.2.jar (org.glassfish.jaxb:txw2:2.3.2) with MergeInstrumentationAnalysisTransform
Transforming istack-commons-runtime-3.0.8.jar (com.sun.istack:istack-commons-runtime:3.0.8) with InstrumentationAnalysisTransform
Transforming istack-commons-runtime-3.0.8.jar (com.sun.istack:istack-commons-runtime:3.0.8) with MergeInstrumentationAnalysisTransform
Transforming FastInfoset-1.2.16.jar (com.sun.xml.fastinfoset:FastInfoset:1.2.16) with InstrumentationAnalysisTransform
Transforming FastInfoset-1.2.16.jar (com.sun.xml.fastinfoset:FastInfoset:1.2.16) with MergeInstrumentationAnalysisTransform
Transforming jakarta.activation-api-1.2.1.jar (jakarta.activation:jakarta.activation-api:1.2.1) with InstrumentationAnalysisTransform
Transforming jakarta.activation-api-1.2.1.jar (jakarta.activation:jakarta.activation-api:1.2.1) with MergeInstrumentationAnalysisTransform
Transforming auto-value-annotations-1.6.2.jar (com.google.auto.value:auto-value-annotations:1.6.2) with InstrumentationAnalysisTransform
Transforming auto-value-annotations-1.6.2.jar (com.google.auto.value:auto-value-annotations:1.6.2) with MergeInstrumentationAnalysisTransform
Transforming error_prone_annotations-2.18.0.jar (com.google.errorprone:error_prone_annotations:2.18.0) with InstrumentationAnalysisTransform
Transforming error_prone_annotations-2.18.0.jar (com.google.errorprone:error_prone_annotations:2.18.0) with MergeInstrumentationAnalysisTransform
Transforming jose4j-0.9.5.jar (org.bitbucket.b_c:jose4j:0.9.5) with InstrumentationAnalysisTransform
Transforming jose4j-0.9.5.jar (org.bitbucket.b_c:jose4j:0.9.5) with MergeInstrumentationAnalysisTransform
Transforming slf4j-api-1.7.30.jar (org.slf4j:slf4j-api:1.7.30) with InstrumentationAnalysisTransform
Transforming slf4j-api-1.7.30.jar (org.slf4j:slf4j-api:1.7.30) with MergeInstrumentationAnalysisTransform
Transforming jdom2-2.0.6.jar (org.jdom:jdom2:2.0.6) with InstrumentationAnalysisTransform
Transforming jdom2-2.0.6.jar (org.jdom:jdom2:2.0.6) with MergeInstrumentationAnalysisTransform
Transforming jsr305-3.0.2.jar (com.google.code.findbugs:jsr305:3.0.2) with InstrumentationAnalysisTransform
Transforming jsr305-3.0.2.jar (com.google.code.findbugs:jsr305:3.0.2) with MergeInstrumentationAnalysisTransform
Transforming j2objc-annotations-2.8.jar (com.google.j2objc:j2objc-annotations:2.8) with InstrumentationAnalysisTransform
Transforming j2objc-annotations-2.8.jar (com.google.j2objc:j2objc-annotations:2.8) with MergeInstrumentationAnalysisTransform
Transforming annotations-4.1.1.4.jar (com.google.android:annotations:4.1.1.4) with InstrumentationAnalysisTransform
Transforming annotations-4.1.1.4.jar (com.google.android:annotations:4.1.1.4) with MergeInstrumentationAnalysisTransform
Transforming animal-sniffer-annotations-1.23.jar (org.codehaus.mojo:animal-sniffer-annotations:1.23) with InstrumentationAnalysisTransform
Transforming animal-sniffer-annotations-1.23.jar (org.codehaus.mojo:animal-sniffer-annotations:1.23) with MergeInstrumentationAnalysisTransform
Transforming perfmark-api-0.26.0.jar (io.perfmark:perfmark-api:0.26.0) with InstrumentationAnalysisTransform
Transforming perfmark-api-0.26.0.jar (io.perfmark:perfmark-api:0.26.0) with MergeInstrumentationAnalysisTransform
Transforming netty-codec-http2-4.1.93.Final.jar (io.netty:netty-codec-http2:4.1.93.Final) with InstrumentationAnalysisTransform
Transforming netty-codec-http2-4.1.93.Final.jar (io.netty:netty-codec-http2:4.1.93.Final) with MergeInstrumentationAnalysisTransform
Transforming netty-handler-proxy-4.1.93.Final.jar (io.netty:netty-handler-proxy:4.1.93.Final) with InstrumentationAnalysisTransform
Transforming netty-handler-proxy-4.1.93.Final.jar (io.netty:netty-handler-proxy:4.1.93.Final) with MergeInstrumentationAnalysisTransform
Transforming netty-codec-http-4.1.93.Final.jar (io.netty:netty-codec-http:4.1.93.Final) with InstrumentationAnalysisTransform
Transforming netty-codec-http-4.1.93.Final.jar (io.netty:netty-codec-http:4.1.93.Final) with MergeInstrumentationAnalysisTransform
Transforming netty-handler-4.1.93.Final.jar (io.netty:netty-handler:4.1.93.Final) with InstrumentationAnalysisTransform
Transforming netty-handler-4.1.93.Final.jar (io.netty:netty-handler:4.1.93.Final) with MergeInstrumentationAnalysisTransform
Transforming netty-transport-native-unix-common-4.1.93.Final.jar (io.netty:netty-transport-native-unix-common:4.1.93.Final) with InstrumentationAnalysisTransform
Transforming netty-transport-native-unix-common-4.1.93.Final.jar (io.netty:netty-transport-native-unix-common:4.1.93.Final) with MergeInstrumentationAnalysisTransform
Transforming checker-qual-3.33.0.jar (org.checkerframework:checker-qual:3.33.0) with InstrumentationAnalysisTransform
Transforming checker-qual-3.33.0.jar (org.checkerframework:checker-qual:3.33.0) with MergeInstrumentationAnalysisTransform
Transforming commons-codec-1.11.jar (commons-codec:commons-codec:1.11) with InstrumentationAnalysisTransform
Transforming commons-codec-1.11.jar (commons-codec:commons-codec:1.11) with MergeInstrumentationAnalysisTransform
Transforming apksig-8.5.2.jar (com.android.tools.build:apksig:8.5.2) with InstrumentationAnalysisTransform
Transforming apksig-8.5.2.jar (com.android.tools.build:apksig:8.5.2) with MergeInstrumentationAnalysisTransform
Transforming javawriter-2.5.0.jar (com.squareup:javawriter:2.5.0) with InstrumentationAnalysisTransform
Transforming javawriter-2.5.0.jar (com.squareup:javawriter:2.5.0) with MergeInstrumentationAnalysisTransform
Transforming kotlin-gradle-plugin-annotations-2.0.20.jar (org.jetbrains.kotlin:kotlin-gradle-plugin-annotations:2.0.20) with InstrumentationAnalysisTransform
Transforming kotlin-gradle-plugin-annotations-2.0.20.jar (org.jetbrains.kotlin:kotlin-gradle-plugin-annotations:2.0.20) with MergeInstrumentationAnalysisTransform
Transforming kotlin-tooling-core-2.0.20.jar (org.jetbrains.kotlin:kotlin-tooling-core:2.0.20) with InstrumentationAnalysisTransform
Transforming kotlin-tooling-core-2.0.20.jar (org.jetbrains.kotlin:kotlin-tooling-core:2.0.20) with MergeInstrumentationAnalysisTransform
Transforming kotlin-daemon-client-2.0.20.jar (org.jetbrains.kotlin:kotlin-daemon-client:2.0.20) with InstrumentationAnalysisTransform
Transforming kotlin-daemon-client-2.0.20.jar (org.jetbrains.kotlin:kotlin-daemon-client:2.0.20) with MergeInstrumentationAnalysisTransform
Transforming kotlinx-coroutines-core-jvm-1.6.4.jar (org.jetbrains.kotlinx:kotlinx-coroutines-core-jvm:1.6.4) with InstrumentationAnalysisTransform
Transforming kotlinx-coroutines-core-jvm-1.6.4.jar (org.jetbrains.kotlinx:kotlinx-coroutines-core-jvm:1.6.4) with MergeInstrumentationAnalysisTransform
Transforming kotlin-util-io-2.0.20.jar (org.jetbrains.kotlin:kotlin-util-io:2.0.20) with InstrumentationAnalysisTransform
Transforming kotlin-util-io-2.0.20.jar (org.jetbrains.kotlin:kotlin-util-io:2.0.20) with MergeInstrumentationAnalysisTransform
Transforming kotlin-daemon-embeddable-2.0.20.jar (org.jetbrains.kotlin:kotlin-daemon-embeddable:2.0.20) with InstrumentationAnalysisTransform
Transforming kotlin-daemon-embeddable-2.0.20.jar (org.jetbrains.kotlin:kotlin-daemon-embeddable:2.0.20) with MergeInstrumentationAnalysisTransform
Transforming failureaccess-1.0.1.jar (com.google.guava:failureaccess:1.0.1) with InstrumentationAnalysisTransform
Transforming failureaccess-1.0.1.jar (com.google.guava:failureaccess:1.0.1) with MergeInstrumentationAnalysisTransform
Transforming listenablefuture-9999.0-empty-to-avoid-conflict-with-guava.jar (com.google.guava:listenablefuture:9999.0-empty-to-avoid-conflict-with-guava) with InstrumentationAnalysisTransform
Transforming listenablefuture-9999.0-empty-to-avoid-conflict-with-guava.jar (com.google.guava:listenablefuture:9999.0-empty-to-avoid-conflict-with-guava) with MergeInstrumentationAnalysisTransform
Transforming commons-logging-1.2.jar (commons-logging:commons-logging:1.2) with InstrumentationAnalysisTransform
Transforming commons-logging-1.2.jar (commons-logging:commons-logging:1.2) with MergeInstrumentationAnalysisTransform
Transforming jna-5.6.0.jar (net.java.dev.jna:jna:5.6.0) with InstrumentationAnalysisTransform
Transforming jna-5.6.0.jar (net.java.dev.jna:jna:5.6.0) with MergeInstrumentationAnalysisTransform
Transforming netty-codec-socks-4.1.93.Final.jar (io.netty:netty-codec-socks:4.1.93.Final) with InstrumentationAnalysisTransform
Transforming netty-codec-socks-4.1.93.Final.jar (io.netty:netty-codec-socks:4.1.93.Final) with MergeInstrumentationAnalysisTransform
Transforming netty-codec-4.1.93.Final.jar (io.netty:netty-codec:4.1.93.Final) with InstrumentationAnalysisTransform
Transforming netty-codec-4.1.93.Final.jar (io.netty:netty-codec:4.1.93.Final) with MergeInstrumentationAnalysisTransform
Transforming netty-transport-4.1.93.Final.jar (io.netty:netty-transport:4.1.93.Final) with InstrumentationAnalysisTransform
Transforming netty-transport-4.1.93.Final.jar (io.netty:netty-transport:4.1.93.Final) with MergeInstrumentationAnalysisTransform
Transforming netty-buffer-4.1.93.Final.jar (io.netty:netty-buffer:4.1.93.Final) with InstrumentationAnalysisTransform
Transforming netty-buffer-4.1.93.Final.jar (io.netty:netty-buffer:4.1.93.Final) with MergeInstrumentationAnalysisTransform
Transforming netty-resolver-4.1.93.Final.jar (io.netty:netty-resolver:4.1.93.Final) with InstrumentationAnalysisTransform
Transforming netty-resolver-4.1.93.Final.jar (io.netty:netty-resolver:4.1.93.Final) with MergeInstrumentationAnalysisTransform
Transforming netty-common-4.1.93.Final.jar (io.netty:netty-common:4.1.93.Final) with InstrumentationAnalysisTransform
Transforming netty-common-4.1.93.Final.jar (io.netty:netty-common:4.1.93.Final) with MergeInstrumentationAnalysisTransform
Transforming databinding-common-8.5.2.jar (androidx.databinding:databinding-common:8.5.2) with ExternalDependencyInstrumentingArtifactTransform
Transforming baseLibrary-8.5.2.jar (com.android.databinding:baseLibrary:8.5.2) with ExternalDependencyInstrumentingArtifactTransform
Transforming android-device-provider-ddmlib-proto-31.5.2.jar (com.android.tools.utp:android-device-provider-ddmlib-proto:31.5.2) with ExternalDependencyInstrumentingArtifactTransform
Transforming android-device-provider-gradle-proto-31.5.2.jar (com.android.tools.utp:android-device-provider-gradle-proto:31.5.2) with ExternalDependencyInstrumentingArtifactTransform
Transforming android-test-plugin-host-additional-test-output-proto-31.5.2.jar (com.android.tools.utp:android-test-plugin-host-additional-test-output-proto:31.5.2) with ExternalDependencyInstrumentingArtifactTransform
Transforming android-test-plugin-host-coverage-proto-31.5.2.jar (com.android.tools.utp:android-test-plugin-host-coverage-proto:31.5.2) with ExternalDependencyInstrumentingArtifactTransform
Transforming android-test-plugin-host-logcat-proto-31.5.2.jar (com.android.tools.utp:android-test-plugin-host-logcat-proto:31.5.2) with ExternalDependencyInstrumentingArtifactTransform
Transforming android-test-plugin-host-apk-installer-proto-31.5.2.jar (com.android.tools.utp:android-test-plugin-host-apk-installer-proto:31.5.2) with ExternalDependencyInstrumentingArtifactTransform
Transforming android-test-plugin-result-listener-gradle-proto-31.5.2.jar (com.android.tools.utp:android-test-plugin-result-listener-gradle-proto:31.5.2) with ExternalDependencyInstrumentingArtifactTransform
Transforming transform-api-2.0.0-deprecated-use-gradle-api.jar (com.android.tools.build:transform-api:2.0.0-deprecated-use-gradle-api) with ExternalDependencyInstrumentingArtifactTransform
Transforming httpmime-4.5.6.jar (org.apache.httpcomponents:httpmime:4.5.6) with ExternalDependencyInstrumentingArtifactTransform
Transforming commons-io-2.13.0.jar (commons-io:commons-io:2.13.0) with ExternalDependencyInstrumentingArtifactTransform
Transforming asm-util-9.6.jar (org.ow2.asm:asm-util:9.6) with ExternalDependencyInstrumentingArtifactTransform
Transforming asm-analysis-9.6.jar (org.ow2.asm:asm-analysis:9.6) with ExternalDependencyInstrumentingArtifactTransform
Transforming asm-tree-9.6.jar (org.ow2.asm:asm-tree:9.6) with ExternalDependencyInstrumentingArtifactTransform
Transforming asm-9.6.jar (org.ow2.asm:asm:9.6) with ExternalDependencyInstrumentingArtifactTransform
Transforming apkzlib-8.5.2.jar (com.android.tools.build:apkzlib:8.5.2) with ExternalDependencyInstrumentingArtifactTransform
Transforming bcpkix-jdk18on-1.77.jar (org.bouncycastle:bcpkix-jdk18on:1.77) with ExternalDependencyInstrumentingArtifactTransform
Transforming jaxb-runtime-2.3.2.jar (org.glassfish.jaxb:jaxb-runtime:2.3.2) with ExternalDependencyInstrumentingArtifactTransform
Transforming jopt-simple-4.9.jar (net.sf.jopt-simple:jopt-simple:4.9) with ExternalDependencyInstrumentingArtifactTransform
Transforming javapoet-1.13.0.jar (com.squareup:javapoet:1.13.0) with ExternalDependencyInstrumentingArtifactTransform
Transforming protobuf-java-util-3.22.3.jar (com.google.protobuf:protobuf-java-util:3.22.3) with ExternalDependencyInstrumentingArtifactTransform
Transforming grpc-protobuf-1.57.0.jar (io.grpc:grpc-protobuf:1.57.0) with ExternalDependencyInstrumentingArtifactTransform
Transforming tink-1.7.0.jar (com.google.crypto.tink:tink:1.7.0) with ExternalDependencyInstrumentingArtifactTransform
Transforming asm-commons-9.6.jar (org.ow2.asm:asm-commons:9.6) with ExternalDependencyInstrumentingArtifactTransform
Transforming protos-31.5.2.jar (com.android.tools.analytics-library:protos:31.5.2) with ExternalDependencyInstrumentingArtifactTransform
Transforming proto-google-common-protos-2.17.0.jar (com.google.api.grpc:proto-google-common-protos:2.17.0) with ExternalDependencyInstrumentingArtifactTransform
Transforming protobuf-java-3.22.3.jar (com.google.protobuf:protobuf-java:3.22.3) with ExternalDependencyInstrumentingArtifactTransform
Transforming grpc-netty-1.57.0.jar (io.grpc:grpc-netty:1.57.0) with ExternalDependencyInstrumentingArtifactTransform
Transforming grpc-core-1.57.0.jar (io.grpc:grpc-core:1.57.0) with ExternalDependencyInstrumentingArtifactTransform
Transforming kotlin-build-statistics-2.0.20.jar (org.jetbrains.kotlin:kotlin-build-statistics:2.0.20) with ExternalDependencyInstrumentingArtifactTransform
Transforming gson-2.10.1.jar (com.google.code.gson:gson:2.10.1) with ExternalDependencyInstrumentingArtifactTransform
Transforming grpc-stub-1.57.0.jar (io.grpc:grpc-stub:1.57.0) with ExternalDependencyInstrumentingArtifactTransform
Transforming core-proto-0.0.9-alpha02.jar (com.google.testing.platform:core-proto:0.0.9-alpha02) with ExternalDependencyInstrumentingArtifactTransform
Transforming kxml2-2.3.0.jar (net.sf.kxml:kxml2:2.3.0) with ExternalDependencyInstrumentingArtifactTransform
Transforming tensorflow-lite-metadata-0.1.0-rc2.jar (org.tensorflow:tensorflow-lite-metadata:0.1.0-rc2) with ExternalDependencyInstrumentingArtifactTransform
Transforming flatbuffers-java-1.12.0.jar (com.google.flatbuffers:flatbuffers-java:1.12.0) with ExternalDependencyInstrumentingArtifactTransform
Transforming kotlin-gradle-plugin-idea-proto-2.0.20.jar (org.jetbrains.kotlin:kotlin-gradle-plugin-idea-proto:2.0.20) with ExternalDependencyInstrumentingArtifactTransform
Transforming kotlin-gradle-plugin-idea-2.0.20.jar (org.jetbrains.kotlin:kotlin-gradle-plugin-idea:2.0.20) with ExternalDependencyInstrumentingArtifactTransform
Transforming kotlin-klib-commonizer-api-2.0.20.jar (org.jetbrains.kotlin:kotlin-klib-commonizer-api:2.0.20) with ExternalDependencyInstrumentingArtifactTransform
Transforming kotlin-build-tools-api-2.0.20.jar (org.jetbrains.kotlin:kotlin-build-tools-api:2.0.20) with ExternalDependencyInstrumentingArtifactTransform
Transforming kotlin-compiler-runner-2.0.20.jar (org.jetbrains.kotlin:kotlin-compiler-runner:2.0.20) with ExternalDependencyInstrumentingArtifactTransform
Transforming kotlin-native-utils-2.0.20.jar (org.jetbrains.kotlin:kotlin-native-utils:2.0.20) with ExternalDependencyInstrumentingArtifactTransform
Transforming kotlin-util-klib-2.0.20.jar (org.jetbrains.kotlin:kotlin-util-klib:2.0.20) with ExternalDependencyInstrumentingArtifactTransform
Transforming kotlin-compiler-embeddable-2.0.20.jar (org.jetbrains.kotlin:kotlin-compiler-embeddable:2.0.20) with ExternalDependencyInstrumentingArtifactTransform
Transforming jimfs-1.1.jar (com.google.jimfs:jimfs:1.1) with ExternalDependencyInstrumentingArtifactTransform
Transforming grpc-context-1.57.0.jar (io.grpc:grpc-context:1.57.0) with ExternalDependencyInstrumentingArtifactTransform
Transforming grpc-api-1.57.0.jar (io.grpc:grpc-api:1.57.0) with ExternalDependencyInstrumentingArtifactTransform
Transforming guava-32.0.1-jre.jar (com.google.guava:guava:32.0.1-jre) with ExternalDependencyInstrumentingArtifactTransform
Transforming dagger-2.28.3.jar (com.google.dagger:dagger:2.28.3) with ExternalDependencyInstrumentingArtifactTransform
Transforming javax.inject-1.jar (javax.inject:javax.inject:1) with ExternalDependencyInstrumentingArtifactTransform
Transforming bcutil-jdk18on-1.77.jar (org.bouncycastle:bcutil-jdk18on:1.77) with ExternalDependencyInstrumentingArtifactTransform
Transforming bcprov-jdk18on-1.77.jar (org.bouncycastle:bcprov-jdk18on:1.77) with ExternalDependencyInstrumentingArtifactTransform
Transforming trove4j-1.0.20200330.jar (org.jetbrains.intellij.deps:trove4j:1.0.20200330) with ExternalDependencyInstrumentingArtifactTransform
Transforming commons-compress-1.21.jar (org.apache.commons:commons-compress:1.21) with ExternalDependencyInstrumentingArtifactTransform
Transforming httpclient-4.5.14.jar (org.apache.httpcomponents:httpclient:4.5.14) with ExternalDependencyInstrumentingArtifactTransform
Transforming httpcore-4.4.16.jar (org.apache.httpcomponents:httpcore:4.4.16) with ExternalDependencyInstrumentingArtifactTransform
Transforming javax.activation-1.2.0.jar (com.sun.activation:javax.activation:1.2.0) with ExternalDependencyInstrumentingArtifactTransform
Transforming grpc-protobuf-lite-1.57.0.jar (io.grpc:grpc-protobuf-lite:1.57.0) with ExternalDependencyInstrumentingArtifactTransform
Transforming zipflinger-8.5.2.jar (com.android:zipflinger:8.5.2) with ExternalDependencyInstrumentingArtifactTransform
Transforming annotations-31.5.2.jar (com.android.tools:annotations:31.5.2) with ExternalDependencyInstrumentingArtifactTransform
Transforming jna-platform-5.6.0.jar (net.java.dev.jna:jna-platform:5.6.0) with ExternalDependencyInstrumentingArtifactTransform
Transforming juniversalchardet-1.0.3.jar (com.googlecode.juniversalchardet:juniversalchardet:1.0.3) with ExternalDependencyInstrumentingArtifactTransform
Transforming javax.annotation-api-1.3.2.jar (javax.annotation:javax.annotation-api:1.3.2) with ExternalDependencyInstrumentingArtifactTransform
Transforming stax-ex-1.8.1.jar (org.jvnet.staxex:stax-ex:1.8.1) with ExternalDependencyInstrumentingArtifactTransform
Transforming jakarta.xml.bind-api-2.3.2.jar (jakarta.xml.bind:jakarta.xml.bind-api:2.3.2) with ExternalDependencyInstrumentingArtifactTransform
Transforming txw2-2.3.2.jar (org.glassfish.jaxb:txw2:2.3.2) with ExternalDependencyInstrumentingArtifactTransform
Transforming istack-commons-runtime-3.0.8.jar (com.sun.istack:istack-commons-runtime:3.0.8) with ExternalDependencyInstrumentingArtifactTransform
Transforming FastInfoset-1.2.16.jar (com.sun.xml.fastinfoset:FastInfoset:1.2.16) with ExternalDependencyInstrumentingArtifactTransform
Transforming jakarta.activation-api-1.2.1.jar (jakarta.activation:jakarta.activation-api:1.2.1) with ExternalDependencyInstrumentingArtifactTransform
Transforming auto-value-annotations-1.6.2.jar (com.google.auto.value:auto-value-annotations:1.6.2) with ExternalDependencyInstrumentingArtifactTransform
Transforming signflinger-8.5.2.jar (com.android:signflinger:8.5.2) with ExternalDependencyInstrumentingArtifactTransform
Transforming jose4j-0.9.5.jar (org.bitbucket.b_c:jose4j:0.9.5) with ExternalDependencyInstrumentingArtifactTransform
Transforming slf4j-api-1.7.30.jar (org.slf4j:slf4j-api:1.7.30) with ExternalDependencyInstrumentingArtifactTransform
Transforming jdom2-2.0.6.jar (org.jdom:jdom2:2.0.6) with ExternalDependencyInstrumentingArtifactTransform
Transforming jsr305-3.0.2.jar (com.google.code.findbugs:jsr305:3.0.2) with ExternalDependencyInstrumentingArtifactTransform
Transforming j2objc-annotations-2.8.jar (com.google.j2objc:j2objc-annotations:2.8) with ExternalDependencyInstrumentingArtifactTransform
Transforming annotations-4.1.1.4.jar (com.google.android:annotations:4.1.1.4) with ExternalDependencyInstrumentingArtifactTransform
Transforming animal-sniffer-annotations-1.23.jar (org.codehaus.mojo:animal-sniffer-annotations:1.23) with ExternalDependencyInstrumentingArtifactTransform
Transforming perfmark-api-0.26.0.jar (io.perfmark:perfmark-api:0.26.0) with ExternalDependencyInstrumentingArtifactTransform
Transforming error_prone_annotations-2.18.0.jar (com.google.errorprone:error_prone_annotations:2.18.0) with ExternalDependencyInstrumentingArtifactTransform
Transforming netty-handler-proxy-4.1.93.Final.jar (io.netty:netty-handler-proxy:4.1.93.Final) with ExternalDependencyInstrumentingArtifactTransform
Transforming netty-codec-http-4.1.93.Final.jar (io.netty:netty-codec-http:4.1.93.Final) with ExternalDependencyInstrumentingArtifactTransform
Transforming netty-handler-4.1.93.Final.jar (io.netty:netty-handler:4.1.93.Final) with ExternalDependencyInstrumentingArtifactTransform
Transforming netty-transport-native-unix-common-4.1.93.Final.jar (io.netty:netty-transport-native-unix-common:4.1.93.Final) with ExternalDependencyInstrumentingArtifactTransform
Transforming checker-qual-3.33.0.jar (org.checkerframework:checker-qual:3.33.0) with ExternalDependencyInstrumentingArtifactTransform
Transforming commons-codec-1.11.jar (commons-codec:commons-codec:1.11) with ExternalDependencyInstrumentingArtifactTransform
Transforming apksig-8.5.2.jar (com.android.tools.build:apksig:8.5.2) with ExternalDependencyInstrumentingArtifactTransform
Transforming javawriter-2.5.0.jar (com.squareup:javawriter:2.5.0) with ExternalDependencyInstrumentingArtifactTransform
Transforming kotlin-gradle-plugin-annotations-2.0.20.jar (org.jetbrains.kotlin:kotlin-gradle-plugin-annotations:2.0.20) with ExternalDependencyInstrumentingArtifactTransform
Transforming kotlin-tooling-core-2.0.20.jar (org.jetbrains.kotlin:kotlin-tooling-core:2.0.20) with ExternalDependencyInstrumentingArtifactTransform
Transforming netty-codec-http2-4.1.93.Final.jar (io.netty:netty-codec-http2:4.1.93.Final) with ExternalDependencyInstrumentingArtifactTransform
Transforming kotlinx-coroutines-core-jvm-1.6.4.jar (org.jetbrains.kotlinx:kotlinx-coroutines-core-jvm:1.6.4) with ExternalDependencyInstrumentingArtifactTransform
Transforming kotlin-util-io-2.0.20.jar (org.jetbrains.kotlin:kotlin-util-io:2.0.20) with ExternalDependencyInstrumentingArtifactTransform
Transforming kotlin-daemon-embeddable-2.0.20.jar (org.jetbrains.kotlin:kotlin-daemon-embeddable:2.0.20) with ExternalDependencyInstrumentingArtifactTransform
Transforming failureaccess-1.0.1.jar (com.google.guava:failureaccess:1.0.1) with ExternalDependencyInstrumentingArtifactTransform
Transforming listenablefuture-9999.0-empty-to-avoid-conflict-with-guava.jar (com.google.guava:listenablefuture:9999.0-empty-to-avoid-conflict-with-guava) with ExternalDependencyInstrumentingArtifactTransform
Transforming commons-logging-1.2.jar (commons-logging:commons-logging:1.2) with ExternalDependencyInstrumentingArtifactTransform
Transforming jna-5.6.0.jar (net.java.dev.jna:jna:5.6.0) with ExternalDependencyInstrumentingArtifactTransform
Transforming netty-codec-socks-4.1.93.Final.jar (io.netty:netty-codec-socks:4.1.93.Final) with ExternalDependencyInstrumentingArtifactTransform
Transforming netty-codec-4.1.93.Final.jar (io.netty:netty-codec:4.1.93.Final) with ExternalDependencyInstrumentingArtifactTransform
Transforming netty-transport-4.1.93.Final.jar (io.netty:netty-transport:4.1.93.Final) with ExternalDependencyInstrumentingArtifactTransform
Transforming netty-buffer-4.1.93.Final.jar (io.netty:netty-buffer:4.1.93.Final) with ExternalDependencyInstrumentingArtifactTransform
Transforming netty-resolver-4.1.93.Final.jar (io.netty:netty-resolver:4.1.93.Final) with ExternalDependencyInstrumentingArtifactTransform
Transforming netty-common-4.1.93.Final.jar (io.netty:netty-common:4.1.93.Final) with ExternalDependencyInstrumentingArtifactTransform
Transforming kotlin-daemon-client-2.0.20.jar (org.jetbrains.kotlin:kotlin-daemon-client:2.0.20) with ExternalDependencyInstrumentingArtifactTransform

> Configure project :app
Evaluating project ':app' using build file '/home/runner/work/sovereign-vantage-android/sovereign-vantage-android/app/build.gradle.kts'.
Using default execution profile
Using Kotlin Gradle Plugin gradle85 variant
Detected Android Gradle Plugin compose compiler configuration
Detected Android Gradle Plugin compose compiler configuration
Detected Android Gradle Plugin compose compiler configuration
Detected Android Gradle Plugin compose compiler configuration
Detected Android Gradle Plugin compose compiler configuration
All projects evaluated.
Task name matched 'assembleDebug'
Selected primary task 'assembleDebug' from project :
Tasks to be executed: [task ':app:preBuild', task ':app:preDebugBuild', task ':app:mergeDebugNativeDebugMetadata', task ':app:checkKotlinGradlePluginConfigurationErrors', task ':app:dataBindingMergeDependencyArtifactsDebug', task ':app:generateDebugResValues', task ':app:generateDebugResources', task ':app:mergeDebugResources', task ':app:packageDebugResources', task ':app:parseDebugLocalResources', task ':app:dataBindingGenBaseClassesDebug', task ':app:generateDebugBuildConfig', task ':app:checkDebugAarMetadata', task ':app:mapDebugSourceSetPaths', task ':app:createDebugCompatibleScreenManifests', task ':app:extractDeepLinksDebug', task ':app:processDebugMainManifest', task ':app:processDebugManifest', task ':app:processDebugManifestForPackage', task ':app:processDebugResources', task ':app:kspDebugKotlin', task ':app:compileDebugKotlin', task ':app:javaPreCompileDebug', task ':app:compileDebugJavaWithJavac', task ':app:mergeDebugShaders', task ':app:compileDebugShaders', task ':app:generateDebugAssets', task ':app:mergeDebugAssets', task ':app:compressDebugAssets', task ':app:desugarDebugFileDependencies', task ':app:hiltAggregateDepsDebug', task ':app:hiltJavaCompileDebug', task ':app:transformDebugClassesWithAsm', task ':app:dexBuilderDebug', task ':app:mergeDebugGlobalSynthetics', task ':app:processDebugJavaRes', task ':app:mergeDebugJavaResource', task ':app:checkDebugDuplicateClasses', task ':app:mergeDebugStartupProfile', task ':app:mergeExtDexDebug', task ':app:mergeLibDexDebug', task ':app:mergeProjectDexDebug', task ':app:mergeDebugJniLibFolders', task ':app:mergeDebugNativeLibs', task ':app:stripDebugDebugSymbols', task ':app:validateSigningDebug', task ':app:writeDebugAppMetadata', task ':app:writeDebugSigningConfigVersions', task ':app:packageDebug', task ':app:createDebugApkListingFileRedirect', task ':app:assembleDebug']
Tasks that were excluded: []
Resolve mutations for :app:preBuild (Thread[Execution worker,5,main]) started.
:app:preBuild (Thread[Execution worker,5,main]) started.

> Task :app:preBuild UP-TO-DATE
Skipping task ':app:preBuild' as it has no actions.
Resolve mutations for :app:preDebugBuild (Thread[included builds,5,main]) started.
:app:preDebugBuild (Thread[included builds,5,main]) started.

> Task :app:preDebugBuild UP-TO-DATE
Skipping task ':app:preDebugBuild' as it has no actions.
Resolve mutations for :app:mergeDebugNativeDebugMetadata (Thread[included builds,5,main]) started.
:app:mergeDebugNativeDebugMetadata (Thread[included builds,5,main]) started.

> Task :app:mergeDebugNativeDebugMetadata NO-SOURCE
Skipping task ':app:mergeDebugNativeDebugMetadata' as it has no source files and no previous output files.
Resolve mutations for :app:checkKotlinGradlePluginConfigurationErrors (Thread[Execution worker,5,main]) started.
:app:checkKotlinGradlePluginConfigurationErrors (Thread[Execution worker,5,main]) started.

> Task :app:checkKotlinGradlePluginConfigurationErrors SKIPPED
Skipping task ':app:checkKotlinGradlePluginConfigurationErrors' as task onlyIf 'errorDiagnostics are present' is false.
Resolve mutations for :app:dataBindingMergeDependencyArtifactsDebug (Thread[Execution worker,5,main]) started.
:app:dataBindingMergeDependencyArtifactsDebug (Thread[Execution worker,5,main]) started.

> Task :app:dataBindingMergeDependencyArtifactsDebug UP-TO-DATE
Transforming viewbinding-8.5.2.aar (androidx.databinding:viewbinding:8.5.2) with ExtractAarTransform
Transforming viewbinding-8.5.2.aar (androidx.databinding:viewbinding:8.5.2) with AarTransform
Transforming material-1.12.0.aar (com.google.android.material:material:1.12.0) with ExtractAarTransform
Transforming material-1.12.0.aar (com.google.android.material:material:1.12.0) with AarTransform
Transforming appcompat-resources-1.7.0.aar (androidx.appcompat:appcompat-resources:1.7.0) with ExtractAarTransform
Transforming appcompat-resources-1.7.0.aar (androidx.appcompat:appcompat-resources:1.7.0) with AarTransform
Transforming constraintlayout-2.0.1.aar (androidx.constraintlayout:constraintlayout:2.0.1) with ExtractAarTransform
Transforming constraintlayout-2.0.1.aar (androidx.constraintlayout:constraintlayout:2.0.1) with AarTransform
Transforming appcompat-1.7.0.aar (androidx.appcompat:appcompat:1.7.0) with ExtractAarTransform
Transforming appcompat-1.7.0.aar (androidx.appcompat:appcompat:1.7.0) with AarTransform
Transforming hilt-navigation-compose-1.2.0.aar (androidx.hilt:hilt-navigation-compose:1.2.0) with ExtractAarTransform
Transforming hilt-navigation-compose-1.2.0.aar (androidx.hilt:hilt-navigation-compose:1.2.0) with AarTransform
Transforming hilt-navigation-1.2.0.aar (androidx.hilt:hilt-navigation:1.2.0) with ExtractAarTransform
Transforming hilt-navigation-1.2.0.aar (androidx.hilt:hilt-navigation:1.2.0) with AarTransform
Transforming hilt-android-2.51.1.aar (com.google.dagger:hilt-android:2.51.1) with ExtractAarTransform
Transforming hilt-android-2.51.1.aar (com.google.dagger:hilt-android:2.51.1) with AarTransform
Transforming biometric-1.1.0.aar (androidx.biometric:biometric:1.1.0) with ExtractAarTransform
Transforming biometric-1.1.0.aar (androidx.biometric:biometric:1.1.0) with AarTransform
Transforming viewpager2-1.0.0.aar (androidx.viewpager2:viewpager2:1.0.0) with ExtractAarTransform
Transforming viewpager2-1.0.0.aar (androidx.viewpager2:viewpager2:1.0.0) with AarTransform
Transforming fragment-1.8.4.aar (androidx.fragment:fragment:1.8.4) with ExtractAarTransform
Transforming fragment-1.8.4.aar (androidx.fragment:fragment:1.8.4) with AarTransform
Transforming fragment-1.8.4.aar (androidx.fragment:fragment:1.8.4) with ExtractAarTransform
Transforming fragment-1.8.4.aar (androidx.fragment:fragment:1.8.4) with AarTransform
Transforming fragment-ktx-1.8.4.aar (androidx.fragment:fragment-ktx:1.8.4) with ExtractAarTransform
Transforming fragment-ktx-1.8.4.aar (androidx.fragment:fragment-ktx:1.8.4) with AarTransform
Transforming navigation-common-2.8.3.aar (androidx.navigation:navigation-common:2.8.3) with ExtractAarTransform
Transforming navigation-common-2.8.3.aar (androidx.navigation:navigation-common:2.8.3) with AarTransform
Transforming navigation-runtime-2.8.3.aar (androidx.navigation:navigation-runtime:2.8.3) with ExtractAarTransform
Transforming navigation-runtime-2.8.3.aar (androidx.navigation:navigation-runtime:2.8.3) with AarTransform
Transforming navigation-common-ktx-2.8.3.aar (androidx.navigation:navigation-common-ktx:2.8.3) with ExtractAarTransform
Transforming navigation-common-ktx-2.8.3.aar (androidx.navigation:navigation-common-ktx:2.8.3) with AarTransform
Transforming navigation-runtime-ktx-2.8.3.aar (androidx.navigation:navigation-runtime-ktx:2.8.3) with ExtractAarTransform
Transforming navigation-runtime-ktx-2.8.3.aar (androidx.navigation:navigation-runtime-ktx:2.8.3) with AarTransform
Transforming navigation-compose-2.8.3.aar (androidx.navigation:navigation-compose:2.8.3) with ExtractAarTransform
Transforming navigation-compose-2.8.3.aar (androidx.navigation:navigation-compose:2.8.3) with AarTransform
Transforming activity-1.9.2.aar (androidx.activity:activity:1.9.2) with ExtractAarTransform
Transforming activity-1.9.2.aar (androidx.activity:activity:1.9.2) with AarTransform
Transforming activity-compose-1.9.2.aar (androidx.activity:activity-compose:1.9.2) with ExtractAarTransform
Transforming activity-compose-1.9.2.aar (androidx.activity:activity-compose:1.9.2) with AarTransform
Transforming activity-ktx-1.9.2.aar (androidx.activity:activity-ktx:1.9.2) with ExtractAarTransform
Transforming activity-ktx-1.9.2.aar (androidx.activity:activity-ktx:1.9.2) with AarTransform
Transforming foundation-layout-release.aar (androidx.compose.foundation:foundation-layout-android:1.7.3) with ExtractAarTransform
Transforming foundation-layout-release.aar (androidx.compose.foundation:foundation-layout-android:1.7.3) with AarTransform
Transforming material3-release.aar (androidx.compose.material3:material3-android:1.3.0) with ExtractAarTransform
Transforming material3-release.aar (androidx.compose.material3:material3-android:1.3.0) with AarTransform
Transforming material-ripple-release.aar (androidx.compose.material:material-ripple-android:1.7.3) with ExtractAarTransform
Transforming material-ripple-release.aar (androidx.compose.material:material-ripple-android:1.7.3) with AarTransform
Transforming foundation-release.aar (androidx.compose.foundation:foundation-android:1.7.3) with ExtractAarTransform
Transforming foundation-release.aar (androidx.compose.foundation:foundation-android:1.7.3) with AarTransform
Transforming animation-core-release.aar (androidx.compose.animation:animation-core-android:1.7.3) with ExtractAarTransform
Transforming animation-core-release.aar (androidx.compose.animation:animation-core-android:1.7.3) with AarTransform
Transforming animation-release.aar (androidx.compose.animation:animation-android:1.7.3) with ExtractAarTransform
Transforming animation-release.aar (androidx.compose.animation:animation-android:1.7.3) with AarTransform
Transforming ui-util-release.aar (androidx.compose.ui:ui-util-android:1.7.3) with ExtractAarTransform
Transforming ui-util-release.aar (androidx.compose.ui:ui-util-android:1.7.3) with AarTransform
Transforming ui-unit-release.aar (androidx.compose.ui:ui-unit-android:1.7.3) with ExtractAarTransform
Transforming ui-unit-release.aar (androidx.compose.ui:ui-unit-android:1.7.3) with AarTransform
Transforming ui-text-release.aar (androidx.compose.ui:ui-text-android:1.7.3) with ExtractAarTransform
Transforming ui-text-release.aar (androidx.compose.ui:ui-text-android:1.7.3) with AarTransform
Transforming ui-geometry-release.aar (androidx.compose.ui:ui-geometry-android:1.7.3) with ExtractAarTransform
Transforming ui-geometry-release.aar (androidx.compose.ui:ui-geometry-android:1.7.3) with AarTransform
Transforming ui-tooling-data-release.aar (androidx.compose.ui:ui-tooling-data-android:1.7.3) with ExtractAarTransform
Transforming ui-tooling-data-release.aar (androidx.compose.ui:ui-tooling-data-android:1.7.3) with AarTransform
Transforming ui-tooling-preview-release.aar (androidx.compose.ui:ui-tooling-preview-android:1.7.3) with ExtractAarTransform
Transforming ui-tooling-preview-release.aar (androidx.compose.ui:ui-tooling-preview-android:1.7.3) with AarTransform
Transforming ui-graphics-release.aar (androidx.compose.ui:ui-graphics-android:1.7.3) with ExtractAarTransform
Transforming ui-graphics-release.aar (androidx.compose.ui:ui-graphics-android:1.7.3) with AarTransform
Transforming ui-tooling-release.aar (androidx.compose.ui:ui-tooling-android:1.7.3) with ExtractAarTransform
Transforming ui-tooling-release.aar (androidx.compose.ui:ui-tooling-android:1.7.3) with AarTransform
Transforming material-icons-extended-release.aar (androidx.compose.material:material-icons-extended-android:1.7.3) with ExtractAarTransform
Transforming material-icons-extended-release.aar (androidx.compose.material:material-icons-extended-android:1.7.3) with AarTransform
Transforming material-icons-core-release.aar (androidx.compose.material:material-icons-core-android:1.7.3) with ExtractAarTransform
Transforming material-icons-core-release.aar (androidx.compose.material:material-icons-core-android:1.7.3) with AarTransform
Transforming ui-release.aar (androidx.compose.ui:ui-android:1.7.3) with ExtractAarTransform
Transforming ui-release.aar (androidx.compose.ui:ui-android:1.7.3) with AarTransform
Transforming drawerlayout-1.1.1.aar (androidx.drawerlayout:drawerlayout:1.1.1) with ExtractAarTransform
Transforming drawerlayout-1.1.1.aar (androidx.drawerlayout:drawerlayout:1.1.1) with AarTransform
Transforming coordinatorlayout-1.1.0.aar (androidx.coordinatorlayout:coordinatorlayout:1.1.0) with ExtractAarTransform
Transforming coordinatorlayout-1.1.0.aar (androidx.coordinatorlayout:coordinatorlayout:1.1.0) with AarTransform
Transforming dynamicanimation-1.0.0.aar (androidx.dynamicanimation:dynamicanimation:1.0.0) with ExtractAarTransform
Transforming dynamicanimation-1.0.0.aar (androidx.dynamicanimation:dynamicanimation:1.0.0) with AarTransform
Transforming recyclerview-1.1.0.aar (androidx.recyclerview:recyclerview:1.1.0) with ExtractAarTransform
Transforming recyclerview-1.1.0.aar (androidx.recyclerview:recyclerview:1.1.0) with AarTransform
Transforming transition-1.5.0.aar (androidx.transition:transition:1.5.0) with ExtractAarTransform
Transforming transition-1.5.0.aar (androidx.transition:transition:1.5.0) with AarTransform
Transforming recyclerview-1.1.0.aar (androidx.recyclerview:recyclerview:1.1.0) with ExtractAarTransform
Transforming recyclerview-1.1.0.aar (androidx.recyclerview:recyclerview:1.1.0) with AarTransform
Transforming vectordrawable-1.1.0.aar (androidx.vectordrawable:vectordrawable:1.1.0) with ExtractAarTransform
Transforming vectordrawable-1.1.0.aar (androidx.vectordrawable:vectordrawable:1.1.0) with AarTransform
Transforming vectordrawable-1.1.0.aar (androidx.vectordrawable:vectordrawable:1.1.0) with ExtractAarTransform
Transforming vectordrawable-1.1.0.aar (androidx.vectordrawable:vectordrawable:1.1.0) with AarTransform
Transforming vectordrawable-animated-1.1.0.aar (androidx.vectordrawable:vectordrawable-animated:1.1.0) with ExtractAarTransform
Transforming vectordrawable-animated-1.1.0.aar (androidx.vectordrawable:vectordrawable-animated:1.1.0) with AarTransform
Transforming customview-1.1.0.aar (androidx.customview:customview:1.1.0) with ExtractAarTransform
Transforming customview-1.1.0.aar (androidx.customview:customview:1.1.0) with AarTransform
Transforming legacy-support-core-utils-1.0.0.aar (androidx.legacy:legacy-support-core-utils:1.0.0) with ExtractAarTransform
Transforming legacy-support-core-utils-1.0.0.aar (androidx.legacy:legacy-support-core-utils:1.0.0) with AarTransform
Transforming viewpager-1.0.0.aar (androidx.viewpager:viewpager:1.0.0) with ExtractAarTransform
Transforming viewpager-1.0.0.aar (androidx.viewpager:viewpager:1.0.0) with AarTransform
Transforming loader-1.0.0.aar (androidx.loader:loader:1.0.0) with ExtractAarTransform
Transforming loader-1.0.0.aar (androidx.loader:loader:1.0.0) with AarTransform
Transforming loader-1.0.0.aar (androidx.loader:loader:1.0.0) with ExtractAarTransform
Transforming loader-1.0.0.aar (androidx.loader:loader:1.0.0) with AarTransform
Transforming core-1.13.1.aar (androidx.core:core:1.13.1) with ExtractAarTransform
Transforming core-1.13.1.aar (androidx.core:core:1.13.1) with AarTransform
Transforming core-1.13.1.aar (androidx.core:core:1.13.1) with ExtractAarTransform
Transforming core-1.13.1.aar (androidx.core:core:1.13.1) with AarTransform
Transforming work-runtime-ktx-2.9.1.aar (androidx.work:work-runtime-ktx:2.9.1) with ExtractAarTransform
Transforming work-runtime-ktx-2.9.1.aar (androidx.work:work-runtime-ktx:2.9.1) with AarTransform
Transforming work-runtime-2.9.1.aar (androidx.work:work-runtime:2.9.1) with ExtractAarTransform
Transforming work-runtime-2.9.1.aar (androidx.work:work-runtime:2.9.1) with AarTransform
Transforming lifecycle-livedata-2.8.6.aar (androidx.lifecycle:lifecycle-livedata:2.8.6) with ExtractAarTransform
Transforming lifecycle-livedata-2.8.6.aar (androidx.lifecycle:lifecycle-livedata:2.8.6) with AarTransform
Transforming lifecycle-livedata-2.8.6.aar (androidx.lifecycle:lifecycle-livedata:2.8.6) with ExtractAarTransform
Transforming lifecycle-livedata-2.8.6.aar (androidx.lifecycle:lifecycle-livedata:2.8.6) with AarTransform
Transforming lifecycle-viewmodel-2.8.6.aar (androidx.lifecycle:lifecycle-viewmodel:2.8.6) with ExtractAarTransform
Transforming lifecycle-viewmodel-2.8.6.aar (androidx.lifecycle:lifecycle-viewmodel:2.8.6) with AarTransform
Transforming lifecycle-runtime-release.aar (androidx.lifecycle:lifecycle-runtime-android:2.8.6) with ExtractAarTransform
Transforming lifecycle-runtime-release.aar (androidx.lifecycle:lifecycle-runtime-android:2.8.6) with AarTransform
Transforming lifecycle-viewmodel-release.aar (androidx.lifecycle:lifecycle-viewmodel-android:2.8.6) with ExtractAarTransform
Transforming lifecycle-viewmodel-release.aar (androidx.lifecycle:lifecycle-viewmodel-android:2.8.6) with AarTransform
Transforming lifecycle-livedata-core-2.8.6.aar (androidx.lifecycle:lifecycle-livedata-core:2.8.6) with ExtractAarTransform
Transforming lifecycle-livedata-core-2.8.6.aar (androidx.lifecycle:lifecycle-livedata-core:2.8.6) with AarTransform
Transforming lifecycle-runtime-compose-release.aar (androidx.lifecycle:lifecycle-runtime-compose-android:2.8.6) with ExtractAarTransform
Transforming lifecycle-runtime-compose-release.aar (androidx.lifecycle:lifecycle-runtime-compose-android:2.8.6) with AarTransform
Transforming lifecycle-runtime-ktx-release.aar (androidx.lifecycle:lifecycle-runtime-ktx-android:2.8.6) with ExtractAarTransform
Transforming lifecycle-runtime-ktx-release.aar (androidx.lifecycle:lifecycle-runtime-ktx-android:2.8.6) with AarTransform
Transforming lifecycle-viewmodel-compose-release.aar (androidx.lifecycle:lifecycle-viewmodel-compose-android:2.8.6) with ExtractAarTransform
Transforming lifecycle-viewmodel-compose-release.aar (androidx.lifecycle:lifecycle-viewmodel-compose-android:2.8.6) with AarTransform
Transforming lifecycle-livedata-core-ktx-2.8.6.aar (androidx.lifecycle:lifecycle-livedata-core-ktx:2.8.6) with ExtractAarTransform
Transforming lifecycle-livedata-core-ktx-2.8.6.aar (androidx.lifecycle:lifecycle-livedata-core-ktx:2.8.6) with AarTransform
Transforming lifecycle-viewmodel-ktx-2.8.6.aar (androidx.lifecycle:lifecycle-viewmodel-ktx:2.8.6) with ExtractAarTransform
Transforming lifecycle-viewmodel-ktx-2.8.6.aar (androidx.lifecycle:lifecycle-viewmodel-ktx:2.8.6) with AarTransform
Transforming core-ktx-1.13.1.aar (androidx.core:core-ktx:1.13.1) with ExtractAarTransform
Transforming core-ktx-1.13.1.aar (androidx.core:core-ktx:1.13.1) with AarTransform
Transforming core-splashscreen-1.0.1.aar (androidx.core:core-splashscreen:1.0.1) with ExtractAarTransform
Transforming core-splashscreen-1.0.1.aar (androidx.core:core-splashscreen:1.0.1) with AarTransform
Transforming room-runtime-2.6.1.aar (androidx.room:room-runtime:2.6.1) with ExtractAarTransform
Transforming room-runtime-2.6.1.aar (androidx.room:room-runtime:2.6.1) with AarTransform
Transforming lifecycle-viewmodel-savedstate-2.8.6.aar (androidx.lifecycle:lifecycle-viewmodel-savedstate:2.8.6) with ExtractAarTransform
Transforming lifecycle-viewmodel-savedstate-2.8.6.aar (androidx.lifecycle:lifecycle-viewmodel-savedstate:2.8.6) with AarTransform
Transforming room-ktx-2.6.1.aar (androidx.room:room-ktx:2.6.1) with ExtractAarTransform
Transforming room-ktx-2.6.1.aar (androidx.room:room-ktx:2.6.1) with AarTransform
Transforming sqlite-framework-2.4.0.aar (androidx.sqlite:sqlite-framework:2.4.0) with ExtractAarTransform
Transforming sqlite-framework-2.4.0.aar (androidx.sqlite:sqlite-framework:2.4.0) with AarTransform
Transforming sqlite-2.4.0.aar (androidx.sqlite:sqlite:2.4.0) with ExtractAarTransform
Transforming sqlite-2.4.0.aar (androidx.sqlite:sqlite:2.4.0) with AarTransform
Transforming runtime-saveable-release.aar (androidx.compose.runtime:runtime-saveable-android:1.7.3) with ExtractAarTransform
Transforming runtime-saveable-release.aar (androidx.compose.runtime:runtime-saveable-android:1.7.3) with AarTransform
Transforming sqlite-ktx-2.4.0.aar (androidx.sqlite:sqlite-ktx:2.4.0) with ExtractAarTransform
Transforming sqlite-ktx-2.4.0.aar (androidx.sqlite:sqlite-ktx:2.4.0) with AarTransform
Transforming savedstate-ktx-1.2.1.aar (androidx.savedstate:savedstate-ktx:1.2.1) with ExtractAarTransform
Transforming savedstate-ktx-1.2.1.aar (androidx.savedstate:savedstate-ktx:1.2.1) with AarTransform
Transforming savedstate-1.2.1.aar (androidx.savedstate:savedstate:1.2.1) with ExtractAarTransform
Transforming savedstate-1.2.1.aar (androidx.savedstate:savedstate:1.2.1) with AarTransform
Transforming runtime-release.aar (androidx.compose.runtime:runtime-android:1.7.3) with ExtractAarTransform
Transforming runtime-release.aar (androidx.compose.runtime:runtime-android:1.7.3) with AarTransform
Transforming annotation-experimental-1.4.1.aar (androidx.annotation:annotation-experimental:1.4.1) with ExtractAarTransform
Transforming annotation-experimental-1.4.1.aar (androidx.annotation:annotation-experimental:1.4.1) with AarTransform
Transforming security-crypto-1.1.0-alpha06.aar (androidx.security:security-crypto:1.1.0-alpha06) with ExtractAarTransform
Transforming security-crypto-1.1.0-alpha06.aar (androidx.security:security-crypto:1.1.0-alpha06) with AarTransform
Transforming cursoradapter-1.0.0.aar (androidx.cursoradapter:cursoradapter:1.0.0) with ExtractAarTransform
Transforming cursoradapter-1.0.0.aar (androidx.cursoradapter:cursoradapter:1.0.0) with AarTransform
Transforming cardview-1.0.0.aar (androidx.cardview:cardview:1.0.0) with ExtractAarTransform
Transforming cardview-1.0.0.aar (androidx.cardview:cardview:1.0.0) with AarTransform
Transforming versionedparcelable-1.1.1.aar (androidx.versionedparcelable:versionedparcelable:1.1.1) with ExtractAarTransform
Transforming versionedparcelable-1.1.1.aar (androidx.versionedparcelable:versionedparcelable:1.1.1) with AarTransform
Transforming interpolator-1.0.0.aar (androidx.interpolator:interpolator:1.0.0) with ExtractAarTransform
Transforming interpolator-1.0.0.aar (androidx.interpolator:interpolator:1.0.0) with AarTransform
Transforming documentfile-1.0.0.aar (androidx.documentfile:documentfile:1.0.0) with ExtractAarTransform
Transforming documentfile-1.0.0.aar (androidx.documentfile:documentfile:1.0.0) with AarTransform
Transforming localbroadcastmanager-1.0.0.aar (androidx.localbroadcastmanager:localbroadcastmanager:1.0.0) with ExtractAarTransform
Transforming localbroadcastmanager-1.0.0.aar (androidx.localbroadcastmanager:localbroadcastmanager:1.0.0) with AarTransform
Transforming print-1.0.0.aar (androidx.print:print:1.0.0) with ExtractAarTransform
Transforming print-1.0.0.aar (androidx.print:print:1.0.0) with AarTransform
Transforming core-runtime-2.2.0.aar (androidx.arch.core:core-runtime:2.2.0) with ExtractAarTransform
Transforming core-runtime-2.2.0.aar (androidx.arch.core:core-runtime:2.2.0) with AarTransform
Transforming sqlcipher-android-4.6.1.aar (net.zetetic:sqlcipher-android:4.6.1) with ExtractAarTransform
Transforming sqlcipher-android-4.6.1.aar (net.zetetic:sqlcipher-android:4.6.1) with AarTransform
Transforming startup-runtime-1.1.1.aar (androidx.startup:startup-runtime:1.1.1) with ExtractAarTransform
Transforming startup-runtime-1.1.1.aar (androidx.startup:startup-runtime:1.1.1) with AarTransform
Transforming dagger-lint-aar-2.51.1.aar (com.google.dagger:dagger-lint-aar:2.51.1) with ExtractAarTransform
Transforming dagger-lint-aar-2.51.1.aar (com.google.dagger:dagger-lint-aar:2.51.1) with AarTransform
Transforming viewbinding-8.5.2.aar (androidx.databinding:viewbinding:8.5.2) with ExtractAarTransform
Transforming viewbinding-8.5.2.aar (androidx.databinding:viewbinding:8.5.2) with AarTransform
Transforming material-1.12.0.aar (com.google.android.material:material:1.12.0) with ExtractAarTransform
Transforming material-1.12.0.aar (com.google.android.material:material:1.12.0) with AarTransform
Transforming biometric-1.1.0.aar (androidx.biometric:biometric:1.1.0) with ExtractAarTransform
Transforming biometric-1.1.0.aar (androidx.biometric:biometric:1.1.0) with AarTransform
Transforming appcompat-resources-1.7.0.aar (androidx.appcompat:appcompat-resources:1.7.0) with ExtractAarTransform
Transforming appcompat-resources-1.7.0.aar (androidx.appcompat:appcompat-resources:1.7.0) with AarTransform
Transforming constraintlayout-2.0.1.aar (androidx.constraintlayout:constraintlayout:2.0.1) with ExtractAarTransform
Transforming constraintlayout-2.0.1.aar (androidx.constraintlayout:constraintlayout:2.0.1) with AarTransform
Transforming appcompat-1.7.0.aar (androidx.appcompat:appcompat:1.7.0) with ExtractAarTransform
Transforming appcompat-1.7.0.aar (androidx.appcompat:appcompat:1.7.0) with AarTransform
Transforming hilt-navigation-compose-1.2.0.aar (androidx.hilt:hilt-navigation-compose:1.2.0) with ExtractAarTransform
Transforming hilt-navigation-compose-1.2.0.aar (androidx.hilt:hilt-navigation-compose:1.2.0) with AarTransform
Transforming hilt-navigation-1.2.0.aar (androidx.hilt:hilt-navigation:1.2.0) with ExtractAarTransform
Transforming hilt-navigation-1.2.0.aar (androidx.hilt:hilt-navigation:1.2.0) with AarTransform
Transforming hilt-android-2.51.1.aar (com.google.dagger:hilt-android:2.51.1) with ExtractAarTransform
Transforming hilt-android-2.51.1.aar (com.google.dagger:hilt-android:2.51.1) with AarTransform
Transforming viewpager2-1.0.0.aar (androidx.viewpager2:viewpager2:1.0.0) with ExtractAarTransform
Transforming viewpager2-1.0.0.aar (androidx.viewpager2:viewpager2:1.0.0) with AarTransform
Transforming fragment-1.8.4.aar (androidx.fragment:fragment:1.8.4) with ExtractAarTransform
Transforming fragment-1.8.4.aar (androidx.fragment:fragment:1.8.4) with AarTransform
Transforming fragment-ktx-1.8.4.aar (androidx.fragment:fragment-ktx:1.8.4) with ExtractAarTransform
Transforming fragment-ktx-1.8.4.aar (androidx.fragment:fragment-ktx:1.8.4) with AarTransform
Transforming material3-release.aar (androidx.compose.material3:material3-android:1.3.0) with ExtractAarTransform
Transforming material3-release.aar (androidx.compose.material3:material3-android:1.3.0) with AarTransform
Transforming navigation-common-2.8.3.aar (androidx.navigation:navigation-common:2.8.3) with ExtractAarTransform
Transforming navigation-common-2.8.3.aar (androidx.navigation:navigation-common:2.8.3) with AarTransform
Transforming navigation-runtime-2.8.3.aar (androidx.navigation:navigation-runtime:2.8.3) with ExtractAarTransform
Transforming navigation-runtime-2.8.3.aar (androidx.navigation:navigation-runtime:2.8.3) with AarTransform
Transforming navigation-common-ktx-2.8.3.aar (androidx.navigation:navigation-common-ktx:2.8.3) with ExtractAarTransform
Transforming navigation-common-ktx-2.8.3.aar (androidx.navigation:navigation-common-ktx:2.8.3) with AarTransform
Transforming navigation-runtime-ktx-2.8.3.aar (androidx.navigation:navigation-runtime-ktx:2.8.3) with ExtractAarTransform
Transforming navigation-runtime-ktx-2.8.3.aar (androidx.navigation:navigation-runtime-ktx:2.8.3) with AarTransform
Transforming navigation-compose-2.8.3.aar (androidx.navigation:navigation-compose:2.8.3) with ExtractAarTransform
Transforming navigation-compose-2.8.3.aar (androidx.navigation:navigation-compose:2.8.3) with AarTransform
Transforming activity-ktx-1.9.2.aar (androidx.activity:activity-ktx:1.9.2) with ExtractAarTransform
Transforming activity-ktx-1.9.2.aar (androidx.activity:activity-ktx:1.9.2) with AarTransform
Transforming activity-1.9.2.aar (androidx.activity:activity:1.9.2) with ExtractAarTransform
Transforming activity-1.9.2.aar (androidx.activity:activity:1.9.2) with AarTransform
Transforming foundation-layout-release.aar (androidx.compose.foundation:foundation-layout-android:1.7.3) with ExtractAarTransform
Transforming foundation-layout-release.aar (androidx.compose.foundation:foundation-layout-android:1.7.3) with AarTransform
Transforming animation-core-release.aar (androidx.compose.animation:animation-core-android:1.7.3) with ExtractAarTransform
Transforming animation-core-release.aar (androidx.compose.animation:animation-core-android:1.7.3) with AarTransform
Transforming material-ripple-release.aar (androidx.compose.material:material-ripple-android:1.7.3) with ExtractAarTransform
Transforming material-ripple-release.aar (androidx.compose.material:material-ripple-android:1.7.3) with AarTransform
Transforming animation-release.aar (androidx.compose.animation:animation-android:1.7.3) with ExtractAarTransform
Transforming animation-release.aar (androidx.compose.animation:animation-android:1.7.3) with AarTransform
Transforming ui-tooling-data-release.aar (androidx.compose.ui:ui-tooling-data-android:1.7.3) with ExtractAarTransform
Transforming ui-tooling-data-release.aar (androidx.compose.ui:ui-tooling-data-android:1.7.3) with AarTransform
Transforming ui-unit-release.aar (androidx.compose.ui:ui-unit-android:1.7.3) with ExtractAarTransform
Transforming ui-unit-release.aar (androidx.compose.ui:ui-unit-android:1.7.3) with AarTransform
Transforming ui-text-release.aar (androidx.compose.ui:ui-text-android:1.7.3) with ExtractAarTransform
Transforming ui-text-release.aar (androidx.compose.ui:ui-text-android:1.7.3) with AarTransform
Transforming ui-util-release.aar (androidx.compose.ui:ui-util-android:1.7.3) with ExtractAarTransform
Transforming ui-util-release.aar (androidx.compose.ui:ui-util-android:1.7.3) with AarTransform
Transforming ui-geometry-release.aar (androidx.compose.ui:ui-geometry-android:1.7.3) with ExtractAarTransform
Transforming ui-geometry-release.aar (androidx.compose.ui:ui-geometry-android:1.7.3) with AarTransform
Transforming ui-tooling-preview-release.aar (androidx.compose.ui:ui-tooling-preview-android:1.7.3) with ExtractAarTransform
Transforming ui-tooling-preview-release.aar (androidx.compose.ui:ui-tooling-preview-android:1.7.3) with AarTransform
Transforming ui-graphics-release.aar (androidx.compose.ui:ui-graphics-android:1.7.3) with ExtractAarTransform
Transforming ui-graphics-release.aar (androidx.compose.ui:ui-graphics-android:1.7.3) with AarTransform
Transforming ui-tooling-release.aar (androidx.compose.ui:ui-tooling-android:1.7.3) with ExtractAarTransform
Transforming ui-tooling-release.aar (androidx.compose.ui:ui-tooling-android:1.7.3) with AarTransform
Transforming activity-compose-1.9.2.aar (androidx.activity:activity-compose:1.9.2) with ExtractAarTransform
Transforming activity-compose-1.9.2.aar (androidx.activity:activity-compose:1.9.2) with AarTransform
Transforming transition-1.5.0.aar (androidx.transition:transition:1.5.0) with ExtractAarTransform
Transforming transition-1.5.0.aar (androidx.transition:transition:1.5.0) with AarTransform
Transforming dynamicanimation-1.0.0.aar (androidx.dynamicanimation:dynamicanimation:1.0.0) with ExtractAarTransform
Transforming dynamicanimation-1.0.0.aar (androidx.dynamicanimation:dynamicanimation:1.0.0) with AarTransform
Transforming loader-1.0.0.aar (androidx.loader:loader:1.0.0) with ExtractAarTransform
Transforming loader-1.0.0.aar (androidx.loader:loader:1.0.0) with AarTransform
Transforming savedstate-ktx-1.2.1.aar (androidx.savedstate:savedstate-ktx:1.2.1) with ExtractAarTransform
Transforming material-release.aar (androidx.compose.material:material-android:1.7.3) with ExtractAarTransform
Transforming material-release.aar (androidx.compose.material:material-android:1.7.3) with AarTransform
Transforming savedstate-ktx-1.2.1.aar (androidx.savedstate:savedstate-ktx:1.2.1) with AarTransform
Transforming savedstate-1.2.1.aar (androidx.savedstate:savedstate:1.2.1) with ExtractAarTransform
Transforming savedstate-1.2.1.aar (androidx.savedstate:savedstate:1.2.1) with AarTransform
Transforming work-runtime-ktx-2.9.1.aar (androidx.work:work-runtime-ktx:2.9.1) with ExtractAarTransform
Transforming work-runtime-ktx-2.9.1.aar (androidx.work:work-runtime-ktx:2.9.1) with AarTransform
Transforming work-runtime-2.9.1.aar (androidx.work:work-runtime:2.9.1) with ExtractAarTransform
Transforming work-runtime-2.9.1.aar (androidx.work:work-runtime:2.9.1) with AarTransform
Transforming lifecycle-service-2.8.6.aar (androidx.lifecycle:lifecycle-service:2.8.6) with ExtractAarTransform
Transforming lifecycle-service-2.8.6.aar (androidx.lifecycle:lifecycle-service:2.8.6) with AarTransform
Transforming lifecycle-livedata-2.8.6.aar (androidx.lifecycle:lifecycle-livedata:2.8.6) with ExtractAarTransform
Transforming lifecycle-livedata-2.8.6.aar (androidx.lifecycle:lifecycle-livedata:2.8.6) with AarTransform
Transforming lifecycle-runtime-release.aar (androidx.lifecycle:lifecycle-runtime-android:2.8.6) with ExtractAarTransform
Transforming lifecycle-runtime-release.aar (androidx.lifecycle:lifecycle-runtime-android:2.8.6) with AarTransform
Transforming lifecycle-viewmodel-release.aar (androidx.lifecycle:lifecycle-viewmodel-android:2.8.6) with ExtractAarTransform
Transforming lifecycle-viewmodel-release.aar (androidx.lifecycle:lifecycle-viewmodel-android:2.8.6) with AarTransform
Transforming lifecycle-process-2.8.6.aar (androidx.lifecycle:lifecycle-process:2.8.6) with ExtractAarTransform
Transforming lifecycle-process-2.8.6.aar (androidx.lifecycle:lifecycle-process:2.8.6) with AarTransform
Transforming lifecycle-livedata-core-2.8.6.aar (androidx.lifecycle:lifecycle-livedata-core:2.8.6) with ExtractAarTransform
Transforming lifecycle-livedata-core-2.8.6.aar (androidx.lifecycle:lifecycle-livedata-core:2.8.6) with AarTransform
Transforming lifecycle-viewmodel-savedstate-2.8.6.aar (androidx.lifecycle:lifecycle-viewmodel-savedstate:2.8.6) with ExtractAarTransform
Transforming lifecycle-viewmodel-savedstate-2.8.6.aar (androidx.lifecycle:lifecycle-viewmodel-savedstate:2.8.6) with AarTransform
Transforming lifecycle-runtime-compose-release.aar (androidx.lifecycle:lifecycle-runtime-compose-android:2.8.6) with ExtractAarTransform
Transforming lifecycle-runtime-compose-release.aar (androidx.lifecycle:lifecycle-runtime-compose-android:2.8.6) with AarTransform
Transforming lifecycle-runtime-ktx-release.aar (androidx.lifecycle:lifecycle-runtime-ktx-android:2.8.6) with ExtractAarTransform
Transforming lifecycle-runtime-ktx-release.aar (androidx.lifecycle:lifecycle-runtime-ktx-android:2.8.6) with AarTransform
Transforming lifecycle-livedata-core-ktx-2.8.6.aar (androidx.lifecycle:lifecycle-livedata-core-ktx:2.8.6) with ExtractAarTransform
Transforming lifecycle-livedata-core-ktx-2.8.6.aar (androidx.lifecycle:lifecycle-livedata-core-ktx:2.8.6) with AarTransform
Transforming lifecycle-viewmodel-ktx-2.8.6.aar (androidx.lifecycle:lifecycle-viewmodel-ktx:2.8.6) with ExtractAarTransform
Transforming lifecycle-viewmodel-ktx-2.8.6.aar (androidx.lifecycle:lifecycle-viewmodel-ktx:2.8.6) with AarTransform
Transforming lifecycle-viewmodel-compose-release.aar (androidx.lifecycle:lifecycle-viewmodel-compose-android:2.8.6) with ExtractAarTransform
Transforming lifecycle-viewmodel-compose-release.aar (androidx.lifecycle:lifecycle-viewmodel-compose-android:2.8.6) with AarTransform
Transforming material-icons-extended-release.aar (androidx.compose.material:material-icons-extended-android:1.7.3) with ExtractAarTransform
Transforming material-icons-extended-release.aar (androidx.compose.material:material-icons-extended-android:1.7.3) with AarTransform
Transforming material-icons-core-release.aar (androidx.compose.material:material-icons-core-android:1.7.3) with ExtractAarTransform
Transforming material-icons-core-release.aar (androidx.compose.material:material-icons-core-android:1.7.3) with AarTransform
Transforming ui-release.aar (androidx.compose.ui:ui-android:1.7.3) with ExtractAarTransform
Transforming ui-release.aar (androidx.compose.ui:ui-android:1.7.3) with AarTransform
Transforming foundation-release.aar (androidx.compose.foundation:foundation-android:1.7.3) with ExtractAarTransform
Transforming foundation-release.aar (androidx.compose.foundation:foundation-android:1.7.3) with AarTransform
Transforming emoji2-views-helper-1.3.0.aar (androidx.emoji2:emoji2-views-helper:1.3.0) with ExtractAarTransform
Transforming emoji2-views-helper-1.3.0.aar (androidx.emoji2:emoji2-views-helper:1.3.0) with AarTransform
Transforming emoji2-1.3.0.aar (androidx.emoji2:emoji2:1.3.0) with ExtractAarTransform
Transforming emoji2-1.3.0.aar (androidx.emoji2:emoji2:1.3.0) with AarTransform
Transforming drawerlayout-1.1.1.aar (androidx.drawerlayout:drawerlayout:1.1.1) with ExtractAarTransform
Transforming drawerlayout-1.1.1.aar (androidx.drawerlayout:drawerlayout:1.1.1) with AarTransform
Transforming coordinatorlayout-1.1.0.aar (androidx.coordinatorlayout:coordinatorlayout:1.1.0) with ExtractAarTransform
Transforming coordinatorlayout-1.1.0.aar (androidx.coordinatorlayout:coordinatorlayout:1.1.0) with AarTransform
Transforming vectordrawable-animated-1.1.0.aar (androidx.vectordrawable:vectordrawable-animated:1.1.0) with ExtractAarTransform
Transforming vectordrawable-animated-1.1.0.aar (androidx.vectordrawable:vectordrawable-animated:1.1.0) with AarTransform
Transforming vectordrawable-1.1.0.aar (androidx.vectordrawable:vectordrawable:1.1.0) with ExtractAarTransform
Transforming vectordrawable-1.1.0.aar (androidx.vectordrawable:vectordrawable:1.1.0) with AarTransform
Transforming recyclerview-1.1.0.aar (androidx.recyclerview:recyclerview:1.1.0) with ExtractAarTransform
Transforming recyclerview-1.1.0.aar (androidx.recyclerview:recyclerview:1.1.0) with AarTransform
Transforming viewpager-1.0.0.aar (androidx.viewpager:viewpager:1.0.0) with ExtractAarTransform
Transforming viewpager-1.0.0.aar (androidx.viewpager:viewpager:1.0.0) with AarTransform
Transforming autofill-1.0.0.aar (androidx.autofill:autofill:1.0.0) with ExtractAarTransform
Transforming autofill-1.0.0.aar (androidx.autofill:autofill:1.0.0) with AarTransform
Transforming core-1.13.1.aar (androidx.core:core:1.13.1) with ExtractAarTransform
Transforming core-1.13.1.aar (androidx.core:core:1.13.1) with AarTransform
Transforming core-ktx-1.13.1.aar (androidx.core:core-ktx:1.13.1) with ExtractAarTransform
Transforming core-ktx-1.13.1.aar (androidx.core:core-ktx:1.13.1) with AarTransform
Transforming core-splashscreen-1.0.1.aar (androidx.core:core-splashscreen:1.0.1) with ExtractAarTransform
Transforming core-splashscreen-1.0.1.aar (androidx.core:core-splashscreen:1.0.1) with AarTransform
Transforming room-runtime-2.6.1.aar (androidx.room:room-runtime:2.6.1) with ExtractAarTransform
Transforming room-runtime-2.6.1.aar (androidx.room:room-runtime:2.6.1) with AarTransform
Transforming room-ktx-2.6.1.aar (androidx.room:room-ktx:2.6.1) with ExtractAarTransform
Transforming room-ktx-2.6.1.aar (androidx.room:room-ktx:2.6.1) with AarTransform
Transforming sqlcipher-android-4.6.1.aar (net.zetetic:sqlcipher-android:4.6.1) with ExtractAarTransform
Transforming sqlcipher-android-4.6.1.aar (net.zetetic:sqlcipher-android:4.6.1) with AarTransform
Transforming sqlite-framework-2.4.0.aar (androidx.sqlite:sqlite-framework:2.4.0) with ExtractAarTransform
Transforming sqlite-framework-2.4.0.aar (androidx.sqlite:sqlite-framework:2.4.0) with AarTransform
Transforming graphics-path-1.0.1.aar (androidx.graphics:graphics-path:1.0.1) with ExtractAarTransform
Transforming graphics-path-1.0.1.aar (androidx.graphics:graphics-path:1.0.1) with AarTransform
Transforming customview-poolingcontainer-1.0.0.aar (androidx.customview:customview-poolingcontainer:1.0.0) with ExtractAarTransform
Transforming customview-poolingcontainer-1.0.0.aar (androidx.customview:customview-poolingcontainer:1.0.0) with AarTransform
Transforming sqlite-2.4.0.aar (androidx.sqlite:sqlite:2.4.0) with ExtractAarTransform
Transforming sqlite-2.4.0.aar (androidx.sqlite:sqlite:2.4.0) with AarTransform
Transforming sqlite-ktx-2.4.0.aar (androidx.sqlite:sqlite-ktx:2.4.0) with ExtractAarTransform
Transforming sqlite-ktx-2.4.0.aar (androidx.sqlite:sqlite-ktx:2.4.0) with AarTransform
Transforming runtime-saveable-release.aar (androidx.compose.runtime:runtime-saveable-android:1.7.3) with ExtractAarTransform
Transforming runtime-saveable-release.aar (androidx.compose.runtime:runtime-saveable-android:1.7.3) with AarTransform
Transforming runtime-release.aar (androidx.compose.runtime:runtime-android:1.7.3) with ExtractAarTransform
Transforming runtime-release.aar (androidx.compose.runtime:runtime-android:1.7.3) with AarTransform
Transforming annotation-experimental-1.4.1.aar (androidx.annotation:annotation-experimental:1.4.1) with ExtractAarTransform
Transforming annotation-experimental-1.4.1.aar (androidx.annotation:annotation-experimental:1.4.1) with AarTransform
Transforming security-crypto-1.1.0-alpha06.aar (androidx.security:security-crypto:1.1.0-alpha06) with ExtractAarTransform
Transforming security-crypto-1.1.0-alpha06.aar (androidx.security:security-crypto:1.1.0-alpha06) with AarTransform
Transforming versionedparcelable-1.1.1.aar (androidx.versionedparcelable:versionedparcelable:1.1.1) with ExtractAarTransform
Transforming versionedparcelable-1.1.1.aar (androidx.versionedparcelable:versionedparcelable:1.1.1) with AarTransform
Transforming cursoradapter-1.0.0.aar (androidx.cursoradapter:cursoradapter:1.0.0) with ExtractAarTransform
Transforming cursoradapter-1.0.0.aar (androidx.cursoradapter:cursoradapter:1.0.0) with AarTransform
Transforming profileinstaller-1.3.1.aar (androidx.profileinstaller:profileinstaller:1.3.1) with ExtractAarTransform
Transforming profileinstaller-1.3.1.aar (androidx.profileinstaller:profileinstaller:1.3.1) with AarTransform
Transforming cardview-1.0.0.aar (androidx.cardview:cardview:1.0.0) with ExtractAarTransform
Transforming cardview-1.0.0.aar (androidx.cardview:cardview:1.0.0) with AarTransform
Transforming core-runtime-2.2.0.aar (androidx.arch.core:core-runtime:2.2.0) with ExtractAarTransform
Transforming core-runtime-2.2.0.aar (androidx.arch.core:core-runtime:2.2.0) with AarTransform
Transforming interpolator-1.0.0.aar (androidx.interpolator:interpolator:1.0.0) with ExtractAarTransform
Transforming interpolator-1.0.0.aar (androidx.interpolator:interpolator:1.0.0) with AarTransform
Transforming startup-runtime-1.1.1.aar (androidx.startup:startup-runtime:1.1.1) with ExtractAarTransform
Transforming startup-runtime-1.1.1.aar (androidx.startup:startup-runtime:1.1.1) with AarTransform
Transforming dagger-lint-aar-2.51.1.aar (com.google.dagger:dagger-lint-aar:2.51.1) with ExtractAarTransform
Transforming dagger-lint-aar-2.51.1.aar (com.google.dagger:dagger-lint-aar:2.51.1) with AarTransform
Transforming tracing-1.0.0.aar (androidx.tracing:tracing:1.0.0) with ExtractAarTransform
Transforming tracing-1.0.0.aar (androidx.tracing:tracing:1.0.0) with AarTransform
Caching disabled for task ':app:dataBindingMergeDependencyArtifactsDebug' because:
  Caching has been disabled for the task
Skipping task ':app:dataBindingMergeDependencyArtifactsDebug' as it is up-to-date.
Resolve mutations for :app:generateDebugResValues (Thread[included builds,5,main]) started.
:app:generateDebugResValues (Thread[included builds,5,main]) started.

> Task :app:generateDebugResValues UP-TO-DATE
Build cache key for task ':app:generateDebugResValues' is dde03c10e50b3c11488715b3ed4ae0e4
Skipping task ':app:generateDebugResValues' as it is up-to-date.
Resolve mutations for :app:generateDebugResources (Thread[Execution worker,5,main]) started.
:app:generateDebugResources (Thread[included builds,5,main]) started.

> Task :app:generateDebugResources UP-TO-DATE
Build cache key for task ':app:generateDebugResources' is 85e97e9ada1badc17b74fa14b30c7546
Skipping task ':app:generateDebugResources' as it is up-to-date.
Resolve mutations for :app:mergeDebugResources (Thread[included builds,5,main]) started.
:app:mergeDebugResources (Thread[Execution worker,5,main]) started.

> Task :app:mergeDebugResources UP-TO-DATE
Transforming viewbinding-8.5.2.aar (androidx.databinding:viewbinding:8.5.2) with ExtractAarTransform
Transforming viewbinding-8.5.2.aar (androidx.databinding:viewbinding:8.5.2) with AarTransform
Transforming material-1.12.0.aar (com.google.android.material:material:1.12.0) with ExtractAarTransform
Transforming material-1.12.0.aar (com.google.android.material:material:1.12.0) with AarTransform
Transforming biometric-1.1.0.aar (androidx.biometric:biometric:1.1.0) with ExtractAarTransform
Transforming biometric-1.1.0.aar (androidx.biometric:biometric:1.1.0) with AarTransform
Transforming appcompat-resources-1.7.0.aar (androidx.appcompat:appcompat-resources:1.7.0) with ExtractAarTransform
Transforming appcompat-resources-1.7.0.aar (androidx.appcompat:appcompat-resources:1.7.0) with AarTransform
Transforming constraintlayout-2.0.1.aar (androidx.constraintlayout:constraintlayout:2.0.1) with ExtractAarTransform
Transforming constraintlayout-2.0.1.aar (androidx.constraintlayout:constraintlayout:2.0.1) with AarTransform
Transforming appcompat-1.7.0.aar (androidx.appcompat:appcompat:1.7.0) with ExtractAarTransform
Transforming appcompat-1.7.0.aar (androidx.appcompat:appcompat:1.7.0) with AarTransform
Transforming hilt-navigation-compose-1.2.0.aar (androidx.hilt:hilt-navigation-compose:1.2.0) with ExtractAarTransform
Transforming hilt-navigation-compose-1.2.0.aar (androidx.hilt:hilt-navigation-compose:1.2.0) with AarTransform
Transforming hilt-navigation-1.2.0.aar (androidx.hilt:hilt-navigation:1.2.0) with ExtractAarTransform
Transforming hilt-navigation-1.2.0.aar (androidx.hilt:hilt-navigation:1.2.0) with AarTransform
Transforming hilt-android-2.51.1.aar (com.google.dagger:hilt-android:2.51.1) with ExtractAarTransform
Transforming hilt-android-2.51.1.aar (com.google.dagger:hilt-android:2.51.1) with AarTransform
Transforming viewpager2-1.0.0.aar (androidx.viewpager2:viewpager2:1.0.0) with ExtractAarTransform
Transforming viewpager2-1.0.0.aar (androidx.viewpager2:viewpager2:1.0.0) with AarTransform
Transforming fragment-1.8.4.aar (androidx.fragment:fragment:1.8.4) with ExtractAarTransform
Transforming fragment-1.8.4.aar (androidx.fragment:fragment:1.8.4) with AarTransform
Transforming fragment-1.8.4.aar (androidx.fragment:fragment:1.8.4) with ExtractAarTransform
Transforming fragment-1.8.4.aar (androidx.fragment:fragment:1.8.4) with AarTransform
Transforming fragment-ktx-1.8.4.aar (androidx.fragment:fragment-ktx:1.8.4) with ExtractAarTransform
Transforming fragment-ktx-1.8.4.aar (androidx.fragment:fragment-ktx:1.8.4) with AarTransform
Transforming material3-release.aar (androidx.compose.material3:material3-android:1.3.0) with ExtractAarTransform
Transforming material3-release.aar (androidx.compose.material3:material3-android:1.3.0) with AarTransform
Transforming navigation-common-2.8.3.aar (androidx.navigation:navigation-common:2.8.3) with ExtractAarTransform
Transforming navigation-common-2.8.3.aar (androidx.navigation:navigation-common:2.8.3) with AarTransform
Transforming navigation-runtime-2.8.3.aar (androidx.navigation:navigation-runtime:2.8.3) with ExtractAarTransform
Transforming navigation-runtime-2.8.3.aar (androidx.navigation:navigation-runtime:2.8.3) with AarTransform
Transforming navigation-common-ktx-2.8.3.aar (androidx.navigation:navigation-common-ktx:2.8.3) with ExtractAarTransform
Transforming navigation-common-ktx-2.8.3.aar (androidx.navigation:navigation-common-ktx:2.8.3) with AarTransform
Transforming navigation-runtime-ktx-2.8.3.aar (androidx.navigation:navigation-runtime-ktx:2.8.3) with ExtractAarTransform
Transforming navigation-runtime-ktx-2.8.3.aar (androidx.navigation:navigation-runtime-ktx:2.8.3) with AarTransform
Transforming navigation-compose-2.8.3.aar (androidx.navigation:navigation-compose:2.8.3) with ExtractAarTransform
Transforming navigation-compose-2.8.3.aar (androidx.navigation:navigation-compose:2.8.3) with AarTransform
Transforming activity-ktx-1.9.2.aar (androidx.activity:activity-ktx:1.9.2) with ExtractAarTransform
Transforming activity-ktx-1.9.2.aar (androidx.activity:activity-ktx:1.9.2) with AarTransform
Transforming activity-1.9.2.aar (androidx.activity:activity:1.9.2) with ExtractAarTransform
Transforming activity-1.9.2.aar (androidx.activity:activity:1.9.2) with AarTransform
Transforming material-release.aar (androidx.compose.material:material-android:1.7.3) with ExtractAarTransform
Transforming material-release.aar (androidx.compose.material:material-android:1.7.3) with AarTransform
Transforming foundation-layout-release.aar (androidx.compose.foundation:foundation-layout-android:1.7.3) with ExtractAarTransform
Transforming foundation-layout-release.aar (androidx.compose.foundation:foundation-layout-android:1.7.3) with AarTransform
Transforming animation-core-release.aar (androidx.compose.animation:animation-core-android:1.7.3) with ExtractAarTransform
Transforming animation-core-release.aar (androidx.compose.animation:animation-core-android:1.7.3) with AarTransform
Transforming material-ripple-release.aar (androidx.compose.material:material-ripple-android:1.7.3) with ExtractAarTransform
Transforming material-ripple-release.aar (androidx.compose.material:material-ripple-android:1.7.3) with AarTransform
Transforming animation-release.aar (androidx.compose.animation:animation-android:1.7.3) with ExtractAarTransform
Transforming animation-release.aar (androidx.compose.animation:animation-android:1.7.3) with AarTransform
Transforming ui-tooling-data-release.aar (androidx.compose.ui:ui-tooling-data-android:1.7.3) with ExtractAarTransform
Transforming ui-tooling-data-release.aar (androidx.compose.ui:ui-tooling-data-android:1.7.3) with AarTransform
Transforming ui-unit-release.aar (androidx.compose.ui:ui-unit-android:1.7.3) with ExtractAarTransform
Transforming ui-unit-release.aar (androidx.compose.ui:ui-unit-android:1.7.3) with AarTransform
Transforming ui-text-release.aar (androidx.compose.ui:ui-text-android:1.7.3) with ExtractAarTransform
Transforming ui-text-release.aar (androidx.compose.ui:ui-text-android:1.7.3) with AarTransform
Transforming ui-util-release.aar (androidx.compose.ui:ui-util-android:1.7.3) with ExtractAarTransform
Transforming ui-util-release.aar (androidx.compose.ui:ui-util-android:1.7.3) with AarTransform
Transforming ui-geometry-release.aar (androidx.compose.ui:ui-geometry-android:1.7.3) with ExtractAarTransform
Transforming ui-geometry-release.aar (androidx.compose.ui:ui-geometry-android:1.7.3) with AarTransform
Transforming ui-tooling-preview-release.aar (androidx.compose.ui:ui-tooling-preview-android:1.7.3) with ExtractAarTransform
Transforming ui-tooling-preview-release.aar (androidx.compose.ui:ui-tooling-preview-android:1.7.3) with AarTransform
Transforming ui-graphics-release.aar (androidx.compose.ui:ui-graphics-android:1.7.3) with ExtractAarTransform
Transforming ui-graphics-release.aar (androidx.compose.ui:ui-graphics-android:1.7.3) with AarTransform
Transforming ui-tooling-release.aar (androidx.compose.ui:ui-tooling-android:1.7.3) with ExtractAarTransform
Transforming ui-tooling-release.aar (androidx.compose.ui:ui-tooling-android:1.7.3) with AarTransform
Transforming activity-compose-1.9.2.aar (androidx.activity:activity-compose:1.9.2) with ExtractAarTransform
Transforming activity-compose-1.9.2.aar (androidx.activity:activity-compose:1.9.2) with AarTransform
Transforming transition-1.5.0.aar (androidx.transition:transition:1.5.0) with ExtractAarTransform
Transforming transition-1.5.0.aar (androidx.transition:transition:1.5.0) with AarTransform
Transforming dynamicanimation-1.0.0.aar (androidx.dynamicanimation:dynamicanimation:1.0.0) with ExtractAarTransform
Transforming dynamicanimation-1.0.0.aar (androidx.dynamicanimation:dynamicanimation:1.0.0) with AarTransform
Transforming legacy-support-core-utils-1.0.0.aar (androidx.legacy:legacy-support-core-utils:1.0.0) with ExtractAarTransform
Transforming legacy-support-core-utils-1.0.0.aar (androidx.legacy:legacy-support-core-utils:1.0.0) with AarTransform
Transforming loader-1.0.0.aar (androidx.loader:loader:1.0.0) with ExtractAarTransform
Transforming loader-1.0.0.aar (androidx.loader:loader:1.0.0) with AarTransform
Transforming loader-1.0.0.aar (androidx.loader:loader:1.0.0) with ExtractAarTransform
Transforming loader-1.0.0.aar (androidx.loader:loader:1.0.0) with AarTransform
Transforming savedstate-ktx-1.2.1.aar (androidx.savedstate:savedstate-ktx:1.2.1) with ExtractAarTransform
Transforming savedstate-ktx-1.2.1.aar (androidx.savedstate:savedstate-ktx:1.2.1) with AarTransform
Transforming savedstate-1.2.1.aar (androidx.savedstate:savedstate:1.2.1) with ExtractAarTransform
Transforming savedstate-1.2.1.aar (androidx.savedstate:savedstate:1.2.1) with AarTransform
Transforming work-runtime-ktx-2.9.1.aar (androidx.work:work-runtime-ktx:2.9.1) with ExtractAarTransform
Transforming work-runtime-ktx-2.9.1.aar (androidx.work:work-runtime-ktx:2.9.1) with AarTransform
Transforming work-runtime-2.9.1.aar (androidx.work:work-runtime:2.9.1) with ExtractAarTransform
Transforming work-runtime-2.9.1.aar (androidx.work:work-runtime:2.9.1) with AarTransform
Transforming lifecycle-service-2.8.6.aar (androidx.lifecycle:lifecycle-service:2.8.6) with ExtractAarTransform
Transforming lifecycle-service-2.8.6.aar (androidx.lifecycle:lifecycle-service:2.8.6) with AarTransform
Transforming lifecycle-livedata-2.8.6.aar (androidx.lifecycle:lifecycle-livedata:2.8.6) with ExtractAarTransform
Transforming lifecycle-livedata-2.8.6.aar (androidx.lifecycle:lifecycle-livedata:2.8.6) with AarTransform
Transforming lifecycle-livedata-2.8.6.aar (androidx.lifecycle:lifecycle-livedata:2.8.6) with ExtractAarTransform
Transforming lifecycle-livedata-2.8.6.aar (androidx.lifecycle:lifecycle-livedata:2.8.6) with AarTransform
Transforming lifecycle-runtime-release.aar (androidx.lifecycle:lifecycle-runtime-android:2.8.6) with ExtractAarTransform
Transforming lifecycle-runtime-release.aar (androidx.lifecycle:lifecycle-runtime-android:2.8.6) with AarTransform
Transforming lifecycle-viewmodel-2.8.6.aar (androidx.lifecycle:lifecycle-viewmodel:2.8.6) with ExtractAarTransform
Transforming lifecycle-viewmodel-2.8.6.aar (androidx.lifecycle:lifecycle-viewmodel:2.8.6) with AarTransform
Transforming lifecycle-viewmodel-release.aar (androidx.lifecycle:lifecycle-viewmodel-android:2.8.6) with ExtractAarTransform
Transforming lifecycle-viewmodel-release.aar (androidx.lifecycle:lifecycle-viewmodel-android:2.8.6) with AarTransform
Transforming lifecycle-process-2.8.6.aar (androidx.lifecycle:lifecycle-process:2.8.6) with ExtractAarTransform
Transforming lifecycle-process-2.8.6.aar (androidx.lifecycle:lifecycle-process:2.8.6) with AarTransform
Transforming lifecycle-livedata-core-2.8.6.aar (androidx.lifecycle:lifecycle-livedata-core:2.8.6) with ExtractAarTransform
Transforming lifecycle-livedata-core-2.8.6.aar (androidx.lifecycle:lifecycle-livedata-core:2.8.6) with AarTransform
Transforming lifecycle-viewmodel-savedstate-2.8.6.aar (androidx.lifecycle:lifecycle-viewmodel-savedstate:2.8.6) with ExtractAarTransform
Transforming lifecycle-viewmodel-savedstate-2.8.6.aar (androidx.lifecycle:lifecycle-viewmodel-savedstate:2.8.6) with AarTransform
Transforming lifecycle-runtime-compose-release.aar (androidx.lifecycle:lifecycle-runtime-compose-android:2.8.6) with ExtractAarTransform
Transforming lifecycle-runtime-compose-release.aar (androidx.lifecycle:lifecycle-runtime-compose-android:2.8.6) with AarTransform
Transforming lifecycle-runtime-ktx-release.aar (androidx.lifecycle:lifecycle-runtime-ktx-android:2.8.6) with ExtractAarTransform
Transforming lifecycle-runtime-ktx-release.aar (androidx.lifecycle:lifecycle-runtime-ktx-android:2.8.6) with AarTransform
Transforming lifecycle-livedata-core-ktx-2.8.6.aar (androidx.lifecycle:lifecycle-livedata-core-ktx:2.8.6) with ExtractAarTransform
Transforming lifecycle-livedata-core-ktx-2.8.6.aar (androidx.lifecycle:lifecycle-livedata-core-ktx:2.8.6) with AarTransform
Transforming lifecycle-viewmodel-ktx-2.8.6.aar (androidx.lifecycle:lifecycle-viewmodel-ktx:2.8.6) with ExtractAarTransform
Transforming lifecycle-viewmodel-ktx-2.8.6.aar (androidx.lifecycle:lifecycle-viewmodel-ktx:2.8.6) with AarTransform
Transforming lifecycle-viewmodel-compose-release.aar (androidx.lifecycle:lifecycle-viewmodel-compose-android:2.8.6) with ExtractAarTransform
Transforming lifecycle-viewmodel-compose-release.aar (androidx.lifecycle:lifecycle-viewmodel-compose-android:2.8.6) with AarTransform
Transforming material-icons-extended-release.aar (androidx.compose.material:material-icons-extended-android:1.7.3) with ExtractAarTransform
Transforming material-icons-extended-release.aar (androidx.compose.material:material-icons-extended-android:1.7.3) with AarTransform
Transforming material-icons-core-release.aar (androidx.compose.material:material-icons-core-android:1.7.3) with ExtractAarTransform
Transforming material-icons-core-release.aar (androidx.compose.material:material-icons-core-android:1.7.3) with AarTransform
Transforming ui-release.aar (androidx.compose.ui:ui-android:1.7.3) with ExtractAarTransform
Transforming ui-release.aar (androidx.compose.ui:ui-android:1.7.3) with AarTransform
Transforming foundation-release.aar (androidx.compose.foundation:foundation-android:1.7.3) with ExtractAarTransform
Transforming foundation-release.aar (androidx.compose.foundation:foundation-android:1.7.3) with AarTransform
Transforming emoji2-views-helper-1.3.0.aar (androidx.emoji2:emoji2-views-helper:1.3.0) with ExtractAarTransform
Transforming emoji2-views-helper-1.3.0.aar (androidx.emoji2:emoji2-views-helper:1.3.0) with AarTransform
Transforming emoji2-1.3.0.aar (androidx.emoji2:emoji2:1.3.0) with ExtractAarTransform
Transforming emoji2-1.3.0.aar (androidx.emoji2:emoji2:1.3.0) with AarTransform
Transforming drawerlayout-1.1.1.aar (androidx.drawerlayout:drawerlayout:1.1.1) with ExtractAarTransform
Transforming drawerlayout-1.1.1.aar (androidx.drawerlayout:drawerlayout:1.1.1) with AarTransform
Transforming coordinatorlayout-1.1.0.aar (androidx.coordinatorlayout:coordinatorlayout:1.1.0) with ExtractAarTransform
Transforming coordinatorlayout-1.1.0.aar (androidx.coordinatorlayout:coordinatorlayout:1.1.0) with AarTransform
Transforming vectordrawable-animated-1.1.0.aar (androidx.vectordrawable:vectordrawable-animated:1.1.0) with ExtractAarTransform
Transforming vectordrawable-animated-1.1.0.aar (androidx.vectordrawable:vectordrawable-animated:1.1.0) with AarTransform
Transforming vectordrawable-1.1.0.aar (androidx.vectordrawable:vectordrawable:1.1.0) with ExtractAarTransform
Transforming vectordrawable-1.1.0.aar (androidx.vectordrawable:vectordrawable:1.1.0) with AarTransform
Transforming vectordrawable-1.1.0.aar (androidx.vectordrawable:vectordrawable:1.1.0) with ExtractAarTransform
Transforming vectordrawable-1.1.0.aar (androidx.vectordrawable:vectordrawable:1.1.0) with AarTransform
Transforming recyclerview-1.1.0.aar (androidx.recyclerview:recyclerview:1.1.0) with ExtractAarTransform
Transforming recyclerview-1.1.0.aar (androidx.recyclerview:recyclerview:1.1.0) with AarTransform
Transforming recyclerview-1.1.0.aar (androidx.recyclerview:recyclerview:1.1.0) with ExtractAarTransform
Transforming recyclerview-1.1.0.aar (androidx.recyclerview:recyclerview:1.1.0) with AarTransform
Transforming viewpager-1.0.0.aar (androidx.viewpager:viewpager:1.0.0) with ExtractAarTransform
Transforming viewpager-1.0.0.aar (androidx.viewpager:viewpager:1.0.0) with AarTransform
Transforming customview-1.1.0.aar (androidx.customview:customview:1.1.0) with ExtractAarTransform
Transforming customview-1.1.0.aar (androidx.customview:customview:1.1.0) with AarTransform
Transforming autofill-1.0.0.aar (androidx.autofill:autofill:1.0.0) with ExtractAarTransform
Transforming autofill-1.0.0.aar (androidx.autofill:autofill:1.0.0) with AarTransform
Transforming graphics-path-1.0.1.aar (androidx.graphics:graphics-path:1.0.1) with ExtractAarTransform
Transforming graphics-path-1.0.1.aar (androidx.graphics:graphics-path:1.0.1) with AarTransform
Transforming core-1.13.1.aar (androidx.core:core:1.13.1) with ExtractAarTransform
Transforming core-1.13.1.aar (androidx.core:core:1.13.1) with AarTransform
Transforming core-1.13.1.aar (androidx.core:core:1.13.1) with ExtractAarTransform
Transforming core-1.13.1.aar (androidx.core:core:1.13.1) with AarTransform
Transforming customview-poolingcontainer-1.0.0.aar (androidx.customview:customview-poolingcontainer:1.0.0) with ExtractAarTransform
Transforming customview-poolingcontainer-1.0.0.aar (androidx.customview:customview-poolingcontainer:1.0.0) with AarTransform
Transforming core-ktx-1.13.1.aar (androidx.core:core-ktx:1.13.1) with ExtractAarTransform
Transforming core-ktx-1.13.1.aar (androidx.core:core-ktx:1.13.1) with AarTransform
Transforming core-splashscreen-1.0.1.aar (androidx.core:core-splashscreen:1.0.1) with ExtractAarTransform
Transforming core-splashscreen-1.0.1.aar (androidx.core:core-splashscreen:1.0.1) with AarTransform
Transforming room-runtime-2.6.1.aar (androidx.room:room-runtime:2.6.1) with ExtractAarTransform
Transforming room-runtime-2.6.1.aar (androidx.room:room-runtime:2.6.1) with AarTransform
Transforming room-ktx-2.6.1.aar (androidx.room:room-ktx:2.6.1) with ExtractAarTransform
Transforming room-ktx-2.6.1.aar (androidx.room:room-ktx:2.6.1) with AarTransform
Transforming sqlcipher-android-4.6.1.aar (net.zetetic:sqlcipher-android:4.6.1) with ExtractAarTransform
Transforming sqlcipher-android-4.6.1.aar (net.zetetic:sqlcipher-android:4.6.1) with AarTransform
Transforming sqlite-framework-2.4.0.aar (androidx.sqlite:sqlite-framework:2.4.0) with ExtractAarTransform
Transforming sqlite-framework-2.4.0.aar (androidx.sqlite:sqlite-framework:2.4.0) with AarTransform
Transforming sqlite-2.4.0.aar (androidx.sqlite:sqlite:2.4.0) with ExtractAarTransform
Transforming sqlite-2.4.0.aar (androidx.sqlite:sqlite:2.4.0) with AarTransform
Transforming sqlite-ktx-2.4.0.aar (androidx.sqlite:sqlite-ktx:2.4.0) with ExtractAarTransform
Transforming sqlite-ktx-2.4.0.aar (androidx.sqlite:sqlite-ktx:2.4.0) with AarTransform
Transforming runtime-saveable-release.aar (androidx.compose.runtime:runtime-saveable-android:1.7.3) with ExtractAarTransform
Transforming runtime-saveable-release.aar (androidx.compose.runtime:runtime-saveable-android:1.7.3) with AarTransform
Transforming runtime-release.aar (androidx.compose.runtime:runtime-android:1.7.3) with ExtractAarTransform
Transforming runtime-release.aar (androidx.compose.runtime:runtime-android:1.7.3) with AarTransform
Transforming annotation-experimental-1.4.1.aar (androidx.annotation:annotation-experimental:1.4.1) with ExtractAarTransform
Transforming annotation-experimental-1.4.1.aar (androidx.annotation:annotation-experimental:1.4.1) with AarTransform
Transforming security-crypto-1.1.0-alpha06.aar (androidx.security:security-crypto:1.1.0-alpha06) with ExtractAarTransform
Transforming security-crypto-1.1.0-alpha06.aar (androidx.security:security-crypto:1.1.0-alpha06) with AarTransform
Transforming versionedparcelable-1.1.1.aar (androidx.versionedparcelable:versionedparcelable:1.1.1) with ExtractAarTransform
Transforming versionedparcelable-1.1.1.aar (androidx.versionedparcelable:versionedparcelable:1.1.1) with AarTransform
Transforming cursoradapter-1.0.0.aar (androidx.cursoradapter:cursoradapter:1.0.0) with ExtractAarTransform
Transforming cursoradapter-1.0.0.aar (androidx.cursoradapter:cursoradapter:1.0.0) with AarTransform
Transforming profileinstaller-1.3.1.aar (androidx.profileinstaller:profileinstaller:1.3.1) with ExtractAarTransform
Transforming profileinstaller-1.3.1.aar (androidx.profileinstaller:profileinstaller:1.3.1) with AarTransform
Transforming cardview-1.0.0.aar (androidx.cardview:cardview:1.0.0) with ExtractAarTransform
Transforming cardview-1.0.0.aar (androidx.cardview:cardview:1.0.0) with AarTransform
Transforming core-runtime-2.2.0.aar (androidx.arch.core:core-runtime:2.2.0) with ExtractAarTransform
Transforming core-runtime-2.2.0.aar (androidx.arch.core:core-runtime:2.2.0) with AarTransform
Transforming interpolator-1.0.0.aar (androidx.interpolator:interpolator:1.0.0) with ExtractAarTransform
Transforming interpolator-1.0.0.aar (androidx.interpolator:interpolator:1.0.0) with AarTransform
Transforming interpolator-1.0.0.aar (androidx.interpolator:interpolator:1.0.0) with ExtractAarTransform
Transforming interpolator-1.0.0.aar (androidx.interpolator:interpolator:1.0.0) with AarTransform
Transforming startup-runtime-1.1.1.aar (androidx.startup:startup-runtime:1.1.1) with ExtractAarTransform
Transforming startup-runtime-1.1.1.aar (androidx.startup:startup-runtime:1.1.1) with AarTransform
Transforming tracing-1.0.0.aar (androidx.tracing:tracing:1.0.0) with ExtractAarTransform
Transforming tracing-1.0.0.aar (androidx.tracing:tracing:1.0.0) with AarTransform
Transforming documentfile-1.0.0.aar (androidx.documentfile:documentfile:1.0.0) with ExtractAarTransform
Transforming documentfile-1.0.0.aar (androidx.documentfile:documentfile:1.0.0) with AarTransform
Transforming localbroadcastmanager-1.0.0.aar (androidx.localbroadcastmanager:localbroadcastmanager:1.0.0) with ExtractAarTransform
Transforming localbroadcastmanager-1.0.0.aar (androidx.localbroadcastmanager:localbroadcastmanager:1.0.0) with AarTransform
Transforming print-1.0.0.aar (androidx.print:print:1.0.0) with ExtractAarTransform
Transforming print-1.0.0.aar (androidx.print:print:1.0.0) with AarTransform
Transforming dagger-lint-aar-2.51.1.aar (com.google.dagger:dagger-lint-aar:2.51.1) with ExtractAarTransform
Transforming dagger-lint-aar-2.51.1.aar (com.google.dagger:dagger-lint-aar:2.51.1) with AarTransform
Build cache key for task ':app:mergeDebugResources' is 6c4a059b1c9b2c491416ccd7325294f6
Skipping task ':app:mergeDebugResources' as it is up-to-date.
Resolve mutations for :app:packageDebugResources (Thread[included builds,5,main]) started.
:app:packageDebugResources (Thread[included builds,5,main]) started.

> Task :app:packageDebugResources UP-TO-DATE
Build cache key for task ':app:packageDebugResources' is f1c6d80833f1e83305a833d0a9f8e492
Skipping task ':app:packageDebugResources' as it is up-to-date.
Resolve mutations for :app:parseDebugLocalResources (Thread[included builds,5,main]) started.
:app:parseDebugLocalResources (Thread[included builds,5,main]) started.

> Task :app:parseDebugLocalResources UP-TO-DATE
Transforming android.jar with PlatformAttrTransform
Transforming android.jar with PlatformAttrTransform
Build cache key for task ':app:parseDebugLocalResources' is 0437528520bb9b752789ca00582d6430
Skipping task ':app:parseDebugLocalResources' as it is up-to-date.
Resolve mutations for :app:dataBindingGenBaseClassesDebug (Thread[Execution worker,5,main]) started.
:app:dataBindingGenBaseClassesDebug (Thread[Execution worker,5,main]) started.

> Task :app:dataBindingGenBaseClassesDebug UP-TO-DATE
Transforming viewbinding-8.5.2.aar (androidx.databinding:viewbinding:8.5.2) with ExtractAarTransform
Transforming viewbinding-8.5.2.aar (androidx.databinding:viewbinding:8.5.2) with LibrarySymbolTableTransform
Transforming material-1.12.0.aar (com.google.android.material:material:1.12.0) with ExtractAarTransform
Transforming material-1.12.0.aar (com.google.android.material:material:1.12.0) with LibrarySymbolTableTransform
Transforming biometric-1.1.0.aar (androidx.biometric:biometric:1.1.0) with ExtractAarTransform
Transforming biometric-1.1.0.aar (androidx.biometric:biometric:1.1.0) with LibrarySymbolTableTransform
Transforming appcompat-resources-1.7.0.aar (androidx.appcompat:appcompat-resources:1.7.0) with ExtractAarTransform
Transforming appcompat-resources-1.7.0.aar (androidx.appcompat:appcompat-resources:1.7.0) with LibrarySymbolTableTransform
Transforming constraintlayout-2.0.1.aar (androidx.constraintlayout:constraintlayout:2.0.1) with ExtractAarTransform
Transforming constraintlayout-2.0.1.aar (androidx.constraintlayout:constraintlayout:2.0.1) with LibrarySymbolTableTransform
Transforming appcompat-1.7.0.aar (androidx.appcompat:appcompat:1.7.0) with ExtractAarTransform
Transforming appcompat-1.7.0.aar (androidx.appcompat:appcompat:1.7.0) with LibrarySymbolTableTransform
Transforming hilt-navigation-compose-1.2.0.aar (androidx.hilt:hilt-navigation-compose:1.2.0) with ExtractAarTransform
Transforming hilt-navigation-compose-1.2.0.aar (androidx.hilt:hilt-navigation-compose:1.2.0) with LibrarySymbolTableTransform
Transforming hilt-navigation-1.2.0.aar (androidx.hilt:hilt-navigation:1.2.0) with ExtractAarTransform
Transforming hilt-navigation-1.2.0.aar (androidx.hilt:hilt-navigation:1.2.0) with LibrarySymbolTableTransform
Transforming hilt-android-2.51.1.aar (com.google.dagger:hilt-android:2.51.1) with ExtractAarTransform
Transforming hilt-android-2.51.1.aar (com.google.dagger:hilt-android:2.51.1) with LibrarySymbolTableTransform
Transforming viewpager2-1.0.0.aar (androidx.viewpager2:viewpager2:1.0.0) with ExtractAarTransform
Transforming viewpager2-1.0.0.aar (androidx.viewpager2:viewpager2:1.0.0) with LibrarySymbolTableTransform
Transforming fragment-1.8.4.aar (androidx.fragment:fragment:1.8.4) with ExtractAarTransform
Transforming fragment-1.8.4.aar (androidx.fragment:fragment:1.8.4) with LibrarySymbolTableTransform
Transforming fragment-1.8.4.aar (androidx.fragment:fragment:1.8.4) with ExtractAarTransform
Transforming fragment-1.8.4.aar (androidx.fragment:fragment:1.8.4) with LibrarySymbolTableTransform
Transforming fragment-ktx-1.8.4.aar (androidx.fragment:fragment-ktx:1.8.4) with ExtractAarTransform
Transforming fragment-ktx-1.8.4.aar (androidx.fragment:fragment-ktx:1.8.4) with LibrarySymbolTableTransform
Transforming material3-release.aar (androidx.compose.material3:material3-android:1.3.0) with ExtractAarTransform
Transforming material3-release.aar (androidx.compose.material3:material3-android:1.3.0) with LibrarySymbolTableTransform
Transforming navigation-common-2.8.3.aar (androidx.navigation:navigation-common:2.8.3) with ExtractAarTransform
Transforming navigation-common-2.8.3.aar (androidx.navigation:navigation-common:2.8.3) with LibrarySymbolTableTransform
Transforming navigation-runtime-2.8.3.aar (androidx.navigation:navigation-runtime:2.8.3) with ExtractAarTransform
Transforming navigation-runtime-2.8.3.aar (androidx.navigation:navigation-runtime:2.8.3) with LibrarySymbolTableTransform
Transforming navigation-common-ktx-2.8.3.aar (androidx.navigation:navigation-common-ktx:2.8.3) with ExtractAarTransform
Transforming navigation-common-ktx-2.8.3.aar (androidx.navigation:navigation-common-ktx:2.8.3) with LibrarySymbolTableTransform
Transforming navigation-runtime-ktx-2.8.3.aar (androidx.navigation:navigation-runtime-ktx:2.8.3) with ExtractAarTransform
Transforming navigation-runtime-ktx-2.8.3.aar (androidx.navigation:navigation-runtime-ktx:2.8.3) with LibrarySymbolTableTransform
Transforming navigation-compose-2.8.3.aar (androidx.navigation:navigation-compose:2.8.3) with ExtractAarTransform
Transforming navigation-compose-2.8.3.aar (androidx.navigation:navigation-compose:2.8.3) with LibrarySymbolTableTransform
Transforming activity-ktx-1.9.2.aar (androidx.activity:activity-ktx:1.9.2) with ExtractAarTransform
Transforming activity-ktx-1.9.2.aar (androidx.activity:activity-ktx:1.9.2) with LibrarySymbolTableTransform
Transforming activity-1.9.2.aar (androidx.activity:activity:1.9.2) with ExtractAarTransform
Transforming activity-1.9.2.aar (androidx.activity:activity:1.9.2) with LibrarySymbolTableTransform
Transforming material-release.aar (androidx.compose.material:material-android:1.7.3) with ExtractAarTransform
Transforming material-release.aar (androidx.compose.material:material-android:1.7.3) with LibrarySymbolTableTransform
Transforming foundation-layout-release.aar (androidx.compose.foundation:foundation-layout-android:1.7.3) with ExtractAarTransform
Transforming foundation-layout-release.aar (androidx.compose.foundation:foundation-layout-android:1.7.3) with LibrarySymbolTableTransform
Transforming animation-core-release.aar (androidx.compose.animation:animation-core-android:1.7.3) with ExtractAarTransform
Transforming animation-core-release.aar (androidx.compose.animation:animation-core-android:1.7.3) with LibrarySymbolTableTransform
Transforming material-ripple-release.aar (androidx.compose.material:material-ripple-android:1.7.3) with ExtractAarTransform
Transforming material-ripple-release.aar (androidx.compose.material:material-ripple-android:1.7.3) with LibrarySymbolTableTransform
Transforming animation-release.aar (androidx.compose.animation:animation-android:1.7.3) with ExtractAarTransform
Transforming animation-release.aar (androidx.compose.animation:animation-android:1.7.3) with LibrarySymbolTableTransform
Transforming ui-tooling-data-release.aar (androidx.compose.ui:ui-tooling-data-android:1.7.3) with ExtractAarTransform
Transforming ui-tooling-data-release.aar (androidx.compose.ui:ui-tooling-data-android:1.7.3) with LibrarySymbolTableTransform
Transforming ui-unit-release.aar (androidx.compose.ui:ui-unit-android:1.7.3) with ExtractAarTransform
Transforming ui-unit-release.aar (androidx.compose.ui:ui-unit-android:1.7.3) with LibrarySymbolTableTransform
Transforming ui-text-release.aar (androidx.compose.ui:ui-text-android:1.7.3) with ExtractAarTransform
Transforming ui-text-release.aar (androidx.compose.ui:ui-text-android:1.7.3) with LibrarySymbolTableTransform
Transforming ui-util-release.aar (androidx.compose.ui:ui-util-android:1.7.3) with ExtractAarTransform
Transforming ui-util-release.aar (androidx.compose.ui:ui-util-android:1.7.3) with LibrarySymbolTableTransform
Transforming ui-geometry-release.aar (androidx.compose.ui:ui-geometry-android:1.7.3) with ExtractAarTransform
Transforming ui-geometry-release.aar (androidx.compose.ui:ui-geometry-android:1.7.3) with LibrarySymbolTableTransform
Transforming ui-tooling-preview-release.aar (androidx.compose.ui:ui-tooling-preview-android:1.7.3) with ExtractAarTransform
Transforming ui-tooling-preview-release.aar (androidx.compose.ui:ui-tooling-preview-android:1.7.3) with LibrarySymbolTableTransform
Transforming ui-graphics-release.aar (androidx.compose.ui:ui-graphics-android:1.7.3) with ExtractAarTransform
Transforming ui-graphics-release.aar (androidx.compose.ui:ui-graphics-android:1.7.3) with LibrarySymbolTableTransform
Transforming ui-tooling-release.aar (androidx.compose.ui:ui-tooling-android:1.7.3) with ExtractAarTransform
Transforming ui-tooling-release.aar (androidx.compose.ui:ui-tooling-android:1.7.3) with LibrarySymbolTableTransform
Transforming activity-compose-1.9.2.aar (androidx.activity:activity-compose:1.9.2) with ExtractAarTransform
Transforming activity-compose-1.9.2.aar (androidx.activity:activity-compose:1.9.2) with LibrarySymbolTableTransform
Transforming transition-1.5.0.aar (androidx.transition:transition:1.5.0) with ExtractAarTransform
Transforming transition-1.5.0.aar (androidx.transition:transition:1.5.0) with LibrarySymbolTableTransform
Transforming dynamicanimation-1.0.0.aar (androidx.dynamicanimation:dynamicanimation:1.0.0) with ExtractAarTransform
Transforming dynamicanimation-1.0.0.aar (androidx.dynamicanimation:dynamicanimation:1.0.0) with LibrarySymbolTableTransform
Transforming legacy-support-core-utils-1.0.0.aar (androidx.legacy:legacy-support-core-utils:1.0.0) with ExtractAarTransform
Transforming legacy-support-core-utils-1.0.0.aar (androidx.legacy:legacy-support-core-utils:1.0.0) with LibrarySymbolTableTransform
Transforming loader-1.0.0.aar (androidx.loader:loader:1.0.0) with ExtractAarTransform
Transforming loader-1.0.0.aar (androidx.loader:loader:1.0.0) with LibrarySymbolTableTransform
Transforming loader-1.0.0.aar (androidx.loader:loader:1.0.0) with ExtractAarTransform
Transforming loader-1.0.0.aar (androidx.loader:loader:1.0.0) with LibrarySymbolTableTransform
Transforming savedstate-ktx-1.2.1.aar (androidx.savedstate:savedstate-ktx:1.2.1) with ExtractAarTransform
Transforming savedstate-ktx-1.2.1.aar (androidx.savedstate:savedstate-ktx:1.2.1) with LibrarySymbolTableTransform
Transforming savedstate-1.2.1.aar (androidx.savedstate:savedstate:1.2.1) with ExtractAarTransform
Transforming savedstate-1.2.1.aar (androidx.savedstate:savedstate:1.2.1) with LibrarySymbolTableTransform
Transforming work-runtime-ktx-2.9.1.aar (androidx.work:work-runtime-ktx:2.9.1) with ExtractAarTransform
Transforming work-runtime-ktx-2.9.1.aar (androidx.work:work-runtime-ktx:2.9.1) with LibrarySymbolTableTransform
Transforming work-runtime-2.9.1.aar (androidx.work:work-runtime:2.9.1) with ExtractAarTransform
Transforming work-runtime-2.9.1.aar (androidx.work:work-runtime:2.9.1) with LibrarySymbolTableTransform
Transforming lifecycle-service-2.8.6.aar (androidx.lifecycle:lifecycle-service:2.8.6) with ExtractAarTransform
Transforming lifecycle-service-2.8.6.aar (androidx.lifecycle:lifecycle-service:2.8.6) with LibrarySymbolTableTransform
Transforming lifecycle-livedata-2.8.6.aar (androidx.lifecycle:lifecycle-livedata:2.8.6) with ExtractAarTransform
Transforming lifecycle-livedata-2.8.6.aar (androidx.lifecycle:lifecycle-livedata:2.8.6) with LibrarySymbolTableTransform
Transforming lifecycle-livedata-2.8.6.aar (androidx.lifecycle:lifecycle-livedata:2.8.6) with ExtractAarTransform
Transforming lifecycle-livedata-2.8.6.aar (androidx.lifecycle:lifecycle-livedata:2.8.6) with LibrarySymbolTableTransform
Transforming lifecycle-runtime-release.aar (androidx.lifecycle:lifecycle-runtime-android:2.8.6) with ExtractAarTransform
Transforming lifecycle-runtime-release.aar (androidx.lifecycle:lifecycle-runtime-android:2.8.6) with LibrarySymbolTableTransform
Transforming lifecycle-viewmodel-2.8.6.aar (androidx.lifecycle:lifecycle-viewmodel:2.8.6) with ExtractAarTransform
Transforming lifecycle-viewmodel-2.8.6.aar (androidx.lifecycle:lifecycle-viewmodel:2.8.6) with LibrarySymbolTableTransform
Transforming lifecycle-viewmodel-release.aar (androidx.lifecycle:lifecycle-viewmodel-android:2.8.6) with ExtractAarTransform
Transforming lifecycle-viewmodel-release.aar (androidx.lifecycle:lifecycle-viewmodel-android:2.8.6) with LibrarySymbolTableTransform
Transforming lifecycle-process-2.8.6.aar (androidx.lifecycle:lifecycle-process:2.8.6) with ExtractAarTransform
Transforming lifecycle-process-2.8.6.aar (androidx.lifecycle:lifecycle-process:2.8.6) with LibrarySymbolTableTransform
Transforming lifecycle-livedata-core-2.8.6.aar (androidx.lifecycle:lifecycle-livedata-core:2.8.6) with ExtractAarTransform
Transforming lifecycle-livedata-core-2.8.6.aar (androidx.lifecycle:lifecycle-livedata-core:2.8.6) with LibrarySymbolTableTransform
Transforming lifecycle-viewmodel-savedstate-2.8.6.aar (androidx.lifecycle:lifecycle-viewmodel-savedstate:2.8.6) with ExtractAarTransform
Transforming lifecycle-viewmodel-savedstate-2.8.6.aar (androidx.lifecycle:lifecycle-viewmodel-savedstate:2.8.6) with LibrarySymbolTableTransform
Transforming lifecycle-runtime-compose-release.aar (androidx.lifecycle:lifecycle-runtime-compose-android:2.8.6) with ExtractAarTransform
Transforming lifecycle-runtime-compose-release.aar (androidx.lifecycle:lifecycle-runtime-compose-android:2.8.6) with LibrarySymbolTableTransform
Transforming lifecycle-runtime-ktx-release.aar (androidx.lifecycle:lifecycle-runtime-ktx-android:2.8.6) with ExtractAarTransform
Transforming lifecycle-runtime-ktx-release.aar (androidx.lifecycle:lifecycle-runtime-ktx-android:2.8.6) with LibrarySymbolTableTransform
Transforming lifecycle-livedata-core-ktx-2.8.6.aar (androidx.lifecycle:lifecycle-livedata-core-ktx:2.8.6) with ExtractAarTransform
Transforming lifecycle-livedata-core-ktx-2.8.6.aar (androidx.lifecycle:lifecycle-livedata-core-ktx:2.8.6) with LibrarySymbolTableTransform
Transforming lifecycle-viewmodel-ktx-2.8.6.aar (androidx.lifecycle:lifecycle-viewmodel-ktx:2.8.6) with ExtractAarTransform
Transforming lifecycle-viewmodel-ktx-2.8.6.aar (androidx.lifecycle:lifecycle-viewmodel-ktx:2.8.6) with LibrarySymbolTableTransform
Transforming lifecycle-viewmodel-compose-release.aar (androidx.lifecycle:lifecycle-viewmodel-compose-android:2.8.6) with ExtractAarTransform
Transforming lifecycle-viewmodel-compose-release.aar (androidx.lifecycle:lifecycle-viewmodel-compose-android:2.8.6) with LibrarySymbolTableTransform
Transforming material-icons-extended-release.aar (androidx.compose.material:material-icons-extended-android:1.7.3) with ExtractAarTransform
Transforming material-icons-extended-release.aar (androidx.compose.material:material-icons-extended-android:1.7.3) with LibrarySymbolTableTransform
Transforming material-icons-core-release.aar (androidx.compose.material:material-icons-core-android:1.7.3) with ExtractAarTransform
Transforming material-icons-core-release.aar (androidx.compose.material:material-icons-core-android:1.7.3) with LibrarySymbolTableTransform
Transforming ui-release.aar (androidx.compose.ui:ui-android:1.7.3) with ExtractAarTransform
Transforming ui-release.aar (androidx.compose.ui:ui-android:1.7.3) with LibrarySymbolTableTransform
Transforming foundation-release.aar (androidx.compose.foundation:foundation-android:1.7.3) with ExtractAarTransform
Transforming foundation-release.aar (androidx.compose.foundation:foundation-android:1.7.3) with LibrarySymbolTableTransform
Transforming emoji2-views-helper-1.3.0.aar (androidx.emoji2:emoji2-views-helper:1.3.0) with ExtractAarTransform
Transforming emoji2-views-helper-1.3.0.aar (androidx.emoji2:emoji2-views-helper:1.3.0) with LibrarySymbolTableTransform
Transforming emoji2-1.3.0.aar (androidx.emoji2:emoji2:1.3.0) with ExtractAarTransform
Transforming emoji2-1.3.0.aar (androidx.emoji2:emoji2:1.3.0) with LibrarySymbolTableTransform
Transforming drawerlayout-1.1.1.aar (androidx.drawerlayout:drawerlayout:1.1.1) with ExtractAarTransform
Transforming drawerlayout-1.1.1.aar (androidx.drawerlayout:drawerlayout:1.1.1) with LibrarySymbolTableTransform
Transforming coordinatorlayout-1.1.0.aar (androidx.coordinatorlayout:coordinatorlayout:1.1.0) with ExtractAarTransform
Transforming coordinatorlayout-1.1.0.aar (androidx.coordinatorlayout:coordinatorlayout:1.1.0) with LibrarySymbolTableTransform
Transforming vectordrawable-animated-1.1.0.aar (androidx.vectordrawable:vectordrawable-animated:1.1.0) with ExtractAarTransform
Transforming vectordrawable-animated-1.1.0.aar (androidx.vectordrawable:vectordrawable-animated:1.1.0) with LibrarySymbolTableTransform
Transforming vectordrawable-1.1.0.aar (androidx.vectordrawable:vectordrawable:1.1.0) with ExtractAarTransform
Transforming vectordrawable-1.1.0.aar (androidx.vectordrawable:vectordrawable:1.1.0) with LibrarySymbolTableTransform
Transforming vectordrawable-1.1.0.aar (androidx.vectordrawable:vectordrawable:1.1.0) with ExtractAarTransform
Transforming vectordrawable-1.1.0.aar (androidx.vectordrawable:vectordrawable:1.1.0) with LibrarySymbolTableTransform
Transforming recyclerview-1.1.0.aar (androidx.recyclerview:recyclerview:1.1.0) with ExtractAarTransform
Transforming recyclerview-1.1.0.aar (androidx.recyclerview:recyclerview:1.1.0) with LibrarySymbolTableTransform
Transforming recyclerview-1.1.0.aar (androidx.recyclerview:recyclerview:1.1.0) with ExtractAarTransform
Transforming recyclerview-1.1.0.aar (androidx.recyclerview:recyclerview:1.1.0) with LibrarySymbolTableTransform
Transforming viewpager-1.0.0.aar (androidx.viewpager:viewpager:1.0.0) with ExtractAarTransform
Transforming viewpager-1.0.0.aar (androidx.viewpager:viewpager:1.0.0) with LibrarySymbolTableTransform
Transforming customview-1.1.0.aar (androidx.customview:customview:1.1.0) with ExtractAarTransform
Transforming customview-1.1.0.aar (androidx.customview:customview:1.1.0) with LibrarySymbolTableTransform
Transforming autofill-1.0.0.aar (androidx.autofill:autofill:1.0.0) with ExtractAarTransform
Transforming autofill-1.0.0.aar (androidx.autofill:autofill:1.0.0) with LibrarySymbolTableTransform
Transforming graphics-path-1.0.1.aar (androidx.graphics:graphics-path:1.0.1) with ExtractAarTransform
Transforming graphics-path-1.0.1.aar (androidx.graphics:graphics-path:1.0.1) with LibrarySymbolTableTransform
Transforming core-1.13.1.aar (androidx.core:core:1.13.1) with ExtractAarTransform
Transforming core-1.13.1.aar (androidx.core:core:1.13.1) with LibrarySymbolTableTransform
Transforming core-1.13.1.aar (androidx.core:core:1.13.1) with ExtractAarTransform
Transforming core-1.13.1.aar (androidx.core:core:1.13.1) with LibrarySymbolTableTransform
Transforming customview-poolingcontainer-1.0.0.aar (androidx.customview:customview-poolingcontainer:1.0.0) with ExtractAarTransform
Transforming customview-poolingcontainer-1.0.0.aar (androidx.customview:customview-poolingcontainer:1.0.0) with LibrarySymbolTableTransform
Transforming core-ktx-1.13.1.aar (androidx.core:core-ktx:1.13.1) with ExtractAarTransform
Transforming core-ktx-1.13.1.aar (androidx.core:core-ktx:1.13.1) with LibrarySymbolTableTransform
Transforming core-splashscreen-1.0.1.aar (androidx.core:core-splashscreen:1.0.1) with ExtractAarTransform
Transforming core-splashscreen-1.0.1.aar (androidx.core:core-splashscreen:1.0.1) with LibrarySymbolTableTransform
Transforming room-runtime-2.6.1.aar (androidx.room:room-runtime:2.6.1) with ExtractAarTransform
Transforming room-runtime-2.6.1.aar (androidx.room:room-runtime:2.6.1) with LibrarySymbolTableTransform
Transforming room-ktx-2.6.1.aar (androidx.room:room-ktx:2.6.1) with ExtractAarTransform
Transforming room-ktx-2.6.1.aar (androidx.room:room-ktx:2.6.1) with LibrarySymbolTableTransform
Transforming sqlcipher-android-4.6.1.aar (net.zetetic:sqlcipher-android:4.6.1) with ExtractAarTransform
Transforming sqlcipher-android-4.6.1.aar (net.zetetic:sqlcipher-android:4.6.1) with LibrarySymbolTableTransform
Transforming sqlite-framework-2.4.0.aar (androidx.sqlite:sqlite-framework:2.4.0) with ExtractAarTransform
Transforming sqlite-framework-2.4.0.aar (androidx.sqlite:sqlite-framework:2.4.0) with LibrarySymbolTableTransform
Transforming sqlite-2.4.0.aar (androidx.sqlite:sqlite:2.4.0) with ExtractAarTransform
Transforming sqlite-2.4.0.aar (androidx.sqlite:sqlite:2.4.0) with LibrarySymbolTableTransform
Transforming sqlite-ktx-2.4.0.aar (androidx.sqlite:sqlite-ktx:2.4.0) with ExtractAarTransform
Transforming sqlite-ktx-2.4.0.aar (androidx.sqlite:sqlite-ktx:2.4.0) with LibrarySymbolTableTransform
Transforming runtime-saveable-release.aar (androidx.compose.runtime:runtime-saveable-android:1.7.3) with ExtractAarTransform
Transforming runtime-saveable-release.aar (androidx.compose.runtime:runtime-saveable-android:1.7.3) with LibrarySymbolTableTransform
Transforming runtime-release.aar (androidx.compose.runtime:runtime-android:1.7.3) with ExtractAarTransform
Transforming runtime-release.aar (androidx.compose.runtime:runtime-android:1.7.3) with LibrarySymbolTableTransform
Transforming annotation-experimental-1.4.1.aar (androidx.annotation:annotation-experimental:1.4.1) with ExtractAarTransform
Transforming annotation-experimental-1.4.1.aar (androidx.annotation:annotation-experimental:1.4.1) with LibrarySymbolTableTransform
Transforming security-crypto-1.1.0-alpha06.aar (androidx.security:security-crypto:1.1.0-alpha06) with ExtractAarTransform
Transforming security-crypto-1.1.0-alpha06.aar (androidx.security:security-crypto:1.1.0-alpha06) with LibrarySymbolTableTransform
Transforming versionedparcelable-1.1.1.aar (androidx.versionedparcelable:versionedparcelable:1.1.1) with ExtractAarTransform
Transforming versionedparcelable-1.1.1.aar (androidx.versionedparcelable:versionedparcelable:1.1.1) with LibrarySymbolTableTransform
Transforming cursoradapter-1.0.0.aar (androidx.cursoradapter:cursoradapter:1.0.0) with ExtractAarTransform
Transforming cursoradapter-1.0.0.aar (androidx.cursoradapter:cursoradapter:1.0.0) with LibrarySymbolTableTransform
Transforming profileinstaller-1.3.1.aar (androidx.profileinstaller:profileinstaller:1.3.1) with ExtractAarTransform
Transforming profileinstaller-1.3.1.aar (androidx.profileinstaller:profileinstaller:1.3.1) with LibrarySymbolTableTransform
Transforming cardview-1.0.0.aar (androidx.cardview:cardview:1.0.0) with ExtractAarTransform
Transforming cardview-1.0.0.aar (androidx.cardview:cardview:1.0.0) with LibrarySymbolTableTransform
Transforming core-runtime-2.2.0.aar (androidx.arch.core:core-runtime:2.2.0) with ExtractAarTransform
Transforming core-runtime-2.2.0.aar (androidx.arch.core:core-runtime:2.2.0) with LibrarySymbolTableTransform
Transforming interpolator-1.0.0.aar (androidx.interpolator:interpolator:1.0.0) with ExtractAarTransform
Transforming interpolator-1.0.0.aar (androidx.interpolator:interpolator:1.0.0) with LibrarySymbolTableTransform
Transforming interpolator-1.0.0.aar (androidx.interpolator:interpolator:1.0.0) with ExtractAarTransform
Transforming interpolator-1.0.0.aar (androidx.interpolator:interpolator:1.0.0) with LibrarySymbolTableTransform
Transforming startup-runtime-1.1.1.aar (androidx.startup:startup-runtime:1.1.1) with ExtractAarTransform
Transforming startup-runtime-1.1.1.aar (androidx.startup:startup-runtime:1.1.1) with LibrarySymbolTableTransform
Transforming tracing-1.0.0.aar (androidx.tracing:tracing:1.0.0) with ExtractAarTransform
Transforming tracing-1.0.0.aar (androidx.tracing:tracing:1.0.0) with LibrarySymbolTableTransform
Transforming documentfile-1.0.0.aar (androidx.documentfile:documentfile:1.0.0) with ExtractAarTransform
Transforming documentfile-1.0.0.aar (androidx.documentfile:documentfile:1.0.0) with LibrarySymbolTableTransform
Transforming localbroadcastmanager-1.0.0.aar (androidx.localbroadcastmanager:localbroadcastmanager:1.0.0) with ExtractAarTransform
Transforming localbroadcastmanager-1.0.0.aar (androidx.localbroadcastmanager:localbroadcastmanager:1.0.0) with LibrarySymbolTableTransform
Transforming print-1.0.0.aar (androidx.print:print:1.0.0) with ExtractAarTransform
Transforming print-1.0.0.aar (androidx.print:print:1.0.0) with LibrarySymbolTableTransform
Transforming dagger-lint-aar-2.51.1.aar (com.google.dagger:dagger-lint-aar:2.51.1) with ExtractAarTransform
Transforming dagger-lint-aar-2.51.1.aar (com.google.dagger:dagger-lint-aar:2.51.1) with LibrarySymbolTableTransform
Transforming viewbinding-8.5.2.aar (androidx.databinding:viewbinding:8.5.2) with ExtractAarTransform
Transforming viewbinding-8.5.2.aar (androidx.databinding:viewbinding:8.5.2) with AarTransform
Transforming material-1.12.0.aar (com.google.android.material:material:1.12.0) with ExtractAarTransform
Transforming material-1.12.0.aar (com.google.android.material:material:1.12.0) with AarTransform
Transforming appcompat-resources-1.7.0.aar (androidx.appcompat:appcompat-resources:1.7.0) with ExtractAarTransform
Transforming appcompat-resources-1.7.0.aar (androidx.appcompat:appcompat-resources:1.7.0) with AarTransform
Transforming constraintlayout-2.0.1.aar (androidx.constraintlayout:constraintlayout:2.0.1) with ExtractAarTransform
Transforming constraintlayout-2.0.1.aar (androidx.constraintlayout:constraintlayout:2.0.1) with AarTransform
Transforming appcompat-1.7.0.aar (androidx.appcompat:appcompat:1.7.0) with ExtractAarTransform
Transforming appcompat-1.7.0.aar (androidx.appcompat:appcompat:1.7.0) with AarTransform
Transforming hilt-navigation-compose-1.2.0.aar (androidx.hilt:hilt-navigation-compose:1.2.0) with ExtractAarTransform
Transforming hilt-navigation-compose-1.2.0.aar (androidx.hilt:hilt-navigation-compose:1.2.0) with AarTransform
Transforming hilt-navigation-1.2.0.aar (androidx.hilt:hilt-navigation:1.2.0) with ExtractAarTransform
Transforming hilt-navigation-1.2.0.aar (androidx.hilt:hilt-navigation:1.2.0) with AarTransform
Transforming hilt-android-2.51.1.aar (com.google.dagger:hilt-android:2.51.1) with ExtractAarTransform
Transforming hilt-android-2.51.1.aar (com.google.dagger:hilt-android:2.51.1) with AarTransform
Transforming biometric-1.1.0.aar (androidx.biometric:biometric:1.1.0) with ExtractAarTransform
Transforming biometric-1.1.0.aar (androidx.biometric:biometric:1.1.0) with AarTransform
Transforming viewpager2-1.0.0.aar (androidx.viewpager2:viewpager2:1.0.0) with ExtractAarTransform
Transforming viewpager2-1.0.0.aar (androidx.viewpager2:viewpager2:1.0.0) with AarTransform
Transforming fragment-1.8.4.aar (androidx.fragment:fragment:1.8.4) with ExtractAarTransform
Transforming fragment-1.8.4.aar (androidx.fragment:fragment:1.8.4) with AarTransform
Transforming fragment-1.8.4.aar (androidx.fragment:fragment:1.8.4) with ExtractAarTransform
Transforming fragment-1.8.4.aar (androidx.fragment:fragment:1.8.4) with AarTransform
Transforming fragment-ktx-1.8.4.aar (androidx.fragment:fragment-ktx:1.8.4) with ExtractAarTransform
Transforming fragment-ktx-1.8.4.aar (androidx.fragment:fragment-ktx:1.8.4) with AarTransform
Transforming navigation-common-2.8.3.aar (androidx.navigation:navigation-common:2.8.3) with ExtractAarTransform
Transforming navigation-common-2.8.3.aar (androidx.navigation:navigation-common:2.8.3) with AarTransform
Transforming navigation-runtime-2.8.3.aar (androidx.navigation:navigation-runtime:2.8.3) with ExtractAarTransform
Transforming navigation-runtime-2.8.3.aar (androidx.navigation:navigation-runtime:2.8.3) with AarTransform
Transforming navigation-common-ktx-2.8.3.aar (androidx.navigation:navigation-common-ktx:2.8.3) with ExtractAarTransform
Transforming navigation-common-ktx-2.8.3.aar (androidx.navigation:navigation-common-ktx:2.8.3) with AarTransform
Transforming navigation-runtime-ktx-2.8.3.aar (androidx.navigation:navigation-runtime-ktx:2.8.3) with ExtractAarTransform
Transforming navigation-runtime-ktx-2.8.3.aar (androidx.navigation:navigation-runtime-ktx:2.8.3) with AarTransform
Transforming navigation-compose-2.8.3.aar (androidx.navigation:navigation-compose:2.8.3) with ExtractAarTransform
Transforming navigation-compose-2.8.3.aar (androidx.navigation:navigation-compose:2.8.3) with AarTransform
Transforming activity-1.9.2.aar (androidx.activity:activity:1.9.2) with ExtractAarTransform
Transforming activity-1.9.2.aar (androidx.activity:activity:1.9.2) with AarTransform
Transforming activity-compose-1.9.2.aar (androidx.activity:activity-compose:1.9.2) with ExtractAarTransform
Transforming activity-compose-1.9.2.aar (androidx.activity:activity-compose:1.9.2) with AarTransform
Transforming activity-ktx-1.9.2.aar (androidx.activity:activity-ktx:1.9.2) with ExtractAarTransform
Transforming activity-ktx-1.9.2.aar (androidx.activity:activity-ktx:1.9.2) with AarTransform
Transforming material3-release.aar (androidx.compose.material3:material3-android:1.3.0) with ExtractAarTransform
Transforming material3-release.aar (androidx.compose.material3:material3-android:1.3.0) with AarTransform
Transforming foundation-layout-release.aar (androidx.compose.foundation:foundation-layout-android:1.7.3) with ExtractAarTransform
Transforming foundation-layout-release.aar (androidx.compose.foundation:foundation-layout-android:1.7.3) with AarTransform
Transforming material-ripple-release.aar (androidx.compose.material:material-ripple-android:1.7.3) with ExtractAarTransform
Transforming material-ripple-release.aar (androidx.compose.material:material-ripple-android:1.7.3) with AarTransform
Transforming foundation-release.aar (androidx.compose.foundation:foundation-android:1.7.3) with ExtractAarTransform
Transforming foundation-release.aar (androidx.compose.foundation:foundation-android:1.7.3) with AarTransform
Transforming animation-core-release.aar (androidx.compose.animation:animation-core-android:1.7.3) with ExtractAarTransform
Transforming animation-core-release.aar (androidx.compose.animation:animation-core-android:1.7.3) with AarTransform
Transforming animation-release.aar (androidx.compose.animation:animation-android:1.7.3) with ExtractAarTransform
Transforming animation-release.aar (androidx.compose.animation:animation-android:1.7.3) with AarTransform
Transforming ui-util-release.aar (androidx.compose.ui:ui-util-android:1.7.3) with ExtractAarTransform
Transforming ui-util-release.aar (androidx.compose.ui:ui-util-android:1.7.3) with AarTransform
Transforming ui-unit-release.aar (androidx.compose.ui:ui-unit-android:1.7.3) with ExtractAarTransform
Transforming ui-unit-release.aar (androidx.compose.ui:ui-unit-android:1.7.3) with AarTransform
Transforming ui-text-release.aar (androidx.compose.ui:ui-text-android:1.7.3) with ExtractAarTransform
Transforming ui-text-release.aar (androidx.compose.ui:ui-text-android:1.7.3) with AarTransform
Transforming ui-geometry-release.aar (androidx.compose.ui:ui-geometry-android:1.7.3) with ExtractAarTransform
Transforming ui-geometry-release.aar (androidx.compose.ui:ui-geometry-android:1.7.3) with AarTransform
Transforming ui-tooling-data-release.aar (androidx.compose.ui:ui-tooling-data-android:1.7.3) with ExtractAarTransform
Transforming ui-tooling-data-release.aar (androidx.compose.ui:ui-tooling-data-android:1.7.3) with AarTransform
Transforming ui-tooling-preview-release.aar (androidx.compose.ui:ui-tooling-preview-android:1.7.3) with ExtractAarTransform
Transforming ui-tooling-preview-release.aar (androidx.compose.ui:ui-tooling-preview-android:1.7.3) with AarTransform
Transforming ui-graphics-release.aar (androidx.compose.ui:ui-graphics-android:1.7.3) with ExtractAarTransform
Transforming ui-graphics-release.aar (androidx.compose.ui:ui-graphics-android:1.7.3) with AarTransform
Transforming ui-tooling-release.aar (androidx.compose.ui:ui-tooling-android:1.7.3) with ExtractAarTransform
Transforming ui-tooling-release.aar (androidx.compose.ui:ui-tooling-android:1.7.3) with AarTransform
Transforming material-icons-extended-release.aar (androidx.compose.material:material-icons-extended-android:1.7.3) with ExtractAarTransform
Transforming material-icons-extended-release.aar (androidx.compose.material:material-icons-extended-android:1.7.3) with AarTransform
Transforming material-icons-core-release.aar (androidx.compose.material:material-icons-core-android:1.7.3) with ExtractAarTransform
Transforming material-icons-core-release.aar (androidx.compose.material:material-icons-core-android:1.7.3) with AarTransform
Transforming ui-release.aar (androidx.compose.ui:ui-android:1.7.3) with ExtractAarTransform
Transforming ui-release.aar (androidx.compose.ui:ui-android:1.7.3) with AarTransform
Transforming drawerlayout-1.1.1.aar (androidx.drawerlayout:drawerlayout:1.1.1) with ExtractAarTransform
Transforming drawerlayout-1.1.1.aar (androidx.drawerlayout:drawerlayout:1.1.1) with AarTransform
Transforming coordinatorlayout-1.1.0.aar (androidx.coordinatorlayout:coordinatorlayout:1.1.0) with ExtractAarTransform
Transforming coordinatorlayout-1.1.0.aar (androidx.coordinatorlayout:coordinatorlayout:1.1.0) with AarTransform
Transforming dynamicanimation-1.0.0.aar (androidx.dynamicanimation:dynamicanimation:1.0.0) with ExtractAarTransform
Transforming dynamicanimation-1.0.0.aar (androidx.dynamicanimation:dynamicanimation:1.0.0) with AarTransform
Transforming recyclerview-1.1.0.aar (androidx.recyclerview:recyclerview:1.1.0) with ExtractAarTransform
Transforming recyclerview-1.1.0.aar (androidx.recyclerview:recyclerview:1.1.0) with AarTransform
Transforming recyclerview-1.1.0.aar (androidx.recyclerview:recyclerview:1.1.0) with ExtractAarTransform
Transforming recyclerview-1.1.0.aar (androidx.recyclerview:recyclerview:1.1.0) with AarTransform
Transforming transition-1.5.0.aar (androidx.transition:transition:1.5.0) with ExtractAarTransform
Transforming transition-1.5.0.aar (androidx.transition:transition:1.5.0) with AarTransform
Transforming vectordrawable-animated-1.1.0.aar (androidx.vectordrawable:vectordrawable-animated:1.1.0) with ExtractAarTransform
Transforming vectordrawable-animated-1.1.0.aar (androidx.vectordrawable:vectordrawable-animated:1.1.0) with AarTransform
Transforming vectordrawable-1.1.0.aar (androidx.vectordrawable:vectordrawable:1.1.0) with ExtractAarTransform
Transforming vectordrawable-1.1.0.aar (androidx.vectordrawable:vectordrawable:1.1.0) with AarTransform
Transforming vectordrawable-1.1.0.aar (androidx.vectordrawable:vectordrawable:1.1.0) with ExtractAarTransform
Transforming vectordrawable-1.1.0.aar (androidx.vectordrawable:vectordrawable:1.1.0) with AarTransform
Transforming viewpager-1.0.0.aar (androidx.viewpager:viewpager:1.0.0) with ExtractAarTransform
Transforming viewpager-1.0.0.aar (androidx.viewpager:viewpager:1.0.0) with AarTransform
Transforming customview-1.1.0.aar (androidx.customview:customview:1.1.0) with ExtractAarTransform
Transforming customview-1.1.0.aar (androidx.customview:customview:1.1.0) with AarTransform
Transforming legacy-support-core-utils-1.0.0.aar (androidx.legacy:legacy-support-core-utils:1.0.0) with ExtractAarTransform
Transforming legacy-support-core-utils-1.0.0.aar (androidx.legacy:legacy-support-core-utils:1.0.0) with AarTransform
Transforming loader-1.0.0.aar (androidx.loader:loader:1.0.0) with ExtractAarTransform
Transforming loader-1.0.0.aar (androidx.loader:loader:1.0.0) with AarTransform
Transforming loader-1.0.0.aar (androidx.loader:loader:1.0.0) with ExtractAarTransform
Transforming loader-1.0.0.aar (androidx.loader:loader:1.0.0) with AarTransform
Transforming core-1.13.1.aar (androidx.core:core:1.13.1) with ExtractAarTransform
Transforming core-1.13.1.aar (androidx.core:core:1.13.1) with AarTransform
Transforming core-1.13.1.aar (androidx.core:core:1.13.1) with ExtractAarTransform
Transforming core-1.13.1.aar (androidx.core:core:1.13.1) with AarTransform
Transforming work-runtime-ktx-2.9.1.aar (androidx.work:work-runtime-ktx:2.9.1) with ExtractAarTransform
Transforming work-runtime-ktx-2.9.1.aar (androidx.work:work-runtime-ktx:2.9.1) with AarTransform
Transforming work-runtime-2.9.1.aar (androidx.work:work-runtime:2.9.1) with ExtractAarTransform
Transforming work-runtime-2.9.1.aar (androidx.work:work-runtime:2.9.1) with AarTransform
Transforming lifecycle-livedata-2.8.6.aar (androidx.lifecycle:lifecycle-livedata:2.8.6) with ExtractAarTransform
Transforming lifecycle-livedata-2.8.6.aar (androidx.lifecycle:lifecycle-livedata:2.8.6) with AarTransform
Transforming lifecycle-livedata-2.8.6.aar (androidx.lifecycle:lifecycle-livedata:2.8.6) with ExtractAarTransform
Transforming lifecycle-livedata-2.8.6.aar (androidx.lifecycle:lifecycle-livedata:2.8.6) with AarTransform
Transforming lifecycle-viewmodel-2.8.6.aar (androidx.lifecycle:lifecycle-viewmodel:2.8.6) with ExtractAarTransform
Transforming lifecycle-viewmodel-2.8.6.aar (androidx.lifecycle:lifecycle-viewmodel:2.8.6) with AarTransform
Transforming lifecycle-viewmodel-release.aar (androidx.lifecycle:lifecycle-viewmodel-android:2.8.6) with ExtractAarTransform
Transforming lifecycle-viewmodel-release.aar (androidx.lifecycle:lifecycle-viewmodel-android:2.8.6) with AarTransform
Transforming lifecycle-runtime-release.aar (androidx.lifecycle:lifecycle-runtime-android:2.8.6) with ExtractAarTransform
Transforming lifecycle-runtime-release.aar (androidx.lifecycle:lifecycle-runtime-android:2.8.6) with AarTransform
Transforming lifecycle-livedata-core-2.8.6.aar (androidx.lifecycle:lifecycle-livedata-core:2.8.6) with ExtractAarTransform
Transforming lifecycle-livedata-core-2.8.6.aar (androidx.lifecycle:lifecycle-livedata-core:2.8.6) with AarTransform
Transforming lifecycle-runtime-compose-release.aar (androidx.lifecycle:lifecycle-runtime-compose-android:2.8.6) with ExtractAarTransform
Transforming lifecycle-runtime-compose-release.aar (androidx.lifecycle:lifecycle-runtime-compose-android:2.8.6) with AarTransform
Transforming lifecycle-runtime-ktx-release.aar (androidx.lifecycle:lifecycle-runtime-ktx-android:2.8.6) with ExtractAarTransform
Transforming lifecycle-runtime-ktx-release.aar (androidx.lifecycle:lifecycle-runtime-ktx-android:2.8.6) with AarTransform
Transforming lifecycle-viewmodel-compose-release.aar (androidx.lifecycle:lifecycle-viewmodel-compose-android:2.8.6) with ExtractAarTransform
Transforming lifecycle-viewmodel-compose-release.aar (androidx.lifecycle:lifecycle-viewmodel-compose-android:2.8.6) with AarTransform
Transforming lifecycle-livedata-core-ktx-2.8.6.aar (androidx.lifecycle:lifecycle-livedata-core-ktx:2.8.6) with ExtractAarTransform
Transforming lifecycle-livedata-core-ktx-2.8.6.aar (androidx.lifecycle:lifecycle-livedata-core-ktx:2.8.6) with AarTransform
Transforming lifecycle-viewmodel-ktx-2.8.6.aar (androidx.lifecycle:lifecycle-viewmodel-ktx:2.8.6) with ExtractAarTransform
Transforming lifecycle-viewmodel-ktx-2.8.6.aar (androidx.lifecycle:lifecycle-viewmodel-ktx:2.8.6) with AarTransform
Transforming lifecycle-viewmodel-savedstate-2.8.6.aar (androidx.lifecycle:lifecycle-viewmodel-savedstate:2.8.6) with ExtractAarTransform
Transforming lifecycle-viewmodel-savedstate-2.8.6.aar (androidx.lifecycle:lifecycle-viewmodel-savedstate:2.8.6) with AarTransform
Transforming core-ktx-1.13.1.aar (androidx.core:core-ktx:1.13.1) with ExtractAarTransform
Transforming core-ktx-1.13.1.aar (androidx.core:core-ktx:1.13.1) with AarTransform
Transforming core-splashscreen-1.0.1.aar (androidx.core:core-splashscreen:1.0.1) with ExtractAarTransform
Transforming core-splashscreen-1.0.1.aar (androidx.core:core-splashscreen:1.0.1) with AarTransform
Transforming room-runtime-2.6.1.aar (androidx.room:room-runtime:2.6.1) with ExtractAarTransform
Transforming room-runtime-2.6.1.aar (androidx.room:room-runtime:2.6.1) with AarTransform
Transforming room-ktx-2.6.1.aar (androidx.room:room-ktx:2.6.1) with ExtractAarTransform
Transforming room-ktx-2.6.1.aar (androidx.room:room-ktx:2.6.1) with AarTransform
Transforming sqlite-framework-2.4.0.aar (androidx.sqlite:sqlite-framework:2.4.0) with ExtractAarTransform
Transforming sqlite-framework-2.4.0.aar (androidx.sqlite:sqlite-framework:2.4.0) with AarTransform
Transforming sqlite-2.4.0.aar (androidx.sqlite:sqlite:2.4.0) with ExtractAarTransform
Transforming sqlite-2.4.0.aar (androidx.sqlite:sqlite:2.4.0) with AarTransform
Transforming sqlite-ktx-2.4.0.aar (androidx.sqlite:sqlite-ktx:2.4.0) with ExtractAarTransform
Transforming sqlite-ktx-2.4.0.aar (androidx.sqlite:sqlite-ktx:2.4.0) with AarTransform
Transforming runtime-saveable-release.aar (androidx.compose.runtime:runtime-saveable-android:1.7.3) with ExtractAarTransform
Transforming runtime-saveable-release.aar (androidx.compose.runtime:runtime-saveable-android:1.7.3) with AarTransform
Transforming runtime-release.aar (androidx.compose.runtime:runtime-android:1.7.3) with ExtractAarTransform
Transforming runtime-release.aar (androidx.compose.runtime:runtime-android:1.7.3) with AarTransform
Transforming savedstate-ktx-1.2.1.aar (androidx.savedstate:savedstate-ktx:1.2.1) with ExtractAarTransform
Transforming savedstate-ktx-1.2.1.aar (androidx.savedstate:savedstate-ktx:1.2.1) with AarTransform
Transforming savedstate-1.2.1.aar (androidx.savedstate:savedstate:1.2.1) with ExtractAarTransform
Transforming savedstate-1.2.1.aar (androidx.savedstate:savedstate:1.2.1) with AarTransform
Transforming annotation-experimental-1.4.1.aar (androidx.annotation:annotation-experimental:1.4.1) with ExtractAarTransform
Transforming annotation-experimental-1.4.1.aar (androidx.annotation:annotation-experimental:1.4.1) with AarTransform
Transforming security-crypto-1.1.0-alpha06.aar (androidx.security:security-crypto:1.1.0-alpha06) with ExtractAarTransform
Transforming security-crypto-1.1.0-alpha06.aar (androidx.security:security-crypto:1.1.0-alpha06) with AarTransform
Transforming cursoradapter-1.0.0.aar (androidx.cursoradapter:cursoradapter:1.0.0) with ExtractAarTransform
Transforming cursoradapter-1.0.0.aar (androidx.cursoradapter:cursoradapter:1.0.0) with AarTransform
Transforming cardview-1.0.0.aar (androidx.cardview:cardview:1.0.0) with ExtractAarTransform
Transforming cardview-1.0.0.aar (androidx.cardview:cardview:1.0.0) with AarTransform
Transforming versionedparcelable-1.1.1.aar (androidx.versionedparcelable:versionedparcelable:1.1.1) with ExtractAarTransform
Transforming versionedparcelable-1.1.1.aar (androidx.versionedparcelable:versionedparcelable:1.1.1) with AarTransform
Transforming interpolator-1.0.0.aar (androidx.interpolator:interpolator:1.0.0) with ExtractAarTransform
Transforming interpolator-1.0.0.aar (androidx.interpolator:interpolator:1.0.0) with AarTransform
Transforming documentfile-1.0.0.aar (androidx.documentfile:documentfile:1.0.0) with ExtractAarTransform
Transforming documentfile-1.0.0.aar (androidx.documentfile:documentfile:1.0.0) with AarTransform
Transforming localbroadcastmanager-1.0.0.aar (androidx.localbroadcastmanager:localbroadcastmanager:1.0.0) with ExtractAarTransform
Transforming localbroadcastmanager-1.0.0.aar (androidx.localbroadcastmanager:localbroadcastmanager:1.0.0) with AarTransform
Transforming print-1.0.0.aar (androidx.print:print:1.0.0) with ExtractAarTransform
Transforming print-1.0.0.aar (androidx.print:print:1.0.0) with AarTransform
Transforming core-runtime-2.2.0.aar (androidx.arch.core:core-runtime:2.2.0) with ExtractAarTransform
Transforming core-runtime-2.2.0.aar (androidx.arch.core:core-runtime:2.2.0) with AarTransform
Transforming sqlcipher-android-4.6.1.aar (net.zetetic:sqlcipher-android:4.6.1) with ExtractAarTransform
Transforming sqlcipher-android-4.6.1.aar (net.zetetic:sqlcipher-android:4.6.1) with AarTransform
Transforming startup-runtime-1.1.1.aar (androidx.startup:startup-runtime:1.1.1) with ExtractAarTransform
Transforming startup-runtime-1.1.1.aar (androidx.startup:startup-runtime:1.1.1) with AarTransform
Transforming dagger-lint-aar-2.51.1.aar (com.google.dagger:dagger-lint-aar:2.51.1) with ExtractAarTransform
Transforming dagger-lint-aar-2.51.1.aar (com.google.dagger:dagger-lint-aar:2.51.1) with AarTransform
Build cache key for task ':app:dataBindingGenBaseClassesDebug' is b8c27f48f855385e37ebb2a8e9216946
Skipping task ':app:dataBindingGenBaseClassesDebug' as it is up-to-date.
Resolve mutations for :app:generateDebugBuildConfig (Thread[included builds,5,main]) started.
:app:generateDebugBuildConfig (Thread[included builds,5,main]) started.

> Task :app:generateDebugBuildConfig UP-TO-DATE
Build cache key for task ':app:generateDebugBuildConfig' is 5ba2e0a57061832080c1d7b9470bf3e2
Skipping task ':app:generateDebugBuildConfig' as it is up-to-date.
Resolve mutations for :app:checkDebugAarMetadata (Thread[Execution worker,5,main]) started.
:app:checkDebugAarMetadata (Thread[Execution worker,5,main]) started.

> Task :app:checkDebugAarMetadata UP-TO-DATE
Transforming viewbinding-8.5.2.aar (androidx.databinding:viewbinding:8.5.2) with ExtractAarTransform
Transforming viewbinding-8.5.2.aar (androidx.databinding:viewbinding:8.5.2) with AarTransform
Transforming material-1.12.0.aar (com.google.android.material:material:1.12.0) with ExtractAarTransform
Transforming material-1.12.0.aar (com.google.android.material:material:1.12.0) with AarTransform
Transforming biometric-1.1.0.aar (androidx.biometric:biometric:1.1.0) with ExtractAarTransform
Transforming biometric-1.1.0.aar (androidx.biometric:biometric:1.1.0) with AarTransform
Transforming appcompat-resources-1.7.0.aar (androidx.appcompat:appcompat-resources:1.7.0) with ExtractAarTransform
Transforming appcompat-resources-1.7.0.aar (androidx.appcompat:appcompat-resources:1.7.0) with AarTransform
Transforming constraintlayout-2.0.1.aar (androidx.constraintlayout:constraintlayout:2.0.1) with ExtractAarTransform
Transforming constraintlayout-2.0.1.aar (androidx.constraintlayout:constraintlayout:2.0.1) with AarTransform
Transforming appcompat-1.7.0.aar (androidx.appcompat:appcompat:1.7.0) with ExtractAarTransform
Transforming appcompat-1.7.0.aar (androidx.appcompat:appcompat:1.7.0) with AarTransform
Transforming hilt-navigation-compose-1.2.0.aar (androidx.hilt:hilt-navigation-compose:1.2.0) with ExtractAarTransform
Transforming hilt-navigation-compose-1.2.0.aar (androidx.hilt:hilt-navigation-compose:1.2.0) with AarTransform
Transforming hilt-navigation-1.2.0.aar (androidx.hilt:hilt-navigation:1.2.0) with ExtractAarTransform
Transforming hilt-navigation-1.2.0.aar (androidx.hilt:hilt-navigation:1.2.0) with AarTransform
Transforming hilt-android-2.51.1.aar (com.google.dagger:hilt-android:2.51.1) with ExtractAarTransform
Transforming hilt-android-2.51.1.aar (com.google.dagger:hilt-android:2.51.1) with AarTransform
Transforming viewpager2-1.0.0.aar (androidx.viewpager2:viewpager2:1.0.0) with ExtractAarTransform
Transforming viewpager2-1.0.0.aar (androidx.viewpager2:viewpager2:1.0.0) with AarTransform
Transforming fragment-1.8.4.aar (androidx.fragment:fragment:1.8.4) with ExtractAarTransform
Transforming fragment-1.8.4.aar (androidx.fragment:fragment:1.8.4) with AarTransform
Transforming fragment-1.8.4.aar (androidx.fragment:fragment:1.8.4) with ExtractAarTransform
Transforming fragment-1.8.4.aar (androidx.fragment:fragment:1.8.4) with AarTransform
Transforming fragment-ktx-1.8.4.aar (androidx.fragment:fragment-ktx:1.8.4) with ExtractAarTransform
Transforming fragment-ktx-1.8.4.aar (androidx.fragment:fragment-ktx:1.8.4) with AarTransform
Transforming material3-release.aar (androidx.compose.material3:material3-android:1.3.0) with ExtractAarTransform
Transforming material3-release.aar (androidx.compose.material3:material3-android:1.3.0) with AarTransform
Transforming navigation-common-2.8.3.aar (androidx.navigation:navigation-common:2.8.3) with ExtractAarTransform
Transforming navigation-common-2.8.3.aar (androidx.navigation:navigation-common:2.8.3) with AarTransform
Transforming navigation-runtime-2.8.3.aar (androidx.navigation:navigation-runtime:2.8.3) with ExtractAarTransform
Transforming navigation-runtime-2.8.3.aar (androidx.navigation:navigation-runtime:2.8.3) with AarTransform
Transforming navigation-common-ktx-2.8.3.aar (androidx.navigation:navigation-common-ktx:2.8.3) with ExtractAarTransform
Transforming navigation-common-ktx-2.8.3.aar (androidx.navigation:navigation-common-ktx:2.8.3) with AarTransform
Transforming navigation-runtime-ktx-2.8.3.aar (androidx.navigation:navigation-runtime-ktx:2.8.3) with ExtractAarTransform
Transforming navigation-runtime-ktx-2.8.3.aar (androidx.navigation:navigation-runtime-ktx:2.8.3) with AarTransform
Transforming navigation-compose-2.8.3.aar (androidx.navigation:navigation-compose:2.8.3) with ExtractAarTransform
Transforming navigation-compose-2.8.3.aar (androidx.navigation:navigation-compose:2.8.3) with AarTransform
Transforming activity-ktx-1.9.2.aar (androidx.activity:activity-ktx:1.9.2) with ExtractAarTransform
Transforming activity-ktx-1.9.2.aar (androidx.activity:activity-ktx:1.9.2) with AarTransform
Transforming activity-1.9.2.aar (androidx.activity:activity:1.9.2) with ExtractAarTransform
Transforming activity-1.9.2.aar (androidx.activity:activity:1.9.2) with AarTransform
Transforming material-release.aar (androidx.compose.material:material-android:1.7.3) with ExtractAarTransform
Transforming material-release.aar (androidx.compose.material:material-android:1.7.3) with AarTransform
Transforming foundation-layout-release.aar (androidx.compose.foundation:foundation-layout-android:1.7.3) with ExtractAarTransform
Transforming foundation-layout-release.aar (androidx.compose.foundation:foundation-layout-android:1.7.3) with AarTransform
Transforming animation-core-release.aar (androidx.compose.animation:animation-core-android:1.7.3) with ExtractAarTransform
Transforming animation-core-release.aar (androidx.compose.animation:animation-core-android:1.7.3) with AarTransform
Transforming material-ripple-release.aar (androidx.compose.material:material-ripple-android:1.7.3) with ExtractAarTransform
Transforming material-ripple-release.aar (androidx.compose.material:material-ripple-android:1.7.3) with AarTransform
Transforming animation-release.aar (androidx.compose.animation:animation-android:1.7.3) with ExtractAarTransform
Transforming animation-release.aar (androidx.compose.animation:animation-android:1.7.3) with AarTransform
Transforming ui-tooling-data-release.aar (androidx.compose.ui:ui-tooling-data-android:1.7.3) with ExtractAarTransform
Transforming ui-tooling-data-release.aar (androidx.compose.ui:ui-tooling-data-android:1.7.3) with AarTransform
Transforming ui-unit-release.aar (androidx.compose.ui:ui-unit-android:1.7.3) with ExtractAarTransform
Transforming ui-unit-release.aar (androidx.compose.ui:ui-unit-android:1.7.3) with AarTransform
Transforming ui-text-release.aar (androidx.compose.ui:ui-text-android:1.7.3) with ExtractAarTransform
Transforming ui-text-release.aar (androidx.compose.ui:ui-text-android:1.7.3) with AarTransform
Transforming ui-util-release.aar (androidx.compose.ui:ui-util-android:1.7.3) with ExtractAarTransform
Transforming ui-util-release.aar (androidx.compose.ui:ui-util-android:1.7.3) with AarTransform
Transforming ui-geometry-release.aar (androidx.compose.ui:ui-geometry-android:1.7.3) with ExtractAarTransform
Transforming ui-geometry-release.aar (androidx.compose.ui:ui-geometry-android:1.7.3) with AarTransform
Transforming ui-tooling-preview-release.aar (androidx.compose.ui:ui-tooling-preview-android:1.7.3) with ExtractAarTransform
Transforming ui-tooling-preview-release.aar (androidx.compose.ui:ui-tooling-preview-android:1.7.3) with AarTransform
Transforming ui-graphics-release.aar (androidx.compose.ui:ui-graphics-android:1.7.3) with ExtractAarTransform
Transforming ui-graphics-release.aar (androidx.compose.ui:ui-graphics-android:1.7.3) with AarTransform
Transforming ui-tooling-release.aar (androidx.compose.ui:ui-tooling-android:1.7.3) with ExtractAarTransform
Transforming ui-tooling-release.aar (androidx.compose.ui:ui-tooling-android:1.7.3) with AarTransform
Transforming activity-compose-1.9.2.aar (androidx.activity:activity-compose:1.9.2) with ExtractAarTransform
Transforming activity-compose-1.9.2.aar (androidx.activity:activity-compose:1.9.2) with AarTransform
Transforming transition-1.5.0.aar (androidx.transition:transition:1.5.0) with ExtractAarTransform
Transforming transition-1.5.0.aar (androidx.transition:transition:1.5.0) with AarTransform
Transforming dynamicanimation-1.0.0.aar (androidx.dynamicanimation:dynamicanimation:1.0.0) with ExtractAarTransform
Transforming dynamicanimation-1.0.0.aar (androidx.dynamicanimation:dynamicanimation:1.0.0) with AarTransform
Transforming legacy-support-core-utils-1.0.0.aar (androidx.legacy:legacy-support-core-utils:1.0.0) with ExtractAarTransform
Transforming legacy-support-core-utils-1.0.0.aar (androidx.legacy:legacy-support-core-utils:1.0.0) with AarTransform
Transforming loader-1.0.0.aar (androidx.loader:loader:1.0.0) with ExtractAarTransform
Transforming loader-1.0.0.aar (androidx.loader:loader:1.0.0) with AarTransform
Transforming loader-1.0.0.aar (androidx.loader:loader:1.0.0) with ExtractAarTransform
Transforming loader-1.0.0.aar (androidx.loader:loader:1.0.0) with AarTransform
Transforming savedstate-ktx-1.2.1.aar (androidx.savedstate:savedstate-ktx:1.2.1) with ExtractAarTransform
Transforming savedstate-ktx-1.2.1.aar (androidx.savedstate:savedstate-ktx:1.2.1) with AarTransform
Transforming savedstate-1.2.1.aar (androidx.savedstate:savedstate:1.2.1) with ExtractAarTransform
Transforming savedstate-1.2.1.aar (androidx.savedstate:savedstate:1.2.1) with AarTransform
Transforming work-runtime-ktx-2.9.1.aar (androidx.work:work-runtime-ktx:2.9.1) with ExtractAarTransform
Transforming work-runtime-ktx-2.9.1.aar (androidx.work:work-runtime-ktx:2.9.1) with AarTransform
Transforming work-runtime-2.9.1.aar (androidx.work:work-runtime:2.9.1) with ExtractAarTransform
Transforming work-runtime-2.9.1.aar (androidx.work:work-runtime:2.9.1) with AarTransform
Transforming lifecycle-service-2.8.6.aar (androidx.lifecycle:lifecycle-service:2.8.6) with ExtractAarTransform
Transforming lifecycle-service-2.8.6.aar (androidx.lifecycle:lifecycle-service:2.8.6) with AarTransform
Transforming lifecycle-livedata-2.8.6.aar (androidx.lifecycle:lifecycle-livedata:2.8.6) with ExtractAarTransform
Transforming lifecycle-livedata-2.8.6.aar (androidx.lifecycle:lifecycle-livedata:2.8.6) with AarTransform
Transforming lifecycle-livedata-2.8.6.aar (androidx.lifecycle:lifecycle-livedata:2.8.6) with ExtractAarTransform
Transforming lifecycle-livedata-2.8.6.aar (androidx.lifecycle:lifecycle-livedata:2.8.6) with AarTransform
Transforming lifecycle-runtime-release.aar (androidx.lifecycle:lifecycle-runtime-android:2.8.6) with ExtractAarTransform
Transforming lifecycle-runtime-release.aar (androidx.lifecycle:lifecycle-runtime-android:2.8.6) with AarTransform
Transforming lifecycle-viewmodel-2.8.6.aar (androidx.lifecycle:lifecycle-viewmodel:2.8.6) with ExtractAarTransform
Transforming lifecycle-viewmodel-2.8.6.aar (androidx.lifecycle:lifecycle-viewmodel:2.8.6) with AarTransform
Transforming lifecycle-viewmodel-release.aar (androidx.lifecycle:lifecycle-viewmodel-android:2.8.6) with ExtractAarTransform
Transforming lifecycle-viewmodel-release.aar (androidx.lifecycle:lifecycle-viewmodel-android:2.8.6) with AarTransform
Transforming lifecycle-process-2.8.6.aar (androidx.lifecycle:lifecycle-process:2.8.6) with ExtractAarTransform
Transforming lifecycle-process-2.8.6.aar (androidx.lifecycle:lifecycle-process:2.8.6) with AarTransform
Transforming lifecycle-livedata-core-2.8.6.aar (androidx.lifecycle:lifecycle-livedata-core:2.8.6) with ExtractAarTransform
Transforming lifecycle-livedata-core-2.8.6.aar (androidx.lifecycle:lifecycle-livedata-core:2.8.6) with AarTransform
Transforming lifecycle-viewmodel-savedstate-2.8.6.aar (androidx.lifecycle:lifecycle-viewmodel-savedstate:2.8.6) with ExtractAarTransform
Transforming lifecycle-viewmodel-savedstate-2.8.6.aar (androidx.lifecycle:lifecycle-viewmodel-savedstate:2.8.6) with AarTransform
Transforming lifecycle-runtime-compose-release.aar (androidx.lifecycle:lifecycle-runtime-compose-android:2.8.6) with ExtractAarTransform
Transforming lifecycle-runtime-compose-release.aar (androidx.lifecycle:lifecycle-runtime-compose-android:2.8.6) with AarTransform
Transforming lifecycle-runtime-ktx-release.aar (androidx.lifecycle:lifecycle-runtime-ktx-android:2.8.6) with ExtractAarTransform
Transforming lifecycle-runtime-ktx-release.aar (androidx.lifecycle:lifecycle-runtime-ktx-android:2.8.6) with AarTransform
Transforming lifecycle-livedata-core-ktx-2.8.6.aar (androidx.lifecycle:lifecycle-livedata-core-ktx:2.8.6) with ExtractAarTransform
Transforming lifecycle-livedata-core-ktx-2.8.6.aar (androidx.lifecycle:lifecycle-livedata-core-ktx:2.8.6) with AarTransform
Transforming lifecycle-viewmodel-ktx-2.8.6.aar (androidx.lifecycle:lifecycle-viewmodel-ktx:2.8.6) with ExtractAarTransform
Transforming lifecycle-viewmodel-ktx-2.8.6.aar (androidx.lifecycle:lifecycle-viewmodel-ktx:2.8.6) with AarTransform
Transforming lifecycle-viewmodel-compose-release.aar (androidx.lifecycle:lifecycle-viewmodel-compose-android:2.8.6) with ExtractAarTransform
Transforming lifecycle-viewmodel-compose-release.aar (androidx.lifecycle:lifecycle-viewmodel-compose-android:2.8.6) with AarTransform
Transforming material-icons-extended-release.aar (androidx.compose.material:material-icons-extended-android:1.7.3) with ExtractAarTransform
Transforming material-icons-extended-release.aar (androidx.compose.material:material-icons-extended-android:1.7.3) with AarTransform
Transforming material-icons-core-release.aar (androidx.compose.material:material-icons-core-android:1.7.3) with ExtractAarTransform
Transforming material-icons-core-release.aar (androidx.compose.material:material-icons-core-android:1.7.3) with AarTransform
Transforming ui-release.aar (androidx.compose.ui:ui-android:1.7.3) with ExtractAarTransform
Transforming ui-release.aar (androidx.compose.ui:ui-android:1.7.3) with AarTransform
Transforming foundation-release.aar (androidx.compose.foundation:foundation-android:1.7.3) with ExtractAarTransform
Transforming foundation-release.aar (androidx.compose.foundation:foundation-android:1.7.3) with AarTransform
Transforming emoji2-views-helper-1.3.0.aar (androidx.emoji2:emoji2-views-helper:1.3.0) with ExtractAarTransform
Transforming emoji2-views-helper-1.3.0.aar (androidx.emoji2:emoji2-views-helper:1.3.0) with AarTransform
Transforming emoji2-1.3.0.aar (androidx.emoji2:emoji2:1.3.0) with ExtractAarTransform
Transforming emoji2-1.3.0.aar (androidx.emoji2:emoji2:1.3.0) with AarTransform
Transforming drawerlayout-1.1.1.aar (androidx.drawerlayout:drawerlayout:1.1.1) with ExtractAarTransform
Transforming drawerlayout-1.1.1.aar (androidx.drawerlayout:drawerlayout:1.1.1) with AarTransform
Transforming coordinatorlayout-1.1.0.aar (androidx.coordinatorlayout:coordinatorlayout:1.1.0) with ExtractAarTransform
Transforming coordinatorlayout-1.1.0.aar (androidx.coordinatorlayout:coordinatorlayout:1.1.0) with AarTransform
Transforming vectordrawable-animated-1.1.0.aar (androidx.vectordrawable:vectordrawable-animated:1.1.0) with ExtractAarTransform
Transforming vectordrawable-animated-1.1.0.aar (androidx.vectordrawable:vectordrawable-animated:1.1.0) with AarTransform
Transforming vectordrawable-1.1.0.aar (androidx.vectordrawable:vectordrawable:1.1.0) with ExtractAarTransform
Transforming vectordrawable-1.1.0.aar (androidx.vectordrawable:vectordrawable:1.1.0) with AarTransform
Transforming vectordrawable-1.1.0.aar (androidx.vectordrawable:vectordrawable:1.1.0) with ExtractAarTransform
Transforming vectordrawable-1.1.0.aar (androidx.vectordrawable:vectordrawable:1.1.0) with AarTransform
Transforming recyclerview-1.1.0.aar (androidx.recyclerview:recyclerview:1.1.0) with ExtractAarTransform
Transforming recyclerview-1.1.0.aar (androidx.recyclerview:recyclerview:1.1.0) with AarTransform
Transforming recyclerview-1.1.0.aar (androidx.recyclerview:recyclerview:1.1.0) with ExtractAarTransform
Transforming recyclerview-1.1.0.aar (androidx.recyclerview:recyclerview:1.1.0) with AarTransform
Transforming viewpager-1.0.0.aar (androidx.viewpager:viewpager:1.0.0) with ExtractAarTransform
Transforming viewpager-1.0.0.aar (androidx.viewpager:viewpager:1.0.0) with AarTransform
Transforming customview-1.1.0.aar (androidx.customview:customview:1.1.0) with ExtractAarTransform
Transforming customview-1.1.0.aar (androidx.customview:customview:1.1.0) with AarTransform
Transforming autofill-1.0.0.aar (androidx.autofill:autofill:1.0.0) with ExtractAarTransform
Transforming autofill-1.0.0.aar (androidx.autofill:autofill:1.0.0) with AarTransform
Transforming graphics-path-1.0.1.aar (androidx.graphics:graphics-path:1.0.1) with ExtractAarTransform
Transforming graphics-path-1.0.1.aar (androidx.graphics:graphics-path:1.0.1) with AarTransform
Transforming core-1.13.1.aar (androidx.core:core:1.13.1) with ExtractAarTransform
Transforming core-1.13.1.aar (androidx.core:core:1.13.1) with AarTransform
Transforming core-1.13.1.aar (androidx.core:core:1.13.1) with ExtractAarTransform
Transforming core-1.13.1.aar (androidx.core:core:1.13.1) with AarTransform
Transforming customview-poolingcontainer-1.0.0.aar (androidx.customview:customview-poolingcontainer:1.0.0) with ExtractAarTransform
Transforming customview-poolingcontainer-1.0.0.aar (androidx.customview:customview-poolingcontainer:1.0.0) with AarTransform
Transforming core-ktx-1.13.1.aar (androidx.core:core-ktx:1.13.1) with ExtractAarTransform
Transforming core-ktx-1.13.1.aar (androidx.core:core-ktx:1.13.1) with AarTransform
Transforming core-splashscreen-1.0.1.aar (androidx.core:core-splashscreen:1.0.1) with ExtractAarTransform
Transforming core-splashscreen-1.0.1.aar (androidx.core:core-splashscreen:1.0.1) with AarTransform
Transforming room-runtime-2.6.1.aar (androidx.room:room-runtime:2.6.1) with ExtractAarTransform
Transforming room-runtime-2.6.1.aar (androidx.room:room-runtime:2.6.1) with AarTransform
Transforming room-ktx-2.6.1.aar (androidx.room:room-ktx:2.6.1) with ExtractAarTransform
Transforming room-ktx-2.6.1.aar (androidx.room:room-ktx:2.6.1) with AarTransform
Transforming sqlcipher-android-4.6.1.aar (net.zetetic:sqlcipher-android:4.6.1) with ExtractAarTransform
Transforming sqlcipher-android-4.6.1.aar (net.zetetic:sqlcipher-android:4.6.1) with AarTransform
Transforming sqlite-framework-2.4.0.aar (androidx.sqlite:sqlite-framework:2.4.0) with ExtractAarTransform
Transforming sqlite-framework-2.4.0.aar (androidx.sqlite:sqlite-framework:2.4.0) with AarTransform
Transforming sqlite-2.4.0.aar (androidx.sqlite:sqlite:2.4.0) with ExtractAarTransform
Transforming sqlite-2.4.0.aar (androidx.sqlite:sqlite:2.4.0) with AarTransform
Transforming sqlite-ktx-2.4.0.aar (androidx.sqlite:sqlite-ktx:2.4.0) with ExtractAarTransform
Transforming sqlite-ktx-2.4.0.aar (androidx.sqlite:sqlite-ktx:2.4.0) with AarTransform
Transforming runtime-saveable-release.aar (androidx.compose.runtime:runtime-saveable-android:1.7.3) with ExtractAarTransform
Transforming runtime-saveable-release.aar (androidx.compose.runtime:runtime-saveable-android:1.7.3) with AarTransform
Transforming runtime-release.aar (androidx.compose.runtime:runtime-android:1.7.3) with ExtractAarTransform
Transforming runtime-release.aar (androidx.compose.runtime:runtime-android:1.7.3) with AarTransform
Transforming annotation-experimental-1.4.1.aar (androidx.annotation:annotation-experimental:1.4.1) with ExtractAarTransform
Transforming annotation-experimental-1.4.1.aar (androidx.annotation:annotation-experimental:1.4.1) with AarTransform
Transforming security-crypto-1.1.0-alpha06.aar (androidx.security:security-crypto:1.1.0-alpha06) with ExtractAarTransform
Transforming security-crypto-1.1.0-alpha06.aar (androidx.security:security-crypto:1.1.0-alpha06) with AarTransform
Transforming versionedparcelable-1.1.1.aar (androidx.versionedparcelable:versionedparcelable:1.1.1) with ExtractAarTransform
Transforming versionedparcelable-1.1.1.aar (androidx.versionedparcelable:versionedparcelable:1.1.1) with AarTransform
Transforming cursoradapter-1.0.0.aar (androidx.cursoradapter:cursoradapter:1.0.0) with ExtractAarTransform
Transforming cursoradapter-1.0.0.aar (androidx.cursoradapter:cursoradapter:1.0.0) with AarTransform
Transforming profileinstaller-1.3.1.aar (androidx.profileinstaller:profileinstaller:1.3.1) with ExtractAarTransform
Transforming profileinstaller-1.3.1.aar (androidx.profileinstaller:profileinstaller:1.3.1) with AarTransform
Transforming cardview-1.0.0.aar (androidx.cardview:cardview:1.0.0) with ExtractAarTransform
Transforming cardview-1.0.0.aar (androidx.cardview:cardview:1.0.0) with AarTransform
Transforming core-runtime-2.2.0.aar (androidx.arch.core:core-runtime:2.2.0) with ExtractAarTransform
Transforming core-runtime-2.2.0.aar (androidx.arch.core:core-runtime:2.2.0) with AarTransform
Transforming interpolator-1.0.0.aar (androidx.interpolator:interpolator:1.0.0) with ExtractAarTransform
Transforming interpolator-1.0.0.aar (androidx.interpolator:interpolator:1.0.0) with AarTransform
Transforming interpolator-1.0.0.aar (androidx.interpolator:interpolator:1.0.0) with ExtractAarTransform
Transforming interpolator-1.0.0.aar (androidx.interpolator:interpolator:1.0.0) with AarTransform
Transforming startup-runtime-1.1.1.aar (androidx.startup:startup-runtime:1.1.1) with ExtractAarTransform
Transforming startup-runtime-1.1.1.aar (androidx.startup:startup-runtime:1.1.1) with AarTransform
Transforming tracing-1.0.0.aar (androidx.tracing:tracing:1.0.0) with ExtractAarTransform
Transforming tracing-1.0.0.aar (androidx.tracing:tracing:1.0.0) with AarTransform
Transforming documentfile-1.0.0.aar (androidx.documentfile:documentfile:1.0.0) with ExtractAarTransform
Transforming documentfile-1.0.0.aar (androidx.documentfile:documentfile:1.0.0) with AarTransform
Transforming localbroadcastmanager-1.0.0.aar (androidx.localbroadcastmanager:localbroadcastmanager:1.0.0) with ExtractAarTransform
Transforming localbroadcastmanager-1.0.0.aar (androidx.localbroadcastmanager:localbroadcastmanager:1.0.0) with AarTransform
Transforming print-1.0.0.aar (androidx.print:print:1.0.0) with ExtractAarTransform
Transforming print-1.0.0.aar (androidx.print:print:1.0.0) with AarTransform
Transforming dagger-lint-aar-2.51.1.aar (com.google.dagger:dagger-lint-aar:2.51.1) with ExtractAarTransform
Transforming dagger-lint-aar-2.51.1.aar (com.google.dagger:dagger-lint-aar:2.51.1) with AarTransform
Caching disabled for task ':app:checkDebugAarMetadata' because:
  Caching has been disabled for the task
Skipping task ':app:checkDebugAarMetadata' as it is up-to-date.
Resolve mutations for :app:mapDebugSourceSetPaths (Thread[included builds,5,main]) started.
:app:mapDebugSourceSetPaths (Thread[included builds,5,main]) started.

> Task :app:mapDebugSourceSetPaths UP-TO-DATE
Caching disabled for task ':app:mapDebugSourceSetPaths' because:
  Caching has been disabled for the task
Skipping task ':app:mapDebugSourceSetPaths' as it is up-to-date.
Resolve mutations for :app:createDebugCompatibleScreenManifests (Thread[Execution worker,5,main]) started.
:app:createDebugCompatibleScreenManifests (Thread[Execution worker,5,main]) started.

> Task :app:createDebugCompatibleScreenManifests UP-TO-DATE
Caching disabled for task ':app:createDebugCompatibleScreenManifests' because:
  Caching has been disabled for the task
Skipping task ':app:createDebugCompatibleScreenManifests' as it is up-to-date.
Resolve mutations for :app:extractDeepLinksDebug (Thread[Execution worker,5,main]) started.
:app:extractDeepLinksDebug (Thread[Execution worker,5,main]) started.

> Task :app:extractDeepLinksDebug UP-TO-DATE
Build cache key for task ':app:extractDeepLinksDebug' is e6aeca1f45e92b98e2b3e33e1771390b
Skipping task ':app:extractDeepLinksDebug' as it is up-to-date.
Resolve mutations for :app:processDebugMainManifest (Thread[included builds,5,main]) started.
:app:processDebugMainManifest (Thread[included builds,5,main]) started.

> Task :app:processDebugMainManifest UP-TO-DATE
Transforming viewbinding-8.5.2.aar (androidx.databinding:viewbinding:8.5.2) with ExtractAarTransform
Transforming viewbinding-8.5.2.aar (androidx.databinding:viewbinding:8.5.2) with AarTransform
Transforming material-1.12.0.aar (com.google.android.material:material:1.12.0) with ExtractAarTransform
Transforming material-1.12.0.aar (com.google.android.material:material:1.12.0) with AarTransform
Transforming biometric-1.1.0.aar (androidx.biometric:biometric:1.1.0) with ExtractAarTransform
Transforming biometric-1.1.0.aar (androidx.biometric:biometric:1.1.0) with AarTransform
Transforming appcompat-resources-1.7.0.aar (androidx.appcompat:appcompat-resources:1.7.0) with ExtractAarTransform
Transforming appcompat-resources-1.7.0.aar (androidx.appcompat:appcompat-resources:1.7.0) with AarTransform
Transforming constraintlayout-2.0.1.aar (androidx.constraintlayout:constraintlayout:2.0.1) with ExtractAarTransform
Transforming constraintlayout-2.0.1.aar (androidx.constraintlayout:constraintlayout:2.0.1) with AarTransform
Transforming appcompat-1.7.0.aar (androidx.appcompat:appcompat:1.7.0) with ExtractAarTransform
Transforming appcompat-1.7.0.aar (androidx.appcompat:appcompat:1.7.0) with AarTransform
Transforming hilt-navigation-compose-1.2.0.aar (androidx.hilt:hilt-navigation-compose:1.2.0) with ExtractAarTransform
Transforming hilt-navigation-compose-1.2.0.aar (androidx.hilt:hilt-navigation-compose:1.2.0) with AarTransform
Transforming hilt-navigation-1.2.0.aar (androidx.hilt:hilt-navigation:1.2.0) with ExtractAarTransform
Transforming hilt-navigation-1.2.0.aar (androidx.hilt:hilt-navigation:1.2.0) with AarTransform
Transforming hilt-android-2.51.1.aar (com.google.dagger:hilt-android:2.51.1) with ExtractAarTransform
Transforming hilt-android-2.51.1.aar (com.google.dagger:hilt-android:2.51.1) with AarTransform
Transforming viewpager2-1.0.0.aar (androidx.viewpager2:viewpager2:1.0.0) with ExtractAarTransform
Transforming viewpager2-1.0.0.aar (androidx.viewpager2:viewpager2:1.0.0) with AarTransform
Transforming fragment-1.8.4.aar (androidx.fragment:fragment:1.8.4) with ExtractAarTransform
Transforming fragment-1.8.4.aar (androidx.fragment:fragment:1.8.4) with AarTransform
Transforming fragment-1.8.4.aar (androidx.fragment:fragment:1.8.4) with ExtractAarTransform
Transforming fragment-1.8.4.aar (androidx.fragment:fragment:1.8.4) with AarTransform
Transforming fragment-ktx-1.8.4.aar (androidx.fragment:fragment-ktx:1.8.4) with ExtractAarTransform
Transforming fragment-ktx-1.8.4.aar (androidx.fragment:fragment-ktx:1.8.4) with AarTransform
Transforming material3-release.aar (androidx.compose.material3:material3-android:1.3.0) with ExtractAarTransform
Transforming material3-release.aar (androidx.compose.material3:material3-android:1.3.0) with AarTransform
Transforming navigation-common-2.8.3.aar (androidx.navigation:navigation-common:2.8.3) with ExtractAarTransform
Transforming navigation-common-2.8.3.aar (androidx.navigation:navigation-common:2.8.3) with AarTransform
Transforming navigation-runtime-2.8.3.aar (androidx.navigation:navigation-runtime:2.8.3) with ExtractAarTransform
Transforming navigation-runtime-2.8.3.aar (androidx.navigation:navigation-runtime:2.8.3) with AarTransform
Transforming navigation-common-ktx-2.8.3.aar (androidx.navigation:navigation-common-ktx:2.8.3) with ExtractAarTransform
Transforming navigation-common-ktx-2.8.3.aar (androidx.navigation:navigation-common-ktx:2.8.3) with AarTransform
Transforming navigation-runtime-ktx-2.8.3.aar (androidx.navigation:navigation-runtime-ktx:2.8.3) with ExtractAarTransform
Transforming navigation-runtime-ktx-2.8.3.aar (androidx.navigation:navigation-runtime-ktx:2.8.3) with AarTransform
Transforming navigation-compose-2.8.3.aar (androidx.navigation:navigation-compose:2.8.3) with ExtractAarTransform
Transforming navigation-compose-2.8.3.aar (androidx.navigation:navigation-compose:2.8.3) with AarTransform
Transforming activity-ktx-1.9.2.aar (androidx.activity:activity-ktx:1.9.2) with ExtractAarTransform
Transforming activity-ktx-1.9.2.aar (androidx.activity:activity-ktx:1.9.2) with AarTransform
Transforming activity-1.9.2.aar (androidx.activity:activity:1.9.2) with ExtractAarTransform
Transforming activity-1.9.2.aar (androidx.activity:activity:1.9.2) with AarTransform
Transforming material-release.aar (androidx.compose.material:material-android:1.7.3) with ExtractAarTransform
Transforming material-release.aar (androidx.compose.material:material-android:1.7.3) with AarTransform
Transforming foundation-layout-release.aar (androidx.compose.foundation:foundation-layout-android:1.7.3) with ExtractAarTransform
Transforming foundation-layout-release.aar (androidx.compose.foundation:foundation-layout-android:1.7.3) with AarTransform
Transforming animation-core-release.aar (androidx.compose.animation:animation-core-android:1.7.3) with ExtractAarTransform
Transforming animation-core-release.aar (androidx.compose.animation:animation-core-android:1.7.3) with AarTransform
Transforming material-ripple-release.aar (androidx.compose.material:material-ripple-android:1.7.3) with ExtractAarTransform
Transforming material-ripple-release.aar (androidx.compose.material:material-ripple-android:1.7.3) with AarTransform
Transforming animation-release.aar (androidx.compose.animation:animation-android:1.7.3) with ExtractAarTransform
Transforming animation-release.aar (androidx.compose.animation:animation-android:1.7.3) with AarTransform
Transforming ui-tooling-data-release.aar (androidx.compose.ui:ui-tooling-data-android:1.7.3) with ExtractAarTransform
Transforming ui-tooling-data-release.aar (androidx.compose.ui:ui-tooling-data-android:1.7.3) with AarTransform
Transforming ui-unit-release.aar (androidx.compose.ui:ui-unit-android:1.7.3) with ExtractAarTransform
Transforming ui-unit-release.aar (androidx.compose.ui:ui-unit-android:1.7.3) with AarTransform
Transforming ui-text-release.aar (androidx.compose.ui:ui-text-android:1.7.3) with ExtractAarTransform
Transforming ui-text-release.aar (androidx.compose.ui:ui-text-android:1.7.3) with AarTransform
Transforming ui-util-release.aar (androidx.compose.ui:ui-util-android:1.7.3) with ExtractAarTransform
Transforming ui-util-release.aar (androidx.compose.ui:ui-util-android:1.7.3) with AarTransform
Transforming ui-geometry-release.aar (androidx.compose.ui:ui-geometry-android:1.7.3) with ExtractAarTransform
Transforming ui-geometry-release.aar (androidx.compose.ui:ui-geometry-android:1.7.3) with AarTransform
Transforming ui-tooling-preview-release.aar (androidx.compose.ui:ui-tooling-preview-android:1.7.3) with ExtractAarTransform
Transforming ui-tooling-preview-release.aar (androidx.compose.ui:ui-tooling-preview-android:1.7.3) with AarTransform
Transforming ui-graphics-release.aar (androidx.compose.ui:ui-graphics-android:1.7.3) with ExtractAarTransform
Transforming ui-graphics-release.aar (androidx.compose.ui:ui-graphics-android:1.7.3) with AarTransform
Transforming ui-tooling-release.aar (androidx.compose.ui:ui-tooling-android:1.7.3) with ExtractAarTransform
Transforming ui-tooling-release.aar (androidx.compose.ui:ui-tooling-android:1.7.3) with AarTransform
Transforming activity-compose-1.9.2.aar (androidx.activity:activity-compose:1.9.2) with ExtractAarTransform
Transforming activity-compose-1.9.2.aar (androidx.activity:activity-compose:1.9.2) with AarTransform
Transforming transition-1.5.0.aar (androidx.transition:transition:1.5.0) with ExtractAarTransform
Transforming transition-1.5.0.aar (androidx.transition:transition:1.5.0) with AarTransform
Transforming dynamicanimation-1.0.0.aar (androidx.dynamicanimation:dynamicanimation:1.0.0) with ExtractAarTransform
Transforming dynamicanimation-1.0.0.aar (androidx.dynamicanimation:dynamicanimation:1.0.0) with AarTransform
Transforming legacy-support-core-utils-1.0.0.aar (androidx.legacy:legacy-support-core-utils:1.0.0) with ExtractAarTransform
Transforming legacy-support-core-utils-1.0.0.aar (androidx.legacy:legacy-support-core-utils:1.0.0) with AarTransform
Transforming loader-1.0.0.aar (androidx.loader:loader:1.0.0) with ExtractAarTransform
Transforming loader-1.0.0.aar (androidx.loader:loader:1.0.0) with AarTransform
Transforming loader-1.0.0.aar (androidx.loader:loader:1.0.0) with ExtractAarTransform
Transforming loader-1.0.0.aar (androidx.loader:loader:1.0.0) with AarTransform
Transforming savedstate-ktx-1.2.1.aar (androidx.savedstate:savedstate-ktx:1.2.1) with ExtractAarTransform
Transforming savedstate-ktx-1.2.1.aar (androidx.savedstate:savedstate-ktx:1.2.1) with AarTransform
Transforming savedstate-1.2.1.aar (androidx.savedstate:savedstate:1.2.1) with ExtractAarTransform
Transforming savedstate-1.2.1.aar (androidx.savedstate:savedstate:1.2.1) with AarTransform
Transforming work-runtime-ktx-2.9.1.aar (androidx.work:work-runtime-ktx:2.9.1) with ExtractAarTransform
Transforming work-runtime-ktx-2.9.1.aar (androidx.work:work-runtime-ktx:2.9.1) with AarTransform
Transforming work-runtime-2.9.1.aar (androidx.work:work-runtime:2.9.1) with ExtractAarTransform
Transforming work-runtime-2.9.1.aar (androidx.work:work-runtime:2.9.1) with AarTransform
Transforming lifecycle-service-2.8.6.aar (androidx.lifecycle:lifecycle-service:2.8.6) with ExtractAarTransform
Transforming lifecycle-service-2.8.6.aar (androidx.lifecycle:lifecycle-service:2.8.6) with AarTransform
Transforming lifecycle-livedata-2.8.6.aar (androidx.lifecycle:lifecycle-livedata:2.8.6) with ExtractAarTransform
Transforming lifecycle-livedata-2.8.6.aar (androidx.lifecycle:lifecycle-livedata:2.8.6) with AarTransform
Transforming lifecycle-livedata-2.8.6.aar (androidx.lifecycle:lifecycle-livedata:2.8.6) with ExtractAarTransform
Transforming lifecycle-livedata-2.8.6.aar (androidx.lifecycle:lifecycle-livedata:2.8.6) with AarTransform
Transforming lifecycle-runtime-release.aar (androidx.lifecycle:lifecycle-runtime-android:2.8.6) with ExtractAarTransform
Transforming lifecycle-runtime-release.aar (androidx.lifecycle:lifecycle-runtime-android:2.8.6) with AarTransform
Transforming lifecycle-viewmodel-2.8.6.aar (androidx.lifecycle:lifecycle-viewmodel:2.8.6) with ExtractAarTransform
Transforming lifecycle-viewmodel-2.8.6.aar (androidx.lifecycle:lifecycle-viewmodel:2.8.6) with AarTransform
Transforming lifecycle-viewmodel-release.aar (androidx.lifecycle:lifecycle-viewmodel-android:2.8.6) with ExtractAarTransform
Transforming lifecycle-viewmodel-release.aar (androidx.lifecycle:lifecycle-viewmodel-android:2.8.6) with AarTransform
Transforming lifecycle-process-2.8.6.aar (androidx.lifecycle:lifecycle-process:2.8.6) with ExtractAarTransform
Transforming lifecycle-process-2.8.6.aar (androidx.lifecycle:lifecycle-process:2.8.6) with AarTransform
Transforming lifecycle-livedata-core-2.8.6.aar (androidx.lifecycle:lifecycle-livedata-core:2.8.6) with ExtractAarTransform
Transforming lifecycle-livedata-core-2.8.6.aar (androidx.lifecycle:lifecycle-livedata-core:2.8.6) with AarTransform
Transforming lifecycle-viewmodel-savedstate-2.8.6.aar (androidx.lifecycle:lifecycle-viewmodel-savedstate:2.8.6) with ExtractAarTransform
Transforming lifecycle-viewmodel-savedstate-2.8.6.aar (androidx.lifecycle:lifecycle-viewmodel-savedstate:2.8.6) with AarTransform
Transforming lifecycle-runtime-compose-release.aar (androidx.lifecycle:lifecycle-runtime-compose-android:2.8.6) with ExtractAarTransform
Transforming lifecycle-runtime-compose-release.aar (androidx.lifecycle:lifecycle-runtime-compose-android:2.8.6) with AarTransform
Transforming lifecycle-runtime-ktx-release.aar (androidx.lifecycle:lifecycle-runtime-ktx-android:2.8.6) with ExtractAarTransform
Transforming lifecycle-runtime-ktx-release.aar (androidx.lifecycle:lifecycle-runtime-ktx-android:2.8.6) with AarTransform
Transforming lifecycle-livedata-core-ktx-2.8.6.aar (androidx.lifecycle:lifecycle-livedata-core-ktx:2.8.6) with ExtractAarTransform
Transforming lifecycle-livedata-core-ktx-2.8.6.aar (androidx.lifecycle:lifecycle-livedata-core-ktx:2.8.6) with AarTransform
Transforming lifecycle-viewmodel-ktx-2.8.6.aar (androidx.lifecycle:lifecycle-viewmodel-ktx:2.8.6) with ExtractAarTransform
Transforming lifecycle-viewmodel-ktx-2.8.6.aar (androidx.lifecycle:lifecycle-viewmodel-ktx:2.8.6) with AarTransform
Transforming lifecycle-viewmodel-compose-release.aar (androidx.lifecycle:lifecycle-viewmodel-compose-android:2.8.6) with ExtractAarTransform
Transforming lifecycle-viewmodel-compose-release.aar (androidx.lifecycle:lifecycle-viewmodel-compose-android:2.8.6) with AarTransform
Transforming material-icons-extended-release.aar (androidx.compose.material:material-icons-extended-android:1.7.3) with ExtractAarTransform
Transforming material-icons-extended-release.aar (androidx.compose.material:material-icons-extended-android:1.7.3) with AarTransform
Transforming material-icons-core-release.aar (androidx.compose.material:material-icons-core-android:1.7.3) with ExtractAarTransform
Transforming material-icons-core-release.aar (androidx.compose.material:material-icons-core-android:1.7.3) with AarTransform
Transforming ui-release.aar (androidx.compose.ui:ui-android:1.7.3) with ExtractAarTransform
Transforming ui-release.aar (androidx.compose.ui:ui-android:1.7.3) with AarTransform
Transforming foundation-release.aar (androidx.compose.foundation:foundation-android:1.7.3) with ExtractAarTransform
Transforming foundation-release.aar (androidx.compose.foundation:foundation-android:1.7.3) with AarTransform
Transforming emoji2-views-helper-1.3.0.aar (androidx.emoji2:emoji2-views-helper:1.3.0) with ExtractAarTransform
Transforming emoji2-views-helper-1.3.0.aar (androidx.emoji2:emoji2-views-helper:1.3.0) with AarTransform
Transforming emoji2-1.3.0.aar (androidx.emoji2:emoji2:1.3.0) with ExtractAarTransform
Transforming emoji2-1.3.0.aar (androidx.emoji2:emoji2:1.3.0) with AarTransform
Transforming drawerlayout-1.1.1.aar (androidx.drawerlayout:drawerlayout:1.1.1) with ExtractAarTransform
Transforming drawerlayout-1.1.1.aar (androidx.drawerlayout:drawerlayout:1.1.1) with AarTransform
Transforming coordinatorlayout-1.1.0.aar (androidx.coordinatorlayout:coordinatorlayout:1.1.0) with ExtractAarTransform
Transforming coordinatorlayout-1.1.0.aar (androidx.coordinatorlayout:coordinatorlayout:1.1.0) with AarTransform
Transforming vectordrawable-animated-1.1.0.aar (androidx.vectordrawable:vectordrawable-animated:1.1.0) with ExtractAarTransform
Transforming vectordrawable-animated-1.1.0.aar (androidx.vectordrawable:vectordrawable-animated:1.1.0) with AarTransform
Transforming vectordrawable-1.1.0.aar (androidx.vectordrawable:vectordrawable:1.1.0) with ExtractAarTransform
Transforming vectordrawable-1.1.0.aar (androidx.vectordrawable:vectordrawable:1.1.0) with AarTransform
Transforming vectordrawable-1.1.0.aar (androidx.vectordrawable:vectordrawable:1.1.0) with ExtractAarTransform
Transforming vectordrawable-1.1.0.aar (androidx.vectordrawable:vectordrawable:1.1.0) with AarTransform
Transforming recyclerview-1.1.0.aar (androidx.recyclerview:recyclerview:1.1.0) with ExtractAarTransform
Transforming recyclerview-1.1.0.aar (androidx.recyclerview:recyclerview:1.1.0) with AarTransform
Transforming recyclerview-1.1.0.aar (androidx.recyclerview:recyclerview:1.1.0) with ExtractAarTransform
Transforming recyclerview-1.1.0.aar (androidx.recyclerview:recyclerview:1.1.0) with AarTransform
Transforming viewpager-1.0.0.aar (androidx.viewpager:viewpager:1.0.0) with ExtractAarTransform
Transforming viewpager-1.0.0.aar (androidx.viewpager:viewpager:1.0.0) with AarTransform
Transforming customview-1.1.0.aar (androidx.customview:customview:1.1.0) with ExtractAarTransform
Transforming customview-1.1.0.aar (androidx.customview:customview:1.1.0) with AarTransform
Transforming autofill-1.0.0.aar (androidx.autofill:autofill:1.0.0) with ExtractAarTransform
Transforming autofill-1.0.0.aar (androidx.autofill:autofill:1.0.0) with AarTransform
Transforming graphics-path-1.0.1.aar (androidx.graphics:graphics-path:1.0.1) with ExtractAarTransform
Transforming graphics-path-1.0.1.aar (androidx.graphics:graphics-path:1.0.1) with AarTransform
Transforming core-1.13.1.aar (androidx.core:core:1.13.1) with ExtractAarTransform
Transforming core-1.13.1.aar (androidx.core:core:1.13.1) with AarTransform
Transforming core-1.13.1.aar (androidx.core:core:1.13.1) with ExtractAarTransform
Transforming core-1.13.1.aar (androidx.core:core:1.13.1) with AarTransform
Transforming customview-poolingcontainer-1.0.0.aar (androidx.customview:customview-poolingcontainer:1.0.0) with ExtractAarTransform
Transforming customview-poolingcontainer-1.0.0.aar (androidx.customview:customview-poolingcontainer:1.0.0) with AarTransform
Transforming core-ktx-1.13.1.aar (androidx.core:core-ktx:1.13.1) with ExtractAarTransform
Transforming core-ktx-1.13.1.aar (androidx.core:core-ktx:1.13.1) with AarTransform
Transforming core-splashscreen-1.0.1.aar (androidx.core:core-splashscreen:1.0.1) with ExtractAarTransform
Transforming core-splashscreen-1.0.1.aar (androidx.core:core-splashscreen:1.0.1) with AarTransform
Transforming room-runtime-2.6.1.aar (androidx.room:room-runtime:2.6.1) with ExtractAarTransform
Transforming room-runtime-2.6.1.aar (androidx.room:room-runtime:2.6.1) with AarTransform
Transforming room-ktx-2.6.1.aar (androidx.room:room-ktx:2.6.1) with ExtractAarTransform
Transforming room-ktx-2.6.1.aar (androidx.room:room-ktx:2.6.1) with AarTransform
Transforming sqlcipher-android-4.6.1.aar (net.zetetic:sqlcipher-android:4.6.1) with ExtractAarTransform
Transforming sqlcipher-android-4.6.1.aar (net.zetetic:sqlcipher-android:4.6.1) with AarTransform
Transforming sqlite-framework-2.4.0.aar (androidx.sqlite:sqlite-framework:2.4.0) with ExtractAarTransform
Transforming sqlite-framework-2.4.0.aar (androidx.sqlite:sqlite-framework:2.4.0) with AarTransform
Transforming sqlite-2.4.0.aar (androidx.sqlite:sqlite:2.4.0) with ExtractAarTransform
Transforming sqlite-2.4.0.aar (androidx.sqlite:sqlite:2.4.0) with AarTransform
Transforming sqlite-ktx-2.4.0.aar (androidx.sqlite:sqlite-ktx:2.4.0) with ExtractAarTransform
Transforming sqlite-ktx-2.4.0.aar (androidx.sqlite:sqlite-ktx:2.4.0) with AarTransform
Transforming runtime-saveable-release.aar (androidx.compose.runtime:runtime-saveable-android:1.7.3) with ExtractAarTransform
Transforming runtime-saveable-release.aar (androidx.compose.runtime:runtime-saveable-android:1.7.3) with AarTransform
Transforming runtime-release.aar (androidx.compose.runtime:runtime-android:1.7.3) with ExtractAarTransform
Transforming runtime-release.aar (androidx.compose.runtime:runtime-android:1.7.3) with AarTransform
Transforming annotation-experimental-1.4.1.aar (androidx.annotation:annotation-experimental:1.4.1) with ExtractAarTransform
Transforming annotation-experimental-1.4.1.aar (androidx.annotation:annotation-experimental:1.4.1) with AarTransform
Transforming security-crypto-1.1.0-alpha06.aar (androidx.security:security-crypto:1.1.0-alpha06) with ExtractAarTransform
Transforming security-crypto-1.1.0-alpha06.aar (androidx.security:security-crypto:1.1.0-alpha06) with AarTransform
Transforming versionedparcelable-1.1.1.aar (androidx.versionedparcelable:versionedparcelable:1.1.1) with ExtractAarTransform
Transforming versionedparcelable-1.1.1.aar (androidx.versionedparcelable:versionedparcelable:1.1.1) with AarTransform
Transforming cursoradapter-1.0.0.aar (androidx.cursoradapter:cursoradapter:1.0.0) with ExtractAarTransform
Transforming cursoradapter-1.0.0.aar (androidx.cursoradapter:cursoradapter:1.0.0) with AarTransform
Transforming profileinstaller-1.3.1.aar (androidx.profileinstaller:profileinstaller:1.3.1) with ExtractAarTransform
Transforming profileinstaller-1.3.1.aar (androidx.profileinstaller:profileinstaller:1.3.1) with AarTransform
Transforming cardview-1.0.0.aar (androidx.cardview:cardview:1.0.0) with ExtractAarTransform
Transforming cardview-1.0.0.aar (androidx.cardview:cardview:1.0.0) with AarTransform
Transforming core-runtime-2.2.0.aar (androidx.arch.core:core-runtime:2.2.0) with ExtractAarTransform
Transforming core-runtime-2.2.0.aar (androidx.arch.core:core-runtime:2.2.0) with AarTransform
Transforming interpolator-1.0.0.aar (androidx.interpolator:interpolator:1.0.0) with ExtractAarTransform
Transforming interpolator-1.0.0.aar (androidx.interpolator:interpolator:1.0.0) with AarTransform
Transforming interpolator-1.0.0.aar (androidx.interpolator:interpolator:1.0.0) with ExtractAarTransform
Transforming interpolator-1.0.0.aar (androidx.interpolator:interpolator:1.0.0) with AarTransform
Transforming startup-runtime-1.1.1.aar (androidx.startup:startup-runtime:1.1.1) with ExtractAarTransform
Transforming startup-runtime-1.1.1.aar (androidx.startup:startup-runtime:1.1.1) with AarTransform
Transforming tracing-1.0.0.aar (androidx.tracing:tracing:1.0.0) with ExtractAarTransform
Transforming tracing-1.0.0.aar (androidx.tracing:tracing:1.0.0) with AarTransform
Transforming documentfile-1.0.0.aar (androidx.documentfile:documentfile:1.0.0) with ExtractAarTransform
Transforming documentfile-1.0.0.aar (androidx.documentfile:documentfile:1.0.0) with AarTransform
Transforming localbroadcastmanager-1.0.0.aar (androidx.localbroadcastmanager:localbroadcastmanager:1.0.0) with ExtractAarTransform
Transforming localbroadcastmanager-1.0.0.aar (androidx.localbroadcastmanager:localbroadcastmanager:1.0.0) with AarTransform
Transforming print-1.0.0.aar (androidx.print:print:1.0.0) with ExtractAarTransform
Transforming print-1.0.0.aar (androidx.print:print:1.0.0) with AarTransform
Transforming dagger-lint-aar-2.51.1.aar (com.google.dagger:dagger-lint-aar:2.51.1) with ExtractAarTransform
Transforming dagger-lint-aar-2.51.1.aar (com.google.dagger:dagger-lint-aar:2.51.1) with AarTransform
Transforming viewbinding-8.5.2.aar (androidx.databinding:viewbinding:8.5.2) with ExtractAarTransform
Transforming viewbinding-8.5.2.aar (androidx.databinding:viewbinding:8.5.2) with AarTransform
Transforming material-1.12.0.aar (com.google.android.material:material:1.12.0) with ExtractAarTransform
Transforming material-1.12.0.aar (com.google.android.material:material:1.12.0) with AarTransform
Transforming biometric-1.1.0.aar (androidx.biometric:biometric:1.1.0) with ExtractAarTransform
Transforming biometric-1.1.0.aar (androidx.biometric:biometric:1.1.0) with AarTransform
Transforming appcompat-resources-1.7.0.aar (androidx.appcompat:appcompat-resources:1.7.0) with ExtractAarTransform
Transforming appcompat-resources-1.7.0.aar (androidx.appcompat:appcompat-resources:1.7.0) with AarTransform
Transforming constraintlayout-2.0.1.aar (androidx.constraintlayout:constraintlayout:2.0.1) with ExtractAarTransform
Transforming constraintlayout-2.0.1.aar (androidx.constraintlayout:constraintlayout:2.0.1) with AarTransform
Transforming appcompat-1.7.0.aar (androidx.appcompat:appcompat:1.7.0) with ExtractAarTransform
Transforming appcompat-1.7.0.aar (androidx.appcompat:appcompat:1.7.0) with AarTransform
Transforming hilt-navigation-compose-1.2.0.aar (androidx.hilt:hilt-navigation-compose:1.2.0) with ExtractAarTransform
Transforming hilt-navigation-compose-1.2.0.aar (androidx.hilt:hilt-navigation-compose:1.2.0) with AarTransform
Transforming hilt-navigation-1.2.0.aar (androidx.hilt:hilt-navigation:1.2.0) with ExtractAarTransform
Transforming hilt-navigation-1.2.0.aar (androidx.hilt:hilt-navigation:1.2.0) with AarTransform
Transforming hilt-android-2.51.1.aar (com.google.dagger:hilt-android:2.51.1) with ExtractAarTransform
Transforming hilt-android-2.51.1.aar (com.google.dagger:hilt-android:2.51.1) with AarTransform
Transforming viewpager2-1.0.0.aar (androidx.viewpager2:viewpager2:1.0.0) with ExtractAarTransform
Transforming viewpager2-1.0.0.aar (androidx.viewpager2:viewpager2:1.0.0) with AarTransform
Transforming fragment-1.8.4.aar (androidx.fragment:fragment:1.8.4) with ExtractAarTransform
Transforming fragment-1.8.4.aar (androidx.fragment:fragment:1.8.4) with AarTransform
Transforming fragment-1.8.4.aar (androidx.fragment:fragment:1.8.4) with ExtractAarTransform
Transforming fragment-1.8.4.aar (androidx.fragment:fragment:1.8.4) with AarTransform
Transforming fragment-ktx-1.8.4.aar (androidx.fragment:fragment-ktx:1.8.4) with ExtractAarTransform
Transforming fragment-ktx-1.8.4.aar (androidx.fragment:fragment-ktx:1.8.4) with AarTransform
Transforming material3-release.aar (androidx.compose.material3:material3-android:1.3.0) with ExtractAarTransform
Transforming material3-release.aar (androidx.compose.material3:material3-android:1.3.0) with AarTransform
Transforming navigation-common-2.8.3.aar (androidx.navigation:navigation-common:2.8.3) with ExtractAarTransform
Transforming navigation-common-2.8.3.aar (androidx.navigation:navigation-common:2.8.3) with AarTransform
Transforming navigation-runtime-2.8.3.aar (androidx.navigation:navigation-runtime:2.8.3) with ExtractAarTransform
Transforming navigation-runtime-2.8.3.aar (androidx.navigation:navigation-runtime:2.8.3) with AarTransform
Transforming navigation-common-ktx-2.8.3.aar (androidx.navigation:navigation-common-ktx:2.8.3) with ExtractAarTransform
Transforming navigation-common-ktx-2.8.3.aar (androidx.navigation:navigation-common-ktx:2.8.3) with AarTransform
Transforming navigation-runtime-ktx-2.8.3.aar (androidx.navigation:navigation-runtime-ktx:2.8.3) with ExtractAarTransform
Transforming navigation-runtime-ktx-2.8.3.aar (androidx.navigation:navigation-runtime-ktx:2.8.3) with AarTransform
Transforming navigation-compose-2.8.3.aar (androidx.navigation:navigation-compose:2.8.3) with ExtractAarTransform
Transforming navigation-compose-2.8.3.aar (androidx.navigation:navigation-compose:2.8.3) with AarTransform
Transforming activity-ktx-1.9.2.aar (androidx.activity:activity-ktx:1.9.2) with ExtractAarTransform
Transforming activity-ktx-1.9.2.aar (androidx.activity:activity-ktx:1.9.2) with AarTransform
Transforming activity-1.9.2.aar (androidx.activity:activity:1.9.2) with ExtractAarTransform
Transforming activity-1.9.2.aar (androidx.activity:activity:1.9.2) with AarTransform
Transforming material-release.aar (androidx.compose.material:material-android:1.7.3) with ExtractAarTransform
Transforming material-release.aar (androidx.compose.material:material-android:1.7.3) with AarTransform
Transforming foundation-layout-release.aar (androidx.compose.foundation:foundation-layout-android:1.7.3) with ExtractAarTransform
Transforming foundation-layout-release.aar (androidx.compose.foundation:foundation-layout-android:1.7.3) with AarTransform
Transforming animation-core-release.aar (androidx.compose.animation:animation-core-android:1.7.3) with ExtractAarTransform
Transforming animation-core-release.aar (androidx.compose.animation:animation-core-android:1.7.3) with AarTransform
Transforming material-ripple-release.aar (androidx.compose.material:material-ripple-android:1.7.3) with ExtractAarTransform
Transforming material-ripple-release.aar (androidx.compose.material:material-ripple-android:1.7.3) with AarTransform
Transforming animation-release.aar (androidx.compose.animation:animation-android:1.7.3) with ExtractAarTransform
Transforming animation-release.aar (androidx.compose.animation:animation-android:1.7.3) with AarTransform
Transforming ui-tooling-data-release.aar (androidx.compose.ui:ui-tooling-data-android:1.7.3) with ExtractAarTransform
Transforming ui-tooling-data-release.aar (androidx.compose.ui:ui-tooling-data-android:1.7.3) with AarTransform
Transforming ui-unit-release.aar (androidx.compose.ui:ui-unit-android:1.7.3) with ExtractAarTransform
Transforming ui-unit-release.aar (androidx.compose.ui:ui-unit-android:1.7.3) with AarTransform
Transforming ui-text-release.aar (androidx.compose.ui:ui-text-android:1.7.3) with ExtractAarTransform
Transforming ui-text-release.aar (androidx.compose.ui:ui-text-android:1.7.3) with AarTransform
Transforming ui-util-release.aar (androidx.compose.ui:ui-util-android:1.7.3) with ExtractAarTransform
Transforming ui-util-release.aar (androidx.compose.ui:ui-util-android:1.7.3) with AarTransform
Transforming ui-geometry-release.aar (androidx.compose.ui:ui-geometry-android:1.7.3) with ExtractAarTransform
Transforming ui-geometry-release.aar (androidx.compose.ui:ui-geometry-android:1.7.3) with AarTransform
Transforming ui-tooling-preview-release.aar (androidx.compose.ui:ui-tooling-preview-android:1.7.3) with ExtractAarTransform
Transforming ui-tooling-preview-release.aar (androidx.compose.ui:ui-tooling-preview-android:1.7.3) with AarTransform
Transforming ui-graphics-release.aar (androidx.compose.ui:ui-graphics-android:1.7.3) with ExtractAarTransform
Transforming ui-graphics-release.aar (androidx.compose.ui:ui-graphics-android:1.7.3) with AarTransform
Transforming ui-tooling-release.aar (androidx.compose.ui:ui-tooling-android:1.7.3) with ExtractAarTransform
Transforming ui-tooling-release.aar (androidx.compose.ui:ui-tooling-android:1.7.3) with AarTransform
Transforming activity-compose-1.9.2.aar (androidx.activity:activity-compose:1.9.2) with ExtractAarTransform
Transforming activity-compose-1.9.2.aar (androidx.activity:activity-compose:1.9.2) with AarTransform
Transforming transition-1.5.0.aar (androidx.transition:transition:1.5.0) with ExtractAarTransform
Transforming transition-1.5.0.aar (androidx.transition:transition:1.5.0) with AarTransform
Transforming dynamicanimation-1.0.0.aar (androidx.dynamicanimation:dynamicanimation:1.0.0) with ExtractAarTransform
Transforming dynamicanimation-1.0.0.aar (androidx.dynamicanimation:dynamicanimation:1.0.0) with AarTransform
Transforming legacy-support-core-utils-1.0.0.aar (androidx.legacy:legacy-support-core-utils:1.0.0) with ExtractAarTransform
Transforming legacy-support-core-utils-1.0.0.aar (androidx.legacy:legacy-support-core-utils:1.0.0) with AarTransform
Transforming loader-1.0.0.aar (androidx.loader:loader:1.0.0) with ExtractAarTransform
Transforming loader-1.0.0.aar (androidx.loader:loader:1.0.0) with AarTransform
Transforming loader-1.0.0.aar (androidx.loader:loader:1.0.0) with ExtractAarTransform
Transforming loader-1.0.0.aar (androidx.loader:loader:1.0.0) with AarTransform
Transforming savedstate-ktx-1.2.1.aar (androidx.savedstate:savedstate-ktx:1.2.1) with ExtractAarTransform
Transforming savedstate-ktx-1.2.1.aar (androidx.savedstate:savedstate-ktx:1.2.1) with AarTransform
Transforming savedstate-1.2.1.aar (androidx.savedstate:savedstate:1.2.1) with ExtractAarTransform
Transforming savedstate-1.2.1.aar (androidx.savedstate:savedstate:1.2.1) with AarTransform
Transforming work-runtime-ktx-2.9.1.aar (androidx.work:work-runtime-ktx:2.9.1) with ExtractAarTransform
Transforming work-runtime-ktx-2.9.1.aar (androidx.work:work-runtime-ktx:2.9.1) with AarTransform
Transforming work-runtime-2.9.1.aar (androidx.work:work-runtime:2.9.1) with ExtractAarTransform
Transforming work-runtime-2.9.1.aar (androidx.work:work-runtime:2.9.1) with AarTransform
Transforming lifecycle-service-2.8.6.aar (androidx.lifecycle:lifecycle-service:2.8.6) with ExtractAarTransform
Transforming lifecycle-service-2.8.6.aar (androidx.lifecycle:lifecycle-service:2.8.6) with AarTransform
Transforming lifecycle-livedata-2.8.6.aar (androidx.lifecycle:lifecycle-livedata:2.8.6) with ExtractAarTransform
Transforming lifecycle-livedata-2.8.6.aar (androidx.lifecycle:lifecycle-livedata:2.8.6) with AarTransform
Transforming lifecycle-livedata-2.8.6.aar (androidx.lifecycle:lifecycle-livedata:2.8.6) with ExtractAarTransform
Transforming lifecycle-livedata-2.8.6.aar (androidx.lifecycle:lifecycle-livedata:2.8.6) with AarTransform
Transforming lifecycle-runtime-release.aar (androidx.lifecycle:lifecycle-runtime-android:2.8.6) with ExtractAarTransform
Transforming lifecycle-runtime-release.aar (androidx.lifecycle:lifecycle-runtime-android:2.8.6) with AarTransform
Transforming lifecycle-viewmodel-2.8.6.aar (androidx.lifecycle:lifecycle-viewmodel:2.8.6) with ExtractAarTransform
Transforming lifecycle-viewmodel-2.8.6.aar (androidx.lifecycle:lifecycle-viewmodel:2.8.6) with AarTransform
Transforming lifecycle-viewmodel-release.aar (androidx.lifecycle:lifecycle-viewmodel-android:2.8.6) with ExtractAarTransform
Transforming lifecycle-viewmodel-release.aar (androidx.lifecycle:lifecycle-viewmodel-android:2.8.6) with AarTransform
Transforming lifecycle-process-2.8.6.aar (androidx.lifecycle:lifecycle-process:2.8.6) with ExtractAarTransform
Transforming lifecycle-process-2.8.6.aar (androidx.lifecycle:lifecycle-process:2.8.6) with AarTransform
Transforming lifecycle-livedata-core-2.8.6.aar (androidx.lifecycle:lifecycle-livedata-core:2.8.6) with ExtractAarTransform
Transforming lifecycle-livedata-core-2.8.6.aar (androidx.lifecycle:lifecycle-livedata-core:2.8.6) with AarTransform
Transforming lifecycle-viewmodel-savedstate-2.8.6.aar (androidx.lifecycle:lifecycle-viewmodel-savedstate:2.8.6) with ExtractAarTransform
Transforming lifecycle-viewmodel-savedstate-2.8.6.aar (androidx.lifecycle:lifecycle-viewmodel-savedstate:2.8.6) with AarTransform
Transforming lifecycle-runtime-compose-release.aar (androidx.lifecycle:lifecycle-runtime-compose-android:2.8.6) with ExtractAarTransform
Transforming lifecycle-runtime-compose-release.aar (androidx.lifecycle:lifecycle-runtime-compose-android:2.8.6) with AarTransform
Transforming lifecycle-runtime-ktx-release.aar (androidx.lifecycle:lifecycle-runtime-ktx-android:2.8.6) with ExtractAarTransform
Transforming lifecycle-runtime-ktx-release.aar (androidx.lifecycle:lifecycle-runtime-ktx-android:2.8.6) with AarTransform
Transforming lifecycle-livedata-core-ktx-2.8.6.aar (androidx.lifecycle:lifecycle-livedata-core-ktx:2.8.6) with ExtractAarTransform
Transforming lifecycle-livedata-core-ktx-2.8.6.aar (androidx.lifecycle:lifecycle-livedata-core-ktx:2.8.6) with AarTransform
Transforming lifecycle-viewmodel-ktx-2.8.6.aar (androidx.lifecycle:lifecycle-viewmodel-ktx:2.8.6) with ExtractAarTransform
Transforming lifecycle-viewmodel-ktx-2.8.6.aar (androidx.lifecycle:lifecycle-viewmodel-ktx:2.8.6) with AarTransform
Transforming lifecycle-viewmodel-compose-release.aar (androidx.lifecycle:lifecycle-viewmodel-compose-android:2.8.6) with ExtractAarTransform
Transforming lifecycle-viewmodel-compose-release.aar (androidx.lifecycle:lifecycle-viewmodel-compose-android:2.8.6) with AarTransform
Transforming material-icons-extended-release.aar (androidx.compose.material:material-icons-extended-android:1.7.3) with ExtractAarTransform
Transforming material-icons-extended-release.aar (androidx.compose.material:material-icons-extended-android:1.7.3) with AarTransform
Transforming material-icons-core-release.aar (androidx.compose.material:material-icons-core-android:1.7.3) with ExtractAarTransform
Transforming material-icons-core-release.aar (androidx.compose.material:material-icons-core-android:1.7.3) with AarTransform
Transforming ui-release.aar (androidx.compose.ui:ui-android:1.7.3) with ExtractAarTransform
Transforming ui-release.aar (androidx.compose.ui:ui-android:1.7.3) with AarTransform
Transforming foundation-release.aar (androidx.compose.foundation:foundation-android:1.7.3) with ExtractAarTransform
Transforming foundation-release.aar (androidx.compose.foundation:foundation-android:1.7.3) with AarTransform
Transforming emoji2-views-helper-1.3.0.aar (androidx.emoji2:emoji2-views-helper:1.3.0) with ExtractAarTransform
Transforming emoji2-views-helper-1.3.0.aar (androidx.emoji2:emoji2-views-helper:1.3.0) with AarTransform
Transforming emoji2-1.3.0.aar (androidx.emoji2:emoji2:1.3.0) with ExtractAarTransform
Transforming emoji2-1.3.0.aar (androidx.emoji2:emoji2:1.3.0) with AarTransform
Transforming drawerlayout-1.1.1.aar (androidx.drawerlayout:drawerlayout:1.1.1) with ExtractAarTransform
Transforming drawerlayout-1.1.1.aar (androidx.drawerlayout:drawerlayout:1.1.1) with AarTransform
Transforming coordinatorlayout-1.1.0.aar (androidx.coordinatorlayout:coordinatorlayout:1.1.0) with ExtractAarTransform
Transforming coordinatorlayout-1.1.0.aar (androidx.coordinatorlayout:coordinatorlayout:1.1.0) with AarTransform
Transforming vectordrawable-animated-1.1.0.aar (androidx.vectordrawable:vectordrawable-animated:1.1.0) with ExtractAarTransform
Transforming vectordrawable-animated-1.1.0.aar (androidx.vectordrawable:vectordrawable-animated:1.1.0) with AarTransform
Transforming vectordrawable-1.1.0.aar (androidx.vectordrawable:vectordrawable:1.1.0) with ExtractAarTransform
Transforming vectordrawable-1.1.0.aar (androidx.vectordrawable:vectordrawable:1.1.0) with AarTransform
Transforming vectordrawable-1.1.0.aar (androidx.vectordrawable:vectordrawable:1.1.0) with ExtractAarTransform
Transforming vectordrawable-1.1.0.aar (androidx.vectordrawable:vectordrawable:1.1.0) with AarTransform
Transforming recyclerview-1.1.0.aar (androidx.recyclerview:recyclerview:1.1.0) with ExtractAarTransform
Transforming recyclerview-1.1.0.aar (androidx.recyclerview:recyclerview:1.1.0) with AarTransform
Transforming recyclerview-1.1.0.aar (androidx.recyclerview:recyclerview:1.1.0) with ExtractAarTransform
Transforming recyclerview-1.1.0.aar (androidx.recyclerview:recyclerview:1.1.0) with AarTransform
Transforming viewpager-1.0.0.aar (androidx.viewpager:viewpager:1.0.0) with ExtractAarTransform
Transforming viewpager-1.0.0.aar (androidx.viewpager:viewpager:1.0.0) with AarTransform
Transforming customview-1.1.0.aar (androidx.customview:customview:1.1.0) with ExtractAarTransform
Transforming customview-1.1.0.aar (androidx.customview:customview:1.1.0) with AarTransform
Transforming autofill-1.0.0.aar (androidx.autofill:autofill:1.0.0) with ExtractAarTransform
Transforming autofill-1.0.0.aar (androidx.autofill:autofill:1.0.0) with AarTransform
Transforming graphics-path-1.0.1.aar (androidx.graphics:graphics-path:1.0.1) with ExtractAarTransform
Transforming graphics-path-1.0.1.aar (androidx.graphics:graphics-path:1.0.1) with AarTransform
Transforming core-1.13.1.aar (androidx.core:core:1.13.1) with ExtractAarTransform
Transforming core-1.13.1.aar (androidx.core:core:1.13.1) with AarTransform
Transforming core-1.13.1.aar (androidx.core:core:1.13.1) with ExtractAarTransform
Transforming core-1.13.1.aar (androidx.core:core:1.13.1) with AarTransform
Transforming customview-poolingcontainer-1.0.0.aar (androidx.customview:customview-poolingcontainer:1.0.0) with ExtractAarTransform
Transforming customview-poolingcontainer-1.0.0.aar (androidx.customview:customview-poolingcontainer:1.0.0) with AarTransform
Transforming core-ktx-1.13.1.aar (androidx.core:core-ktx:1.13.1) with ExtractAarTransform
Transforming core-ktx-1.13.1.aar (androidx.core:core-ktx:1.13.1) with AarTransform
Transforming core-splashscreen-1.0.1.aar (androidx.core:core-splashscreen:1.0.1) with ExtractAarTransform
Transforming core-splashscreen-1.0.1.aar (androidx.core:core-splashscreen:1.0.1) with AarTransform
Transforming room-runtime-2.6.1.aar (androidx.room:room-runtime:2.6.1) with ExtractAarTransform
Transforming room-runtime-2.6.1.aar (androidx.room:room-runtime:2.6.1) with AarTransform
Transforming room-ktx-2.6.1.aar (androidx.room:room-ktx:2.6.1) with ExtractAarTransform
Transforming room-ktx-2.6.1.aar (androidx.room:room-ktx:2.6.1) with AarTransform
Transforming sqlcipher-android-4.6.1.aar (net.zetetic:sqlcipher-android:4.6.1) with ExtractAarTransform
Transforming sqlcipher-android-4.6.1.aar (net.zetetic:sqlcipher-android:4.6.1) with AarTransform
Transforming sqlite-framework-2.4.0.aar (androidx.sqlite:sqlite-framework:2.4.0) with ExtractAarTransform
Transforming sqlite-framework-2.4.0.aar (androidx.sqlite:sqlite-framework:2.4.0) with AarTransform
Transforming sqlite-2.4.0.aar (androidx.sqlite:sqlite:2.4.0) with ExtractAarTransform
Transforming sqlite-2.4.0.aar (androidx.sqlite:sqlite:2.4.0) with AarTransform
Transforming sqlite-ktx-2.4.0.aar (androidx.sqlite:sqlite-ktx:2.4.0) with ExtractAarTransform
Transforming sqlite-ktx-2.4.0.aar (androidx.sqlite:sqlite-ktx:2.4.0) with AarTransform
Transforming runtime-saveable-release.aar (androidx.compose.runtime:runtime-saveable-android:1.7.3) with ExtractAarTransform
Transforming runtime-saveable-release.aar (androidx.compose.runtime:runtime-saveable-android:1.7.3) with AarTransform
Transforming runtime-release.aar (androidx.compose.runtime:runtime-android:1.7.3) with ExtractAarTransform
Transforming runtime-release.aar (androidx.compose.runtime:runtime-android:1.7.3) with AarTransform
Transforming annotation-experimental-1.4.1.aar (androidx.annotation:annotation-experimental:1.4.1) with ExtractAarTransform
Transforming annotation-experimental-1.4.1.aar (androidx.annotation:annotation-experimental:1.4.1) with AarTransform
Transforming security-crypto-1.1.0-alpha06.aar (androidx.security:security-crypto:1.1.0-alpha06) with ExtractAarTransform
Transforming security-crypto-1.1.0-alpha06.aar (androidx.security:security-crypto:1.1.0-alpha06) with AarTransform
Transforming versionedparcelable-1.1.1.aar (androidx.versionedparcelable:versionedparcelable:1.1.1) with ExtractAarTransform
Transforming versionedparcelable-1.1.1.aar (androidx.versionedparcelable:versionedparcelable:1.1.1) with AarTransform
Transforming cursoradapter-1.0.0.aar (androidx.cursoradapter:cursoradapter:1.0.0) with ExtractAarTransform
Transforming cursoradapter-1.0.0.aar (androidx.cursoradapter:cursoradapter:1.0.0) with AarTransform
Transforming profileinstaller-1.3.1.aar (androidx.profileinstaller:profileinstaller:1.3.1) with ExtractAarTransform
Transforming profileinstaller-1.3.1.aar (androidx.profileinstaller:profileinstaller:1.3.1) with AarTransform
Transforming cardview-1.0.0.aar (androidx.cardview:cardview:1.0.0) with ExtractAarTransform
Transforming cardview-1.0.0.aar (androidx.cardview:cardview:1.0.0) with AarTransform
Transforming core-runtime-2.2.0.aar (androidx.arch.core:core-runtime:2.2.0) with ExtractAarTransform
Transforming core-runtime-2.2.0.aar (androidx.arch.core:core-runtime:2.2.0) with AarTransform
Transforming interpolator-1.0.0.aar (androidx.interpolator:interpolator:1.0.0) with ExtractAarTransform
Transforming interpolator-1.0.0.aar (androidx.interpolator:interpolator:1.0.0) with AarTransform
Transforming interpolator-1.0.0.aar (androidx.interpolator:interpolator:1.0.0) with ExtractAarTransform
Transforming interpolator-1.0.0.aar (androidx.interpolator:interpolator:1.0.0) with AarTransform
Transforming startup-runtime-1.1.1.aar (androidx.startup:startup-runtime:1.1.1) with ExtractAarTransform
Transforming startup-runtime-1.1.1.aar (androidx.startup:startup-runtime:1.1.1) with AarTransform
Transforming tracing-1.0.0.aar (androidx.tracing:tracing:1.0.0) with ExtractAarTransform
Transforming tracing-1.0.0.aar (androidx.tracing:tracing:1.0.0) with AarTransform
Transforming documentfile-1.0.0.aar (androidx.documentfile:documentfile:1.0.0) with ExtractAarTransform
Transforming documentfile-1.0.0.aar (androidx.documentfile:documentfile:1.0.0) with AarTransform
Transforming localbroadcastmanager-1.0.0.aar (androidx.localbroadcastmanager:localbroadcastmanager:1.0.0) with ExtractAarTransform
Transforming localbroadcastmanager-1.0.0.aar (androidx.localbroadcastmanager:localbroadcastmanager:1.0.0) with AarTransform
Transforming print-1.0.0.aar (androidx.print:print:1.0.0) with ExtractAarTransform
Transforming print-1.0.0.aar (androidx.print:print:1.0.0) with AarTransform
Transforming dagger-lint-aar-2.51.1.aar (com.google.dagger:dagger-lint-aar:2.51.1) with ExtractAarTransform
Transforming dagger-lint-aar-2.51.1.aar (com.google.dagger:dagger-lint-aar:2.51.1) with AarTransform
Build cache key for task ':app:processDebugMainManifest' is b50335ae0cc5878694d6aa048c11f000
Skipping task ':app:processDebugMainManifest' as it is up-to-date.
Resolve mutations for :app:processDebugManifest (Thread[included builds,5,main]) started.
:app:processDebugManifest (Thread[included builds,5,main]) started.

> Task :app:processDebugManifest UP-TO-DATE
Build cache key for task ':app:processDebugManifest' is 00dc3d3526ddbe3f5f3dd1c43d3153c5
Skipping task ':app:processDebugManifest' as it is up-to-date.
Resolve mutations for :app:processDebugManifestForPackage (Thread[included builds,5,main]) started.
:app:processDebugManifestForPackage (Thread[included builds,5,main]) started.

> Task :app:processDebugManifestForPackage UP-TO-DATE
Custom actions are attached to task ':app:processDebugManifestForPackage'.
Build cache key for task ':app:processDebugManifestForPackage' is a2a7d6dbf3c8fbd8e1fbfbb7ca2361ea
Skipping task ':app:processDebugManifestForPackage' as it is up-to-date.
Resolve mutations for :app:processDebugResources (Thread[Execution worker,5,main]) started.
:app:processDebugResources (Thread[Execution worker,5,main]) started.

> Task :app:processDebugResources UP-TO-DATE
Transforming aapt2-8.5.2-11315950-linux.jar (com.android.tools.build:aapt2:8.5.2-11315950) with Aapt2Extractor
Transforming viewbinding-8.5.2.aar (androidx.databinding:viewbinding:8.5.2) with ExtractAarTransform
Transforming viewbinding-8.5.2.aar (androidx.databinding:viewbinding:8.5.2) with AarResourcesCompilerTransform
Transforming material-1.12.0.aar (com.google.android.material:material:1.12.0) with ExtractAarTransform
Transforming material-1.12.0.aar (com.google.android.material:material:1.12.0) with AarResourcesCompilerTransform
Transforming biometric-1.1.0.aar (androidx.biometric:biometric:1.1.0) with ExtractAarTransform
Transforming biometric-1.1.0.aar (androidx.biometric:biometric:1.1.0) with AarResourcesCompilerTransform
Transforming appcompat-resources-1.7.0.aar (androidx.appcompat:appcompat-resources:1.7.0) with ExtractAarTransform
Transforming appcompat-resources-1.7.0.aar (androidx.appcompat:appcompat-resources:1.7.0) with AarResourcesCompilerTransform
Transforming constraintlayout-2.0.1.aar (androidx.constraintlayout:constraintlayout:2.0.1) with ExtractAarTransform
Transforming constraintlayout-2.0.1.aar (androidx.constraintlayout:constraintlayout:2.0.1) with AarResourcesCompilerTransform
Transforming appcompat-1.7.0.aar (androidx.appcompat:appcompat:1.7.0) with ExtractAarTransform
Transforming appcompat-1.7.0.aar (androidx.appcompat:appcompat:1.7.0) with AarResourcesCompilerTransform
Transforming hilt-navigation-compose-1.2.0.aar (androidx.hilt:hilt-navigation-compose:1.2.0) with ExtractAarTransform
Transforming hilt-navigation-compose-1.2.0.aar (androidx.hilt:hilt-navigation-compose:1.2.0) with AarResourcesCompilerTransform
Transforming hilt-navigation-1.2.0.aar (androidx.hilt:hilt-navigation:1.2.0) with ExtractAarTransform
Transforming hilt-navigation-1.2.0.aar (androidx.hilt:hilt-navigation:1.2.0) with AarResourcesCompilerTransform
Transforming hilt-android-2.51.1.aar (com.google.dagger:hilt-android:2.51.1) with ExtractAarTransform
Transforming hilt-android-2.51.1.aar (com.google.dagger:hilt-android:2.51.1) with AarResourcesCompilerTransform
Transforming viewpager2-1.0.0.aar (androidx.viewpager2:viewpager2:1.0.0) with ExtractAarTransform
Transforming viewpager2-1.0.0.aar (androidx.viewpager2:viewpager2:1.0.0) with AarResourcesCompilerTransform
Transforming fragment-1.8.4.aar (androidx.fragment:fragment:1.8.4) with ExtractAarTransform
Transforming fragment-1.8.4.aar (androidx.fragment:fragment:1.8.4) with AarResourcesCompilerTransform
Transforming fragment-1.8.4.aar (androidx.fragment:fragment:1.8.4) with ExtractAarTransform
Transforming fragment-1.8.4.aar (androidx.fragment:fragment:1.8.4) with AarResourcesCompilerTransform
Transforming fragment-ktx-1.8.4.aar (androidx.fragment:fragment-ktx:1.8.4) with ExtractAarTransform
Transforming fragment-ktx-1.8.4.aar (androidx.fragment:fragment-ktx:1.8.4) with AarResourcesCompilerTransform
Transforming material3-release.aar (androidx.compose.material3:material3-android:1.3.0) with ExtractAarTransform
Transforming material3-release.aar (androidx.compose.material3:material3-android:1.3.0) with AarResourcesCompilerTransform
Transforming navigation-common-2.8.3.aar (androidx.navigation:navigation-common:2.8.3) with ExtractAarTransform
Transforming navigation-common-2.8.3.aar (androidx.navigation:navigation-common:2.8.3) with AarResourcesCompilerTransform
Transforming navigation-runtime-2.8.3.aar (androidx.navigation:navigation-runtime:2.8.3) with ExtractAarTransform
Transforming navigation-runtime-2.8.3.aar (androidx.navigation:navigation-runtime:2.8.3) with AarResourcesCompilerTransform
Transforming navigation-common-ktx-2.8.3.aar (androidx.navigation:navigation-common-ktx:2.8.3) with ExtractAarTransform
Transforming navigation-common-ktx-2.8.3.aar (androidx.navigation:navigation-common-ktx:2.8.3) with AarResourcesCompilerTransform
Transforming navigation-runtime-ktx-2.8.3.aar (androidx.navigation:navigation-runtime-ktx:2.8.3) with ExtractAarTransform
Transforming navigation-runtime-ktx-2.8.3.aar (androidx.navigation:navigation-runtime-ktx:2.8.3) with AarResourcesCompilerTransform
Transforming navigation-compose-2.8.3.aar (androidx.navigation:navigation-compose:2.8.3) with ExtractAarTransform
Transforming navigation-compose-2.8.3.aar (androidx.navigation:navigation-compose:2.8.3) with AarResourcesCompilerTransform
Transforming activity-ktx-1.9.2.aar (androidx.activity:activity-ktx:1.9.2) with ExtractAarTransform
Transforming activity-ktx-1.9.2.aar (androidx.activity:activity-ktx:1.9.2) with AarResourcesCompilerTransform
Transforming activity-1.9.2.aar (androidx.activity:activity:1.9.2) with ExtractAarTransform
Transforming activity-1.9.2.aar (androidx.activity:activity:1.9.2) with AarResourcesCompilerTransform
Transforming material-release.aar (androidx.compose.material:material-android:1.7.3) with ExtractAarTransform
Transforming material-release.aar (androidx.compose.material:material-android:1.7.3) with AarResourcesCompilerTransform
Transforming foundation-layout-release.aar (androidx.compose.foundation:foundation-layout-android:1.7.3) with ExtractAarTransform
Transforming foundation-layout-release.aar (androidx.compose.foundation:foundation-layout-android:1.7.3) with AarResourcesCompilerTransform
Transforming animation-core-release.aar (androidx.compose.animation:animation-core-android:1.7.3) with ExtractAarTransform
Transforming animation-core-release.aar (androidx.compose.animation:animation-core-android:1.7.3) with AarResourcesCompilerTransform
Transforming material-ripple-release.aar (androidx.compose.material:material-ripple-android:1.7.3) with ExtractAarTransform
Transforming material-ripple-release.aar (androidx.compose.material:material-ripple-android:1.7.3) with AarResourcesCompilerTransform
Transforming animation-release.aar (androidx.compose.animation:animation-android:1.7.3) with ExtractAarTransform
Transforming animation-release.aar (androidx.compose.animation:animation-android:1.7.3) with AarResourcesCompilerTransform
Transforming ui-tooling-data-release.aar (androidx.compose.ui:ui-tooling-data-android:1.7.3) with ExtractAarTransform
Transforming ui-tooling-data-release.aar (androidx.compose.ui:ui-tooling-data-android:1.7.3) with AarResourcesCompilerTransform
Transforming ui-unit-release.aar (androidx.compose.ui:ui-unit-android:1.7.3) with ExtractAarTransform
Transforming ui-unit-release.aar (androidx.compose.ui:ui-unit-android:1.7.3) with AarResourcesCompilerTransform
Transforming ui-text-release.aar (androidx.compose.ui:ui-text-android:1.7.3) with ExtractAarTransform
Transforming ui-text-release.aar (androidx.compose.ui:ui-text-android:1.7.3) with AarResourcesCompilerTransform
Transforming ui-util-release.aar (androidx.compose.ui:ui-util-android:1.7.3) with ExtractAarTransform
Transforming ui-util-release.aar (androidx.compose.ui:ui-util-android:1.7.3) with AarResourcesCompilerTransform
Transforming ui-geometry-release.aar (androidx.compose.ui:ui-geometry-android:1.7.3) with ExtractAarTransform
Transforming ui-geometry-release.aar (androidx.compose.ui:ui-geometry-android:1.7.3) with AarResourcesCompilerTransform
Transforming ui-tooling-preview-release.aar (androidx.compose.ui:ui-tooling-preview-android:1.7.3) with ExtractAarTransform
Transforming ui-tooling-preview-release.aar (androidx.compose.ui:ui-tooling-preview-android:1.7.3) with AarResourcesCompilerTransform
Transforming ui-graphics-release.aar (androidx.compose.ui:ui-graphics-android:1.7.3) with ExtractAarTransform
Transforming ui-graphics-release.aar (androidx.compose.ui:ui-graphics-android:1.7.3) with AarResourcesCompilerTransform
Transforming ui-tooling-release.aar (androidx.compose.ui:ui-tooling-android:1.7.3) with ExtractAarTransform
Transforming ui-tooling-release.aar (androidx.compose.ui:ui-tooling-android:1.7.3) with AarResourcesCompilerTransform
Transforming activity-compose-1.9.2.aar (androidx.activity:activity-compose:1.9.2) with ExtractAarTransform
Transforming activity-compose-1.9.2.aar (androidx.activity:activity-compose:1.9.2) with AarResourcesCompilerTransform
Transforming transition-1.5.0.aar (androidx.transition:transition:1.5.0) with ExtractAarTransform
Transforming transition-1.5.0.aar (androidx.transition:transition:1.5.0) with AarResourcesCompilerTransform
Transforming dynamicanimation-1.0.0.aar (androidx.dynamicanimation:dynamicanimation:1.0.0) with ExtractAarTransform
Transforming dynamicanimation-1.0.0.aar (androidx.dynamicanimation:dynamicanimation:1.0.0) with AarResourcesCompilerTransform
Transforming legacy-support-core-utils-1.0.0.aar (androidx.legacy:legacy-support-core-utils:1.0.0) with ExtractAarTransform
Transforming legacy-support-core-utils-1.0.0.aar (androidx.legacy:legacy-support-core-utils:1.0.0) with AarResourcesCompilerTransform
Transforming loader-1.0.0.aar (androidx.loader:loader:1.0.0) with ExtractAarTransform
Transforming loader-1.0.0.aar (androidx.loader:loader:1.0.0) with AarResourcesCompilerTransform
Transforming loader-1.0.0.aar (androidx.loader:loader:1.0.0) with ExtractAarTransform
Transforming loader-1.0.0.aar (androidx.loader:loader:1.0.0) with AarResourcesCompilerTransform
Transforming savedstate-ktx-1.2.1.aar (androidx.savedstate:savedstate-ktx:1.2.1) with ExtractAarTransform
Transforming savedstate-ktx-1.2.1.aar (androidx.savedstate:savedstate-ktx:1.2.1) with AarResourcesCompilerTransform
Transforming savedstate-1.2.1.aar (androidx.savedstate:savedstate:1.2.1) with ExtractAarTransform
Transforming savedstate-1.2.1.aar (androidx.savedstate:savedstate:1.2.1) with AarResourcesCompilerTransform
Transforming work-runtime-ktx-2.9.1.aar (androidx.work:work-runtime-ktx:2.9.1) with ExtractAarTransform
Transforming work-runtime-ktx-2.9.1.aar (androidx.work:work-runtime-ktx:2.9.1) with AarResourcesCompilerTransform
Transforming work-runtime-2.9.1.aar (androidx.work:work-runtime:2.9.1) with ExtractAarTransform
Transforming work-runtime-2.9.1.aar (androidx.work:work-runtime:2.9.1) with AarResourcesCompilerTransform
Transforming lifecycle-service-2.8.6.aar (androidx.lifecycle:lifecycle-service:2.8.6) with ExtractAarTransform
Transforming lifecycle-service-2.8.6.aar (androidx.lifecycle:lifecycle-service:2.8.6) with AarResourcesCompilerTransform
Transforming lifecycle-livedata-2.8.6.aar (androidx.lifecycle:lifecycle-livedata:2.8.6) with ExtractAarTransform
Transforming lifecycle-livedata-2.8.6.aar (androidx.lifecycle:lifecycle-livedata:2.8.6) with AarResourcesCompilerTransform
Transforming lifecycle-livedata-2.8.6.aar (androidx.lifecycle:lifecycle-livedata:2.8.6) with ExtractAarTransform
Transforming lifecycle-livedata-2.8.6.aar (androidx.lifecycle:lifecycle-livedata:2.8.6) with AarResourcesCompilerTransform
Transforming lifecycle-runtime-release.aar (androidx.lifecycle:lifecycle-runtime-android:2.8.6) with ExtractAarTransform
Transforming lifecycle-runtime-release.aar (androidx.lifecycle:lifecycle-runtime-android:2.8.6) with AarResourcesCompilerTransform
Transforming lifecycle-viewmodel-2.8.6.aar (androidx.lifecycle:lifecycle-viewmodel:2.8.6) with ExtractAarTransform
Transforming lifecycle-viewmodel-2.8.6.aar (androidx.lifecycle:lifecycle-viewmodel:2.8.6) with AarResourcesCompilerTransform
Transforming lifecycle-viewmodel-release.aar (androidx.lifecycle:lifecycle-viewmodel-android:2.8.6) with ExtractAarTransform
Transforming lifecycle-viewmodel-release.aar (androidx.lifecycle:lifecycle-viewmodel-android:2.8.6) with AarResourcesCompilerTransform
Transforming lifecycle-process-2.8.6.aar (androidx.lifecycle:lifecycle-process:2.8.6) with ExtractAarTransform
Transforming lifecycle-process-2.8.6.aar (androidx.lifecycle:lifecycle-process:2.8.6) with AarResourcesCompilerTransform
Transforming lifecycle-livedata-core-2.8.6.aar (androidx.lifecycle:lifecycle-livedata-core:2.8.6) with ExtractAarTransform
Transforming lifecycle-livedata-core-2.8.6.aar (androidx.lifecycle:lifecycle-livedata-core:2.8.6) with AarResourcesCompilerTransform
Transforming lifecycle-viewmodel-savedstate-2.8.6.aar (androidx.lifecycle:lifecycle-viewmodel-savedstate:2.8.6) with ExtractAarTransform
Transforming lifecycle-viewmodel-savedstate-2.8.6.aar (androidx.lifecycle:lifecycle-viewmodel-savedstate:2.8.6) with AarResourcesCompilerTransform
Transforming lifecycle-runtime-compose-release.aar (androidx.lifecycle:lifecycle-runtime-compose-android:2.8.6) with ExtractAarTransform
Transforming lifecycle-runtime-compose-release.aar (androidx.lifecycle:lifecycle-runtime-compose-android:2.8.6) with AarResourcesCompilerTransform
Transforming lifecycle-runtime-ktx-release.aar (androidx.lifecycle:lifecycle-runtime-ktx-android:2.8.6) with ExtractAarTransform
Transforming lifecycle-runtime-ktx-release.aar (androidx.lifecycle:lifecycle-runtime-ktx-android:2.8.6) with AarResourcesCompilerTransform
Transforming lifecycle-livedata-core-ktx-2.8.6.aar (androidx.lifecycle:lifecycle-livedata-core-ktx:2.8.6) with ExtractAarTransform
Transforming lifecycle-livedata-core-ktx-2.8.6.aar (androidx.lifecycle:lifecycle-livedata-core-ktx:2.8.6) with AarResourcesCompilerTransform
Transforming lifecycle-viewmodel-ktx-2.8.6.aar (androidx.lifecycle:lifecycle-viewmodel-ktx:2.8.6) with ExtractAarTransform
Transforming lifecycle-viewmodel-ktx-2.8.6.aar (androidx.lifecycle:lifecycle-viewmodel-ktx:2.8.6) with AarResourcesCompilerTransform
Transforming lifecycle-viewmodel-compose-release.aar (androidx.lifecycle:lifecycle-viewmodel-compose-android:2.8.6) with ExtractAarTransform
Transforming lifecycle-viewmodel-compose-release.aar (androidx.lifecycle:lifecycle-viewmodel-compose-android:2.8.6) with AarResourcesCompilerTransform
Transforming material-icons-extended-release.aar (androidx.compose.material:material-icons-extended-android:1.7.3) with ExtractAarTransform
Transforming material-icons-extended-release.aar (androidx.compose.material:material-icons-extended-android:1.7.3) with AarResourcesCompilerTransform
Transforming material-icons-core-release.aar (androidx.compose.material:material-icons-core-android:1.7.3) with ExtractAarTransform
Transforming material-icons-core-release.aar (androidx.compose.material:material-icons-core-android:1.7.3) with AarResourcesCompilerTransform
Transforming ui-release.aar (androidx.compose.ui:ui-android:1.7.3) with ExtractAarTransform
Transforming ui-release.aar (androidx.compose.ui:ui-android:1.7.3) with AarResourcesCompilerTransform
Transforming foundation-release.aar (androidx.compose.foundation:foundation-android:1.7.3) with ExtractAarTransform
Transforming foundation-release.aar (androidx.compose.foundation:foundation-android:1.7.3) with AarResourcesCompilerTransform
Transforming emoji2-views-helper-1.3.0.aar (androidx.emoji2:emoji2-views-helper:1.3.0) with ExtractAarTransform
Transforming emoji2-views-helper-1.3.0.aar (androidx.emoji2:emoji2-views-helper:1.3.0) with AarResourcesCompilerTransform
Transforming emoji2-1.3.0.aar (androidx.emoji2:emoji2:1.3.0) with ExtractAarTransform
Transforming emoji2-1.3.0.aar (androidx.emoji2:emoji2:1.3.0) with AarResourcesCompilerTransform
Transforming drawerlayout-1.1.1.aar (androidx.drawerlayout:drawerlayout:1.1.1) with ExtractAarTransform
Transforming drawerlayout-1.1.1.aar (androidx.drawerlayout:drawerlayout:1.1.1) with AarResourcesCompilerTransform
Transforming coordinatorlayout-1.1.0.aar (androidx.coordinatorlayout:coordinatorlayout:1.1.0) with ExtractAarTransform
Transforming coordinatorlayout-1.1.0.aar (androidx.coordinatorlayout:coordinatorlayout:1.1.0) with AarResourcesCompilerTransform
Transforming vectordrawable-animated-1.1.0.aar (androidx.vectordrawable:vectordrawable-animated:1.1.0) with ExtractAarTransform
Transforming vectordrawable-animated-1.1.0.aar (androidx.vectordrawable:vectordrawable-animated:1.1.0) with AarResourcesCompilerTransform
Transforming vectordrawable-1.1.0.aar (androidx.vectordrawable:vectordrawable:1.1.0) with ExtractAarTransform
Transforming vectordrawable-1.1.0.aar (androidx.vectordrawable:vectordrawable:1.1.0) with AarResourcesCompilerTransform
Transforming vectordrawable-1.1.0.aar (androidx.vectordrawable:vectordrawable:1.1.0) with ExtractAarTransform
Transforming vectordrawable-1.1.0.aar (androidx.vectordrawable:vectordrawable:1.1.0) with AarResourcesCompilerTransform
Transforming recyclerview-1.1.0.aar (androidx.recyclerview:recyclerview:1.1.0) with ExtractAarTransform
Transforming recyclerview-1.1.0.aar (androidx.recyclerview:recyclerview:1.1.0) with AarResourcesCompilerTransform
Transforming recyclerview-1.1.0.aar (androidx.recyclerview:recyclerview:1.1.0) with ExtractAarTransform
Transforming recyclerview-1.1.0.aar (androidx.recyclerview:recyclerview:1.1.0) with AarResourcesCompilerTransform
Transforming viewpager-1.0.0.aar (androidx.viewpager:viewpager:1.0.0) with ExtractAarTransform
Transforming viewpager-1.0.0.aar (androidx.viewpager:viewpager:1.0.0) with AarResourcesCompilerTransform
Transforming customview-1.1.0.aar (androidx.customview:customview:1.1.0) with ExtractAarTransform
Transforming customview-1.1.0.aar (androidx.customview:customview:1.1.0) with AarResourcesCompilerTransform
Transforming autofill-1.0.0.aar (androidx.autofill:autofill:1.0.0) with ExtractAarTransform
Transforming autofill-1.0.0.aar (androidx.autofill:autofill:1.0.0) with AarResourcesCompilerTransform
Transforming graphics-path-1.0.1.aar (androidx.graphics:graphics-path:1.0.1) with ExtractAarTransform
Transforming graphics-path-1.0.1.aar (androidx.graphics:graphics-path:1.0.1) with AarResourcesCompilerTransform
Transforming core-1.13.1.aar (androidx.core:core:1.13.1) with ExtractAarTransform
Transforming core-1.13.1.aar (androidx.core:core:1.13.1) with AarResourcesCompilerTransform
Transforming core-1.13.1.aar (androidx.core:core:1.13.1) with ExtractAarTransform
Transforming core-1.13.1.aar (androidx.core:core:1.13.1) with AarResourcesCompilerTransform
Transforming customview-poolingcontainer-1.0.0.aar (androidx.customview:customview-poolingcontainer:1.0.0) with ExtractAarTransform
Transforming customview-poolingcontainer-1.0.0.aar (androidx.customview:customview-poolingcontainer:1.0.0) with AarResourcesCompilerTransform
Transforming core-ktx-1.13.1.aar (androidx.core:core-ktx:1.13.1) with ExtractAarTransform
Transforming core-ktx-1.13.1.aar (androidx.core:core-ktx:1.13.1) with AarResourcesCompilerTransform
Transforming core-splashscreen-1.0.1.aar (androidx.core:core-splashscreen:1.0.1) with ExtractAarTransform
Transforming core-splashscreen-1.0.1.aar (androidx.core:core-splashscreen:1.0.1) with AarResourcesCompilerTransform
Transforming room-runtime-2.6.1.aar (androidx.room:room-runtime:2.6.1) with ExtractAarTransform
Transforming room-runtime-2.6.1.aar (androidx.room:room-runtime:2.6.1) with AarResourcesCompilerTransform
Transforming room-ktx-2.6.1.aar (androidx.room:room-ktx:2.6.1) with ExtractAarTransform
Transforming room-ktx-2.6.1.aar (androidx.room:room-ktx:2.6.1) with AarResourcesCompilerTransform
Transforming sqlcipher-android-4.6.1.aar (net.zetetic:sqlcipher-android:4.6.1) with ExtractAarTransform
Transforming sqlcipher-android-4.6.1.aar (net.zetetic:sqlcipher-android:4.6.1) with AarResourcesCompilerTransform
Transforming sqlite-framework-2.4.0.aar (androidx.sqlite:sqlite-framework:2.4.0) with ExtractAarTransform
Transforming sqlite-framework-2.4.0.aar (androidx.sqlite:sqlite-framework:2.4.0) with AarResourcesCompilerTransform
Transforming sqlite-2.4.0.aar (androidx.sqlite:sqlite:2.4.0) with ExtractAarTransform
Transforming sqlite-2.4.0.aar (androidx.sqlite:sqlite:2.4.0) with AarResourcesCompilerTransform
Transforming sqlite-ktx-2.4.0.aar (androidx.sqlite:sqlite-ktx:2.4.0) with ExtractAarTransform
Transforming sqlite-ktx-2.4.0.aar (androidx.sqlite:sqlite-ktx:2.4.0) with AarResourcesCompilerTransform
Transforming runtime-saveable-release.aar (androidx.compose.runtime:runtime-saveable-android:1.7.3) with ExtractAarTransform
Transforming runtime-saveable-release.aar (androidx.compose.runtime:runtime-saveable-android:1.7.3) with AarResourcesCompilerTransform
Transforming runtime-release.aar (androidx.compose.runtime:runtime-android:1.7.3) with ExtractAarTransform
Transforming runtime-release.aar (androidx.compose.runtime:runtime-android:1.7.3) with AarResourcesCompilerTransform
Transforming annotation-experimental-1.4.1.aar (androidx.annotation:annotation-experimental:1.4.1) with ExtractAarTransform
Transforming annotation-experimental-1.4.1.aar (androidx.annotation:annotation-experimental:1.4.1) with AarResourcesCompilerTransform
Transforming security-crypto-1.1.0-alpha06.aar (androidx.security:security-crypto:1.1.0-alpha06) with ExtractAarTransform
Transforming security-crypto-1.1.0-alpha06.aar (androidx.security:security-crypto:1.1.0-alpha06) with AarResourcesCompilerTransform
Transforming versionedparcelable-1.1.1.aar (androidx.versionedparcelable:versionedparcelable:1.1.1) with ExtractAarTransform
Transforming versionedparcelable-1.1.1.aar (androidx.versionedparcelable:versionedparcelable:1.1.1) with AarResourcesCompilerTransform
Transforming cursoradapter-1.0.0.aar (androidx.cursoradapter:cursoradapter:1.0.0) with ExtractAarTransform
Transforming cursoradapter-1.0.0.aar (androidx.cursoradapter:cursoradapter:1.0.0) with AarResourcesCompilerTransform
Transforming profileinstaller-1.3.1.aar (androidx.profileinstaller:profileinstaller:1.3.1) with ExtractAarTransform
Transforming profileinstaller-1.3.1.aar (androidx.profileinstaller:profileinstaller:1.3.1) with AarResourcesCompilerTransform
Transforming cardview-1.0.0.aar (androidx.cardview:cardview:1.0.0) with ExtractAarTransform
Transforming cardview-1.0.0.aar (androidx.cardview:cardview:1.0.0) with AarResourcesCompilerTransform
Transforming core-runtime-2.2.0.aar (androidx.arch.core:core-runtime:2.2.0) with ExtractAarTransform
Transforming core-runtime-2.2.0.aar (androidx.arch.core:core-runtime:2.2.0) with AarResourcesCompilerTransform
Transforming interpolator-1.0.0.aar (androidx.interpolator:interpolator:1.0.0) with ExtractAarTransform
Transforming interpolator-1.0.0.aar (androidx.interpolator:interpolator:1.0.0) with AarResourcesCompilerTransform
Transforming interpolator-1.0.0.aar (androidx.interpolator:interpolator:1.0.0) with ExtractAarTransform
Transforming interpolator-1.0.0.aar (androidx.interpolator:interpolator:1.0.0) with AarResourcesCompilerTransform
Transforming startup-runtime-1.1.1.aar (androidx.startup:startup-runtime:1.1.1) with ExtractAarTransform
Transforming startup-runtime-1.1.1.aar (androidx.startup:startup-runtime:1.1.1) with AarResourcesCompilerTransform
Transforming tracing-1.0.0.aar (androidx.tracing:tracing:1.0.0) with ExtractAarTransform
Transforming tracing-1.0.0.aar (androidx.tracing:tracing:1.0.0) with AarResourcesCompilerTransform
Transforming documentfile-1.0.0.aar (androidx.documentfile:documentfile:1.0.0) with ExtractAarTransform
Transforming documentfile-1.0.0.aar (androidx.documentfile:documentfile:1.0.0) with AarResourcesCompilerTransform
Transforming localbroadcastmanager-1.0.0.aar (androidx.localbroadcastmanager:localbroadcastmanager:1.0.0) with ExtractAarTransform
Transforming localbroadcastmanager-1.0.0.aar (androidx.localbroadcastmanager:localbroadcastmanager:1.0.0) with AarResourcesCompilerTransform
Transforming print-1.0.0.aar (androidx.print:print:1.0.0) with ExtractAarTransform
Transforming print-1.0.0.aar (androidx.print:print:1.0.0) with AarResourcesCompilerTransform
Transforming dagger-lint-aar-2.51.1.aar (com.google.dagger:dagger-lint-aar:2.51.1) with ExtractAarTransform
Transforming dagger-lint-aar-2.51.1.aar (com.google.dagger:dagger-lint-aar:2.51.1) with AarResourcesCompilerTransform
Build cache key for task ':app:processDebugResources' is a39362bae9f2b4a9db2eedb71f07eba1
Skipping task ':app:processDebugResources' as it is up-to-date.
Resolve mutations for :app:kspDebugKotlin (Thread[Execution worker,5,main]) started.
:app:kspDebugKotlin (Thread[Execution worker,5,main]) started.

> Task :app:kspDebugKotlin UP-TO-DATE
file or directory '/home/runner/work/sovereign-vantage-android/sovereign-vantage-android/app/src/debug/kotlin', not found
file or directory '/home/runner/work/sovereign-vantage-android/sovereign-vantage-android/app/src/debug/java', not found
file or directory '/home/runner/work/sovereign-vantage-android/sovereign-vantage-android/app/src/main/kotlin', not found
file or directory '/home/runner/work/sovereign-vantage-android/sovereign-vantage-android/app/src/debug/java', not found
Transforming viewbinding-8.5.2.aar (androidx.databinding:viewbinding:8.5.2) with AarToClassTransform
Transforming material-1.12.0.aar (com.google.android.material:material:1.12.0) with AarToClassTransform
Transforming appcompat-resources-1.7.0.aar (androidx.appcompat:appcompat-resources:1.7.0) with AarToClassTransform
Transforming constraintlayout-2.0.1.aar (androidx.constraintlayout:constraintlayout:2.0.1) with AarToClassTransform
Transforming appcompat-1.7.0.aar (androidx.appcompat:appcompat:1.7.0) with AarToClassTransform
Transforming hilt-navigation-compose-1.2.0.aar (androidx.hilt:hilt-navigation-compose:1.2.0) with AarToClassTransform
Transforming hilt-navigation-1.2.0.aar (androidx.hilt:hilt-navigation:1.2.0) with AarToClassTransform
Transforming hilt-android-2.51.1.aar (com.google.dagger:hilt-android:2.51.1) with AarToClassTransform
Transforming biometric-1.1.0.aar (androidx.biometric:biometric:1.1.0) with AarToClassTransform
Transforming viewpager2-1.0.0.aar (androidx.viewpager2:viewpager2:1.0.0) with AarToClassTransform
Transforming fragment-1.8.4.aar (androidx.fragment:fragment:1.8.4) with AarToClassTransform
Transforming fragment-1.8.4.aar (androidx.fragment:fragment:1.8.4) with AarToClassTransform
Transforming fragment-ktx-1.8.4.aar (androidx.fragment:fragment-ktx:1.8.4) with AarToClassTransform
Transforming navigation-common-2.8.3.aar (androidx.navigation:navigation-common:2.8.3) with AarToClassTransform
Transforming navigation-runtime-2.8.3.aar (androidx.navigation:navigation-runtime:2.8.3) with AarToClassTransform
Transforming navigation-common-ktx-2.8.3.aar (androidx.navigation:navigation-common-ktx:2.8.3) with AarToClassTransform
Transforming navigation-runtime-ktx-2.8.3.aar (androidx.navigation:navigation-runtime-ktx:2.8.3) with AarToClassTransform
Transforming navigation-compose-2.8.3.aar (androidx.navigation:navigation-compose:2.8.3) with AarToClassTransform
Transforming activity-1.9.2.aar (androidx.activity:activity:1.9.2) with AarToClassTransform
Transforming activity-compose-1.9.2.aar (androidx.activity:activity-compose:1.9.2) with AarToClassTransform
Transforming activity-ktx-1.9.2.aar (androidx.activity:activity-ktx:1.9.2) with AarToClassTransform
Transforming material3-release.aar (androidx.compose.material3:material3-android:1.3.0) with AarToClassTransform
Transforming foundation-layout-release.aar (androidx.compose.foundation:foundation-layout-android:1.7.3) with AarToClassTransform
Transforming material-ripple-release.aar (androidx.compose.material:material-ripple-android:1.7.3) with AarToClassTransform
Transforming foundation-release.aar (androidx.compose.foundation:foundation-android:1.7.3) with AarToClassTransform
Transforming animation-core-release.aar (androidx.compose.animation:animation-core-android:1.7.3) with AarToClassTransform
Transforming animation-release.aar (androidx.compose.animation:animation-android:1.7.3) with AarToClassTransform
Transforming ui-util-release.aar (androidx.compose.ui:ui-util-android:1.7.3) with AarToClassTransform
Transforming ui-unit-release.aar (androidx.compose.ui:ui-unit-android:1.7.3) with AarToClassTransform
Transforming ui-text-release.aar (androidx.compose.ui:ui-text-android:1.7.3) with AarToClassTransform
Transforming ui-geometry-release.aar (androidx.compose.ui:ui-geometry-android:1.7.3) with AarToClassTransform
Transforming ui-tooling-data-release.aar (androidx.compose.ui:ui-tooling-data-android:1.7.3) with AarToClassTransform
Transforming ui-tooling-preview-release.aar (androidx.compose.ui:ui-tooling-preview-android:1.7.3) with AarToClassTransform
Transforming ui-graphics-release.aar (androidx.compose.ui:ui-graphics-android:1.7.3) with AarToClassTransform
Transforming ui-tooling-release.aar (androidx.compose.ui:ui-tooling-android:1.7.3) with AarToClassTransform
Transforming material-icons-extended-release.aar (androidx.compose.material:material-icons-extended-android:1.7.3) with AarToClassTransform
Transforming material-icons-core-release.aar (androidx.compose.material:material-icons-core-android:1.7.3) with AarToClassTransform
Transforming ui-release.aar (androidx.compose.ui:ui-android:1.7.3) with AarToClassTransform
Transforming drawerlayout-1.1.1.aar (androidx.drawerlayout:drawerlayout:1.1.1) with AarToClassTransform
Transforming coordinatorlayout-1.1.0.aar (androidx.coordinatorlayout:coordinatorlayout:1.1.0) with AarToClassTransform
Transforming dynamicanimation-1.0.0.aar (androidx.dynamicanimation:dynamicanimation:1.0.0) with AarToClassTransform
Transforming recyclerview-1.1.0.aar (androidx.recyclerview:recyclerview:1.1.0) with AarToClassTransform
Transforming recyclerview-1.1.0.aar (androidx.recyclerview:recyclerview:1.1.0) with AarToClassTransform
Transforming transition-1.5.0.aar (androidx.transition:transition:1.5.0) with AarToClassTransform
Transforming vectordrawable-animated-1.1.0.aar (androidx.vectordrawable:vectordrawable-animated:1.1.0) with AarToClassTransform
Transforming vectordrawable-1.1.0.aar (androidx.vectordrawable:vectordrawable:1.1.0) with AarToClassTransform
Transforming vectordrawable-1.1.0.aar (androidx.vectordrawable:vectordrawable:1.1.0) with AarToClassTransform
Transforming viewpager-1.0.0.aar (androidx.viewpager:viewpager:1.0.0) with AarToClassTransform
Transforming customview-1.1.0.aar (androidx.customview:customview:1.1.0) with AarToClassTransform
Transforming legacy-support-core-utils-1.0.0.aar (androidx.legacy:legacy-support-core-utils:1.0.0) with AarToClassTransform
Transforming loader-1.0.0.aar (androidx.loader:loader:1.0.0) with AarToClassTransform
Transforming loader-1.0.0.aar (androidx.loader:loader:1.0.0) with AarToClassTransform
Transforming core-1.13.1.aar (androidx.core:core:1.13.1) with AarToClassTransform
Transforming core-1.13.1.aar (androidx.core:core:1.13.1) with AarToClassTransform
Transforming work-runtime-ktx-2.9.1.aar (androidx.work:work-runtime-ktx:2.9.1) with AarToClassTransform
Transforming work-runtime-2.9.1.aar (androidx.work:work-runtime:2.9.1) with AarToClassTransform
Transforming lifecycle-livedata-2.8.6.aar (androidx.lifecycle:lifecycle-livedata:2.8.6) with AarToClassTransform
Transforming lifecycle-livedata-2.8.6.aar (androidx.lifecycle:lifecycle-livedata:2.8.6) with AarToClassTransform
Transforming lifecycle-viewmodel-2.8.6.aar (androidx.lifecycle:lifecycle-viewmodel:2.8.6) with AarToClassTransform
Transforming lifecycle-viewmodel-release.aar (androidx.lifecycle:lifecycle-viewmodel-android:2.8.6) with AarToClassTransform
Transforming lifecycle-runtime-release.aar (androidx.lifecycle:lifecycle-runtime-android:2.8.6) with AarToClassTransform
Transforming lifecycle-livedata-core-2.8.6.aar (androidx.lifecycle:lifecycle-livedata-core:2.8.6) with AarToClassTransform
Transforming lifecycle-runtime-compose-release.aar (androidx.lifecycle:lifecycle-runtime-compose-android:2.8.6) with AarToClassTransform
Transforming lifecycle-runtime-ktx-release.aar (androidx.lifecycle:lifecycle-runtime-ktx-android:2.8.6) with AarToClassTransform
Transforming lifecycle-viewmodel-compose-release.aar (androidx.lifecycle:lifecycle-viewmodel-compose-android:2.8.6) with AarToClassTransform
Transforming lifecycle-livedata-core-ktx-2.8.6.aar (androidx.lifecycle:lifecycle-livedata-core-ktx:2.8.6) with AarToClassTransform
Transforming lifecycle-viewmodel-ktx-2.8.6.aar (androidx.lifecycle:lifecycle-viewmodel-ktx:2.8.6) with AarToClassTransform
Transforming lifecycle-viewmodel-savedstate-2.8.6.aar (androidx.lifecycle:lifecycle-viewmodel-savedstate:2.8.6) with AarToClassTransform
Transforming core-ktx-1.13.1.aar (androidx.core:core-ktx:1.13.1) with AarToClassTransform
Transforming core-splashscreen-1.0.1.aar (androidx.core:core-splashscreen:1.0.1) with AarToClassTransform
Transforming room-runtime-2.6.1.aar (androidx.room:room-runtime:2.6.1) with AarToClassTransform
Transforming room-ktx-2.6.1.aar (androidx.room:room-ktx:2.6.1) with AarToClassTransform
Transforming sqlite-framework-2.4.0.aar (androidx.sqlite:sqlite-framework:2.4.0) with AarToClassTransform
Transforming sqlite-2.4.0.aar (androidx.sqlite:sqlite:2.4.0) with AarToClassTransform
Transforming sqlite-ktx-2.4.0.aar (androidx.sqlite:sqlite-ktx:2.4.0) with AarToClassTransform
Transforming runtime-saveable-release.aar (androidx.compose.runtime:runtime-saveable-android:1.7.3) with AarToClassTransform
Transforming runtime-release.aar (androidx.compose.runtime:runtime-android:1.7.3) with AarToClassTransform
Transforming savedstate-ktx-1.2.1.aar (androidx.savedstate:savedstate-ktx:1.2.1) with AarToClassTransform
Transforming savedstate-1.2.1.aar (androidx.savedstate:savedstate:1.2.1) with AarToClassTransform
Transforming annotation-experimental-1.4.1.aar (androidx.annotation:annotation-experimental:1.4.1) with AarToClassTransform
Transforming security-crypto-1.1.0-alpha06.aar (androidx.security:security-crypto:1.1.0-alpha06) with AarToClassTransform
Transforming cursoradapter-1.0.0.aar (androidx.cursoradapter:cursoradapter:1.0.0) with AarToClassTransform
Transforming cardview-1.0.0.aar (androidx.cardview:cardview:1.0.0) with AarToClassTransform
Transforming versionedparcelable-1.1.1.aar (androidx.versionedparcelable:versionedparcelable:1.1.1) with AarToClassTransform
Transforming interpolator-1.0.0.aar (androidx.interpolator:interpolator:1.0.0) with AarToClassTransform
Transforming documentfile-1.0.0.aar (androidx.documentfile:documentfile:1.0.0) with AarToClassTransform
Transforming localbroadcastmanager-1.0.0.aar (androidx.localbroadcastmanager:localbroadcastmanager:1.0.0) with AarToClassTransform
Transforming print-1.0.0.aar (androidx.print:print:1.0.0) with AarToClassTransform
Transforming core-runtime-2.2.0.aar (androidx.arch.core:core-runtime:2.2.0) with AarToClassTransform
Transforming sqlcipher-android-4.6.1.aar (net.zetetic:sqlcipher-android:4.6.1) with AarToClassTransform
Transforming gson-2.10.1.jar (com.google.code.gson:gson:2.10.1) with IdentityTransform
Transforming startup-runtime-1.1.1.aar (androidx.startup:startup-runtime:1.1.1) with AarToClassTransform
Transforming javax.inject-1.jar (javax.inject:javax.inject:1) with IdentityTransform
Transforming dagger-lint-aar-2.51.1.aar (com.google.dagger:dagger-lint-aar:2.51.1) with AarToClassTransform
Transforming jsr305-3.0.2.jar (com.google.code.findbugs:jsr305:3.0.2) with IdentityTransform
Transforming room-common-2.6.1.jar (androidx.room:room-common:2.6.1) with IdentityTransform
Transforming kotlinx-coroutines-core-jvm-1.8.1.jar (org.jetbrains.kotlinx:kotlinx-coroutines-core-jvm:1.8.1) with IdentityTransform
Transforming kotlinx-coroutines-android-1.8.1.jar (org.jetbrains.kotlinx:kotlinx-coroutines-android:1.8.1) with IdentityTransform
Transforming logging-interceptor-4.12.0.jar (com.squareup.okhttp3:logging-interceptor:4.12.0) with IdentityTransform
Transforming okhttp-sse-4.12.0.jar (com.squareup.okhttp3:okhttp-sse:4.12.0) with IdentityTransform
Transforming converter-gson-2.9.0.jar (com.squareup.retrofit2:converter-gson:2.9.0) with IdentityTransform
Transforming retrofit-2.9.0.jar (com.squareup.retrofit2:retrofit:2.9.0) with IdentityTransform
Transforming okhttp-4.12.0.jar (com.squareup.okhttp3:okhttp:4.12.0) with IdentityTransform
Transforming okio-jvm-3.6.0.jar (com.squareup.okio:okio-jvm:3.6.0) with IdentityTransform
Transforming kotlin-stdlib-jdk8-1.9.10.jar (org.jetbrains.kotlin:kotlin-stdlib-jdk8:1.9.10) with IdentityTransform
Transforming kotlinx-serialization-core-jvm-1.6.3.jar (org.jetbrains.kotlinx:kotlinx-serialization-core-jvm:1.6.3) with IdentityTransform
Transforming kotlinx-serialization-json-jvm-1.6.3.jar (org.jetbrains.kotlinx:kotlinx-serialization-json-jvm:1.6.3) with IdentityTransform
Transforming collection-ktx-1.4.4.jar (androidx.collection:collection-ktx:1.4.4) with IdentityTransform
Transforming collection-jvm-1.4.4.jar (androidx.collection:collection-jvm:1.4.4) with IdentityTransform
Transforming core-common-2.2.0.jar (androidx.arch.core:core-common:2.2.0) with IdentityTransform
Transforming lifecycle-common-jvm-2.8.6.jar (androidx.lifecycle:lifecycle-common-jvm:2.8.6) with IdentityTransform
Transforming annotation-jvm-1.8.1.jar (androidx.annotation:annotation-jvm:1.8.1) with IdentityTransform
Transforming kotlin-stdlib-jdk7-1.9.10.jar (org.jetbrains.kotlin:kotlin-stdlib-jdk7:1.9.10) with IdentityTransform
Transforming kotlin-stdlib-2.0.20.jar (org.jetbrains.kotlin:kotlin-stdlib:2.0.20) with IdentityTransform
Transforming core-3.5.3.jar (com.google.zxing:core:3.5.3) with IdentityTransform
Transforming annotations-23.0.0.jar (org.jetbrains:annotations:23.0.0) with IdentityTransform
Transforming listenablefuture-1.0.jar (com.google.guava:listenablefuture:1.0) with IdentityTransform
Transforming resourceinspection-annotation-1.0.1.jar (androidx.resourceinspection:resourceinspection-annotation:1.0.1) with IdentityTransform
Transforming constraintlayout-solver-2.0.1.jar (androidx.constraintlayout:constraintlayout-solver:2.0.1) with IdentityTransform
Transforming hilt-core-2.51.1.jar (com.google.dagger:hilt-core:2.51.1) with IdentityTransform
Transforming dagger-2.51.1.jar (com.google.dagger:dagger:2.51.1) with IdentityTransform
Transforming R.jar with BuildToolsApiClasspathEntrySnapshotTransform
Transforming viewbinding-8.5.2-api.jar with BuildToolsApiClasspathEntrySnapshotTransform
Transforming material-1.12.0-api.jar with BuildToolsApiClasspathEntrySnapshotTransform
Transforming appcompat-resources-1.7.0-api.jar with BuildToolsApiClasspathEntrySnapshotTransform
Transforming constraintlayout-2.0.1-api.jar with BuildToolsApiClasspathEntrySnapshotTransform
Transforming appcompat-1.7.0-api.jar with BuildToolsApiClasspathEntrySnapshotTransform
Transforming hilt-navigation-compose-1.2.0-api.jar with BuildToolsApiClasspathEntrySnapshotTransform
Transforming hilt-navigation-1.2.0-api.jar with BuildToolsApiClasspathEntrySnapshotTransform
Transforming hilt-android-2.51.1-api.jar with BuildToolsApiClasspathEntrySnapshotTransform
Transforming biometric-1.1.0-api.jar with BuildToolsApiClasspathEntrySnapshotTransform
Transforming viewpager2-1.0.0-api.jar with BuildToolsApiClasspathEntrySnapshotTransform
Transforming fragment-1.8.4-api.jar with BuildToolsApiClasspathEntrySnapshotTransform
Transforming fragment-ktx-1.8.4-api.jar with BuildToolsApiClasspathEntrySnapshotTransform
Transforming navigation-common-2.8.3-api.jar with BuildToolsApiClasspathEntrySnapshotTransform
Transforming navigation-runtime-2.8.3-api.jar with BuildToolsApiClasspathEntrySnapshotTransform
Transforming navigation-common-ktx-2.8.3-api.jar with BuildToolsApiClasspathEntrySnapshotTransform
Transforming navigation-runtime-ktx-2.8.3-api.jar with BuildToolsApiClasspathEntrySnapshotTransform
Transforming navigation-compose-2.8.3-api.jar with BuildToolsApiClasspathEntrySnapshotTransform
Transforming activity-1.9.2-api.jar with BuildToolsApiClasspathEntrySnapshotTransform
Transforming activity-compose-1.9.2-api.jar with BuildToolsApiClasspathEntrySnapshotTransform
Transforming activity-ktx-1.9.2-api.jar with BuildToolsApiClasspathEntrySnapshotTransform
Transforming material3-release-api.jar with BuildToolsApiClasspathEntrySnapshotTransform
Transforming foundation-layout-release-api.jar with BuildToolsApiClasspathEntrySnapshotTransform
Transforming material-ripple-release-api.jar with BuildToolsApiClasspathEntrySnapshotTransform
Transforming foundation-release-api.jar with BuildToolsApiClasspathEntrySnapshotTransform
Transforming animation-core-release-api.jar with BuildToolsApiClasspathEntrySnapshotTransform
Transforming animation-release-api.jar with BuildToolsApiClasspathEntrySnapshotTransform
Transforming ui-util-release-api.jar with BuildToolsApiClasspathEntrySnapshotTransform
Transforming ui-unit-release-api.jar with BuildToolsApiClasspathEntrySnapshotTransform
Transforming ui-text-release-api.jar with BuildToolsApiClasspathEntrySnapshotTransform
Transforming ui-geometry-release-api.jar with BuildToolsApiClasspathEntrySnapshotTransform
Transforming ui-tooling-data-release-api.jar with BuildToolsApiClasspathEntrySnapshotTransform
Transforming ui-tooling-preview-release-api.jar with BuildToolsApiClasspathEntrySnapshotTransform
Transforming ui-graphics-release-api.jar with BuildToolsApiClasspathEntrySnapshotTransform
Transforming ui-tooling-release-api.jar with BuildToolsApiClasspathEntrySnapshotTransform
Transforming material-icons-extended-release-api.jar with BuildToolsApiClasspathEntrySnapshotTransform
Transforming material-icons-core-release-api.jar with BuildToolsApiClasspathEntrySnapshotTransform
Transforming ui-release-api.jar with BuildToolsApiClasspathEntrySnapshotTransform
Transforming drawerlayout-1.1.1-api.jar with BuildToolsApiClasspathEntrySnapshotTransform
Transforming coordinatorlayout-1.1.0-api.jar with BuildToolsApiClasspathEntrySnapshotTransform
Transforming dynamicanimation-1.0.0-api.jar with BuildToolsApiClasspathEntrySnapshotTransform
Transforming recyclerview-1.1.0-api.jar with BuildToolsApiClasspathEntrySnapshotTransform
Transforming transition-1.5.0-api.jar with BuildToolsApiClasspathEntrySnapshotTransform
Transforming vectordrawable-animated-1.1.0-api.jar with BuildToolsApiClasspathEntrySnapshotTransform
Transforming vectordrawable-1.1.0-api.jar with BuildToolsApiClasspathEntrySnapshotTransform
Transforming viewpager-1.0.0-api.jar with BuildToolsApiClasspathEntrySnapshotTransform
Transforming customview-1.1.0-api.jar with BuildToolsApiClasspathEntrySnapshotTransform
Transforming legacy-support-core-utils-1.0.0-api.jar with BuildToolsApiClasspathEntrySnapshotTransform
Transforming loader-1.0.0-api.jar with BuildToolsApiClasspathEntrySnapshotTransform
Transforming core-1.13.1-api.jar with BuildToolsApiClasspathEntrySnapshotTransform
Transforming work-runtime-ktx-2.9.1-api.jar with BuildToolsApiClasspathEntrySnapshotTransform
Transforming work-runtime-2.9.1-api.jar with BuildToolsApiClasspathEntrySnapshotTransform
Transforming lifecycle-livedata-2.8.6-api.jar with BuildToolsApiClasspathEntrySnapshotTransform
Transforming lifecycle-common-jvm-2.8.6.jar with BuildToolsApiClasspathEntrySnapshotTransform
Transforming lifecycle-viewmodel-2.8.6-api.jar with BuildToolsApiClasspathEntrySnapshotTransform
Transforming lifecycle-viewmodel-release-api.jar with BuildToolsApiClasspathEntrySnapshotTransform
Transforming lifecycle-runtime-release-api.jar with BuildToolsApiClasspathEntrySnapshotTransform
Transforming lifecycle-livedata-core-2.8.6-api.jar with BuildToolsApiClasspathEntrySnapshotTransform
Transforming lifecycle-runtime-compose-release-api.jar with BuildToolsApiClasspathEntrySnapshotTransform
Transforming lifecycle-runtime-ktx-release-api.jar with BuildToolsApiClasspathEntrySnapshotTransform
Transforming lifecycle-viewmodel-compose-release-api.jar with BuildToolsApiClasspathEntrySnapshotTransform
Transforming lifecycle-livedata-core-ktx-2.8.6-api.jar with BuildToolsApiClasspathEntrySnapshotTransform
Transforming lifecycle-viewmodel-ktx-2.8.6-api.jar with BuildToolsApiClasspathEntrySnapshotTransform
Transforming lifecycle-viewmodel-savedstate-2.8.6-api.jar with BuildToolsApiClasspathEntrySnapshotTransform
Transforming core-ktx-1.13.1-api.jar with BuildToolsApiClasspathEntrySnapshotTransform
Transforming core-splashscreen-1.0.1-api.jar with BuildToolsApiClasspathEntrySnapshotTransform
Transforming room-common-2.6.1.jar with BuildToolsApiClasspathEntrySnapshotTransform
Transforming room-runtime-2.6.1-api.jar with BuildToolsApiClasspathEntrySnapshotTransform
Transforming room-ktx-2.6.1-api.jar with BuildToolsApiClasspathEntrySnapshotTransform
Transforming sqlite-framework-2.4.0-api.jar with BuildToolsApiClasspathEntrySnapshotTransform
Transforming sqlite-2.4.0-api.jar with BuildToolsApiClasspathEntrySnapshotTransform
Transforming sqlite-ktx-2.4.0-api.jar with BuildToolsApiClasspathEntrySnapshotTransform
Transforming runtime-saveable-release-api.jar with BuildToolsApiClasspathEntrySnapshotTransform
Transforming runtime-release-api.jar with BuildToolsApiClasspathEntrySnapshotTransform
Transforming kotlinx-coroutines-core-jvm-1.8.1.jar with BuildToolsApiClasspathEntrySnapshotTransform
Transforming kotlinx-coroutines-android-1.8.1.jar with BuildToolsApiClasspathEntrySnapshotTransform
Transforming savedstate-ktx-1.2.1-api.jar with BuildToolsApiClasspathEntrySnapshotTransform
Transforming savedstate-1.2.1-api.jar with BuildToolsApiClasspathEntrySnapshotTransform
Transforming annotation-experimental-1.4.1-api.jar with BuildToolsApiClasspathEntrySnapshotTransform
Transforming logging-interceptor-4.12.0.jar with BuildToolsApiClasspathEntrySnapshotTransform
Transforming okhttp-sse-4.12.0.jar with BuildToolsApiClasspathEntrySnapshotTransform
Transforming converter-gson-2.9.0.jar with BuildToolsApiClasspathEntrySnapshotTransform
Transforming retrofit-2.9.0.jar with BuildToolsApiClasspathEntrySnapshotTransform
Transforming okhttp-4.12.0.jar with BuildToolsApiClasspathEntrySnapshotTransform
Transforming okio-jvm-3.6.0.jar with BuildToolsApiClasspathEntrySnapshotTransform
Transforming kotlin-stdlib-jdk8-1.9.10.jar with BuildToolsApiClasspathEntrySnapshotTransform
Transforming kotlinx-serialization-core-jvm-1.6.3.jar with BuildToolsApiClasspathEntrySnapshotTransform
Transforming kotlinx-serialization-json-jvm-1.6.3.jar with BuildToolsApiClasspathEntrySnapshotTransform
Transforming security-crypto-1.1.0-alpha06-api.jar with BuildToolsApiClasspathEntrySnapshotTransform
Transforming cursoradapter-1.0.0-api.jar with BuildToolsApiClasspathEntrySnapshotTransform
Transforming cardview-1.0.0-api.jar with BuildToolsApiClasspathEntrySnapshotTransform
Transforming versionedparcelable-1.1.1-api.jar with BuildToolsApiClasspathEntrySnapshotTransform
Transforming interpolator-1.0.0-api.jar with BuildToolsApiClasspathEntrySnapshotTransform
Transforming collection-ktx-1.4.4.jar with BuildToolsApiClasspathEntrySnapshotTransform
Transforming collection-jvm-1.4.4.jar with BuildToolsApiClasspathEntrySnapshotTransform
Transforming documentfile-1.0.0-api.jar with BuildToolsApiClasspathEntrySnapshotTransform
Transforming localbroadcastmanager-1.0.0-api.jar with BuildToolsApiClasspathEntrySnapshotTransform
Transforming print-1.0.0-api.jar with BuildToolsApiClasspathEntrySnapshotTransform
Transforming core-runtime-2.2.0-api.jar with BuildToolsApiClasspathEntrySnapshotTransform
Transforming core-common-2.2.0.jar with BuildToolsApiClasspathEntrySnapshotTransform
Transforming annotation-jvm-1.8.1.jar with BuildToolsApiClasspathEntrySnapshotTransform
Transforming kotlin-stdlib-jdk7-1.9.10.jar with BuildToolsApiClasspathEntrySnapshotTransform
Transforming kotlin-stdlib-2.0.20.jar with BuildToolsApiClasspathEntrySnapshotTransform
Transforming sqlcipher-android-4.6.1-api.jar with BuildToolsApiClasspathEntrySnapshotTransform
Transforming gson-2.10.1.jar with BuildToolsApiClasspathEntrySnapshotTransform
Transforming core-3.5.3.jar with BuildToolsApiClasspathEntrySnapshotTransform
Transforming annotations-23.0.0.jar with BuildToolsApiClasspathEntrySnapshotTransform
Transforming listenablefuture-1.0.jar with BuildToolsApiClasspathEntrySnapshotTransform
Transforming startup-runtime-1.1.1-api.jar with BuildToolsApiClasspathEntrySnapshotTransform
Transforming resourceinspection-annotation-1.0.1.jar with BuildToolsApiClasspathEntrySnapshotTransform
Transforming constraintlayout-solver-2.0.1.jar with BuildToolsApiClasspathEntrySnapshotTransform
Transforming hilt-core-2.51.1.jar with BuildToolsApiClasspathEntrySnapshotTransform
Transforming dagger-2.51.1.jar with BuildToolsApiClasspathEntrySnapshotTransform
Transforming javax.inject-1.jar with BuildToolsApiClasspathEntrySnapshotTransform
Transforming dagger-lint-aar-2.51.1-api.jar with BuildToolsApiClasspathEntrySnapshotTransform
Transforming jsr305-3.0.2.jar with BuildToolsApiClasspathEntrySnapshotTransform
Transforming android.jar with BuildToolsApiClasspathEntrySnapshotTransform
Transforming core-lambda-stubs.jar with BuildToolsApiClasspathEntrySnapshotTransform
file or directory '/home/runner/work/sovereign-vantage-android/sovereign-vantage-android/app/src/debug/kotlin', not found
file or directory '/home/runner/work/sovereign-vantage-android/sovereign-vantage-android/app/src/debug/java', not found
file or directory '/home/runner/work/sovereign-vantage-android/sovereign-vantage-android/app/src/main/kotlin', not found
file or directory '/home/runner/work/sovereign-vantage-android/sovereign-vantage-android/app/src/debug/java', not found
Build cache key for task ':app:kspDebugKotlin' is 83b185a8b5c049266eb840438ea440c7
Skipping task ':app:kspDebugKotlin' as it is up-to-date.
Resolve mutations for :app:compileDebugKotlin (Thread[included builds,5,main]) started.
:app:compileDebugKotlin (Thread[included builds,5,main]) started.
Resolve mutations for :app:javaPreCompileDebug (Thread[Execution worker,5,main]) started.
:app:javaPreCompileDebug (Thread[Execution worker,5,main]) started.

> Task :app:javaPreCompileDebug FROM-CACHE
Build cache key for task ':app:javaPreCompileDebug' is 3847702e12c6b2f18a3ce398c251dbb2
Task ':app:javaPreCompileDebug' is not up-to-date because:
  No history is available.
Loaded cache entry for task ':app:javaPreCompileDebug' with cache key 3847702e12c6b2f18a3ce398c251dbb2
Resolve mutations for :app:mergeDebugShaders (Thread[Execution worker,5,main]) started.
:app:mergeDebugShaders (Thread[Execution worker,5,main]) started.

> Task :app:mergeDebugShaders
Caching disabled for task ':app:mergeDebugShaders' because:
  Simple merging task
Task ':app:mergeDebugShaders' is not up-to-date because:
  No history is available.
The input changes require a full rebuild for incremental task ':app:mergeDebugShaders'.
Resolve mutations for :app:compileDebugShaders (Thread[Execution worker,5,main]) started.
:app:compileDebugShaders (Thread[Execution worker,5,main]) started.

> Task :app:compileDebugShaders NO-SOURCE
Skipping task ':app:compileDebugShaders' as it has no source files and no previous output files.
Resolve mutations for :app:generateDebugAssets (Thread[Execution worker,5,main]) started.
:app:generateDebugAssets (Thread[Execution worker,5,main]) started.

> Task :app:generateDebugAssets UP-TO-DATE
Skipping task ':app:generateDebugAssets' as it has no actions.
Resolve mutations for :app:mergeDebugAssets (Thread[Execution worker,5,main]) started.
:app:mergeDebugAssets (Thread[Execution worker,5,main]) started.

> Task :app:mergeDebugAssets
Transforming viewbinding-8.5.2.aar (androidx.databinding:viewbinding:8.5.2) with ExtractAarTransform
Transforming viewbinding-8.5.2.aar (androidx.databinding:viewbinding:8.5.2) with AarTransform
Transforming material-1.12.0.aar (com.google.android.material:material:1.12.0) with ExtractAarTransform
Transforming material-1.12.0.aar (com.google.android.material:material:1.12.0) with AarTransform
Transforming biometric-1.1.0.aar (androidx.biometric:biometric:1.1.0) with ExtractAarTransform
Transforming biometric-1.1.0.aar (androidx.biometric:biometric:1.1.0) with AarTransform
Transforming appcompat-resources-1.7.0.aar (androidx.appcompat:appcompat-resources:1.7.0) with ExtractAarTransform
Transforming appcompat-resources-1.7.0.aar (androidx.appcompat:appcompat-resources:1.7.0) with AarTransform
Transforming constraintlayout-2.0.1.aar (androidx.constraintlayout:constraintlayout:2.0.1) with ExtractAarTransform
Transforming constraintlayout-2.0.1.aar (androidx.constraintlayout:constraintlayout:2.0.1) with AarTransform
Transforming appcompat-1.7.0.aar (androidx.appcompat:appcompat:1.7.0) with ExtractAarTransform
Transforming appcompat-1.7.0.aar (androidx.appcompat:appcompat:1.7.0) with AarTransform
Transforming hilt-navigation-compose-1.2.0.aar (androidx.hilt:hilt-navigation-compose:1.2.0) with ExtractAarTransform
Transforming hilt-navigation-compose-1.2.0.aar (androidx.hilt:hilt-navigation-compose:1.2.0) with AarTransform
Transforming hilt-navigation-1.2.0.aar (androidx.hilt:hilt-navigation:1.2.0) with ExtractAarTransform
Transforming hilt-navigation-1.2.0.aar (androidx.hilt:hilt-navigation:1.2.0) with AarTransform
Transforming hilt-android-2.51.1.aar (com.google.dagger:hilt-android:2.51.1) with ExtractAarTransform
Transforming hilt-android-2.51.1.aar (com.google.dagger:hilt-android:2.51.1) with AarTransform
Transforming viewpager2-1.0.0.aar (androidx.viewpager2:viewpager2:1.0.0) with ExtractAarTransform
Transforming viewpager2-1.0.0.aar (androidx.viewpager2:viewpager2:1.0.0) with AarTransform
Transforming fragment-1.8.4.aar (androidx.fragment:fragment:1.8.4) with ExtractAarTransform
Transforming fragment-1.8.4.aar (androidx.fragment:fragment:1.8.4) with AarTransform
Transforming fragment-1.8.4.aar (androidx.fragment:fragment:1.8.4) with ExtractAarTransform
Transforming fragment-1.8.4.aar (androidx.fragment:fragment:1.8.4) with AarTransform
Transforming fragment-ktx-1.8.4.aar (androidx.fragment:fragment-ktx:1.8.4) with ExtractAarTransform
Transforming fragment-ktx-1.8.4.aar (androidx.fragment:fragment-ktx:1.8.4) with AarTransform
Transforming material3-release.aar (androidx.compose.material3:material3-android:1.3.0) with ExtractAarTransform
Transforming material3-release.aar (androidx.compose.material3:material3-android:1.3.0) with AarTransform
Transforming navigation-common-2.8.3.aar (androidx.navigation:navigation-common:2.8.3) with ExtractAarTransform
Transforming navigation-common-2.8.3.aar (androidx.navigation:navigation-common:2.8.3) with AarTransform
Transforming navigation-runtime-2.8.3.aar (androidx.navigation:navigation-runtime:2.8.3) with ExtractAarTransform
Transforming navigation-runtime-2.8.3.aar (androidx.navigation:navigation-runtime:2.8.3) with AarTransform
Transforming navigation-common-ktx-2.8.3.aar (androidx.navigation:navigation-common-ktx:2.8.3) with ExtractAarTransform
Transforming navigation-common-ktx-2.8.3.aar (androidx.navigation:navigation-common-ktx:2.8.3) with AarTransform
Transforming navigation-runtime-ktx-2.8.3.aar (androidx.navigation:navigation-runtime-ktx:2.8.3) with ExtractAarTransform
Transforming navigation-runtime-ktx-2.8.3.aar (androidx.navigation:navigation-runtime-ktx:2.8.3) with AarTransform
Transforming navigation-compose-2.8.3.aar (androidx.navigation:navigation-compose:2.8.3) with ExtractAarTransform
Transforming navigation-compose-2.8.3.aar (androidx.navigation:navigation-compose:2.8.3) with AarTransform
Transforming activity-ktx-1.9.2.aar (androidx.activity:activity-ktx:1.9.2) with ExtractAarTransform
Transforming activity-ktx-1.9.2.aar (androidx.activity:activity-ktx:1.9.2) with AarTransform
Transforming activity-1.9.2.aar (androidx.activity:activity:1.9.2) with ExtractAarTransform
Transforming activity-1.9.2.aar (androidx.activity:activity:1.9.2) with AarTransform
Transforming material-release.aar (androidx.compose.material:material-android:1.7.3) with ExtractAarTransform
Transforming material-release.aar (androidx.compose.material:material-android:1.7.3) with AarTransform
Transforming foundation-layout-release.aar (androidx.compose.foundation:foundation-layout-android:1.7.3) with ExtractAarTransform
Transforming foundation-layout-release.aar (androidx.compose.foundation:foundation-layout-android:1.7.3) with AarTransform
Transforming animation-core-release.aar (androidx.compose.animation:animation-core-android:1.7.3) with ExtractAarTransform
Transforming animation-core-release.aar (androidx.compose.animation:animation-core-android:1.7.3) with AarTransform
Transforming material-ripple-release.aar (androidx.compose.material:material-ripple-android:1.7.3) with ExtractAarTransform
Transforming material-ripple-release.aar (androidx.compose.material:material-ripple-android:1.7.3) with AarTransform
Transforming animation-release.aar (androidx.compose.animation:animation-android:1.7.3) with ExtractAarTransform
Transforming animation-release.aar (androidx.compose.animation:animation-android:1.7.3) with AarTransform
Transforming ui-tooling-data-release.aar (androidx.compose.ui:ui-tooling-data-android:1.7.3) with ExtractAarTransform
Transforming ui-tooling-data-release.aar (androidx.compose.ui:ui-tooling-data-android:1.7.3) with AarTransform
Transforming ui-unit-release.aar (androidx.compose.ui:ui-unit-android:1.7.3) with ExtractAarTransform
Transforming ui-unit-release.aar (androidx.compose.ui:ui-unit-android:1.7.3) with AarTransform
Transforming ui-text-release.aar (androidx.compose.ui:ui-text-android:1.7.3) with ExtractAarTransform
Transforming ui-text-release.aar (androidx.compose.ui:ui-text-android:1.7.3) with AarTransform
Transforming ui-util-release.aar (androidx.compose.ui:ui-util-android:1.7.3) with ExtractAarTransform
Transforming ui-util-release.aar (androidx.compose.ui:ui-util-android:1.7.3) with AarTransform
Transforming ui-geometry-release.aar (androidx.compose.ui:ui-geometry-android:1.7.3) with ExtractAarTransform
Transforming ui-geometry-release.aar (androidx.compose.ui:ui-geometry-android:1.7.3) with AarTransform
Transforming ui-tooling-preview-release.aar (androidx.compose.ui:ui-tooling-preview-android:1.7.3) with ExtractAarTransform
Transforming ui-tooling-preview-release.aar (androidx.compose.ui:ui-tooling-preview-android:1.7.3) with AarTransform
Transforming ui-graphics-release.aar (androidx.compose.ui:ui-graphics-android:1.7.3) with ExtractAarTransform
Transforming ui-graphics-release.aar (androidx.compose.ui:ui-graphics-android:1.7.3) with AarTransform
Transforming ui-tooling-release.aar (androidx.compose.ui:ui-tooling-android:1.7.3) with ExtractAarTransform
Transforming ui-tooling-release.aar (androidx.compose.ui:ui-tooling-android:1.7.3) with AarTransform
Transforming activity-compose-1.9.2.aar (androidx.activity:activity-compose:1.9.2) with ExtractAarTransform
Transforming activity-compose-1.9.2.aar (androidx.activity:activity-compose:1.9.2) with AarTransform
Transforming transition-1.5.0.aar (androidx.transition:transition:1.5.0) with ExtractAarTransform
Transforming transition-1.5.0.aar (androidx.transition:transition:1.5.0) with AarTransform
Transforming dynamicanimation-1.0.0.aar (androidx.dynamicanimation:dynamicanimation:1.0.0) with ExtractAarTransform
Transforming dynamicanimation-1.0.0.aar (androidx.dynamicanimation:dynamicanimation:1.0.0) with AarTransform
Transforming legacy-support-core-utils-1.0.0.aar (androidx.legacy:legacy-support-core-utils:1.0.0) with ExtractAarTransform
Transforming legacy-support-core-utils-1.0.0.aar (androidx.legacy:legacy-support-core-utils:1.0.0) with AarTransform
Transforming loader-1.0.0.aar (androidx.loader:loader:1.0.0) with ExtractAarTransform
Transforming loader-1.0.0.aar (androidx.loader:loader:1.0.0) with AarTransform
Transforming loader-1.0.0.aar (androidx.loader:loader:1.0.0) with ExtractAarTransform
Transforming loader-1.0.0.aar (androidx.loader:loader:1.0.0) with AarTransform
Transforming savedstate-ktx-1.2.1.aar (androidx.savedstate:savedstate-ktx:1.2.1) with ExtractAarTransform
Transforming savedstate-ktx-1.2.1.aar (androidx.savedstate:savedstate-ktx:1.2.1) with AarTransform
Transforming savedstate-1.2.1.aar (androidx.savedstate:savedstate:1.2.1) with ExtractAarTransform
Transforming savedstate-1.2.1.aar (androidx.savedstate:savedstate:1.2.1) with AarTransform
Transforming work-runtime-ktx-2.9.1.aar (androidx.work:work-runtime-ktx:2.9.1) with ExtractAarTransform
Transforming work-runtime-ktx-2.9.1.aar (androidx.work:work-runtime-ktx:2.9.1) with AarTransform
Transforming work-runtime-2.9.1.aar (androidx.work:work-runtime:2.9.1) with ExtractAarTransform
Transforming work-runtime-2.9.1.aar (androidx.work:work-runtime:2.9.1) with AarTransform
Transforming lifecycle-service-2.8.6.aar (androidx.lifecycle:lifecycle-service:2.8.6) with ExtractAarTransform
Transforming lifecycle-service-2.8.6.aar (androidx.lifecycle:lifecycle-service:2.8.6) with AarTransform
Transforming lifecycle-livedata-2.8.6.aar (androidx.lifecycle:lifecycle-livedata:2.8.6) with ExtractAarTransform
Transforming lifecycle-livedata-2.8.6.aar (androidx.lifecycle:lifecycle-livedata:2.8.6) with AarTransform
Transforming lifecycle-livedata-2.8.6.aar (androidx.lifecycle:lifecycle-livedata:2.8.6) with ExtractAarTransform
Transforming lifecycle-livedata-2.8.6.aar (androidx.lifecycle:lifecycle-livedata:2.8.6) with AarTransform
Transforming lifecycle-runtime-release.aar (androidx.lifecycle:lifecycle-runtime-android:2.8.6) with ExtractAarTransform
Transforming lifecycle-runtime-release.aar (androidx.lifecycle:lifecycle-runtime-android:2.8.6) with AarTransform
Transforming lifecycle-viewmodel-2.8.6.aar (androidx.lifecycle:lifecycle-viewmodel:2.8.6) with ExtractAarTransform
Transforming lifecycle-viewmodel-2.8.6.aar (androidx.lifecycle:lifecycle-viewmodel:2.8.6) with AarTransform
Transforming lifecycle-viewmodel-release.aar (androidx.lifecycle:lifecycle-viewmodel-android:2.8.6) with ExtractAarTransform
Transforming lifecycle-viewmodel-release.aar (androidx.lifecycle:lifecycle-viewmodel-android:2.8.6) with AarTransform
Transforming lifecycle-process-2.8.6.aar (androidx.lifecycle:lifecycle-process:2.8.6) with ExtractAarTransform
Transforming lifecycle-process-2.8.6.aar (androidx.lifecycle:lifecycle-process:2.8.6) with AarTransform
Transforming lifecycle-livedata-core-2.8.6.aar (androidx.lifecycle:lifecycle-livedata-core:2.8.6) with ExtractAarTransform
Transforming lifecycle-livedata-core-2.8.6.aar (androidx.lifecycle:lifecycle-livedata-core:2.8.6) with AarTransform
Transforming lifecycle-viewmodel-savedstate-2.8.6.aar (androidx.lifecycle:lifecycle-viewmodel-savedstate:2.8.6) with ExtractAarTransform
Transforming lifecycle-viewmodel-savedstate-2.8.6.aar (androidx.lifecycle:lifecycle-viewmodel-savedstate:2.8.6) with AarTransform
Transforming lifecycle-runtime-compose-release.aar (androidx.lifecycle:lifecycle-runtime-compose-android:2.8.6) with ExtractAarTransform
Transforming lifecycle-runtime-compose-release.aar (androidx.lifecycle:lifecycle-runtime-compose-android:2.8.6) with AarTransform
Transforming lifecycle-runtime-ktx-release.aar (androidx.lifecycle:lifecycle-runtime-ktx-android:2.8.6) with ExtractAarTransform
Transforming lifecycle-runtime-ktx-release.aar (androidx.lifecycle:lifecycle-runtime-ktx-android:2.8.6) with AarTransform
Transforming lifecycle-livedata-core-ktx-2.8.6.aar (androidx.lifecycle:lifecycle-livedata-core-ktx:2.8.6) with ExtractAarTransform
Transforming lifecycle-livedata-core-ktx-2.8.6.aar (androidx.lifecycle:lifecycle-livedata-core-ktx:2.8.6) with AarTransform
Transforming lifecycle-viewmodel-ktx-2.8.6.aar (androidx.lifecycle:lifecycle-viewmodel-ktx:2.8.6) with ExtractAarTransform
Transforming lifecycle-viewmodel-ktx-2.8.6.aar (androidx.lifecycle:lifecycle-viewmodel-ktx:2.8.6) with AarTransform
Transforming lifecycle-viewmodel-compose-release.aar (androidx.lifecycle:lifecycle-viewmodel-compose-android:2.8.6) with ExtractAarTransform
Transforming lifecycle-viewmodel-compose-release.aar (androidx.lifecycle:lifecycle-viewmodel-compose-android:2.8.6) with AarTransform
Transforming material-icons-extended-release.aar (androidx.compose.material:material-icons-extended-android:1.7.3) with ExtractAarTransform
Transforming material-icons-extended-release.aar (androidx.compose.material:material-icons-extended-android:1.7.3) with AarTransform
Transforming material-icons-core-release.aar (androidx.compose.material:material-icons-core-android:1.7.3) with ExtractAarTransform
Transforming material-icons-core-release.aar (androidx.compose.material:material-icons-core-android:1.7.3) with AarTransform
Transforming ui-release.aar (androidx.compose.ui:ui-android:1.7.3) with ExtractAarTransform
Transforming ui-release.aar (androidx.compose.ui:ui-android:1.7.3) with AarTransform
Transforming foundation-release.aar (androidx.compose.foundation:foundation-android:1.7.3) with ExtractAarTransform
Transforming foundation-release.aar (androidx.compose.foundation:foundation-android:1.7.3) with AarTransform
Transforming emoji2-views-helper-1.3.0.aar (androidx.emoji2:emoji2-views-helper:1.3.0) with ExtractAarTransform
Transforming emoji2-views-helper-1.3.0.aar (androidx.emoji2:emoji2-views-helper:1.3.0) with AarTransform
Transforming emoji2-1.3.0.aar (androidx.emoji2:emoji2:1.3.0) with ExtractAarTransform
Transforming emoji2-1.3.0.aar (androidx.emoji2:emoji2:1.3.0) with AarTransform
Transforming drawerlayout-1.1.1.aar (androidx.drawerlayout:drawerlayout:1.1.1) with ExtractAarTransform
Transforming drawerlayout-1.1.1.aar (androidx.drawerlayout:drawerlayout:1.1.1) with AarTransform
Transforming coordinatorlayout-1.1.0.aar (androidx.coordinatorlayout:coordinatorlayout:1.1.0) with ExtractAarTransform
Transforming coordinatorlayout-1.1.0.aar (androidx.coordinatorlayout:coordinatorlayout:1.1.0) with AarTransform
Transforming vectordrawable-animated-1.1.0.aar (androidx.vectordrawable:vectordrawable-animated:1.1.0) with ExtractAarTransform
Transforming vectordrawable-animated-1.1.0.aar (androidx.vectordrawable:vectordrawable-animated:1.1.0) with AarTransform
Transforming vectordrawable-1.1.0.aar (androidx.vectordrawable:vectordrawable:1.1.0) with ExtractAarTransform
Transforming vectordrawable-1.1.0.aar (androidx.vectordrawable:vectordrawable:1.1.0) with AarTransform
Transforming vectordrawable-1.1.0.aar (androidx.vectordrawable:vectordrawable:1.1.0) with ExtractAarTransform
Transforming vectordrawable-1.1.0.aar (androidx.vectordrawable:vectordrawable:1.1.0) with AarTransform
Transforming recyclerview-1.1.0.aar (androidx.recyclerview:recyclerview:1.1.0) with ExtractAarTransform
Transforming recyclerview-1.1.0.aar (androidx.recyclerview:recyclerview:1.1.0) with AarTransform
Transforming recyclerview-1.1.0.aar (androidx.recyclerview:recyclerview:1.1.0) with ExtractAarTransform
Transforming recyclerview-1.1.0.aar (androidx.recyclerview:recyclerview:1.1.0) with AarTransform
Transforming viewpager-1.0.0.aar (androidx.viewpager:viewpager:1.0.0) with ExtractAarTransform
Transforming viewpager-1.0.0.aar (androidx.viewpager:viewpager:1.0.0) with AarTransform
Transforming customview-1.1.0.aar (androidx.customview:customview:1.1.0) with ExtractAarTransform
Transforming customview-1.1.0.aar (androidx.customview:customview:1.1.0) with AarTransform
Transforming customview-1.1.0.aar (androidx.customview:customview:1.1.0) with ExtractAarTransform
Transforming customview-1.1.0.aar (androidx.customview:customview:1.1.0) with AarTransform
Transforming customview-1.1.0.aar (androidx.customview:customview:1.1.0) with ExtractAarTransform
Transforming customview-1.1.0.aar (androidx.customview:customview:1.1.0) with AarTransform
Transforming customview-1.1.0.aar (androidx.customview:customview:1.1.0) with ExtractAarTransform
Transforming customview-1.1.0.aar (androidx.customview:customview:1.1.0) with AarTransform
Transforming autofill-1.0.0.aar (androidx.autofill:autofill:1.0.0) with ExtractAarTransform
Transforming autofill-1.0.0.aar (androidx.autofill:autofill:1.0.0) with AarTransform
Transforming graphics-path-1.0.1.aar (androidx.graphics:graphics-path:1.0.1) with ExtractAarTransform
Transforming graphics-path-1.0.1.aar (androidx.graphics:graphics-path:1.0.1) with AarTransform
Transforming core-1.13.1.aar (androidx.core:core:1.13.1) with ExtractAarTransform
Transforming core-1.13.1.aar (androidx.core:core:1.13.1) with AarTransform
Transforming core-1.13.1.aar (androidx.core:core:1.13.1) with ExtractAarTransform
Transforming core-1.13.1.aar (androidx.core:core:1.13.1) with AarTransform
Transforming core-1.13.1.aar (androidx.core:core:1.13.1) with ExtractAarTransform
Transforming core-1.13.1.aar (androidx.core:core:1.13.1) with AarTransform
Transforming core-1.13.1.aar (androidx.core:core:1.13.1) with ExtractAarTransform
Transforming core-1.13.1.aar (androidx.core:core:1.13.1) with AarTransform
Transforming core-1.13.1.aar (androidx.core:core:1.13.1) with ExtractAarTransform
Transforming core-1.13.1.aar (androidx.core:core:1.13.1) with AarTransform
Transforming core-1.13.1.aar (androidx.core:core:1.13.1) with ExtractAarTransform
Transforming core-1.13.1.aar (androidx.core:core:1.13.1) with AarTransform
Transforming core-1.13.1.aar (androidx.core:core:1.13.1) with ExtractAarTransform
Transforming core-1.13.1.aar (androidx.core:core:1.13.1) with AarTransform
Transforming core-1.13.1.aar (androidx.core:core:1.13.1) with ExtractAarTransform
Transforming core-1.13.1.aar (androidx.core:core:1.13.1) with AarTransform
Transforming core-1.13.1.aar (androidx.core:core:1.13.1) with ExtractAarTransform
Transforming core-1.13.1.aar (androidx.core:core:1.13.1) with AarTransform
Transforming core-1.13.1.aar (androidx.core:core:1.13.1) with ExtractAarTransform
Transforming core-1.13.1.aar (androidx.core:core:1.13.1) with AarTransform
Transforming core-1.13.1.aar (androidx.core:core:1.13.1) with ExtractAarTransform
Transforming core-1.13.1.aar (androidx.core:core:1.13.1) with AarTransform
Transforming core-1.13.1.aar (androidx.core:core:1.13.1) with ExtractAarTransform
Transforming core-1.13.1.aar (androidx.core:core:1.13.1) with AarTransform
Transforming customview-poolingcontainer-1.0.0.aar (androidx.customview:customview-poolingcontainer:1.0.0) with ExtractAarTransform
Transforming customview-poolingcontainer-1.0.0.aar (androidx.customview:customview-poolingcontainer:1.0.0) with AarTransform
Transforming core-ktx-1.13.1.aar (androidx.core:core-ktx:1.13.1) with ExtractAarTransform
Transforming core-ktx-1.13.1.aar (androidx.core:core-ktx:1.13.1) with AarTransform
Transforming core-splashscreen-1.0.1.aar (androidx.core:core-splashscreen:1.0.1) with ExtractAarTransform
Transforming core-splashscreen-1.0.1.aar (androidx.core:core-splashscreen:1.0.1) with AarTransform
Transforming room-runtime-2.6.1.aar (androidx.room:room-runtime:2.6.1) with ExtractAarTransform
Transforming room-runtime-2.6.1.aar (androidx.room:room-runtime:2.6.1) with AarTransform
Transforming room-ktx-2.6.1.aar (androidx.room:room-ktx:2.6.1) with ExtractAarTransform
Transforming room-ktx-2.6.1.aar (androidx.room:room-ktx:2.6.1) with AarTransform
Transforming sqlcipher-android-4.6.1.aar (net.zetetic:sqlcipher-android:4.6.1) with ExtractAarTransform
Transforming sqlcipher-android-4.6.1.aar (net.zetetic:sqlcipher-android:4.6.1) with AarTransform
Transforming sqlite-framework-2.4.0.aar (androidx.sqlite:sqlite-framework:2.4.0) with ExtractAarTransform
Transforming sqlite-framework-2.4.0.aar (androidx.sqlite:sqlite-framework:2.4.0) with AarTransform
Transforming sqlite-2.4.0.aar (androidx.sqlite:sqlite:2.4.0) with ExtractAarTransform
Transforming sqlite-2.4.0.aar (androidx.sqlite:sqlite:2.4.0) with AarTransform
Transforming sqlite-ktx-2.4.0.aar (androidx.sqlite:sqlite-ktx:2.4.0) with ExtractAarTransform
Transforming sqlite-ktx-2.4.0.aar (androidx.sqlite:sqlite-ktx:2.4.0) with AarTransform
Transforming runtime-saveable-release.aar (androidx.compose.runtime:runtime-saveable-android:1.7.3) with ExtractAarTransform
Transforming runtime-saveable-release.aar (androidx.compose.runtime:runtime-saveable-android:1.7.3) with AarTransform
Transforming runtime-release.aar (androidx.compose.runtime:runtime-android:1.7.3) with ExtractAarTransform
Transforming runtime-release.aar (androidx.compose.runtime:runtime-android:1.7.3) with AarTransform
Transforming annotation-experimental-1.4.1.aar (androidx.annotation:annotation-experimental:1.4.1) with ExtractAarTransform
Transforming annotation-experimental-1.4.1.aar (androidx.annotation:annotation-experimental:1.4.1) with AarTransform
Transforming security-crypto-1.1.0-alpha06.aar (androidx.security:security-crypto:1.1.0-alpha06) with ExtractAarTransform
Transforming security-crypto-1.1.0-alpha06.aar (androidx.security:security-crypto:1.1.0-alpha06) with AarTransform
Transforming versionedparcelable-1.1.1.aar (androidx.versionedparcelable:versionedparcelable:1.1.1) with ExtractAarTransform
Transforming versionedparcelable-1.1.1.aar (androidx.versionedparcelable:versionedparcelable:1.1.1) with AarTransform
Transforming cursoradapter-1.0.0.aar (androidx.cursoradapter:cursoradapter:1.0.0) with ExtractAarTransform
Transforming cursoradapter-1.0.0.aar (androidx.cursoradapter:cursoradapter:1.0.0) with AarTransform
Transforming profileinstaller-1.3.1.aar (androidx.profileinstaller:profileinstaller:1.3.1) with ExtractAarTransform
Transforming profileinstaller-1.3.1.aar (androidx.profileinstaller:profileinstaller:1.3.1) with AarTransform
Transforming cardview-1.0.0.aar (androidx.cardview:cardview:1.0.0) with ExtractAarTransform
Transforming cardview-1.0.0.aar (androidx.cardview:cardview:1.0.0) with AarTransform
Transforming core-runtime-2.2.0.aar (androidx.arch.core:core-runtime:2.2.0) with ExtractAarTransform
Transforming core-runtime-2.2.0.aar (androidx.arch.core:core-runtime:2.2.0) with AarTransform
Transforming interpolator-1.0.0.aar (androidx.interpolator:interpolator:1.0.0) with ExtractAarTransform
Transforming interpolator-1.0.0.aar (androidx.interpolator:interpolator:1.0.0) with AarTransform
Transforming interpolator-1.0.0.aar (androidx.interpolator:interpolator:1.0.0) with ExtractAarTransform
Transforming interpolator-1.0.0.aar (androidx.interpolator:interpolator:1.0.0) with AarTransform
Transforming startup-runtime-1.1.1.aar (androidx.startup:startup-runtime:1.1.1) with ExtractAarTransform
Transforming startup-runtime-1.1.1.aar (androidx.startup:startup-runtime:1.1.1) with AarTransform
Transforming tracing-1.0.0.aar (androidx.tracing:tracing:1.0.0) with ExtractAarTransform
Transforming tracing-1.0.0.aar (androidx.tracing:tracing:1.0.0) with AarTransform
Transforming documentfile-1.0.0.aar (androidx.documentfile:documentfile:1.0.0) with ExtractAarTransform
Transforming documentfile-1.0.0.aar (androidx.documentfile:documentfile:1.0.0) with AarTransform
Transforming localbroadcastmanager-1.0.0.aar (androidx.localbroadcastmanager:localbroadcastmanager:1.0.0) with ExtractAarTransform
Transforming localbroadcastmanager-1.0.0.aar (androidx.localbroadcastmanager:localbroadcastmanager:1.0.0) with AarTransform
Transforming print-1.0.0.aar (androidx.print:print:1.0.0) with ExtractAarTransform
Transforming print-1.0.0.aar (androidx.print:print:1.0.0) with AarTransform
Transforming dagger-lint-aar-2.51.1.aar (com.google.dagger:dagger-lint-aar:2.51.1) with ExtractAarTransform
Transforming dagger-lint-aar-2.51.1.aar (com.google.dagger:dagger-lint-aar:2.51.1) with AarTransform
Caching disabled for task ':app:mergeDebugAssets' because:
  Simple merging task
Task ':app:mergeDebugAssets' is not up-to-date because:
  No history is available.
The input changes require a full rebuild for incremental task ':app:mergeDebugAssets'.
Resolve mutations for :app:compressDebugAssets (Thread[Execution worker,5,main]) started.
:app:compressDebugAssets (Thread[Execution worker,5,main]) started.

> Task :app:compressDebugAssets FROM-CACHE
Build cache key for task ':app:compressDebugAssets' is 1fd4e9ccbe222668a45a401e611dfa46
Task ':app:compressDebugAssets' is not up-to-date because:
  No history is available.
Loaded cache entry for task ':app:compressDebugAssets' with cache key 1fd4e9ccbe222668a45a401e611dfa46
Resolve mutations for :app:desugarDebugFileDependencies (Thread[Execution worker,5,main]) started.
:app:desugarDebugFileDependencies (Thread[Execution worker,5,main]) started.

> Task :app:desugarDebugFileDependencies FROM-CACHE
Build cache key for task ':app:desugarDebugFileDependencies' is af99e1de832cb70b86187c5149a06c07
Task ':app:desugarDebugFileDependencies' is not up-to-date because:
  No history is available.
Loaded cache entry for task ':app:desugarDebugFileDependencies' with cache key af99e1de832cb70b86187c5149a06c07
Resolve mutations for :app:checkDebugDuplicateClasses (Thread[Execution worker,5,main]) started.
:app:checkDebugDuplicateClasses (Thread[Execution worker,5,main]) started.

> Task :app:checkDebugDuplicateClasses
Transforming viewbinding-8.5.2.aar (androidx.databinding:viewbinding:8.5.2) with AarToClassTransform
Transforming material-1.12.0.aar (com.google.android.material:material:1.12.0) with AarToClassTransform
Transforming biometric-1.1.0.aar (androidx.biometric:biometric:1.1.0) with AarToClassTransform
Transforming appcompat-resources-1.7.0.aar (androidx.appcompat:appcompat-resources:1.7.0) with AarToClassTransform
Transforming constraintlayout-2.0.1.aar (androidx.constraintlayout:constraintlayout:2.0.1) with AarToClassTransform
Transforming appcompat-1.7.0.aar (androidx.appcompat:appcompat:1.7.0) with AarToClassTransform
Transforming hilt-navigation-compose-1.2.0.aar (androidx.hilt:hilt-navigation-compose:1.2.0) with AarToClassTransform
Transforming hilt-navigation-1.2.0.aar (androidx.hilt:hilt-navigation:1.2.0) with AarToClassTransform
Transforming hilt-android-2.51.1.aar (com.google.dagger:hilt-android:2.51.1) with AarToClassTransform
Transforming viewpager2-1.0.0.aar (androidx.viewpager2:viewpager2:1.0.0) with AarToClassTransform
Transforming fragment-1.8.4.aar (androidx.fragment:fragment:1.8.4) with AarToClassTransform
Transforming fragment-1.8.4.aar (androidx.fragment:fragment:1.8.4) with AarToClassTransform
Transforming fragment-ktx-1.8.4.aar (androidx.fragment:fragment-ktx:1.8.4) with AarToClassTransform
Transforming material3-release.aar (androidx.compose.material3:material3-android:1.3.0) with AarToClassTransform
Transforming navigation-common-2.8.3.aar (androidx.navigation:navigation-common:2.8.3) with AarToClassTransform
Transforming navigation-runtime-2.8.3.aar (androidx.navigation:navigation-runtime:2.8.3) with AarToClassTransform
Transforming navigation-common-ktx-2.8.3.aar (androidx.navigation:navigation-common-ktx:2.8.3) with AarToClassTransform
Transforming navigation-runtime-ktx-2.8.3.aar (androidx.navigation:navigation-runtime-ktx:2.8.3) with AarToClassTransform
Transforming navigation-compose-2.8.3.aar (androidx.navigation:navigation-compose:2.8.3) with AarToClassTransform
Transforming activity-ktx-1.9.2.aar (androidx.activity:activity-ktx:1.9.2) with AarToClassTransform
Transforming activity-1.9.2.aar (androidx.activity:activity:1.9.2) with AarToClassTransform
Transforming material-release.aar (androidx.compose.material:material-android:1.7.3) with AarToClassTransform
Transforming foundation-layout-release.aar (androidx.compose.foundation:foundation-layout-android:1.7.3) with AarToClassTransform
Transforming animation-core-release.aar (androidx.compose.animation:animation-core-android:1.7.3) with AarToClassTransform
Transforming material-ripple-release.aar (androidx.compose.material:material-ripple-android:1.7.3) with AarToClassTransform
Transforming animation-release.aar (androidx.compose.animation:animation-android:1.7.3) with AarToClassTransform
Transforming ui-tooling-data-release.aar (androidx.compose.ui:ui-tooling-data-android:1.7.3) with AarToClassTransform
Transforming ui-unit-release.aar (androidx.compose.ui:ui-unit-android:1.7.3) with AarToClassTransform
Transforming ui-text-release.aar (androidx.compose.ui:ui-text-android:1.7.3) with AarToClassTransform
Transforming ui-util-release.aar (androidx.compose.ui:ui-util-android:1.7.3) with AarToClassTransform
Transforming ui-geometry-release.aar (androidx.compose.ui:ui-geometry-android:1.7.3) with AarToClassTransform
Transforming ui-tooling-preview-release.aar (androidx.compose.ui:ui-tooling-preview-android:1.7.3) with AarToClassTransform
Transforming ui-graphics-release.aar (androidx.compose.ui:ui-graphics-android:1.7.3) with AarToClassTransform
Transforming ui-tooling-release.aar (androidx.compose.ui:ui-tooling-android:1.7.3) with AarToClassTransform
Transforming activity-compose-1.9.2.aar (androidx.activity:activity-compose:1.9.2) with AarToClassTransform
Transforming transition-1.5.0.aar (androidx.transition:transition:1.5.0) with AarToClassTransform
Transforming dynamicanimation-1.0.0.aar (androidx.dynamicanimation:dynamicanimation:1.0.0) with AarToClassTransform
Transforming legacy-support-core-utils-1.0.0.aar (androidx.legacy:legacy-support-core-utils:1.0.0) with AarToClassTransform
Transforming loader-1.0.0.aar (androidx.loader:loader:1.0.0) with AarToClassTransform
Transforming loader-1.0.0.aar (androidx.loader:loader:1.0.0) with AarToClassTransform
Transforming savedstate-ktx-1.2.1.aar (androidx.savedstate:savedstate-ktx:1.2.1) with AarToClassTransform
Transforming savedstate-1.2.1.aar (androidx.savedstate:savedstate:1.2.1) with AarToClassTransform
Transforming work-runtime-ktx-2.9.1.aar (androidx.work:work-runtime-ktx:2.9.1) with AarToClassTransform
Transforming work-runtime-2.9.1.aar (androidx.work:work-runtime:2.9.1) with AarToClassTransform
Transforming lifecycle-service-2.8.6.aar (androidx.lifecycle:lifecycle-service:2.8.6) with AarToClassTransform
Transforming lifecycle-livedata-2.8.6.aar (androidx.lifecycle:lifecycle-livedata:2.8.6) with AarToClassTransform
Transforming lifecycle-livedata-2.8.6.aar (androidx.lifecycle:lifecycle-livedata:2.8.6) with AarToClassTransform
Transforming lifecycle-common-jvm-2.8.6.jar (androidx.lifecycle:lifecycle-common-jvm:2.8.6) with IdentityTransform
Transforming lifecycle-common-jvm-2.8.6.jar (androidx.lifecycle:lifecycle-common-jvm:2.8.6) with EnumerateClassesTransform
Transforming lifecycle-runtime-release.aar (androidx.lifecycle:lifecycle-runtime-android:2.8.6) with AarToClassTransform
Transforming lifecycle-viewmodel-2.8.6.aar (androidx.lifecycle:lifecycle-viewmodel:2.8.6) with AarToClassTransform
Transforming lifecycle-viewmodel-release.aar (androidx.lifecycle:lifecycle-viewmodel-android:2.8.6) with AarToClassTransform
Transforming lifecycle-process-2.8.6.aar (androidx.lifecycle:lifecycle-process:2.8.6) with AarToClassTransform
Transforming lifecycle-livedata-core-2.8.6.aar (androidx.lifecycle:lifecycle-livedata-core:2.8.6) with AarToClassTransform
Transforming lifecycle-viewmodel-savedstate-2.8.6.aar (androidx.lifecycle:lifecycle-viewmodel-savedstate:2.8.6) with AarToClassTransform
Transforming lifecycle-runtime-compose-release.aar (androidx.lifecycle:lifecycle-runtime-compose-android:2.8.6) with AarToClassTransform
Transforming lifecycle-runtime-ktx-release.aar (androidx.lifecycle:lifecycle-runtime-ktx-android:2.8.6) with AarToClassTransform
Transforming lifecycle-livedata-core-ktx-2.8.6.aar (androidx.lifecycle:lifecycle-livedata-core-ktx:2.8.6) with AarToClassTransform
Transforming lifecycle-viewmodel-ktx-2.8.6.aar (androidx.lifecycle:lifecycle-viewmodel-ktx:2.8.6) with AarToClassTransform
Transforming lifecycle-viewmodel-compose-release.aar (androidx.lifecycle:lifecycle-viewmodel-compose-android:2.8.6) with AarToClassTransform
Transforming material-icons-extended-release.aar (androidx.compose.material:material-icons-extended-android:1.7.3) with AarToClassTransform
Transforming material-icons-core-release.aar (androidx.compose.material:material-icons-core-android:1.7.3) with AarToClassTransform
Transforming ui-release.aar (androidx.compose.ui:ui-android:1.7.3) with AarToClassTransform
Transforming foundation-release.aar (androidx.compose.foundation:foundation-android:1.7.3) with AarToClassTransform
Transforming emoji2-views-helper-1.3.0.aar (androidx.emoji2:emoji2-views-helper:1.3.0) with AarToClassTransform
Transforming emoji2-1.3.0.aar (androidx.emoji2:emoji2:1.3.0) with AarToClassTransform
Transforming drawerlayout-1.1.1.aar (androidx.drawerlayout:drawerlayout:1.1.1) with AarToClassTransform
Transforming coordinatorlayout-1.1.0.aar (androidx.coordinatorlayout:coordinatorlayout:1.1.0) with AarToClassTransform
Transforming vectordrawable-animated-1.1.0.aar (androidx.vectordrawable:vectordrawable-animated:1.1.0) with AarToClassTransform
Transforming vectordrawable-1.1.0.aar (androidx.vectordrawable:vectordrawable:1.1.0) with AarToClassTransform
Transforming vectordrawable-1.1.0.aar (androidx.vectordrawable:vectordrawable:1.1.0) with AarToClassTransform
Transforming recyclerview-1.1.0.aar (androidx.recyclerview:recyclerview:1.1.0) with AarToClassTransform
Transforming recyclerview-1.1.0.aar (androidx.recyclerview:recyclerview:1.1.0) with AarToClassTransform
Transforming viewpager-1.0.0.aar (androidx.viewpager:viewpager:1.0.0) with AarToClassTransform
Transforming customview-1.1.0.aar (androidx.customview:customview:1.1.0) with AarToClassTransform
Transforming customview-1.1.0.aar (androidx.customview:customview:1.1.0) with AarToClassTransform
Transforming customview-1.1.0.aar (androidx.customview:customview:1.1.0) with AarToClassTransform
Transforming customview-1.1.0.aar (androidx.customview:customview:1.1.0) with AarToClassTransform
Transforming autofill-1.0.0.aar (androidx.autofill:autofill:1.0.0) with AarToClassTransform
Transforming graphics-path-1.0.1.aar (androidx.graphics:graphics-path:1.0.1) with AarToClassTransform
Transforming core-1.13.1.aar (androidx.core:core:1.13.1) with AarToClassTransform
Transforming core-1.13.1.aar (androidx.core:core:1.13.1) with AarToClassTransform
Transforming core-1.13.1.aar (androidx.core:core:1.13.1) with AarToClassTransform
Transforming core-1.13.1.aar (androidx.core:core:1.13.1) with AarToClassTransform
Transforming core-1.13.1.aar (androidx.core:core:1.13.1) with AarToClassTransform
Transforming core-1.13.1.aar (androidx.core:core:1.13.1) with AarToClassTransform
Transforming core-1.13.1.aar (androidx.core:core:1.13.1) with AarToClassTransform
Transforming core-1.13.1.aar (androidx.core:core:1.13.1) with AarToClassTransform
Transforming core-1.13.1.aar (androidx.core:core:1.13.1) with AarToClassTransform
Transforming core-1.13.1.aar (androidx.core:core:1.13.1) with AarToClassTransform
Transforming core-1.13.1.aar (androidx.core:core:1.13.1) with AarToClassTransform
Transforming core-1.13.1.aar (androidx.core:core:1.13.1) with AarToClassTransform
Transforming customview-poolingcontainer-1.0.0.aar (androidx.customview:customview-poolingcontainer:1.0.0) with AarToClassTransform
Transforming core-ktx-1.13.1.aar (androidx.core:core-ktx:1.13.1) with AarToClassTransform
Transforming core-splashscreen-1.0.1.aar (androidx.core:core-splashscreen:1.0.1) with AarToClassTransform
Transforming room-common-2.6.1.jar (androidx.room:room-common:2.6.1) with IdentityTransform
Transforming room-common-2.6.1.jar (androidx.room:room-common:2.6.1) with EnumerateClassesTransform
Transforming room-runtime-2.6.1.aar (androidx.room:room-runtime:2.6.1) with AarToClassTransform
Transforming room-ktx-2.6.1.aar (androidx.room:room-ktx:2.6.1) with AarToClassTransform
Transforming sqlcipher-android-4.6.1.aar (net.zetetic:sqlcipher-android:4.6.1) with AarToClassTransform
Transforming sqlite-framework-2.4.0.aar (androidx.sqlite:sqlite-framework:2.4.0) with AarToClassTransform
Transforming sqlite-2.4.0.aar (androidx.sqlite:sqlite:2.4.0) with AarToClassTransform
Transforming sqlite-ktx-2.4.0.aar (androidx.sqlite:sqlite-ktx:2.4.0) with AarToClassTransform
Transforming runtime-saveable-release.aar (androidx.compose.runtime:runtime-saveable-android:1.7.3) with AarToClassTransform
Transforming runtime-release.aar (androidx.compose.runtime:runtime-android:1.7.3) with AarToClassTransform
Transforming kotlinx-coroutines-core-jvm-1.8.1.jar (org.jetbrains.kotlinx:kotlinx-coroutines-core-jvm:1.8.1) with IdentityTransform
Transforming kotlinx-coroutines-core-jvm-1.8.1.jar (org.jetbrains.kotlinx:kotlinx-coroutines-core-jvm:1.8.1) with EnumerateClassesTransform
Transforming kotlinx-coroutines-android-1.8.1.jar (org.jetbrains.kotlinx:kotlinx-coroutines-android:1.8.1) with IdentityTransform
Transforming kotlinx-coroutines-android-1.8.1.jar (org.jetbrains.kotlinx:kotlinx-coroutines-android:1.8.1) with EnumerateClassesTransform
Transforming kotlinx-serialization-core-jvm-1.6.3.jar (org.jetbrains.kotlinx:kotlinx-serialization-core-jvm:1.6.3) with IdentityTransform
Transforming kotlinx-serialization-core-jvm-1.6.3.jar (org.jetbrains.kotlinx:kotlinx-serialization-core-jvm:1.6.3) with EnumerateClassesTransform
Transforming kotlinx-serialization-json-jvm-1.6.3.jar (org.jetbrains.kotlinx:kotlinx-serialization-json-jvm:1.6.3) with IdentityTransform
Transforming kotlinx-serialization-json-jvm-1.6.3.jar (org.jetbrains.kotlinx:kotlinx-serialization-json-jvm:1.6.3) with EnumerateClassesTransform
Transforming annotation-experimental-1.4.1.aar (androidx.annotation:annotation-experimental:1.4.1) with AarToClassTransform
Transforming logging-interceptor-4.12.0.jar (com.squareup.okhttp3:logging-interceptor:4.12.0) with IdentityTransform
Transforming logging-interceptor-4.12.0.jar (com.squareup.okhttp3:logging-interceptor:4.12.0) with EnumerateClassesTransform
Transforming okhttp-sse-4.12.0.jar (com.squareup.okhttp3:okhttp-sse:4.12.0) with IdentityTransform
Transforming okhttp-sse-4.12.0.jar (com.squareup.okhttp3:okhttp-sse:4.12.0) with EnumerateClassesTransform
Transforming converter-gson-2.9.0.jar (com.squareup.retrofit2:converter-gson:2.9.0) with IdentityTransform
Transforming converter-gson-2.9.0.jar (com.squareup.retrofit2:converter-gson:2.9.0) with EnumerateClassesTransform
Transforming retrofit-2.9.0.jar (com.squareup.retrofit2:retrofit:2.9.0) with IdentityTransform
Transforming retrofit-2.9.0.jar (com.squareup.retrofit2:retrofit:2.9.0) with EnumerateClassesTransform
Transforming okhttp-4.12.0.jar (com.squareup.okhttp3:okhttp:4.12.0) with IdentityTransform
Transforming okhttp-4.12.0.jar (com.squareup.okhttp3:okhttp:4.12.0) with EnumerateClassesTransform
Transforming okio-jvm-3.6.0.jar (com.squareup.okio:okio-jvm:3.6.0) with IdentityTransform
Transforming okio-jvm-3.6.0.jar (com.squareup.okio:okio-jvm:3.6.0) with EnumerateClassesTransform
Transforming kotlin-stdlib-jdk8-1.9.10.jar (org.jetbrains.kotlin:kotlin-stdlib-jdk8:1.9.10) with IdentityTransform
Transforming kotlin-stdlib-jdk8-1.9.10.jar (org.jetbrains.kotlin:kotlin-stdlib-jdk8:1.9.10) with EnumerateClassesTransform
Transforming security-crypto-1.1.0-alpha06.aar (androidx.security:security-crypto:1.1.0-alpha06) with AarToClassTransform
Transforming versionedparcelable-1.1.1.aar (androidx.versionedparcelable:versionedparcelable:1.1.1) with AarToClassTransform
Transforming collection-ktx-1.4.4.jar (androidx.collection:collection-ktx:1.4.4) with IdentityTransform
Transforming collection-ktx-1.4.4.jar (androidx.collection:collection-ktx:1.4.4) with EnumerateClassesTransform
Transforming collection-jvm-1.4.4.jar (androidx.collection:collection-jvm:1.4.4) with IdentityTransform
Transforming collection-jvm-1.4.4.jar (androidx.collection:collection-jvm:1.4.4) with EnumerateClassesTransform
Transforming kotlin-stdlib-jdk7-1.9.10.jar (org.jetbrains.kotlin:kotlin-stdlib-jdk7:1.9.10) with IdentityTransform
Transforming kotlin-stdlib-jdk7-1.9.10.jar (org.jetbrains.kotlin:kotlin-stdlib-jdk7:1.9.10) with EnumerateClassesTransform
Transforming cursoradapter-1.0.0.aar (androidx.cursoradapter:cursoradapter:1.0.0) with AarToClassTransform
Transforming profileinstaller-1.3.1.aar (androidx.profileinstaller:profileinstaller:1.3.1) with AarToClassTransform
Transforming resourceinspection-annotation-1.0.1.jar (androidx.resourceinspection:resourceinspection-annotation:1.0.1) with IdentityTransform
Transforming resourceinspection-annotation-1.0.1.jar (androidx.resourceinspection:resourceinspection-annotation:1.0.1) with EnumerateClassesTransform
Transforming cardview-1.0.0.aar (androidx.cardview:cardview:1.0.0) with AarToClassTransform
Transforming core-runtime-2.2.0.aar (androidx.arch.core:core-runtime:2.2.0) with AarToClassTransform
Transforming interpolator-1.0.0.aar (androidx.interpolator:interpolator:1.0.0) with AarToClassTransform
Transforming interpolator-1.0.0.aar (androidx.interpolator:interpolator:1.0.0) with AarToClassTransform
Transforming startup-runtime-1.1.1.aar (androidx.startup:startup-runtime:1.1.1) with AarToClassTransform
Transforming tracing-1.0.0.aar (androidx.tracing:tracing:1.0.0) with AarToClassTransform
Transforming core-common-2.2.0.jar (androidx.arch.core:core-common:2.2.0) with IdentityTransform
Transforming core-common-2.2.0.jar (androidx.arch.core:core-common:2.2.0) with EnumerateClassesTransform
Transforming documentfile-1.0.0.aar (androidx.documentfile:documentfile:1.0.0) with AarToClassTransform
Transforming localbroadcastmanager-1.0.0.aar (androidx.localbroadcastmanager:localbroadcastmanager:1.0.0) with AarToClassTransform
Transforming print-1.0.0.aar (androidx.print:print:1.0.0) with AarToClassTransform
Transforming annotation-jvm-1.8.1.jar (androidx.annotation:annotation-jvm:1.8.1) with IdentityTransform
Transforming annotation-jvm-1.8.1.jar (androidx.annotation:annotation-jvm:1.8.1) with EnumerateClassesTransform
Transforming kotlin-stdlib-2.0.20.jar (org.jetbrains.kotlin:kotlin-stdlib:2.0.20) with IdentityTransform
Transforming kotlin-stdlib-2.0.20.jar (org.jetbrains.kotlin:kotlin-stdlib:2.0.20) with EnumerateClassesTransform
Transforming gson-2.10.1.jar (com.google.code.gson:gson:2.10.1) with IdentityTransform
Transforming gson-2.10.1.jar (com.google.code.gson:gson:2.10.1) with EnumerateClassesTransform
Transforming core-3.5.3.jar (com.google.zxing:core:3.5.3) with IdentityTransform
Transforming core-3.5.3.jar (com.google.zxing:core:3.5.3) with EnumerateClassesTransform
Transforming annotations-23.0.0.jar (org.jetbrains:annotations:23.0.0) with IdentityTransform
Transforming annotations-23.0.0.jar (org.jetbrains:annotations:23.0.0) with EnumerateClassesTransform
Transforming hilt-core-2.51.1.jar (com.google.dagger:hilt-core:2.51.1) with IdentityTransform
Transforming hilt-core-2.51.1.jar (com.google.dagger:hilt-core:2.51.1) with EnumerateClassesTransform
Transforming dagger-2.51.1.jar (com.google.dagger:dagger:2.51.1) with IdentityTransform
Transforming dagger-2.51.1.jar (com.google.dagger:dagger:2.51.1) with EnumerateClassesTransform
Transforming dagger-lint-aar-2.51.1.aar (com.google.dagger:dagger-lint-aar:2.51.1) with AarToClassTransform
Transforming jsr305-3.0.2.jar (com.google.code.findbugs:jsr305:3.0.2) with IdentityTransform
Transforming jsr305-3.0.2.jar (com.google.code.findbugs:jsr305:3.0.2) with EnumerateClassesTransform
Transforming javax.inject-1.jar (javax.inject:javax.inject:1) with IdentityTransform
Transforming javax.inject-1.jar (javax.inject:javax.inject:1) with EnumerateClassesTransform
Transforming listenablefuture-1.0.jar (com.google.guava:listenablefuture:1.0) with IdentityTransform
Transforming listenablefuture-1.0.jar (com.google.guava:listenablefuture:1.0) with EnumerateClassesTransform
Transforming constraintlayout-solver-2.0.1.jar (androidx.constraintlayout:constraintlayout-solver:2.0.1) with IdentityTransform
Transforming constraintlayout-solver-2.0.1.jar (androidx.constraintlayout:constraintlayout-solver:2.0.1) with EnumerateClassesTransform
Transforming material-1.12.0.aar (com.google.android.material:material:1.12.0) with EnumerateClassesTransform
Transforming biometric-1.1.0.aar (androidx.biometric:biometric:1.1.0) with EnumerateClassesTransform
Transforming appcompat-resources-1.7.0.aar (androidx.appcompat:appcompat-resources:1.7.0) with EnumerateClassesTransform
Transforming constraintlayout-2.0.1.aar (androidx.constraintlayout:constraintlayout:2.0.1) with EnumerateClassesTransform
Transforming appcompat-1.7.0.aar (androidx.appcompat:appcompat:1.7.0) with EnumerateClassesTransform
Transforming hilt-navigation-compose-1.2.0.aar (androidx.hilt:hilt-navigation-compose:1.2.0) with EnumerateClassesTransform
Transforming hilt-navigation-1.2.0.aar (androidx.hilt:hilt-navigation:1.2.0) with EnumerateClassesTransform
Transforming hilt-android-2.51.1.aar (com.google.dagger:hilt-android:2.51.1) with EnumerateClassesTransform
Transforming viewpager2-1.0.0.aar (androidx.viewpager2:viewpager2:1.0.0) with EnumerateClassesTransform
Transforming fragment-1.8.4.aar (androidx.fragment:fragment:1.8.4) with EnumerateClassesTransform
Transforming fragment-1.8.4.aar (androidx.fragment:fragment:1.8.4) with EnumerateClassesTransform
Transforming fragment-ktx-1.8.4.aar (androidx.fragment:fragment-ktx:1.8.4) with EnumerateClassesTransform
Transforming material3-release.aar (androidx.compose.material3:material3-android:1.3.0) with EnumerateClassesTransform
Transforming navigation-common-2.8.3.aar (androidx.navigation:navigation-common:2.8.3) with EnumerateClassesTransform
Transforming navigation-runtime-2.8.3.aar (androidx.navigation:navigation-runtime:2.8.3) with EnumerateClassesTransform
Transforming navigation-common-ktx-2.8.3.aar (androidx.navigation:navigation-common-ktx:2.8.3) with EnumerateClassesTransform
Transforming navigation-runtime-ktx-2.8.3.aar (androidx.navigation:navigation-runtime-ktx:2.8.3) with EnumerateClassesTransform
Transforming navigation-compose-2.8.3.aar (androidx.navigation:navigation-compose:2.8.3) with EnumerateClassesTransform
Transforming activity-ktx-1.9.2.aar (androidx.activity:activity-ktx:1.9.2) with EnumerateClassesTransform
Transforming activity-1.9.2.aar (androidx.activity:activity:1.9.2) with EnumerateClassesTransform
Transforming material-release.aar (androidx.compose.material:material-android:1.7.3) with EnumerateClassesTransform
Transforming foundation-layout-release.aar (androidx.compose.foundation:foundation-layout-android:1.7.3) with EnumerateClassesTransform
Transforming animation-core-release.aar (androidx.compose.animation:animation-core-android:1.7.3) with EnumerateClassesTransform
Transforming material-ripple-release.aar (androidx.compose.material:material-ripple-android:1.7.3) with EnumerateClassesTransform
Transforming animation-release.aar (androidx.compose.animation:animation-android:1.7.3) with EnumerateClassesTransform
Transforming ui-tooling-data-release.aar (androidx.compose.ui:ui-tooling-data-android:1.7.3) with EnumerateClassesTransform
Transforming ui-unit-release.aar (androidx.compose.ui:ui-unit-android:1.7.3) with EnumerateClassesTransform
Transforming ui-text-release.aar (androidx.compose.ui:ui-text-android:1.7.3) with EnumerateClassesTransform
Transforming ui-util-release.aar (androidx.compose.ui:ui-util-android:1.7.3) with EnumerateClassesTransform
Transforming ui-geometry-release.aar (androidx.compose.ui:ui-geometry-android:1.7.3) with EnumerateClassesTransform
Transforming ui-tooling-preview-release.aar (androidx.compose.ui:ui-tooling-preview-android:1.7.3) with EnumerateClassesTransform
Transforming ui-graphics-release.aar (androidx.compose.ui:ui-graphics-android:1.7.3) with EnumerateClassesTransform
Transforming ui-tooling-release.aar (androidx.compose.ui:ui-tooling-android:1.7.3) with EnumerateClassesTransform
Transforming activity-compose-1.9.2.aar (androidx.activity:activity-compose:1.9.2) with EnumerateClassesTransform
Transforming transition-1.5.0.aar (androidx.transition:transition:1.5.0) with EnumerateClassesTransform
Transforming dynamicanimation-1.0.0.aar (androidx.dynamicanimation:dynamicanimation:1.0.0) with EnumerateClassesTransform
Transforming legacy-support-core-utils-1.0.0.aar (androidx.legacy:legacy-support-core-utils:1.0.0) with EnumerateClassesTransform
Transforming loader-1.0.0.aar (androidx.loader:loader:1.0.0) with EnumerateClassesTransform
Transforming loader-1.0.0.aar (androidx.loader:loader:1.0.0) with EnumerateClassesTransform
Transforming savedstate-ktx-1.2.1.aar (androidx.savedstate:savedstate-ktx:1.2.1) with EnumerateClassesTransform
Transforming savedstate-1.2.1.aar (androidx.savedstate:savedstate:1.2.1) with EnumerateClassesTransform
Transforming work-runtime-ktx-2.9.1.aar (androidx.work:work-runtime-ktx:2.9.1) with EnumerateClassesTransform
Transforming work-runtime-2.9.1.aar (androidx.work:work-runtime:2.9.1) with EnumerateClassesTransform
Transforming lifecycle-common-java8-2.8.6.jar (androidx.lifecycle:lifecycle-common-java8:2.8.6) with IdentityTransform
Transforming lifecycle-common-java8-2.8.6.jar (androidx.lifecycle:lifecycle-common-java8:2.8.6) with EnumerateClassesTransform
Transforming lifecycle-service-2.8.6.aar (androidx.lifecycle:lifecycle-service:2.8.6) with EnumerateClassesTransform
Transforming lifecycle-livedata-2.8.6.aar (androidx.lifecycle:lifecycle-livedata:2.8.6) with EnumerateClassesTransform
Transforming lifecycle-livedata-2.8.6.aar (androidx.lifecycle:lifecycle-livedata:2.8.6) with EnumerateClassesTransform
Transforming lifecycle-runtime-release.aar (androidx.lifecycle:lifecycle-runtime-android:2.8.6) with EnumerateClassesTransform
Transforming lifecycle-viewmodel-2.8.6.aar (androidx.lifecycle:lifecycle-viewmodel:2.8.6) with EnumerateClassesTransform
Transforming lifecycle-viewmodel-release.aar (androidx.lifecycle:lifecycle-viewmodel-android:2.8.6) with EnumerateClassesTransform
Transforming lifecycle-process-2.8.6.aar (androidx.lifecycle:lifecycle-process:2.8.6) with EnumerateClassesTransform
Transforming lifecycle-livedata-core-2.8.6.aar (androidx.lifecycle:lifecycle-livedata-core:2.8.6) with EnumerateClassesTransform
Transforming lifecycle-viewmodel-savedstate-2.8.6.aar (androidx.lifecycle:lifecycle-viewmodel-savedstate:2.8.6) with EnumerateClassesTransform
Transforming lifecycle-runtime-compose-release.aar (androidx.lifecycle:lifecycle-runtime-compose-android:2.8.6) with EnumerateClassesTransform
Transforming lifecycle-runtime-ktx-release.aar (androidx.lifecycle:lifecycle-runtime-ktx-android:2.8.6) with EnumerateClassesTransform
Transforming lifecycle-livedata-core-ktx-2.8.6.aar (androidx.lifecycle:lifecycle-livedata-core-ktx:2.8.6) with EnumerateClassesTransform
Transforming lifecycle-viewmodel-ktx-2.8.6.aar (androidx.lifecycle:lifecycle-viewmodel-ktx:2.8.6) with EnumerateClassesTransform
Transforming lifecycle-viewmodel-compose-release.aar (androidx.lifecycle:lifecycle-viewmodel-compose-android:2.8.6) with EnumerateClassesTransform
Transforming material-icons-extended-release.aar (androidx.compose.material:material-icons-extended-android:1.7.3) with EnumerateClassesTransform
Transforming material-icons-core-release.aar (androidx.compose.material:material-icons-core-android:1.7.3) with EnumerateClassesTransform
Transforming ui-release.aar (androidx.compose.ui:ui-android:1.7.3) with EnumerateClassesTransform
Transforming foundation-release.aar (androidx.compose.foundation:foundation-android:1.7.3) with EnumerateClassesTransform
Transforming emoji2-views-helper-1.3.0.aar (androidx.emoji2:emoji2-views-helper:1.3.0) with EnumerateClassesTransform
Transforming emoji2-1.3.0.aar (androidx.emoji2:emoji2:1.3.0) with EnumerateClassesTransform
Transforming drawerlayout-1.1.1.aar (androidx.drawerlayout:drawerlayout:1.1.1) with EnumerateClassesTransform
Transforming coordinatorlayout-1.1.0.aar (androidx.coordinatorlayout:coordinatorlayout:1.1.0) with EnumerateClassesTransform
Transforming vectordrawable-animated-1.1.0.aar (androidx.vectordrawable:vectordrawable-animated:1.1.0) with EnumerateClassesTransform
Transforming vectordrawable-1.1.0.aar (androidx.vectordrawable:vectordrawable:1.1.0) with EnumerateClassesTransform
Transforming vectordrawable-1.1.0.aar (androidx.vectordrawable:vectordrawable:1.1.0) with EnumerateClassesTransform
Transforming recyclerview-1.1.0.aar (androidx.recyclerview:recyclerview:1.1.0) with EnumerateClassesTransform
Transforming recyclerview-1.1.0.aar (androidx.recyclerview:recyclerview:1.1.0) with EnumerateClassesTransform
Transforming viewpager-1.0.0.aar (androidx.viewpager:viewpager:1.0.0) with EnumerateClassesTransform
Transforming customview-1.1.0.aar (androidx.customview:customview:1.1.0) with EnumerateClassesTransform
Transforming autofill-1.0.0.aar (androidx.autofill:autofill:1.0.0) with EnumerateClassesTransform
Transforming graphics-path-1.0.1.aar (androidx.graphics:graphics-path:1.0.1) with EnumerateClassesTransform
Transforming core-1.13.1.aar (androidx.core:core:1.13.1) with EnumerateClassesTransform
Transforming core-1.13.1.aar (androidx.core:core:1.13.1) with EnumerateClassesTransform
Transforming customview-poolingcontainer-1.0.0.aar (androidx.customview:customview-poolingcontainer:1.0.0) with EnumerateClassesTransform
Transforming core-ktx-1.13.1.aar (androidx.core:core-ktx:1.13.1) with EnumerateClassesTransform
Transforming core-splashscreen-1.0.1.aar (androidx.core:core-splashscreen:1.0.1) with EnumerateClassesTransform
Transforming room-runtime-2.6.1.aar (androidx.room:room-runtime:2.6.1) with EnumerateClassesTransform
Transforming room-ktx-2.6.1.aar (androidx.room:room-ktx:2.6.1) with EnumerateClassesTransform
Transforming sqlcipher-android-4.6.1.aar (net.zetetic:sqlcipher-android:4.6.1) with EnumerateClassesTransform
Transforming sqlite-framework-2.4.0.aar (androidx.sqlite:sqlite-framework:2.4.0) with EnumerateClassesTransform
Transforming sqlite-2.4.0.aar (androidx.sqlite:sqlite:2.4.0) with EnumerateClassesTransform
Transforming sqlite-ktx-2.4.0.aar (androidx.sqlite:sqlite-ktx:2.4.0) with EnumerateClassesTransform
Transforming runtime-saveable-release.aar (androidx.compose.runtime:runtime-saveable-android:1.7.3) with EnumerateClassesTransform
Transforming runtime-release.aar (androidx.compose.runtime:runtime-android:1.7.3) with EnumerateClassesTransform
Transforming annotation-experimental-1.4.1.aar (androidx.annotation:annotation-experimental:1.4.1) with EnumerateClassesTransform
Transforming security-crypto-1.1.0-alpha06.aar (androidx.security:security-crypto:1.1.0-alpha06) with EnumerateClassesTransform
Transforming versionedparcelable-1.1.1.aar (androidx.versionedparcelable:versionedparcelable:1.1.1) with EnumerateClassesTransform
Transforming cursoradapter-1.0.0.aar (androidx.cursoradapter:cursoradapter:1.0.0) with EnumerateClassesTransform
Transforming profileinstaller-1.3.1.aar (androidx.profileinstaller:profileinstaller:1.3.1) with EnumerateClassesTransform
Transforming cardview-1.0.0.aar (androidx.cardview:cardview:1.0.0) with EnumerateClassesTransform
Transforming core-runtime-2.2.0.aar (androidx.arch.core:core-runtime:2.2.0) with EnumerateClassesTransform
Transforming interpolator-1.0.0.aar (androidx.interpolator:interpolator:1.0.0) with EnumerateClassesTransform
Transforming interpolator-1.0.0.aar (androidx.interpolator:interpolator:1.0.0) with EnumerateClassesTransform
Transforming concurrent-futures-1.1.0.jar (androidx.concurrent:concurrent-futures:1.1.0) with IdentityTransform
Transforming concurrent-futures-1.1.0.jar (androidx.concurrent:concurrent-futures:1.1.0) with EnumerateClassesTransform
Transforming startup-runtime-1.1.1.aar (androidx.startup:startup-runtime:1.1.1) with EnumerateClassesTransform
Transforming tracing-1.0.0.aar (androidx.tracing:tracing:1.0.0) with EnumerateClassesTransform
Transforming documentfile-1.0.0.aar (androidx.documentfile:documentfile:1.0.0) with EnumerateClassesTransform
Transforming localbroadcastmanager-1.0.0.aar (androidx.localbroadcastmanager:localbroadcastmanager:1.0.0) with EnumerateClassesTransform
Transforming print-1.0.0.aar (androidx.print:print:1.0.0) with EnumerateClassesTransform
Transforming tink-android-1.8.0.jar (com.google.crypto.tink:tink-android:1.8.0) with IdentityTransform
Transforming tink-android-1.8.0.jar (com.google.crypto.tink:tink-android:1.8.0) with EnumerateClassesTransform
Transforming error_prone_annotations-2.15.0.jar (com.google.errorprone:error_prone_annotations:2.15.0) with IdentityTransform
Transforming error_prone_annotations-2.15.0.jar (com.google.errorprone:error_prone_annotations:2.15.0) with EnumerateClassesTransform
Transforming dagger-lint-aar-2.51.1.aar (com.google.dagger:dagger-lint-aar:2.51.1) with EnumerateClassesTransform
Transforming viewbinding-8.5.2.aar (androidx.databinding:viewbinding:8.5.2) with EnumerateClassesTransform
Caching disabled for task ':app:checkDebugDuplicateClasses' because:
  Caching has been disabled for the task
Task ':app:checkDebugDuplicateClasses' is not up-to-date because:
  No history is available.
Resolve mutations for :app:mergeDebugStartupProfile (Thread[Execution worker,5,main]) started.
:app:mergeDebugStartupProfile (Thread[Execution worker,5,main]) started.

> Task :app:mergeDebugStartupProfile
Caching disabled for task ':app:mergeDebugStartupProfile' because:
  Simple merging task
Task ':app:mergeDebugStartupProfile' is not up-to-date because:
  No history is available.
Dex optimization based on startup profile is enabled, but there are no input baseline profiles found in the baselineProfiles sources. You should add /home/runner/work/sovereign-vantage-android/sovereign-vantage-android/app/src/main/baselineProfiles/startup-prof.txt, for instance.
Resolve mutations for :app:mergeExtDexDebug (Thread[Execution worker,5,main]) started.
:app:mergeExtDexDebug (Thread[Execution worker,5,main]) started.

> Task :app:compileDebugKotlin
Transforming R.jar with BuildToolsApiClasspathEntrySnapshotTransform
Transforming viewbinding-8.5.2-api.jar with BuildToolsApiClasspathEntrySnapshotTransform
Transforming material-1.12.0-api.jar with BuildToolsApiClasspathEntrySnapshotTransform
Transforming appcompat-resources-1.7.0-api.jar with BuildToolsApiClasspathEntrySnapshotTransform
Transforming constraintlayout-2.0.1-api.jar with BuildToolsApiClasspathEntrySnapshotTransform
Transforming appcompat-1.7.0-api.jar with BuildToolsApiClasspathEntrySnapshotTransform
Transforming hilt-navigation-compose-1.2.0-api.jar with BuildToolsApiClasspathEntrySnapshotTransform
Transforming hilt-navigation-1.2.0-api.jar with BuildToolsApiClasspathEntrySnapshotTransform
Transforming hilt-android-2.51.1-api.jar with BuildToolsApiClasspathEntrySnapshotTransform
Transforming biometric-1.1.0-api.jar with BuildToolsApiClasspathEntrySnapshotTransform
Transforming viewpager2-1.0.0-api.jar with BuildToolsApiClasspathEntrySnapshotTransform
Transforming fragment-1.8.4-api.jar with BuildToolsApiClasspathEntrySnapshotTransform
Transforming fragment-ktx-1.8.4-api.jar with BuildToolsApiClasspathEntrySnapshotTransform
Transforming navigation-common-2.8.3-api.jar with BuildToolsApiClasspathEntrySnapshotTransform
Transforming navigation-runtime-2.8.3-api.jar with BuildToolsApiClasspathEntrySnapshotTransform
Transforming navigation-common-ktx-2.8.3-api.jar with BuildToolsApiClasspathEntrySnapshotTransform
Transforming navigation-runtime-ktx-2.8.3-api.jar with BuildToolsApiClasspathEntrySnapshotTransform
Transforming navigation-compose-2.8.3-api.jar with BuildToolsApiClasspathEntrySnapshotTransform
Transforming activity-1.9.2-api.jar with BuildToolsApiClasspathEntrySnapshotTransform
Transforming activity-compose-1.9.2-api.jar with BuildToolsApiClasspathEntrySnapshotTransform
Transforming activity-ktx-1.9.2-api.jar with BuildToolsApiClasspathEntrySnapshotTransform
Transforming material3-release-api.jar with BuildToolsApiClasspathEntrySnapshotTransform
Transforming foundation-layout-release-api.jar with BuildToolsApiClasspathEntrySnapshotTransform
Transforming material-ripple-release-api.jar with BuildToolsApiClasspathEntrySnapshotTransform
Transforming foundation-release-api.jar with BuildToolsApiClasspathEntrySnapshotTransform
Transforming animation-core-release-api.jar with BuildToolsApiClasspathEntrySnapshotTransform
Transforming animation-release-api.jar with BuildToolsApiClasspathEntrySnapshotTransform
Transforming ui-util-release-api.jar with BuildToolsApiClasspathEntrySnapshotTransform
Transforming ui-unit-release-api.jar with BuildToolsApiClasspathEntrySnapshotTransform
Transforming ui-text-release-api.jar with BuildToolsApiClasspathEntrySnapshotTransform
Transforming ui-geometry-release-api.jar with BuildToolsApiClasspathEntrySnapshotTransform
Transforming ui-tooling-data-release-api.jar with BuildToolsApiClasspathEntrySnapshotTransform
Transforming ui-tooling-preview-release-api.jar with BuildToolsApiClasspathEntrySnapshotTransform
Transforming ui-graphics-release-api.jar with BuildToolsApiClasspathEntrySnapshotTransform
Transforming ui-tooling-release-api.jar with BuildToolsApiClasspathEntrySnapshotTransform
Transforming material-icons-extended-release-api.jar with BuildToolsApiClasspathEntrySnapshotTransform
Transforming material-icons-core-release-api.jar with BuildToolsApiClasspathEntrySnapshotTransform
Transforming ui-release-api.jar with BuildToolsApiClasspathEntrySnapshotTransform
Transforming drawerlayout-1.1.1-api.jar with BuildToolsApiClasspathEntrySnapshotTransform
Transforming coordinatorlayout-1.1.0-api.jar with BuildToolsApiClasspathEntrySnapshotTransform
Transforming dynamicanimation-1.0.0-api.jar with BuildToolsApiClasspathEntrySnapshotTransform
Transforming recyclerview-1.1.0-api.jar with BuildToolsApiClasspathEntrySnapshotTransform
Transforming transition-1.5.0-api.jar with BuildToolsApiClasspathEntrySnapshotTransform
Transforming vectordrawable-animated-1.1.0-api.jar with BuildToolsApiClasspathEntrySnapshotTransform
Transforming vectordrawable-1.1.0-api.jar with BuildToolsApiClasspathEntrySnapshotTransform
Transforming viewpager-1.0.0-api.jar with BuildToolsApiClasspathEntrySnapshotTransform
Transforming customview-1.1.0-api.jar with BuildToolsApiClasspathEntrySnapshotTransform
Transforming legacy-support-core-utils-1.0.0-api.jar with BuildToolsApiClasspathEntrySnapshotTransform
Transforming loader-1.0.0-api.jar with BuildToolsApiClasspathEntrySnapshotTransform
Transforming core-1.13.1-api.jar with BuildToolsApiClasspathEntrySnapshotTransform
Transforming work-runtime-ktx-2.9.1-api.jar with BuildToolsApiClasspathEntrySnapshotTransform
Transforming work-runtime-2.9.1-api.jar with BuildToolsApiClasspathEntrySnapshotTransform
Transforming lifecycle-livedata-2.8.6-api.jar with BuildToolsApiClasspathEntrySnapshotTransform
Transforming lifecycle-common-jvm-2.8.6.jar with BuildToolsApiClasspathEntrySnapshotTransform
Transforming lifecycle-viewmodel-2.8.6-api.jar with BuildToolsApiClasspathEntrySnapshotTransform
Transforming lifecycle-viewmodel-release-api.jar with BuildToolsApiClasspathEntrySnapshotTransform
Transforming lifecycle-runtime-release-api.jar with BuildToolsApiClasspathEntrySnapshotTransform
Transforming lifecycle-livedata-core-2.8.6-api.jar with BuildToolsApiClasspathEntrySnapshotTransform
Transforming lifecycle-runtime-compose-release-api.jar with BuildToolsApiClasspathEntrySnapshotTransform
Transforming lifecycle-runtime-ktx-release-api.jar with BuildToolsApiClasspathEntrySnapshotTransform
Transforming lifecycle-viewmodel-compose-release-api.jar with BuildToolsApiClasspathEntrySnapshotTransform
Transforming lifecycle-livedata-core-ktx-2.8.6-api.jar with BuildToolsApiClasspathEntrySnapshotTransform
Transforming lifecycle-viewmodel-ktx-2.8.6-api.jar with BuildToolsApiClasspathEntrySnapshotTransform
Transforming lifecycle-viewmodel-savedstate-2.8.6-api.jar with BuildToolsApiClasspathEntrySnapshotTransform
Transforming core-ktx-1.13.1-api.jar with BuildToolsApiClasspathEntrySnapshotTransform
Transforming core-splashscreen-1.0.1-api.jar with BuildToolsApiClasspathEntrySnapshotTransform
Transforming room-common-2.6.1.jar with BuildToolsApiClasspathEntrySnapshotTransform
Transforming room-runtime-2.6.1-api.jar with BuildToolsApiClasspathEntrySnapshotTransform
Transforming room-ktx-2.6.1-api.jar with BuildToolsApiClasspathEntrySnapshotTransform
Transforming sqlite-framework-2.4.0-api.jar with BuildToolsApiClasspathEntrySnapshotTransform
Transforming sqlite-2.4.0-api.jar with BuildToolsApiClasspathEntrySnapshotTransform
Transforming sqlite-ktx-2.4.0-api.jar with BuildToolsApiClasspathEntrySnapshotTransform
Transforming runtime-saveable-release-api.jar with BuildToolsApiClasspathEntrySnapshotTransform
Transforming runtime-release-api.jar with BuildToolsApiClasspathEntrySnapshotTransform
Transforming kotlinx-coroutines-core-jvm-1.8.1.jar with BuildToolsApiClasspathEntrySnapshotTransform
Transforming kotlinx-coroutines-android-1.8.1.jar with BuildToolsApiClasspathEntrySnapshotTransform
Transforming savedstate-ktx-1.2.1-api.jar with BuildToolsApiClasspathEntrySnapshotTransform
Transforming savedstate-1.2.1-api.jar with BuildToolsApiClasspathEntrySnapshotTransform
Transforming annotation-experimental-1.4.1-api.jar with BuildToolsApiClasspathEntrySnapshotTransform
Transforming logging-interceptor-4.12.0.jar with BuildToolsApiClasspathEntrySnapshotTransform
Transforming okhttp-sse-4.12.0.jar with BuildToolsApiClasspathEntrySnapshotTransform
Transforming converter-gson-2.9.0.jar with BuildToolsApiClasspathEntrySnapshotTransform
Transforming retrofit-2.9.0.jar with BuildToolsApiClasspathEntrySnapshotTransform
Transforming okhttp-4.12.0.jar with BuildToolsApiClasspathEntrySnapshotTransform
Transforming okio-jvm-3.6.0.jar with BuildToolsApiClasspathEntrySnapshotTransform
Transforming kotlin-stdlib-jdk8-1.9.10.jar with BuildToolsApiClasspathEntrySnapshotTransform
Transforming kotlinx-serialization-core-jvm-1.6.3.jar with BuildToolsApiClasspathEntrySnapshotTransform
Transforming kotlinx-serialization-json-jvm-1.6.3.jar with BuildToolsApiClasspathEntrySnapshotTransform
Transforming security-crypto-1.1.0-alpha06-api.jar with BuildToolsApiClasspathEntrySnapshotTransform
Transforming cursoradapter-1.0.0-api.jar with BuildToolsApiClasspathEntrySnapshotTransform
Transforming cardview-1.0.0-api.jar with BuildToolsApiClasspathEntrySnapshotTransform
Transforming versionedparcelable-1.1.1-api.jar with BuildToolsApiClasspathEntrySnapshotTransform
Transforming interpolator-1.0.0-api.jar with BuildToolsApiClasspathEntrySnapshotTransform
Transforming collection-ktx-1.4.4.jar with BuildToolsApiClasspathEntrySnapshotTransform
Transforming collection-jvm-1.4.4.jar with BuildToolsApiClasspathEntrySnapshotTransform
Transforming documentfile-1.0.0-api.jar with BuildToolsApiClasspathEntrySnapshotTransform
Transforming localbroadcastmanager-1.0.0-api.jar with BuildToolsApiClasspathEntrySnapshotTransform
Transforming print-1.0.0-api.jar with BuildToolsApiClasspathEntrySnapshotTransform
Transforming core-runtime-2.2.0-api.jar with BuildToolsApiClasspathEntrySnapshotTransform
Transforming core-common-2.2.0.jar with BuildToolsApiClasspathEntrySnapshotTransform
Transforming annotation-jvm-1.8.1.jar with BuildToolsApiClasspathEntrySnapshotTransform
Transforming kotlin-stdlib-jdk7-1.9.10.jar with BuildToolsApiClasspathEntrySnapshotTransform
Transforming kotlin-stdlib-2.0.20.jar with BuildToolsApiClasspathEntrySnapshotTransform
Transforming sqlcipher-android-4.6.1-api.jar with BuildToolsApiClasspathEntrySnapshotTransform
Transforming gson-2.10.1.jar with BuildToolsApiClasspathEntrySnapshotTransform
Transforming core-3.5.3.jar with BuildToolsApiClasspathEntrySnapshotTransform
Transforming annotations-23.0.0.jar with BuildToolsApiClasspathEntrySnapshotTransform
Transforming listenablefuture-1.0.jar with BuildToolsApiClasspathEntrySnapshotTransform
Transforming startup-runtime-1.1.1-api.jar with BuildToolsApiClasspathEntrySnapshotTransform
Transforming resourceinspection-annotation-1.0.1.jar with BuildToolsApiClasspathEntrySnapshotTransform
Transforming constraintlayout-solver-2.0.1.jar with BuildToolsApiClasspathEntrySnapshotTransform
Transforming hilt-core-2.51.1.jar with BuildToolsApiClasspathEntrySnapshotTransform
Transforming dagger-2.51.1.jar with BuildToolsApiClasspathEntrySnapshotTransform
Transforming javax.inject-1.jar with BuildToolsApiClasspathEntrySnapshotTransform
Transforming dagger-lint-aar-2.51.1-api.jar with BuildToolsApiClasspathEntrySnapshotTransform
Transforming jsr305-3.0.2.jar with BuildToolsApiClasspathEntrySnapshotTransform
Transforming android.jar with BuildToolsApiClasspathEntrySnapshotTransform
Transforming core-lambda-stubs.jar with BuildToolsApiClasspathEntrySnapshotTransform
Build cache key for task ':app:compileDebugKotlin' is 52a3de7e4cf09f082a92c771abf0ef31
Task ':app:compileDebugKotlin' is not up-to-date because:
  Task has failed previously.
The input changes require a full rebuild for incremental task ':app:compileDebugKotlin'.
file or directory '/home/runner/work/sovereign-vantage-android/sovereign-vantage-android/app/src/debug/kotlin', not found
file or directory '/home/runner/work/sovereign-vantage-android/sovereign-vantage-android/app/src/debug/java', not found
file or directory '/home/runner/work/sovereign-vantage-android/sovereign-vantage-android/app/src/debug/kotlin', not found
file or directory '/home/runner/work/sovereign-vantage-android/sovereign-vantage-android/app/src/debug/kotlin', not found
file or directory '/home/runner/work/sovereign-vantage-android/sovereign-vantage-android/app/src/debug/java', not found
file or directory '/home/runner/work/sovereign-vantage-android/sovereign-vantage-android/app/src/main/kotlin', not found
file or directory '/home/runner/work/sovereign-vantage-android/sovereign-vantage-android/app/src/main/kotlin', not found
file or directory '/home/runner/work/sovereign-vantage-android/sovereign-vantage-android/app/src/main/kotlin', not found
file or directory '/home/runner/work/sovereign-vantage-android/sovereign-vantage-android/app/src/debug/java', not found
file or directory '/home/runner/work/sovereign-vantage-android/sovereign-vantage-android/app/src/debug/kotlin', not found
file or directory '/home/runner/work/sovereign-vantage-android/sovereign-vantage-android/app/src/debug/java', not found
file or directory '/home/runner/work/sovereign-vantage-android/sovereign-vantage-android/app/src/debug/kotlin', not found
file or directory '/home/runner/work/sovereign-vantage-android/sovereign-vantage-android/app/src/debug/kotlin', not found
file or directory '/home/runner/work/sovereign-vantage-android/sovereign-vantage-android/app/src/debug/java', not found
file or directory '/home/runner/work/sovereign-vantage-android/sovereign-vantage-android/app/src/main/kotlin', not found
file or directory '/home/runner/work/sovereign-vantage-android/sovereign-vantage-android/app/src/debug/kotlin', not found
file or directory '/home/runner/work/sovereign-vantage-android/sovereign-vantage-android/app/src/debug/java', not found
file or directory '/home/runner/work/sovereign-vantage-android/sovereign-vantage-android/app/src/debug/kotlin', not found
file or directory '/home/runner/work/sovereign-vantage-android/sovereign-vantage-android/app/src/debug/kotlin', not found
file or directory '/home/runner/work/sovereign-vantage-android/sovereign-vantage-android/app/src/debug/java', not found
file or directory '/home/runner/work/sovereign-vantage-android/sovereign-vantage-android/app/src/main/kotlin', not found
file or directory '/home/runner/work/sovereign-vantage-android/sovereign-vantage-android/app/src/main/kotlin', not found
file or directory '/home/runner/work/sovereign-vantage-android/sovereign-vantage-android/app/src/main/kotlin', not found
file or directory '/home/runner/work/sovereign-vantage-android/sovereign-vantage-android/app/src/debug/java', not found
file or directory '/home/runner/work/sovereign-vantage-android/sovereign-vantage-android/app/src/debug/kotlin', not found
file or directory '/home/runner/work/sovereign-vantage-android/sovereign-vantage-android/app/src/debug/java', not found
file or directory '/home/runner/work/sovereign-vantage-android/sovereign-vantage-android/app/src/debug/kotlin', not found
file or directory '/home/runner/work/sovereign-vantage-android/sovereign-vantage-android/app/src/debug/kotlin', not found
file or directory '/home/runner/work/sovereign-vantage-android/sovereign-vantage-android/app/src/debug/java', not found
file or directory '/home/runner/work/sovereign-vantage-android/sovereign-vantage-android/app/src/main/kotlin', not found
file or directory '/home/runner/work/sovereign-vantage-android/sovereign-vantage-android/app/src/main/kotlin', not found
file or directory '/home/runner/work/sovereign-vantage-android/sovereign-vantage-android/app/src/main/kotlin', not found
file or directory '/home/runner/work/sovereign-vantage-android/sovereign-vantage-android/app/src/debug/java', not found
file or directory '/home/runner/work/sovereign-vantage-android/sovereign-vantage-android/app/src/debug/kotlin', not found
file or directory '/home/runner/work/sovereign-vantage-android/sovereign-vantage-android/app/src/debug/java', not found
file or directory '/home/runner/work/sovereign-vantage-android/sovereign-vantage-android/app/src/debug/kotlin', not found
file or directory '/home/runner/work/sovereign-vantage-android/sovereign-vantage-android/app/src/debug/kotlin', not found
file or directory '/home/runner/work/sovereign-vantage-android/sovereign-vantage-android/app/src/debug/java', not found
file or directory '/home/runner/work/sovereign-vantage-android/sovereign-vantage-android/app/src/main/kotlin', not found
file or directory '/home/runner/work/sovereign-vantage-android/sovereign-vantage-android/app/src/main/kotlin', not found
file or directory '/home/runner/work/sovereign-vantage-android/sovereign-vantage-android/app/src/main/kotlin', not found
file or directory '/home/runner/work/sovereign-vantage-android/sovereign-vantage-android/app/src/debug/java', not found
Kotlin source files: /home/runner/work/sovereign-vantage-android/sovereign-vantage-android/app/src/main/java/com/miwealth/sovereignvantage/service/HelpService.kt, /home/runner/work/sovereign-vantage-android/sovereign-vantage-android/app/src/main/java/com/miwealth/sovereignvantage/service/PriceFeedService.kt, /home/runner/work/sovereign-vantage-android/sovereign-vantage-android/app/src/main/java/com/miwealth/sovereignvantage/service/TitanMonitor.kt, /home/runner/work/sovereign-vantage-android/sovereign-vantage-android/app/src/main/java/com/miwealth/sovereignvantage/service/UnifiedPriceFeedService.kt, /home/runner/work/sovereign-vantage-android/sovereign-vantage-android/app/src/main/java/com/miwealth/sovereignvantage/service/NotificationService.kt, /home/runner/work/sovereign-vantage-android/sovereign-vantage-android/app/src/main/java/com/miwealth/sovereignvantage/service/TradingService.kt, /home/runner/work/sovereign-vantage-android/sovereign-vantage-android/app/src/main/java/com/miwealth/sovereignvantage/ui/theme/Typography.kt, /home/runner/work/sovereign-vantage-android/sovereign-vantage-android/app/src/main/java/com/miwealth/sovereignvantage/ui/theme/VintageTheme.kt, /home/runner/work/sovereign-vantage-android/sovereign-vantage-android/app/src/main/java/com/miwealth/sovereignvantage/ui/theme/VintageComponents.kt, /home/runner/work/sovereign-vantage-android/sovereign-vantage-android/app/src/main/java/com/miwealth/sovereignvantage/ui/theme/VintageColors.kt, /home/runner/work/sovereign-vantage-android/sovereign-vantage-android/app/src/main/java/com/miwealth/sovereignvantage/ui/theme/Theme.kt, /home/runner/work/sovereign-vantage-android/sovereign-vantage-android/app/src/main/java/com/miwealth/sovereignvantage/ui/components/EmergencyKillSwitch.kt, /home/runner/work/sovereign-vantage-android/sovereign-vantage-android/app/src/main/java/com/miwealth/sovereignvantage/ui/components/VintageCandlestickChart.kt, /home/runner/work/sovereign-vantage-android/sovereign-vantage-android/app/src/main/java/com/miwealth/sovereignvantage/ui/components/ProfitFlashManager.kt, /home/runner/work/sovereign-vantage-android/sovereign-vantage-android/app/src/main/java/com/miwealth/sovereignvantage/ui/components/VectorIcons.kt, /home/runner/work/sovereign-vantage-android/sovereign-vantage-android/app/src/main/java/com/miwealth/sovereignvantage/ui/components/ZenModeOverlay.kt, /home/runner/work/sovereign-vantage-android/sovereign-vantage-android/app/src/main/java/com/miwealth/sovereignvantage/ui/logs/LogsScreen.kt, /home/runner/work/sovereign-vantage-android/sovereign-vantage-android/app/src/main/java/com/miwealth/sovereignvantage/ui/dashboard/DashboardScreen.kt, /home/runner/work/sovereign-vantage-android/sovereign-vantage-android/app/src/main/java/com/miwealth/sovereignvantage/ui/dashboard/VintageDashboardScreen.kt, /home/runner/work/sovereign-vantage-android/sovereign-vantage-android/app/src/main/java/com/miwealth/sovereignvantage/ui/dashboard/DashboardViewModel.kt, /home/runner/work/sovereign-vantage-android/sovereign-vantage-android/app/src/main/java/com/miwealth/sovereignvantage/ui/portfolio/PortfolioScreen.kt, /home/runner/work/sovereign-vantage-android/sovereign-vantage-android/app/src/main/java/com/miwealth/sovereignvantage/ui/portfolio/CoinDetailScreen.kt, /home/runner/work/sovereign-vantage-android/sovereign-vantage-android/app/src/main/java/com/miwealth/sovereignvantage/ui/portfolio/PortfolioViewModel.kt, /home/runner/work/sovereign-vantage-android/sovereign-vantage-android/app/src/main/java/com/miwealth/sovereignvantage/ui/portfolio/CoinDetailViewModel.kt, /home/runner/work/sovereign-vantage-android/sovereign-vantage-android/app/src/main/java/com/miwealth/sovereignvantage/ui/AnalyticsDashboardActivity.kt, /home/runner/work/sovereign-vantage-android/sovereign-vantage-android/app/src/main/java/com/miwealth/sovereignvantage/ui/BacktestingActivity.kt, /home/runner/work/sovereign-vantage-android/sovereign-vantage-android/app/src/main/java/com/miwealth/sovereignvantage/ui/wallet/CoinDetailScreen.kt, /home/runner/work/sovereign-vantage-android/sovereign-vantage-android/app/src/main/java/com/miwealth/sovereignvantage/ui/wallet/WalletScreen.kt, /home/runner/work/sovereign-vantage-android/sovereign-vantage-android/app/src/main/java/com/miwealth/sovereignvantage/ui/wallet/WalletViewModel.kt, /home/runner/work/sovereign-vantage-android/sovereign-vantage-android/app/src/main/java/com/miwealth/sovereignvantage/ui/utils/TimeFormatUtils.kt, /home/runner/work/sovereign-vantage-android/sovereign-vantage-android/app/src/main/java/com/miwealth/sovereignvantage/ui/login/LoginScreen.kt, /home/runner/work/sovereign-vantage-android/sovereign-vantage-android/app/src/main/java/com/miwealth/sovereignvantage/ui/login/LoginViewModel.kt, /home/runner/work/sovereign-vantage-android/sovereign-vantage-android/app/src/main/java/com/miwealth/sovereignvantage/ui/trading/TradingViewModel.kt, /home/runner/work/sovereign-vantage-android/sovereign-vantage-android/app/src/main/java/com/miwealth/sovereignvantage/ui/trading/TradingScreen.kt, /home/runner/work/sovereign-vantage-android/sovereign-vantage-android/app/src/main/java/com/miwealth/sovereignvantage/ui/MigrationActivity.kt, /home/runner/work/sovereign-vantage-android/sovereign-vantage-android/app/src/main/java/com/miwealth/sovereignvantage/ui/navigation/Navigation.kt, /home/runner/work/sovereign-vantage-android/sovereign-vantage-android/app/src/main/java/com/miwealth/sovereignvantage/ui/aiboard/AIBoardViewModel.kt, /home/runner/work/sovereign-vantage-android/sovereign-vantage-android/app/src/main/java/com/miwealth/sovereignvantage/ui/aiboard/AIBoardScreen.kt, /home/runner/work/sovereign-vantage-android/sovereign-vantage-android/app/src/main/java/com/miwealth/sovereignvantage/ui/settings/SettingsScreen.kt, /home/runner/work/sovereign-vantage-android/sovereign-vantage-android/app/src/main/java/com/miwealth/sovereignvantage/ui/settings/SettingsViewModel.kt, /home/runner/work/sovereign-vantage-android/sovereign-vantage-android/app/src/main/java/com/miwealth/sovereignvantage/education/QuizQuestionBank.kt, /home/runner/work/sovereign-vantage-android/sovereign-vantage-android/app/src/main/java/com/miwealth/sovereignvantage/education/ui/EducationScreen.kt, /home/runner/work/sovereign-vantage-android/sovereign-vantage-android/app/src/main/java/com/miwealth/sovereignvantage/education/ui/LessonDetailScreen.kt, /home/runner/work/sovereign-vantage-android/sovereign-vantage-android/app/src/main/java/com/miwealth/sovereignvantage/education/ui/QuizComposable.kt, /home/runner/work/sovereign-vantage-android/sovereign-vantage-android/app/src/main/java/com/miwealth/sovereignvantage/education/ui/EducationViewModel.kt, /home/runner/work/sovereign-vantage-android/sovereign-vantage-android/app/src/main/java/com/miwealth/sovereignvantage/education/TradingProgrammeCurriculumPart1.kt, /home/runner/work/sovereign-vantage-android/sovereign-vantage-android/app/src/main/java/com/miwealth/sovereignvantage/education/QuizExplanations.kt, /home/runner/work/sovereign-vantage-android/sovereign-vantage-android/app/src/main/java/com/miwealth/sovereignvantage/education/TradingProgrammeCurriculumPart2.kt, /home/runner/work/sovereign-vantage-android/sovereign-vantage-android/app/src/main/java/com/miwealth/sovereignvantage/education/LessonContentBankPart2.kt, /home/runner/work/sovereign-vantage-android/sovereign-vantage-android/app/src/main/java/com/miwealth/sovereignvantage/education/LessonContentBank.kt, /home/runner/work/sovereign-vantage-android/sovereign-vantage-android/app/src/main/java/com/miwealth/sovereignvantage/education/TradingProgrammeRepository.kt, /home/runner/work/sovereign-vantage-android/sovereign-vantage-android/app/src/main/java/com/miwealth/sovereignvantage/education/EducationModule.kt, /home/runner/work/sovereign-vantage-android/sovereign-vantage-android/app/src/main/java/com/miwealth/sovereignvantage/education/TradingProgrammeManager.kt, /home/runner/work/sovereign-vantage-android/sovereign-vantage-android/app/src/main/java/com/miwealth/sovereignvantage/education/LessonContentBankPart3.kt, /home/runner/work/sovereign-vantage-android/sovereign-vantage-android/app/src/main/java/com/miwealth/sovereignvantage/education/TradingProgrammeModels.kt, /home/runner/work/sovereign-vantage-android/sovereign-vantage-android/app/src/main/java/com/miwealth/sovereignvantage/SovereignVantageApp.kt, /home/runner/work/sovereign-vantage-android/sovereign-vantage-android/app/src/main/java/com/miwealth/sovereignvantage/MinimalApp.kt, /home/runner/work/sovereign-vantage-android/sovereign-vantage-android/app/src/main/java/com/miwealth/sovereignvantage/CrashReporterActivity.kt, /home/runner/work/sovereign-vantage-android/sovereign-vantage-android/app/src/main/java/com/miwealth/sovereignvantage/receiver/BootReceiver.kt, /home/runner/work/sovereign-vantage-android/sovereign-vantage-android/app/src/main/java/com/miwealth/sovereignvantage/max/DataMigrationService.kt, /home/runner/work/sovereign-vantage-android/sovereign-vantage-android/app/src/main/java/com/miwealth/sovereignvantage/MainActivity.kt, /home/runner/work/sovereign-vantage-android/sovereign-vantage-android/app/src/main/java/com/miwealth/sovereignvantage/utils/CurrencyFormatter.kt, /home/runner/work/sovereign-vantage-android/sovereign-vantage-android/app/src/main/java/com/miwealth/sovereignvantage/DiagnosticActivity.kt, /home/runner/work/sovereign-vantage-android/sovereign-vantage-android/app/src/main/java/com/miwealth/sovereignvantage/help/data/HelpData.kt, /home/runner/work/sovereign-vantage-android/sovereign-vantage-android/app/src/main/java/com/miwealth/sovereignvantage/widget/TradingWidgetProvider.kt, /home/runner/work/sovereign-vantage-android/sovereign-vantage-android/app/src/main/java/com/miwealth/sovereignvantage/widget/PortfolioWidgetProvider.kt, /home/runner/work/sovereign-vantage-android/sovereign-vantage-android/app/src/main/java/com/miwealth/sovereignvantage/widget/WidgetConfigActivity.kt, /home/runner/work/sovereign-vantage-android/sovereign-vantage-android/app/src/main/java/com/miwealth/sovereignvantage/di/AppModule.kt, /home/runner/work/sovereign-vantage-android/sovereign-vantage-android/app/src/main/java/com/miwealth/sovereignvantage/data/repository/TradeRepository.kt, /home/runner/work/sovereign-vantage-android/sovereign-vantage-android/app/src/main/java/com/miwealth/sovereignvantage/data/repository/SettingsPreferencesManager.kt, /home/runner/work/sovereign-vantage-android/sovereign-vantage-android/app/src/main/java/com/miwealth/sovereignvantage/data/repository/Repositories.kt, /home/runner/work/sovereign-vantage-android/sovereign-vantage-android/app/src/main/java/com/miwealth/sovereignvantage/data/repository/AssetRepository.kt, /home/runner/work/sovereign-vantage-android/sovereign-vantage-android/app/src/main/java/com/miwealth/sovereignvantage/data/catalog/AssetCatalogSeeder.kt, /home/runner/work/sovereign-vantage-android/sovereign-vantage-android/app/src/main/java/com/miwealth/sovereignvantage/data/catalog/MemeAssets.kt, /home/runner/work/sovereign-vantage-android/sovereign-vantage-android/app/src/main/java/com/miwealth/sovereignvantage/data/catalog/Layer1Assets.kt, /home/runner/work/sovereign-vantage-android/sovereign-vantage-android/app/src/main/java/com/miwealth/sovereignvantage/data/catalog/DeFiAssets.kt, /home/runner/work/sovereign-vantage-android/sovereign-vantage-android/app/src/main/java/com/miwealth/sovereignvantage/data/catalog/Layer2Assets.kt, /home/runner/work/sovereign-vantage-android/sovereign-vantage-android/app/src/main/java/com/miwealth/sovereignvantage/data/api/SovereignVantageApi.kt, /home/runner/work/sovereign-vantage-android/sovereign-vantage-android/app/src/main/java/com/miwealth/sovereignvantage/data/local/TradeDatabase.kt, /home/runner/work/sovereign-vantage-android/sovereign-vantage-android/app/src/main/java/com/miwealth/sovereignvantage/data/local/EnhancedTradeEntities.kt, /home/runner/work/sovereign-vantage-android/sovereign-vantage-android/app/src/main/java/com/miwealth/sovereignvantage/data/models/CryptoAsset.kt, /home/runner/work/sovereign-vantage-android/sovereign-vantage-android/app/src/main/java/com/miwealth/sovereignvantage/data/models/OrderBookModels.kt, /home/runner/work/sovereign-vantage-android/sovereign-vantage-android/app/src/main/java/com/miwealth/sovereignvantage/data/models/CryptoCategory.kt, /home/runner/work/sovereign-vantage-android/sovereign-vantage-android/app/src/main/java/com/miwealth/sovereignvantage/data/model/Models.kt, /home/runner/work/sovereign-vantage-android/sovereign-vantage-android/app/src/main/java/com/miwealth/sovereignvantage/data/model/AnalyticsDataModel.kt, /home/runner/work/sovereign-vantage-android/sovereign-vantage-android/app/src/main/java/com/miwealth/sovereignvantage/core/TradingSystemManager.kt, /home/runner/work/sovereign-vantage-android/sovereign-vantage-android/app/src/main/java/com/miwealth/sovereignvantage/core/signals/SignalGenerator.kt, /home/runner/work/sovereign-vantage-android/sovereign-vantage-android/app/src/main/java/com/miwealth/sovereignvantage/core/portfolio/CostBasisTracker.kt, /home/runner/work/sovereign-vantage-android/sovereign-vantage-android/app/src/main/java/com/miwealth/sovereignvantage/core/portfolio/TradeArchiveManager.kt, /home/runner/work/sovereign-vantage-android/sovereign-vantage-android/app/src/main/java/com/miwealth/sovereignvantage/core/portfolio/PortfolioAnalytics.kt, /home/runner/work/sovereign-vantage-android/sovereign-vantage-android/app/src/main/java/com/miwealth/sovereignvantage/core/BrokerageAPIAdapter.kt, /home/runner/work/sovereign-vantage-android/sovereign-vantage-android/app/src/main/java/com/miwealth/sovereignvantage/core/BiometricAuth.kt, /home/runner/work/sovereign-vantage-android/sovereign-vantage-android/app/src/main/java/com/miwealth/sovereignvantage/core/dht/LeaderboardManager.kt, /home/runner/work/sovereign-vantage-android/sovereign-vantage-android/app/src/main/java/com/miwealth/sovereignvantage/core/dht/DHTClient.kt, /home/runner/work/sovereign-vantage-android/sovereign-vantage-android/app/src/main/java/com/miwealth/sovereignvantage/core/dht/DhtNode.kt, /home/runner/work/sovereign-vantage-android/sovereign-vantage-android/app/src/main/java/com/miwealth/sovereignvantage/core/dht/SeedTerminal.kt, /home/runner/work/sovereign-vantage-android/sovereign-vantage-android/app/src/main/java/com/miwealth/sovereignvantage/core/dht/DHTGamificationBridge.kt, /home/runner/work/sovereign-vantage-android/sovereign-vantage-android/app/src/main/java/com/miwealth/sovereignvantage/core/dht/DHTLeaderboardManager.kt, /home/runner/work/sovereign-vantage-android/sovereign-vantage-android/app/src/main/java/com/miwealth/sovereignvantage/core/dht/SecureDHTWrapper.kt, /home/runner/work/sovereign-vantage-android/sovereign-vantage-android/app/src/main/java/com/miwealth/sovereignvantage/core/security/pqc/DilithiumDSA.kt, /home/runner/work/sovereign-vantage-android/sovereign-vantage-android/app/src/main/java/com/miwealth/sovereignvantage/core/security/pqc/hybrid/PQCRequestSigner.kt, /home/runner/work/sovereign-vantage-android/sovereign-vantage-android/app/src/main/java/com/miwealth/sovereignvantage/core/security/pqc/hybrid/HybridSecureHttpClient.kt, /home/runner/work/sovereign-vantage-android/sovereign-vantage-android/app/src/main/java/com/miwealth/sovereignvantage/core/security/pqc/hybrid/HybridSecureWebSocket.kt, /home/runner/work/sovereign-vantage-android/sovereign-vantage-android/app/src/main/java/com/miwealth/sovereignvantage/core/security/pqc/hybrid/PQCCredentialVault.kt, /home/runner/work/sovereign-vantage-android/sovereign-vantage-android/app/src/main/java/com/miwealth/sovereignvantage/core/security/pqc/hybrid/HybridPQCConfig.kt, /home/runner/work/sovereign-vantage-android/sovereign-vantage-android/app/src/main/java/com/miwealth/sovereignvantage/core/security/pqc/CryptoProvider.kt, /home/runner/work/sovereign-vantage-android/sovereign-vantage-android/app/src/main/java/com/miwealth/sovereignvantage/core/security/pqc/PQCEngine.kt, /home/runner/work/sovereign-vantage-android/sovereign-vantage-android/app/src/main/java/com/miwealth/sovereignvantage/core/security/pqc/PQCConfig.kt, /home/runner/work/sovereign-vantage-android/sovereign-vantage-android/app/src/main/java/com/miwealth/sovereignvantage/core/security/pqc/KyberKEM.kt, /home/runner/work/sovereign-vantage-android/sovereign-vantage-android/app/src/main/java/com/miwealth/sovereignvantage/core/security/pqc/PQCESecureChannel.kt, /home/runner/work/sovereign-vantage-android/sovereign-vantage-android/app/src/main/java/com/miwealth/sovereignvantage/core/security/pqc/SideChannelDefense.kt, /home/runner/work/sovereign-vantage-android/sovereign-vantage-android/app/src/main/java/com/miwealth/sovereignvantage/core/security/pqc/NoiseInjector.kt, /home/runner/work/sovereign-vantage-android/sovereign-vantage-android/app/src/main/java/com/miwealth/sovereignvantage/core/security/pqc/P2PSecureTransport.kt, /home/runner/work/sovereign-vantage-android/sovereign-vantage-android/app/src/main/java/com/miwealth/sovereignvantage/core/security/pqc/PQCModels.kt, /home/runner/work/sovereign-vantage-android/sovereign-vantage-android/app/src/main/java/com/miwealth/sovereignvantage/core/security/aegis/AegisDHTTunnelDefense.kt, /home/runner/work/sovereign-vantage-android/sovereign-vantage-android/app/src/main/java/com/miwealth/sovereignvantage/core/security/aegis/SelfHealingNetwork.kt, /home/runner/work/sovereign-vantage-android/sovereign-vantage-android/app/src/main/java/com/miwealth/sovereignvantage/core/security/aegis/AegisOffensiveDefense.kt, /home/runner/work/sovereign-vantage-android/sovereign-vantage-android/app/src/main/java/com/miwealth/sovereignvantage/core/security/EncryptedPrefsManager.kt, /home/runner/work/sovereign-vantage-android/sovereign-vantage-android/app/src/main/java/com/miwealth/sovereignvantage/core/security/ExchangeCredentialManager.kt, /home/runner/work/sovereign-vantage-android/sovereign-vantage-android/app/src/main/java/com/miwealth/sovereignvantage/core/security/mpc/TrustedAssociatesRecovery.kt, /home/runner/work/sovereign-vantage-android/sovereign-vantage-android/app/src/main/java/com/miwealth/sovereignvantage/core/security/mpc/MPCWalletCoordinator.kt, /home/runner/work/sovereign-vantage-android/sovereign-vantage-android/app/src/main/java/com/miwealth/sovereignvantage/core/security/mpc/MpcKeyManager.kt, /home/runner/work/sovereign-vantage-android/sovereign-vantage-android/app/src/main/java/com/miwealth/sovereignvantage/core/security/mpc/MPCNetworkManager.kt, /home/runner/work/sovereign-vantage-android/sovereign-vantage-android/app/src/main/java/com/miwealth/sovereignvantage/core/security/mpc/SecureDeviceStorage.kt, /home/runner/work/sovereign-vantage-android/sovereign-vantage-android/app/src/main/java/com/miwealth/sovereignvantage/core/security/mpc/PostQuantumCrypto.kt, /home/runner/work/sovereign-vantage-android/sovereign-vantage-android/app/src/main/java/com/miwealth/sovereignvantage/core/power/PowerAwareManager.kt, /home/runner/work/sovereign-vantage-android/sovereign-vantage-android/app/src/main/java/com/miwealth/sovereignvantage/core/wallet/TradeLedger.kt, /home/runner/work/sovereign-vantage-android/sovereign-vantage-android/app/src/main/java/com/miwealth/sovereignvantage/core/wallet/KeyStoreManager.kt, /home/runner/work/sovereign-vantage-android/sovereign-vantage-android/app/src/main/java/com/miwealth/sovereignvantage/core/wallet/UniversalTransactionManager.kt, /home/runner/work/sovereign-vantage-android/sovereign-vantage-android/app/src/main/java/com/miwealth/sovereignvantage/core/wallet/SwapService.kt, /home/runner/work/sovereign-vantage-android/sovereign-vantage-android/app/src/main/java/com/miwealth/sovereignvantage/core/CoreModels.kt, /home/runner/work/sovereign-vantage-android/sovereign-vantage-android/app/src/main/java/com/miwealth/sovereignvantage/core/utils/SystemLogger.kt, /home/runner/work/sovereign-vantage-android/sovereign-vantage-android/app/src/main/java/com/miwealth/sovereignvantage/core/gamification/SocialFeatures.kt, /home/runner/work/sovereign-vantage-android/sovereign-vantage-android/app/src/main/java/com/miwealth/sovereignvantage/core/gamification/AntiCheatSystem.kt, /home/runner/work/sovereign-vantage-android/sovereign-vantage-android/app/src/main/java/com/miwealth/sovereignvantage/core/gamification/ChallengeSystem.kt, /home/runner/work/sovereign-vantage-android/sovereign-vantage-android/app/src/main/java/com/miwealth/sovereignvantage/core/gamification/LevelPerks.kt, /home/runner/work/sovereign-vantage-android/sovereign-vantage-android/app/src/main/java/com/miwealth/sovereignvantage/core/gamification/GamificationSystemV2.kt, /home/runner/work/sovereign-vantage-android/sovereign-vantage-android/app/src/main/java/com/miwealth/sovereignvantage/core/gamification/GamificationCoordinator.kt, /home/runner/work/sovereign-vantage-android/sovereign-vantage-android/app/src/main/java/com/miwealth/sovereignvantage/core/network/SharedHttpClient.kt, /home/runner/work/sovereign-vantage-android/sovereign-vantage-android/app/src/main/java/com/miwealth/sovereignvantage/core/onchain/SmartMoneyTracker.kt, /home/runner/work/sovereign-vantage-android/sovereign-vantage-android/app/src/main/java/com/miwealth/sovereignvantage/core/onchain/CEXReputationFilter.kt, /home/runner/work/sovereign-vantage-android/sovereign-vantage-android/app/src/main/java/com/miwealth/sovereignvantage/core/onchain/BlockchainConfig.kt, /home/runner/work/sovereign-vantage-android/sovereign-vantage-android/app/src/main/java/com/miwealth/sovereignvantage/core/onchain/DEXReputationFilter.kt, /home/runner/work/sovereign-vantage-android/sovereign-vantage-android/app/src/main/java/com/miwealth/sovereignvantage/core/onchain/DeFiMetrics.kt, /home/runner/work/sovereign-vantage-android/sovereign-vantage-android/app/src/main/java/com/miwealth/sovereignvantage/core/onchain/WhaleWatcher.kt, /home/runner/work/sovereign-vantage-android/sovereign-vantage-android/app/src/main/java/com/miwealth/sovereignvantage/core/indicators/MomentumIndicators.kt, /home/runner/work/sovereign-vantage-android/sovereign-vantage-android/app/src/main/java/com/miwealth/sovereignvantage/core/indicators/TrendIndicators.kt, /home/runner/work/sovereign-vantage-android/sovereign-vantage-android/app/src/main/java/com/miwealth/sovereignvantage/core/indicators/RealTimeIndicatorService.kt, /home/runner/work/sovereign-vantage-android/sovereign-vantage-android/app/src/main/java/com/miwealth/sovereignvantage/core/indicators/VolatilityVolumeIndicators.kt, /home/runner/work/sovereign-vantage-android/sovereign-vantage-android/app/src/main/java/com/miwealth/sovereignvantage/core/indicators/IndicatorCalculator.kt, /home/runner/work/sovereign-vantage-android/sovereign-vantage-android/app/src/main/java/com/miwealth/sovereignvantage/core/exchange/ExchangeAggregatorImpl.kt, /home/runner/work/sovereign-vantage-android/sovereign-vantage-android/app/src/main/java/com/miwealth/sovereignvantage/core/exchange/BinancePublicPriceFeed.kt, /home/runner/work/sovereign-vantage-android/sovereign-vantage-android/app/src/main/java/com/miwealth/sovereignvantage/core/exchange/BaseCEXConnector.kt, /home/runner/work/sovereign-vantage-android/sovereign-vantage-android/app/src/main/java/com/miwealth/sovereignvantage/core/exchange/UnifiedExchangeConnector.kt, /home/runner/work/sovereign-vantage-android/sovereign-vantage-android/app/src/main/java/com/miwealth/sovereignvantage/core/exchange/ExchangeRegistry.kt, /home/runner/work/sovereign-vantage-android/sovereign-vantage-android/app/src/main/java/com/miwealth/sovereignvantage/core/exchange/ai/AIExchangeInterfaceTests.kt, /home/runner/work/sovereign-vantage-android/sovereign-vantage-android/app/src/main/java/com/miwealth/sovereignvantage/core/exchange/ai/AIExchangeModels.kt, /home/runner/work/sovereign-vantage-android/sovereign-vantage-android/app/src/main/java/com/miwealth/sovereignvantage/core/exchange/ai/ExchangeTestnetConfig.kt, /home/runner/work/sovereign-vantage-android/sovereign-vantage-android/app/src/main/java/com/miwealth/sovereignvantage/core/exchange/ai/DynamicRequestExecutor.kt, /home/runner/work/sovereign-vantage-android/sovereign-vantage-android/app/src/main/java/com/miwealth/sovereignvantage/core/exchange/ai/AIExchangeIntegrationGuide.kt, /home/runner/work/sovereign-vantage-android/sovereign-vantage-android/app/src/main/java/com/miwealth/sovereignvantage/core/exchange/ai/AIExchangeConnector.kt, /home/runner/work/sovereign-vantage-android/sovereign-vantage-android/app/src/main/java/com/miwealth/sovereignvantage/core/exchange/ai/AIConnectionManager.kt, /home/runner/work/sovereign-vantage-android/sovereign-vantage-android/app/src/main/java/com/miwealth/sovereignvantage/core/exchange/ai/AIExchangeAdapterFactory.kt, /home/runner/work/sovereign-vantage-android/sovereign-vantage-android/app/src/main/java/com/miwealth/sovereignvantage/core/exchange/ai/ExchangeSchemaLearner.kt, /home/runner/work/sovereign-vantage-android/sovereign-vantage-android/app/src/main/java/com/miwealth/sovereignvantage/core/exchange/connectors/BinanceConnector.kt, /home/runner/work/sovereign-vantage-android/sovereign-vantage-android/app/src/main/java/com/miwealth/sovereignvantage/core/exchange/connectors/OKXConnector.kt, /home/runner/work/sovereign-vantage-android/sovereign-vantage-android/app/src/main/java/com/miwealth/sovereignvantage/core/exchange/connectors/BitgetConnector.kt, /home/runner/work/sovereign-vantage-android/sovereign-vantage-android/app/src/main/java/com/miwealth/sovereignvantage/core/exchange/connectors/KuCoinConnector.kt, /home/runner/work/sovereign-vantage-android/sovereign-vantage-android/app/src/main/java/com/miwealth/sovereignvantage/core/exchange/connectors/CoinbaseConnector.kt, /home/runner/work/sovereign-vantage-android/sovereign-vantage-android/app/src/main/java/com/miwealth/sovereignvantage/core/exchange/connectors/KrakenConnector.kt, /home/runner/work/sovereign-vantage-android/sovereign-vantage-android/app/src/main/java/com/miwealth/sovereignvantage/core/exchange/connectors/BybitConnector.kt, /home/runner/work/sovereign-vantage-android/sovereign-vantage-android/app/src/main/java/com/miwealth/sovereignvantage/core/exchange/connectors/HTXConnector.kt, /home/runner/work/sovereign-vantage-android/sovereign-vantage-android/app/src/main/java/com/miwealth/sovereignvantage/core/exchange/connectors/UpholdConnector.kt, /home/runner/work/sovereign-vantage-android/sovereign-vantage-android/app/src/main/java/com/miwealth/sovereignvantage/core/exchange/connectors/MEXCConnector.kt, /home/runner/work/sovereign-vantage-android/sovereign-vantage-android/app/src/main/java/com/miwealth/sovereignvantage/core/exchange/connectors/GeminiConnector.kt, /home/runner/work/sovereign-vantage-android/sovereign-vantage-android/app/src/main/java/com/miwealth/sovereignvantage/core/exchange/connectors/GateIOConnector.kt, /home/runner/work/sovereign-vantage-android/sovereign-vantage-android/app/src/main/java/com/miwealth/sovereignvantage/core/trading/strategies/FundingArbEngine.kt, /home/runner/work/sovereign-vantage-android/sovereign-vantage-android/app/src/main/java/com/miwealth/sovereignvantage/core/trading/strategies/PairsTradingEngine.kt, /home/runner/work/sovereign-vantage-android/sovereign-vantage-android/app/src/main/java/com/miwealth/sovereignvantage/core/trading/strategies/StrategyRiskManager.kt, /home/runner/work/sovereign-vantage-android/sovereign-vantage-android/app/src/main/java/com/miwealth/sovereignvantage/core/trading/strategies/AlphaFactorScanner.kt, /home/runner/work/sovereign-vantage-android/sovereign-vantage-android/app/src/main/java/com/miwealth/sovereignvantage/core/trading/strategies/AdvancedStrategyCoordinator.kt, /home/runner/work/sovereign-vantage-android/sovereign-vantage-android/app/src/main/java/com/miwealth/sovereignvantage/core/trading/TradingSystemIntegration.kt, /home/runner/work/sovereign-vantage-android/sovereign-vantage-android/app/src/main/java/com/miwealth/sovereignvantage/core/trading/TradingSystem.kt, /home/runner/work/sovereign-vantage-android/sovereign-vantage-android/app/src/main/java/com/miwealth/sovereignvantage/core/trading/TradingCoordinator.kt, /home/runner/work/sovereign-vantage-android/sovereign-vantage-android/app/src/main/java/com/miwealth/sovereignvantage/core/trading/assets/AssetLoader.kt, /home/runner/work/sovereign-vantage-android/sovereign-vantage-android/app/src/main/java/com/miwealth/sovereignvantage/core/trading/assets/BootstrapAssets.kt, /home/runner/work/sovereign-vantage-android/sovereign-vantage-android/app/src/main/java/com/miwealth/sovereignvantage/core/trading/assets/AssetCategory.kt, /home/runner/work/sovereign-vantage-android/sovereign-vantage-android/app/src/main/java/com/miwealth/sovereignvantage/core/trading/assets/UniversalAssetDiscovery.kt, /home/runner/work/sovereign-vantage-android/sovereign-vantage-android/app/src/main/java/com/miwealth/sovereignvantage/core/trading/assets/DynamicRiskAssigner.kt, /home/runner/work/sovereign-vantage-android/sovereign-vantage-android/app/src/main/java/com/miwealth/sovereignvantage/core/trading/assets/FuturesAsset.kt, /home/runner/work/sovereign-vantage-android/sovereign-vantage-android/app/src/main/java/com/miwealth/sovereignvantage/core/trading/assets/ForexAsset.kt, /home/runner/work/sovereign-vantage-android/sovereign-vantage-android/app/src/main/java/com/miwealth/sovereignvantage/core/trading/assets/UpholdAssetLoader.kt, /home/runner/work/sovereign-vantage-android/sovereign-vantage-android/app/src/main/java/com/miwealth/sovereignvantage/core/trading/assets/KrakenAssetLoader.kt, /home/runner/work/sovereign-vantage-android/sovereign-vantage-android/app/src/main/java/com/miwealth/sovereignvantage/core/trading/assets/AssetRegistry.kt, /home/runner/work/sovereign-vantage-android/sovereign-vantage-android/app/src/main/java/com/miwealth/sovereignvantage/core/trading/assets/CoinbaseAssetLoader.kt, /home/runner/work/sovereign-vantage-android/sovereign-vantage-android/app/src/main/java/com/miwealth/sovereignvantage/core/trading/assets/AssetDiscoveryPipeline.kt, /home/runner/work/sovereign-vantage-android/sovereign-vantage-android/app/src/main/java/com/miwealth/sovereignvantage/core/trading/assets/BondAsset.kt, /home/runner/work/sovereign-vantage-android/sovereign-vantage-android/app/src/main/java/com/miwealth/sovereignvantage/core/trading/assets/DerivativeAsset.kt, /home/runner/work/sovereign-vantage-android/sovereign-vantage-android/app/src/main/java/com/miwealth/sovereignvantage/core/trading/assets/AssetClass.kt, /home/runner/work/sovereign-vantage-android/sovereign-vantage-android/app/src/main/java/com/miwealth/sovereignvantage/core/trading/assets/BinanceAssetLoader.kt, /home/runner/work/sovereign-vantage-android/sovereign-vantage-android/app/src/main/java/com/miwealth/sovereignvantage/core/trading/assets/TradingHours.kt, /home/runner/work/sovereign-vantage-android/sovereign-vantage-android/app/src/main/java/com/miwealth/sovereignvantage/core/trading/assets/TradableAsset.kt, /home/runner/work/sovereign-vantage-android/sovereign-vantage-android/app/src/main/java/com/miwealth/sovereignvantage/core/trading/assets/StockAsset.kt, /home/runner/work/sovereign-vantage-android/sovereign-vantage-android/app/src/main/java/com/miwealth/sovereignvantage/core/trading/HistoricalDataManager.kt, /home/runner/work/sovereign-vantage-android/sovereign-vantage-android/app/src/main/java/com/miwealth/sovereignvantage/core/trading/UpsellManager.kt, /home/runner/work/sovereign-vantage-android/sovereign-vantage-android/app/src/main/java/com/miwealth/sovereignvantage/core/trading/AustralianTaxEngine.kt, /home/runner/work/sovereign-vantage-android/sovereign-vantage-android/app/src/main/java/com/miwealth/sovereignvantage/core/trading/TradingIndicatorIntegration.kt, /home/runner/work/sovereign-vantage-android/sovereign-vantage-android/app/src/main/java/com/miwealth/sovereignvantage/core/trading/AIBoardStahlExamples.kt, /home/runner/work/sovereign-vantage-android/sovereign-vantage-android/app/src/main/java/com/miwealth/sovereignvantage/core/trading/CompetitiveEngine.kt, /home/runner/work/sovereign-vantage-android/sovereign-vantage-android/app/src/main/java/com/miwealth/sovereignvantage/core/trading/LicenseTokenManager.kt, /home/runner/work/sovereign-vantage-android/sovereign-vantage-android/app/src/main/java/com/miwealth/sovereignvantage/core/trading/StahlStairStop.kt, /home/runner/work/sovereign-vantage-android/sovereign-vantage-android/app/src/main/java/com/miwealth/sovereignvantage/core/trading/engine/TransactionCapEnforcer.kt, /home/runner/work/sovereign-vantage-android/sovereign-vantage-android/app/src/main/java/com/miwealth/sovereignvantage/core/trading/engine/PositionManager.kt, /home/runner/work/sovereign-vantage-android/sovereign-vantage-android/app/src/main/java/com/miwealth/sovereignvantage/core/trading/engine/MatchingEngine.kt, /home/runner/work/sovereign-vantage-android/sovereign-vantage-android/app/src/main/java/com/miwealth/sovereignvantage/core/trading/engine/CoinbaseExchangeAdapter.kt, /home/runner/work/sovereign-vantage-android/sovereign-vantage-android/app/src/main/java/com/miwealth/sovereignvantage/core/trading/engine/OrderExecutor.kt, /home/runner/work/sovereign-vantage-android/sovereign-vantage-android/app/src/main/java/com/miwealth/sovereignvantage/core/trading/engine/BacktestingEngine2.kt, /home/runner/work/sovereign-vantage-android/sovereign-vantage-android/app/src/main/java/com/miwealth/sovereignvantage/core/trading/engine/RiskManager.kt, /home/runner/work/sovereign-vantage-android/sovereign-vantage-android/app/src/main/java/com/miwealth/sovereignvantage/core/trading/engine/ApexAuction.kt, /home/runner/work/sovereign-vantage-android/sovereign-vantage-android/app/src/main/java/com/miwealth/sovereignvantage/core/trading/engine/MarginSafeguard.kt, /home/runner/work/sovereign-vantage-android/sovereign-vantage-android/app/src/main/java/com/miwealth/sovereignvantage/core/trading/engine/TierAuctionMechanism.kt, /home/runner/work/sovereign-vantage-android/sovereign-vantage-android/app/src/main/java/com/miwealth/sovereignvantage/core/trading/engine/CCXTBridge.kt, /home/runner/work/sovereign-vantage-android/sovereign-vantage-android/app/src/main/java/com/miwealth/sovereignvantage/core/trading/engine/UnifiedExchangeAdapter.kt, /home/runner/work/sovereign-vantage-android/sovereign-vantage-android/app/src/main/java/com/miwealth/sovereignvantage/core/trading/engine/PortfolioMarginManager.kt, /home/runner/work/sovereign-vantage-android/sovereign-vantage-android/app/src/main/java/com/miwealth/sovereignvantage/core/trading/engine/KrakenExchangeAdapter.kt, /home/runner/work/sovereign-vantage-android/sovereign-vantage-android/app/src/main/java/com/miwealth/sovereignvantage/core/trading/routing/SmartOrderExecutor.kt, /home/runner/work/sovereign-vantage-android/sovereign-vantage-android/app/src/main/java/com/miwealth/sovereignvantage/core/trading/routing/FeeOptimizer.kt, /home/runner/work/sovereign-vantage-android/sovereign-vantage-android/app/src/main/java/com/miwealth/sovereignvantage/core/trading/routing/OrderSplitter.kt, /home/runner/work/sovereign-vantage-android/sovereign-vantage-android/app/src/main/java/com/miwealth/sovereignvantage/core/trading/routing/SmartOrderRouter.kt, /home/runner/work/sovereign-vantage-android/sovereign-vantage-android/app/src/main/java/com/miwealth/sovereignvantage/core/trading/routing/RoutableExchangeAdapter.kt, /home/runner/work/sovereign-vantage-android/sovereign-vantage-android/app/src/main/java/com/miwealth/sovereignvantage/core/trading/routing/SlippageProtector.kt, /home/runner/work/sovereign-vantage-android/sovereign-vantage-android/app/src/main/java/com/miwealth/sovereignvantage/core/trading/CopyTradingEngine.kt, /home/runner/work/sovereign-vantage-android/sovereign-vantage-android/app/src/main/java/com/miwealth/sovereignvantage/core/trading/TradingModeController.kt, /home/runner/work/sovereign-vantage-android/sovereign-vantage-android/app/src/main/java/com/miwealth/sovereignvantage/core/trading/AIBoardStahl.kt, /home/runner/work/sovereign-vantage-android/sovereign-vantage-android/app/src/main/java/com/miwealth/sovereignvantage/core/trading/SubscriptionManager.kt, /home/runner/work/sovereign-vantage-android/sovereign-vantage-android/app/src/main/java/com/miwealth/sovereignvantage/core/trading/scalping/ScalpingConfig.kt, /home/runner/work/sovereign-vantage-android/sovereign-vantage-android/app/src/main/java/com/miwealth/sovereignvantage/core/trading/scalping/ScalpingSignal.kt, /home/runner/work/sovereign-vantage-android/sovereign-vantage-android/app/src/main/java/com/miwealth/sovereignvantage/core/trading/scalping/ScalpingEngine.kt, /home/runner/work/sovereign-vantage-android/sovereign-vantage-android/app/src/main/java/com/miwealth/sovereignvantage/core/trading/TaxationService.kt, /home/runner/work/sovereign-vantage-android/sovereign-vantage-android/app/src/main/java/com/miwealth/sovereignvantage/core/ai/HedgeFundBoardMembers.kt, /home/runner/work/sovereign-vantage-android/sovereign-vantage-android/app/src/main/java/com/miwealth/sovereignvantage/core/ai/HedgeFundBoardOrchestrator.kt, /home/runner/work/sovereign-vantage-android/sovereign-vantage-android/app/src/main/java/com/miwealth/sovereignvantage/core/ai/macro/RSSFeedParser.kt, /home/runner/work/sovereign-vantage-android/sovereign-vantage-android/app/src/main/java/com/miwealth/sovereignvantage/core/ai/macro/MacroModels.kt, /home/runner/work/sovereign-vantage-android/sovereign-vantage-android/app/src/main/java/com/miwealth/sovereignvantage/core/ai/macro/EconomicCalendarService.kt, /home/runner/work/sovereign-vantage-android/sovereign-vantage-android/app/src/main/java/com/miwealth/sovereignvantage/core/ai/macro/MacroSentimentAnalyzer.kt, /home/runner/work/sovereign-vantage-android/sovereign-vantage-android/app/src/main/java/com/miwealth/sovereignvantage/core/ai/macro/EconomicIndicatorDatabase.kt, /home/runner/work/sovereign-vantage-android/sovereign-vantage-android/app/src/main/java/com/miwealth/sovereignvantage/core/ai/GeneralIntelligenceInterface.kt, /home/runner/work/sovereign-vantage-android/sovereign-vantage-android/app/src/main/java/com/miwealth/sovereignvantage/core/ai/sentiment/ApiSentimentProvider.kt, /home/runner/work/sovereign-vantage-android/sovereign-vantage-android/app/src/main/java/com/miwealth/sovereignvantage/core/ai/sentiment/PlaceholderSentimentProvider.kt, /home/runner/work/sovereign-vantage-android/sovereign-vantage-android/app/src/main/java/com/miwealth/sovereignvantage/core/ai/sentiment/SentimentDataProvider.kt, /home/runner/work/sovereign-vantage-android/sovereign-vantage-android/app/src/main/java/com/miwealth/sovereignvantage/core/ai/sentiment/ScrapingSentimentProvider.kt, /home/runner/work/sovereign-vantage-android/sovereign-vantage-android/app/src/main/java/com/miwealth/sovereignvantage/core/ai/BoardMemberRegistry.kt, /home/runner/work/sovereign-vantage-android/sovereign-vantage-android/app/src/main/java/com/miwealth/sovereignvantage/core/ai/ConfigurableBoardOrchestrator.kt, /home/runner/work/sovereign-vantage-android/sovereign-vantage-android/app/src/main/java/com/miwealth/sovereignvantage/core/ai/AIBoardOrchestrator.kt, /home/runner/work/sovereign-vantage-android/sovereign-vantage-android/app/src/main/java/com/miwealth/sovereignvantage/core/ai/MasterAIController.kt, /home/runner/work/sovereign-vantage-android/sovereign-vantage-android/app/src/main/java/com/miwealth/sovereignvantage/core/ai/RiskManagement.kt, /home/runner/work/sovereign-vantage-android/sovereign-vantage-android/app/src/main/java/com/miwealth/sovereignvantage/core/ai/SentimentEngine.kt, /home/runner/work/sovereign-vantage-android/sovereign-vantage-android/app/src/main/java/com/miwealth/sovereignvantage/core/ai/BoardDecisionRepository.kt, /home/runner/work/sovereign-vantage-android/sovereign-vantage-android/app/src/main/java/com/miwealth/sovereignvantage/core/ai/TestBoardOrchestrator.kt, /home/runner/work/sovereign-vantage-android/sovereign-vantage-android/app/src/main/java/com/miwealth/sovereignvantage/core/dflp/DFLPConfig.kt, /home/runner/work/sovereign-vantage-android/sovereign-vantage-android/app/src/main/java/com/miwealth/sovereignvantage/core/dflp/DFLPTradeRecorder.kt, /home/runner/work/sovereign-vantage-android/sovereign-vantage-android/app/src/main/java/com/miwealth/sovereignvantage/core/dflp/LocalModelTrainer.kt, /home/runner/work/sovereign-vantage-android/sovereign-vantage-android/app/src/main/java/com/miwealth/sovereignvantage/core/dflp/DFLPAggregationService.kt, /home/runner/work/sovereign-vantage-android/sovereign-vantage-android/app/src/main/java/com/miwealth/sovereignvantage/core/dflp/DFLPAggregator.kt, /home/runner/work/sovereign-vantage-android/sovereign-vantage-android/app/src/main/java/com/miwealth/sovereignvantage/core/dflp/AIModelService.kt, /home/runner/work/sovereign-vantage-android/sovereign-vantage-android/app/src/main/java/com/miwealth/sovereignvantage/core/dflp/P2PCommunicator.kt, /home/runner/work/sovereign-vantage-android/sovereign-vantage-android/app/src/main/java/com/miwealth/sovereignvantage/core/ml/EnsembleDisagreementDetector.kt, /home/runner/work/sovereign-vantage-android/sovereign-vantage-android/app/src/main/java/com/miwealth/sovereignvantage/core/ml/ReinforcementLearning.kt, /home/runner/work/sovereign-vantage-android/sovereign-vantage-android/app/src/main/java/com/miwealth/sovereignvantage/core/ml/EnsembleDisagreementExample.kt, /home/runner/work/sovereign-vantage-android/sovereign-vantage-android/app/src/main/java/com/miwealth/sovereignvantage/core/ml/DQNPretrainingExample.kt, /home/runner/work/sovereign-vantage-android/sovereign-vantage-android/app/src/main/java/com/miwealth/sovereignvantage/core/ml/AdaptiveLearningRate.kt, /home/runner/work/sovereign-vantage-android/sovereign-vantage-android/app/src/main/java/com/miwealth/sovereignvantage/core/ml/ElasticWeightConsolidation.kt, /home/runner/work/sovereign-vantage-android/sovereign-vantage-android/app/src/main/java/com/miwealth/sovereignvantage/core/ml/EnhancedFeatureVector.kt, /home/runner/work/sovereign-vantage-android/sovereign-vantage-android/app/src/main/java/com/miwealth/sovereignvantage/core/ml/EnsembleModels.kt, /home/runner/work/sovereign-vantage-android/sovereign-vantage-android/app/src/main/java/com/miwealth/sovereignvantage/core/ml/MarketRegimeDetector.kt, /home/runner/work/sovereign-vantage-android/sovereign-vantage-android/app/src/main/java/com/miwealth/sovereignvantage/core/ml/DQNHealthMonitor.kt, /home/runner/work/sovereign-vantage-android/sovereign-vantage-android/app/src/main/java/com/miwealth/sovereignvantage/core/ml/DQNHealthMonitorExample.kt, /home/runner/work/sovereign-vantage-android/sovereign-vantage-android/app/src/main/java/com/miwealth/sovereignvantage/core/ml/DQNPretrainer.kt, /home/runner/work/sovereign-vantage-android/sovereign-vantage-android/app/src/main/java/com/miwealth/sovereignvantage/core/ml/KellyPositionSizer.kt, /home/runner/work/sovereign-vantage-android/sovereign-vantage-android/app/src/main/java/com/miwealth/sovereignvantage/core/ml/MLUtils.kt, /home/runner/work/sovereign-vantage-android/sovereign-vantage-android/app/src/main/java/com/miwealth/sovereignvantage/core/ml/EnhancedFeatures.kt, /home/runner/work/sovereign-vantage-android/sovereign-vantage-android/app/src/main/java/com/miwealth/sovereignvantage/core/ml/MultiTimeframeAnalysis.kt, /home/runner/work/sovereign-vantage-android/sovereign-vantage-android/app/src/main/java/com/miwealth/sovereignvantage/core/ml/FeatureNormalizer.kt
Java source files: /home/runner/work/sovereign-vantage-android/sovereign-vantage-android/app/build/generated/ksp/debug/java/hilt_aggregated_deps/_com_miwealth_sovereignvantage_ui_settings_SettingsViewModel_HiltModules_BindsModule.java, /home/runner/work/sovereign-vantage-android/sovereign-vantage-android/app/build/generated/ksp/debug/java/hilt_aggregated_deps/_com_miwealth_sovereignvantage_ui_trading_TradingViewModel_HiltModules_KeyModule.java, /home/runner/work/sovereign-vantage-android/sovereign-vantage-android/app/build/generated/ksp/debug/java/hilt_aggregated_deps/_com_miwealth_sovereignvantage_education_ui_EducationViewModel_HiltModules_BindsModule.java, /home/runner/work/sovereign-vantage-android/sovereign-vantage-android/app/build/generated/ksp/debug/java/hilt_aggregated_deps/_com_miwealth_sovereignvantage_service_TradingService_GeneratedInjector.java, /home/runner/work/sovereign-vantage-android/sovereign-vantage-android/app/build/generated/ksp/debug/java/hilt_aggregated_deps/_com_miwealth_sovereignvantage_ui_dashboard_DashboardViewModel_HiltModules_BindsModule.java, /home/runner/work/sovereign-vantage-android/sovereign-vantage-android/app/build/generated/ksp/debug/java/hilt_aggregated_deps/_com_miwealth_sovereignvantage_ui_wallet_WalletViewModel_HiltModules_BindsModule.java, /home/runner/work/sovereign-vantage-android/sovereign-vantage-android/app/build/generated/ksp/debug/java/hilt_aggregated_deps/_com_miwealth_sovereignvantage_ui_settings_SettingsViewModel_HiltModules_KeyModule.java, /home/runner/work/sovereign-vantage-android/sovereign-vantage-android/app/build/generated/ksp/debug/java/hilt_aggregated_deps/_com_miwealth_sovereignvantage_education_ui_LessonDetailViewModel_HiltModules_BindsModule.java, /home/runner/work/sovereign-vantage-android/sovereign-vantage-android/app/build/generated/ksp/debug/java/hilt_aggregated_deps/_com_miwealth_sovereignvantage_ui_portfolio_CoinDetailViewModel_HiltModules_KeyModule.java, /home/runner/work/sovereign-vantage-android/sovereign-vantage-android/app/build/generated/ksp/debug/java/hilt_aggregated_deps/_com_miwealth_sovereignvantage_ui_trading_TradingViewModel_HiltModules_BindsModule.java, /home/runner/work/sovereign-vantage-android/sovereign-vantage-android/app/build/generated/ksp/debug/java/hilt_aggregated_deps/_com_miwealth_sovereignvantage_ui_login_LoginViewModel_HiltModules_BindsModule.java, /home/runner/work/sovereign-vantage-android/sovereign-vantage-android/app/build/generated/ksp/debug/java/hilt_aggregated_deps/_com_miwealth_sovereignvantage_ui_dashboard_DashboardViewModel_HiltModules_KeyModule.java, /home/runner/work/sovereign-vantage-android/sovereign-vantage-android/app/build/generated/ksp/debug/java/hilt_aggregated_deps/_com_miwealth_sovereignvantage_education_ui_LessonDetailViewModel_HiltModules_KeyModule.java, /home/runner/work/sovereign-vantage-android/sovereign-vantage-android/app/build/generated/ksp/debug/java/hilt_aggregated_deps/_com_miwealth_sovereignvantage_MainActivity_GeneratedInjector.java, /home/runner/work/sovereign-vantage-android/sovereign-vantage-android/app/build/generated/ksp/debug/java/hilt_aggregated_deps/_com_miwealth_sovereignvantage_education_EducationProvidesModule.java, /home/runner/work/sovereign-vantage-android/sovereign-vantage-android/app/build/generated/ksp/debug/java/hilt_aggregated_deps/_com_miwealth_sovereignvantage_education_EducationBindsModule.java, /home/runner/work/sovereign-vantage-android/sovereign-vantage-android/app/build/generated/ksp/debug/java/hilt_aggregated_deps/_com_miwealth_sovereignvantage_SovereignVantageApp_GeneratedInjector.java, /home/runner/work/sovereign-vantage-android/sovereign-vantage-android/app/build/generated/ksp/debug/java/hilt_aggregated_deps/_com_miwealth_sovereignvantage_ui_portfolio_CoinDetailViewModel_HiltModules_BindsModule.java, /home/runner/work/sovereign-vantage-android/sovereign-vantage-android/app/build/generated/ksp/debug/java/hilt_aggregated_deps/_com_miwealth_sovereignvantage_ui_wallet_WalletViewModel_HiltModules_KeyModule.java, /home/runner/work/sovereign-vantage-android/sovereign-vantage-android/app/build/generated/ksp/debug/java/hilt_aggregated_deps/_com_miwealth_sovereignvantage_ui_login_LoginViewModel_HiltModules_KeyModule.java, /home/runner/work/sovereign-vantage-android/sovereign-vantage-android/app/build/generated/ksp/debug/java/hilt_aggregated_deps/_com_miwealth_sovereignvantage_ui_aiboard_AIBoardViewModel_HiltModules_BindsModule.java, /home/runner/work/sovereign-vantage-android/sovereign-vantage-android/app/build/generated/ksp/debug/java/hilt_aggregated_deps/_com_miwealth_sovereignvantage_education_ui_EducationViewModel_HiltModules_KeyModule.java, /home/runner/work/sovereign-vantage-android/sovereign-vantage-android/app/build/generated/ksp/debug/java/hilt_aggregated_deps/_com_miwealth_sovereignvantage_ui_portfolio_PortfolioViewModel_HiltModules_BindsModule.java, /home/runner/work/sovereign-vantage-android/sovereign-vantage-android/app/build/generated/ksp/debug/java/hilt_aggregated_deps/_com_miwealth_sovereignvantage_ui_portfolio_PortfolioViewModel_HiltModules_KeyModule.java, /home/runner/work/sovereign-vantage-android/sovereign-vantage-android/app/build/generated/ksp/debug/java/hilt_aggregated_deps/_com_miwealth_sovereignvantage_di_AppModule.java, /home/runner/work/sovereign-vantage-android/sovereign-vantage-android/app/build/generated/ksp/debug/java/hilt_aggregated_deps/_com_miwealth_sovereignvantage_ui_aiboard_AIBoardViewModel_HiltModules_KeyModule.java, /home/runner/work/sovereign-vantage-android/sovereign-vantage-android/app/build/generated/ksp/debug/java/dagger/hilt/internal/aggregatedroot/codegen/_com_miwealth_sovereignvantage_SovereignVantageApp.java, /home/runner/work/sovereign-vantage-android/sovereign-vantage-android/app/build/generated/ksp/debug/java/com/miwealth/sovereignvantage/service/NotificationService_Factory.java, /home/runner/work/sovereign-vantage-android/sovereign-vantage-android/app/build/generated/ksp/debug/java/com/miwealth/sovereignvantage/service/Hilt_TradingService.java, /home/runner/work/sovereign-vantage-android/sovereign-vantage-android/app/build/generated/ksp/debug/java/com/miwealth/sovereignvantage/service/TradingService_GeneratedInjector.java, /home/runner/work/sovereign-vantage-android/sovereign-vantage-android/app/build/generated/ksp/debug/java/com/miwealth/sovereignvantage/ui/dashboard/DashboardViewModel_HiltModules_KeyModule_ProvideFactory.java, /home/runner/work/sovereign-vantage-android/sovereign-vantage-android/app/build/generated/ksp/debug/java/com/miwealth/sovereignvantage/ui/dashboard/DashboardViewModel_HiltModules.java, /home/runner/work/sovereign-vantage-android/sovereign-vantage-android/app/build/generated/ksp/debug/java/com/miwealth/sovereignvantage/ui/dashboard/DashboardViewModel_Factory.java, /home/runner/work/sovereign-vantage-android/sovereign-vantage-android/app/build/generated/ksp/debug/java/com/miwealth/sovereignvantage/ui/portfolio/PortfolioViewModel_Factory.java, /home/runner/work/sovereign-vantage-android/sovereign-vantage-android/app/build/generated/ksp/debug/java/com/miwealth/sovereignvantage/ui/portfolio/PortfolioViewModel_HiltModules_KeyModule_ProvideFactory.java, /home/runner/work/sovereign-vantage-android/sovereign-vantage-android/app/build/generated/ksp/debug/java/com/miwealth/sovereignvantage/ui/portfolio/PortfolioViewModel_HiltModules.java, /home/runner/work/sovereign-vantage-android/sovereign-vantage-android/app/build/generated/ksp/debug/java/com/miwealth/sovereignvantage/ui/portfolio/CoinDetailViewModel_Factory.java, /home/runner/work/sovereign-vantage-android/sovereign-vantage-android/app/build/generated/ksp/debug/java/com/miwealth/sovereignvantage/ui/portfolio/CoinDetailViewModel_HiltModules_KeyModule_ProvideFactory.java, /home/runner/work/sovereign-vantage-android/sovereign-vantage-android/app/build/generated/ksp/debug/java/com/miwealth/sovereignvantage/ui/portfolio/CoinDetailViewModel_HiltModules.java, /home/runner/work/sovereign-vantage-android/sovereign-vantage-android/app/build/generated/ksp/debug/java/com/miwealth/sovereignvantage/ui/wallet/WalletViewModel_HiltModules.java, /home/runner/work/sovereign-vantage-android/sovereign-vantage-android/app/build/generated/ksp/debug/java/com/miwealth/sovereignvantage/ui/wallet/WalletViewModel_Factory.java, /home/runner/work/sovereign-vantage-android/sovereign-vantage-android/app/build/generated/ksp/debug/java/com/miwealth/sovereignvantage/ui/wallet/WalletViewModel_HiltModules_KeyModule_ProvideFactory.java, /home/runner/work/sovereign-vantage-android/sovereign-vantage-android/app/build/generated/ksp/debug/java/com/miwealth/sovereignvantage/ui/login/LoginViewModel_Factory.java, /home/runner/work/sovereign-vantage-android/sovereign-vantage-android/app/build/generated/ksp/debug/java/com/miwealth/sovereignvantage/ui/login/LoginViewModel_HiltModules.java, /home/runner/work/sovereign-vantage-android/sovereign-vantage-android/app/build/generated/ksp/debug/java/com/miwealth/sovereignvantage/ui/login/LoginViewModel_HiltModules_KeyModule_ProvideFactory.java, /home/runner/work/sovereign-vantage-android/sovereign-vantage-android/app/build/generated/ksp/debug/java/com/miwealth/sovereignvantage/ui/trading/TradingViewModel_HiltModules.java, /home/runner/work/sovereign-vantage-android/sovereign-vantage-android/app/build/generated/ksp/debug/java/com/miwealth/sovereignvantage/ui/trading/TradingViewModel_HiltModules_KeyModule_ProvideFactory.java, /home/runner/work/sovereign-vantage-android/sovereign-vantage-android/app/build/generated/ksp/debug/java/com/miwealth/sovereignvantage/ui/trading/TradingViewModel_Factory.java, /home/runner/work/sovereign-vantage-android/sovereign-vantage-android/app/build/generated/ksp/debug/java/com/miwealth/sovereignvantage/ui/aiboard/AIBoardViewModel_HiltModules.java, /home/runner/work/sovereign-vantage-android/sovereign-vantage-android/app/build/generated/ksp/debug/java/com/miwealth/sovereignvantage/ui/aiboard/AIBoardViewModel_Factory.java, /home/runner/work/sovereign-vantage-android/sovereign-vantage-android/app/build/generated/ksp/debug/java/com/miwealth/sovereignvantage/ui/aiboard/AIBoardViewModel_HiltModules_KeyModule_ProvideFactory.java, /home/runner/work/sovereign-vantage-android/sovereign-vantage-android/app/build/generated/ksp/debug/java/com/miwealth/sovereignvantage/ui/settings/SettingsViewModel_Factory.java, /home/runner/work/sovereign-vantage-android/sovereign-vantage-android/app/build/generated/ksp/debug/java/com/miwealth/sovereignvantage/ui/settings/SettingsViewModel_HiltModules_KeyModule_ProvideFactory.java, /home/runner/work/sovereign-vantage-android/sovereign-vantage-android/app/build/generated/ksp/debug/java/com/miwealth/sovereignvantage/ui/settings/SettingsViewModel_HiltModules.java, /home/runner/work/sovereign-vantage-android/sovereign-vantage-android/app/build/generated/ksp/debug/java/com/miwealth/sovereignvantage/Hilt_MainActivity.java, /home/runner/work/sovereign-vantage-android/sovereign-vantage-android/app/build/generated/ksp/debug/java/com/miwealth/sovereignvantage/education/ui/EducationViewModel_HiltModules_KeyModule_ProvideFactory.java, /home/runner/work/sovereign-vantage-android/sovereign-vantage-android/app/build/generated/ksp/debug/java/com/miwealth/sovereignvantage/education/ui/LessonDetailViewModel_HiltModules.java, /home/runner/work/sovereign-vantage-android/sovereign-vantage-android/app/build/generated/ksp/debug/java/com/miwealth/sovereignvantage/education/ui/EducationViewModel_HiltModules.java, /home/runner/work/sovereign-vantage-android/sovereign-vantage-android/app/build/generated/ksp/debug/java/com/miwealth/sovereignvantage/education/ui/EducationViewModel_Factory.java, /home/runner/work/sovereign-vantage-android/sovereign-vantage-android/app/build/generated/ksp/debug/java/com/miwealth/sovereignvantage/education/ui/LessonDetailViewModel_Factory.java, /home/runner/work/sovereign-vantage-android/sovereign-vantage-android/app/build/generated/ksp/debug/java/com/miwealth/sovereignvantage/education/ui/LessonDetailViewModel_HiltModules_KeyModule_ProvideFactory.java, /home/runner/work/sovereign-vantage-android/sovereign-vantage-android/app/build/generated/ksp/debug/java/com/miwealth/sovereignvantage/education/EducationProvidesModule_ProvideTradingProgrammeDaoFactory.java, /home/runner/work/sovereign-vantage-android/sovereign-vantage-android/app/build/generated/ksp/debug/java/com/miwealth/sovereignvantage/education/TradingProgrammeRepositoryImpl_Factory.java, /home/runner/work/sovereign-vantage-android/sovereign-vantage-android/app/build/generated/ksp/debug/java/com/miwealth/sovereignvantage/education/EducationProvidesModule_ProvideQuizQuestionBankFactory.java, /home/runner/work/sovereign-vantage-android/sovereign-vantage-android/app/build/generated/ksp/debug/java/com/miwealth/sovereignvantage/education/TradingProgrammeDao_Impl.java, /home/runner/work/sovereign-vantage-android/sovereign-vantage-android/app/build/generated/ksp/debug/java/com/miwealth/sovereignvantage/education/TradingProgrammeManager_Factory.java, /home/runner/work/sovereign-vantage-android/sovereign-vantage-android/app/build/generated/ksp/debug/java/com/miwealth/sovereignvantage/SovereignVantageApp_MembersInjector.java, /home/runner/work/sovereign-vantage-android/sovereign-vantage-android/app/build/generated/ksp/debug/java/com/miwealth/sovereignvantage/di/AppModule_ProvideOkHttpClientFactory.java, /home/runner/work/sovereign-vantage-android/sovereign-vantage-android/app/build/generated/ksp/debug/java/com/miwealth/sovereignvantage/di/AppModule_ProvideTradeDatabaseFactory.java, /home/runner/work/sovereign-vantage-android/sovereign-vantage-android/app/build/generated/ksp/debug/java/com/miwealth/sovereignvantage/di/AppModule_ProvideAuthInterceptorFactory.java, /home/runner/work/sovereign-vantage-android/sovereign-vantage-android/app/build/generated/ksp/debug/java/com/miwealth/sovereignvantage/di/AppModule_ProvideSovereignVantageApiFactory.java, /home/runner/work/sovereign-vantage-android/sovereign-vantage-android/app/build/generated/ksp/debug/java/com/miwealth/sovereignvantage/di/AppModule_ProvideRetrofitFactory.java, /home/runner/work/sovereign-vantage-android/sovereign-vantage-android/app/build/generated/ksp/debug/java/com/miwealth/sovereignvantage/data/repository/SettingsPreferencesManager_Factory.java, /home/runner/work/sovereign-vantage-android/sovereign-vantage-android/app/build/generated/ksp/debug/java/com/miwealth/sovereignvantage/data/repository/AssetRepository_Factory.java, /home/runner/work/sovereign-vantage-android/sovereign-vantage-android/app/build/generated/ksp/debug/java/com/miwealth/sovereignvantage/data/repository/TradeRepository_Factory.java, /home/runner/work/sovereign-vantage-android/sovereign-vantage-android/app/build/generated/ksp/debug/java/com/miwealth/sovereignvantage/data/repository/TradingRepository_Factory.java, /home/runner/work/sovereign-vantage-android/sovereign-vantage-android/app/build/generated/ksp/debug/java/com/miwealth/sovereignvantage/data/repository/AuthRepository_Factory.java, /home/runner/work/sovereign-vantage-android/sovereign-vantage-android/app/build/generated/ksp/debug/java/com/miwealth/sovereignvantage/data/repository/PortfolioRepository_Factory.java, /home/runner/work/sovereign-vantage-android/sovereign-vantage-android/app/build/generated/ksp/debug/java/com/miwealth/sovereignvantage/data/repository/TokenManager_Factory.java, /home/runner/work/sovereign-vantage-android/sovereign-vantage-android/app/build/generated/ksp/debug/java/com/miwealth/sovereignvantage/data/catalog/AssetCatalogSeeder_Factory.java, /home/runner/work/sovereign-vantage-android/sovereign-vantage-android/app/build/generated/ksp/debug/java/com/miwealth/sovereignvantage/data/local/PositionDao_Impl.java, /home/runner/work/sovereign-vantage-android/sovereign-vantage-android/app/build/generated/ksp/debug/java/com/miwealth/sovereignvantage/data/local/AISignalDao_Impl.java, /home/runner/work/sovereign-vantage-android/sovereign-vantage-android/app/build/generated/ksp/debug/java/com/miwealth/sovereignvantage/data/local/PriceAlertDao_Impl.java, /home/runner/work/sovereign-vantage-android/sovereign-vantage-android/app/build/generated/ksp/debug/java/com/miwealth/sovereignvantage/data/local/TradeDatabase_Impl.java, /home/runner/work/sovereign-vantage-android/sovereign-vantage-android/app/build/generated/ksp/debug/java/com/miwealth/sovereignvantage/data/local/TradeDao_Impl.java, /home/runner/work/sovereign-vantage-android/sovereign-vantage-android/app/build/generated/ksp/debug/java/com/miwealth/sovereignvantage/data/local/PortfolioSnapshotDao_Impl.java, /home/runner/work/sovereign-vantage-android/sovereign-vantage-android/app/build/generated/ksp/debug/java/com/miwealth/sovereignvantage/core/security/ExchangeCredentialManager_Factory.java, /home/runner/work/sovereign-vantage-android/sovereign-vantage-android/app/build/generated/ksp/debug/java/com/miwealth/sovereignvantage/core/ai/macro/EconomicEventDao_Impl.java, /home/runner/work/sovereign-vantage-android/sovereign-vantage-android/app/build/generated/ksp/debug/java/com/miwealth/sovereignvantage/core/ai/macro/SentimentAnalysisDao_Impl.java, /home/runner/work/sovereign-vantage-android/sovereign-vantage-android/app/build/generated/ksp/debug/java/com/miwealth/sovereignvantage/core/ai/macro/EconomicIndicatorDao_Impl.java, /home/runner/work/sovereign-vantage-android/sovereign-vantage-android/app/build/generated/ksp/debug/java/com/miwealth/sovereignvantage/core/ai/macro/EconomicIndicatorDatabase_Impl.java, /home/runner/work/sovereign-vantage-android/sovereign-vantage-android/app/build/generated/ksp/debug/java/com/miwealth/sovereignvantage/core/TradingSystemManager_Factory.java, /home/runner/work/sovereign-vantage-android/sovereign-vantage-android/app/build/generated/ksp/debug/java/com/miwealth/sovereignvantage/SovereignVantageApp_GeneratedInjector.java, /home/runner/work/sovereign-vantage-android/sovereign-vantage-android/app/build/generated/ksp/debug/java/com/miwealth/sovereignvantage/MainActivity_GeneratedInjector.java, /home/runner/work/sovereign-vantage-android/sovereign-vantage-android/app/build/generated/source/buildConfig/debug/com/miwealth/sovereignvantage/BuildConfig.java, /home/runner/work/sovereign-vantage-android/sovereign-vantage-android/app/build/generated/data_binding_base_class_source_out/debug/out/com/miwealth/sovereignvantage/databinding/WidgetTradingBinding.java, /home/runner/work/sovereign-vantage-android/sovereign-vantage-android/app/build/generated/data_binding_base_class_source_out/debug/out/com/miwealth/sovereignvantage/databinding/WidgetPortfolioBinding.java
Script source files: 
Script file extensions: 
Using Kotlin/JVM incremental compilation
[KOTLIN] Kotlin compilation 'jdkHome' argument: null
Options for KOTLIN DAEMON: IncrementalCompilationOptions(super=CompilationOptions(compilerMode=INCREMENTAL_COMPILER, targetPlatform=JVM, reportCategories=[0, 3], reportSeverity=2, requestedCompilationResults=[0], kotlinScriptExtensions=[]), areFileChangesKnown=false, modifiedFiles=null, deletedFiles=null, classpathChanges=NotAvailableForNonIncrementalRun, workingDir=/home/runner/work/sovereign-vantage-android/sovereign-vantage-android/app/build/kotlin/compileDebugKotlin/cacheable, multiModuleICSettings=MultiModuleICSettings(buildHistoryFile=/home/runner/work/sovereign-vantage-android/sovereign-vantage-android/app/build/kotlin/compileDebugKotlin/local-state/build-history.bin, useModuleDetection=true), usePreciseJavaTracking=true, icFeatures=IncrementalCompilationFeatures(withAbiSnapshot=false, preciseCompilationResultsBackup=true, keepIncrementalCompilationCachesInMemory=true, enableUnsafeIncrementalCompilationForMultiplatform=false), outputFiles=[/home/runner/work/sovereign-vantage-android/sovereign-vantage-android/app/build/tmp/kotlin-classes/debug, /home/runner/work/sovereign-vantage-android/sovereign-vantage-android/app/build/kotlin/compileDebugKotlin/cacheable, /home/runner/work/sovereign-vantage-android/sovereign-vantage-android/app/build/kotlin/compileDebugKotlin/local-state])

> Task :app:mergeExtDexDebug FROM-CACHE
Transforming viewbinding-8.5.2.aar (androidx.databinding:viewbinding:8.5.2) with AarToClassTransform
Transforming viewbinding-8.5.2.aar (androidx.databinding:viewbinding:8.5.2) with IdentityTransform
Transforming material-1.12.0.aar (com.google.android.material:material:1.12.0) with AarToClassTransform
Transforming material-1.12.0.aar (com.google.android.material:material:1.12.0) with IdentityTransform
Transforming biometric-1.1.0.aar (androidx.biometric:biometric:1.1.0) with AarToClassTransform
Transforming biometric-1.1.0.aar (androidx.biometric:biometric:1.1.0) with IdentityTransform
Transforming appcompat-resources-1.7.0.aar (androidx.appcompat:appcompat-resources:1.7.0) with AarToClassTransform
Transforming appcompat-resources-1.7.0.aar (androidx.appcompat:appcompat-resources:1.7.0) with IdentityTransform
Transforming constraintlayout-2.0.1.aar (androidx.constraintlayout:constraintlayout:2.0.1) with AarToClassTransform
Transforming constraintlayout-2.0.1.aar (androidx.constraintlayout:constraintlayout:2.0.1) with IdentityTransform
Transforming appcompat-1.7.0.aar (androidx.appcompat:appcompat:1.7.0) with AarToClassTransform
Transforming appcompat-1.7.0.aar (androidx.appcompat:appcompat:1.7.0) with IdentityTransform
Transforming hilt-navigation-compose-1.2.0.aar (androidx.hilt:hilt-navigation-compose:1.2.0) with AarToClassTransform
Transforming hilt-navigation-compose-1.2.0.aar (androidx.hilt:hilt-navigation-compose:1.2.0) with IdentityTransform
Transforming hilt-navigation-1.2.0.aar (androidx.hilt:hilt-navigation:1.2.0) with AarToClassTransform
Transforming hilt-navigation-1.2.0.aar (androidx.hilt:hilt-navigation:1.2.0) with IdentityTransform
Transforming hilt-android-2.51.1.aar (com.google.dagger:hilt-android:2.51.1) with AarToClassTransform
Transforming hilt-android-2.51.1.aar (com.google.dagger:hilt-android:2.51.1) with IdentityTransform
Transforming viewpager2-1.0.0.aar (androidx.viewpager2:viewpager2:1.0.0) with AarToClassTransform
Transforming viewpager2-1.0.0.aar (androidx.viewpager2:viewpager2:1.0.0) with IdentityTransform
Transforming fragment-1.8.4.aar (androidx.fragment:fragment:1.8.4) with AarToClassTransform
Transforming fragment-1.8.4.aar (androidx.fragment:fragment:1.8.4) with IdentityTransform
Transforming fragment-1.8.4.aar (androidx.fragment:fragment:1.8.4) with AarToClassTransform
Transforming fragment-1.8.4.aar (androidx.fragment:fragment:1.8.4) with IdentityTransform
Transforming fragment-ktx-1.8.4.aar (androidx.fragment:fragment-ktx:1.8.4) with AarToClassTransform
Transforming fragment-ktx-1.8.4.aar (androidx.fragment:fragment-ktx:1.8.4) with IdentityTransform
Transforming material3-release.aar (androidx.compose.material3:material3-android:1.3.0) with AarToClassTransform
Transforming material3-release.aar (androidx.compose.material3:material3-android:1.3.0) with IdentityTransform
Transforming navigation-common-2.8.3.aar (androidx.navigation:navigation-common:2.8.3) with AarToClassTransform
Transforming navigation-common-2.8.3.aar (androidx.navigation:navigation-common:2.8.3) with IdentityTransform
Transforming navigation-runtime-2.8.3.aar (androidx.navigation:navigation-runtime:2.8.3) with AarToClassTransform
Transforming navigation-runtime-2.8.3.aar (androidx.navigation:navigation-runtime:2.8.3) with IdentityTransform
Transforming navigation-common-ktx-2.8.3.aar (androidx.navigation:navigation-common-ktx:2.8.3) with AarToClassTransform
Transforming navigation-common-ktx-2.8.3.aar (androidx.navigation:navigation-common-ktx:2.8.3) with IdentityTransform
Transforming navigation-runtime-ktx-2.8.3.aar (androidx.navigation:navigation-runtime-ktx:2.8.3) with AarToClassTransform
Transforming navigation-runtime-ktx-2.8.3.aar (androidx.navigation:navigation-runtime-ktx:2.8.3) with IdentityTransform
Transforming navigation-compose-2.8.3.aar (androidx.navigation:navigation-compose:2.8.3) with AarToClassTransform
Transforming navigation-compose-2.8.3.aar (androidx.navigation:navigation-compose:2.8.3) with IdentityTransform
Transforming activity-ktx-1.9.2.aar (androidx.activity:activity-ktx:1.9.2) with AarToClassTransform
Transforming activity-ktx-1.9.2.aar (androidx.activity:activity-ktx:1.9.2) with IdentityTransform
Transforming activity-1.9.2.aar (androidx.activity:activity:1.9.2) with AarToClassTransform
Transforming activity-1.9.2.aar (androidx.activity:activity:1.9.2) with IdentityTransform
Transforming material-release.aar (androidx.compose.material:material-android:1.7.3) with AarToClassTransform
Transforming material-release.aar (androidx.compose.material:material-android:1.7.3) with IdentityTransform
Transforming foundation-layout-release.aar (androidx.compose.foundation:foundation-layout-android:1.7.3) with AarToClassTransform
Transforming foundation-layout-release.aar (androidx.compose.foundation:foundation-layout-android:1.7.3) with IdentityTransform
Transforming animation-core-release.aar (androidx.compose.animation:animation-core-android:1.7.3) with AarToClassTransform
Transforming animation-core-release.aar (androidx.compose.animation:animation-core-android:1.7.3) with IdentityTransform
Transforming material-ripple-release.aar (androidx.compose.material:material-ripple-android:1.7.3) with AarToClassTransform
Transforming material-ripple-release.aar (androidx.compose.material:material-ripple-android:1.7.3) with IdentityTransform
Transforming animation-release.aar (androidx.compose.animation:animation-android:1.7.3) with AarToClassTransform
Transforming animation-release.aar (androidx.compose.animation:animation-android:1.7.3) with IdentityTransform
Transforming ui-tooling-data-release.aar (androidx.compose.ui:ui-tooling-data-android:1.7.3) with AarToClassTransform
Transforming ui-tooling-data-release.aar (androidx.compose.ui:ui-tooling-data-android:1.7.3) with IdentityTransform
Transforming ui-unit-release.aar (androidx.compose.ui:ui-unit-android:1.7.3) with AarToClassTransform
Transforming ui-unit-release.aar (androidx.compose.ui:ui-unit-android:1.7.3) with IdentityTransform
Transforming ui-text-release.aar (androidx.compose.ui:ui-text-android:1.7.3) with AarToClassTransform
Transforming ui-text-release.aar (androidx.compose.ui:ui-text-android:1.7.3) with IdentityTransform
Transforming ui-util-release.aar (androidx.compose.ui:ui-util-android:1.7.3) with AarToClassTransform
Transforming ui-util-release.aar (androidx.compose.ui:ui-util-android:1.7.3) with IdentityTransform
Transforming ui-geometry-release.aar (androidx.compose.ui:ui-geometry-android:1.7.3) with AarToClassTransform
Transforming ui-geometry-release.aar (androidx.compose.ui:ui-geometry-android:1.7.3) with IdentityTransform
Transforming ui-tooling-preview-release.aar (androidx.compose.ui:ui-tooling-preview-android:1.7.3) with AarToClassTransform
Transforming ui-tooling-preview-release.aar (androidx.compose.ui:ui-tooling-preview-android:1.7.3) with IdentityTransform
Transforming ui-graphics-release.aar (androidx.compose.ui:ui-graphics-android:1.7.3) with AarToClassTransform
Transforming ui-graphics-release.aar (androidx.compose.ui:ui-graphics-android:1.7.3) with IdentityTransform
Transforming ui-tooling-release.aar (androidx.compose.ui:ui-tooling-android:1.7.3) with AarToClassTransform
Transforming ui-tooling-release.aar (androidx.compose.ui:ui-tooling-android:1.7.3) with IdentityTransform
Transforming activity-compose-1.9.2.aar (androidx.activity:activity-compose:1.9.2) with AarToClassTransform
Transforming activity-compose-1.9.2.aar (androidx.activity:activity-compose:1.9.2) with IdentityTransform
Transforming transition-1.5.0.aar (androidx.transition:transition:1.5.0) with AarToClassTransform
Transforming transition-1.5.0.aar (androidx.transition:transition:1.5.0) with IdentityTransform
Transforming dynamicanimation-1.0.0.aar (androidx.dynamicanimation:dynamicanimation:1.0.0) with AarToClassTransform
Transforming dynamicanimation-1.0.0.aar (androidx.dynamicanimation:dynamicanimation:1.0.0) with IdentityTransform
Transforming legacy-support-core-utils-1.0.0.aar (androidx.legacy:legacy-support-core-utils:1.0.0) with AarToClassTransform
Transforming legacy-support-core-utils-1.0.0.aar (androidx.legacy:legacy-support-core-utils:1.0.0) with IdentityTransform
Transforming loader-1.0.0.aar (androidx.loader:loader:1.0.0) with AarToClassTransform
Transforming loader-1.0.0.aar (androidx.loader:loader:1.0.0) with IdentityTransform
Transforming loader-1.0.0.aar (androidx.loader:loader:1.0.0) with AarToClassTransform
Transforming loader-1.0.0.aar (androidx.loader:loader:1.0.0) with IdentityTransform
Transforming savedstate-ktx-1.2.1.aar (androidx.savedstate:savedstate-ktx:1.2.1) with AarToClassTransform
Transforming savedstate-ktx-1.2.1.aar (androidx.savedstate:savedstate-ktx:1.2.1) with IdentityTransform
Transforming savedstate-1.2.1.aar (androidx.savedstate:savedstate:1.2.1) with AarToClassTransform
Transforming savedstate-1.2.1.aar (androidx.savedstate:savedstate:1.2.1) with IdentityTransform
Transforming work-runtime-ktx-2.9.1.aar (androidx.work:work-runtime-ktx:2.9.1) with AarToClassTransform
Transforming work-runtime-ktx-2.9.1.aar (androidx.work:work-runtime-ktx:2.9.1) with IdentityTransform
Transforming work-runtime-2.9.1.aar (androidx.work:work-runtime:2.9.1) with AarToClassTransform
Transforming work-runtime-2.9.1.aar (androidx.work:work-runtime:2.9.1) with IdentityTransform
Transforming lifecycle-common-java8-2.8.6.jar (androidx.lifecycle:lifecycle-common-java8:2.8.6) with IdentityTransform
Transforming lifecycle-common-java8-2.8.6.jar (androidx.lifecycle:lifecycle-common-java8:2.8.6) with IdentityTransform
Transforming lifecycle-common-java8-2.8.6.jar (androidx.lifecycle:lifecycle-common-java8:2.8.6) with DexingNoClasspathTransform
Transforming lifecycle-service-2.8.6.aar (androidx.lifecycle:lifecycle-service:2.8.6) with AarToClassTransform
Transforming lifecycle-service-2.8.6.aar (androidx.lifecycle:lifecycle-service:2.8.6) with IdentityTransform
Transforming lifecycle-livedata-2.8.6.aar (androidx.lifecycle:lifecycle-livedata:2.8.6) with AarToClassTransform
Transforming lifecycle-livedata-2.8.6.aar (androidx.lifecycle:lifecycle-livedata:2.8.6) with IdentityTransform
Transforming lifecycle-livedata-2.8.6.aar (androidx.lifecycle:lifecycle-livedata:2.8.6) with AarToClassTransform
Transforming lifecycle-livedata-2.8.6.aar (androidx.lifecycle:lifecycle-livedata:2.8.6) with IdentityTransform
Transforming lifecycle-common-jvm-2.8.6.jar (androidx.lifecycle:lifecycle-common-jvm:2.8.6) with IdentityTransform
Transforming lifecycle-common-jvm-2.8.6.jar (androidx.lifecycle:lifecycle-common-jvm:2.8.6) with IdentityTransform
Transforming lifecycle-common-jvm-2.8.6.jar (androidx.lifecycle:lifecycle-common-jvm:2.8.6) with DexingNoClasspathTransform
Transforming lifecycle-runtime-release.aar (androidx.lifecycle:lifecycle-runtime-android:2.8.6) with AarToClassTransform
Transforming lifecycle-runtime-release.aar (androidx.lifecycle:lifecycle-runtime-android:2.8.6) with IdentityTransform
Transforming lifecycle-viewmodel-2.8.6.aar (androidx.lifecycle:lifecycle-viewmodel:2.8.6) with AarToClassTransform
Transforming lifecycle-viewmodel-2.8.6.aar (androidx.lifecycle:lifecycle-viewmodel:2.8.6) with IdentityTransform
Transforming lifecycle-viewmodel-release.aar (androidx.lifecycle:lifecycle-viewmodel-android:2.8.6) with AarToClassTransform
Transforming lifecycle-viewmodel-release.aar (androidx.lifecycle:lifecycle-viewmodel-android:2.8.6) with IdentityTransform
Transforming lifecycle-process-2.8.6.aar (androidx.lifecycle:lifecycle-process:2.8.6) with AarToClassTransform
Transforming lifecycle-process-2.8.6.aar (androidx.lifecycle:lifecycle-process:2.8.6) with IdentityTransform
Transforming lifecycle-livedata-core-2.8.6.aar (androidx.lifecycle:lifecycle-livedata-core:2.8.6) with AarToClassTransform
Transforming lifecycle-livedata-core-2.8.6.aar (androidx.lifecycle:lifecycle-livedata-core:2.8.6) with IdentityTransform
Transforming lifecycle-viewmodel-savedstate-2.8.6.aar (androidx.lifecycle:lifecycle-viewmodel-savedstate:2.8.6) with AarToClassTransform
Transforming lifecycle-viewmodel-savedstate-2.8.6.aar (androidx.lifecycle:lifecycle-viewmodel-savedstate:2.8.6) with IdentityTransform
Transforming lifecycle-runtime-compose-release.aar (androidx.lifecycle:lifecycle-runtime-compose-android:2.8.6) with AarToClassTransform
Transforming lifecycle-runtime-compose-release.aar (androidx.lifecycle:lifecycle-runtime-compose-android:2.8.6) with IdentityTransform
Transforming lifecycle-runtime-ktx-release.aar (androidx.lifecycle:lifecycle-runtime-ktx-android:2.8.6) with AarToClassTransform
Transforming lifecycle-runtime-ktx-release.aar (androidx.lifecycle:lifecycle-runtime-ktx-android:2.8.6) with IdentityTransform
Transforming lifecycle-livedata-core-ktx-2.8.6.aar (androidx.lifecycle:lifecycle-livedata-core-ktx:2.8.6) with AarToClassTransform
Transforming lifecycle-livedata-core-ktx-2.8.6.aar (androidx.lifecycle:lifecycle-livedata-core-ktx:2.8.6) with IdentityTransform
Transforming lifecycle-viewmodel-ktx-2.8.6.aar (androidx.lifecycle:lifecycle-viewmodel-ktx:2.8.6) with AarToClassTransform
Transforming lifecycle-viewmodel-ktx-2.8.6.aar (androidx.lifecycle:lifecycle-viewmodel-ktx:2.8.6) with IdentityTransform
Transforming lifecycle-viewmodel-compose-release.aar (androidx.lifecycle:lifecycle-viewmodel-compose-android:2.8.6) with AarToClassTransform
Transforming lifecycle-viewmodel-compose-release.aar (androidx.lifecycle:lifecycle-viewmodel-compose-android:2.8.6) with IdentityTransform
Transforming material-icons-extended-release.aar (androidx.compose.material:material-icons-extended-android:1.7.3) with AarToClassTransform
Transforming material-icons-extended-release.aar (androidx.compose.material:material-icons-extended-android:1.7.3) with IdentityTransform
Transforming material-icons-core-release.aar (androidx.compose.material:material-icons-core-android:1.7.3) with AarToClassTransform
Transforming material-icons-core-release.aar (androidx.compose.material:material-icons-core-android:1.7.3) with IdentityTransform
Transforming ui-release.aar (androidx.compose.ui:ui-android:1.7.3) with AarToClassTransform
Transforming ui-release.aar (androidx.compose.ui:ui-android:1.7.3) with IdentityTransform
Transforming foundation-release.aar (androidx.compose.foundation:foundation-android:1.7.3) with AarToClassTransform
Transforming foundation-release.aar (androidx.compose.foundation:foundation-android:1.7.3) with IdentityTransform
Transforming emoji2-views-helper-1.3.0.aar (androidx.emoji2:emoji2-views-helper:1.3.0) with AarToClassTransform
Transforming emoji2-views-helper-1.3.0.aar (androidx.emoji2:emoji2-views-helper:1.3.0) with IdentityTransform
Transforming emoji2-1.3.0.aar (androidx.emoji2:emoji2:1.3.0) with AarToClassTransform
Transforming emoji2-1.3.0.aar (androidx.emoji2:emoji2:1.3.0) with IdentityTransform
Transforming drawerlayout-1.1.1.aar (androidx.drawerlayout:drawerlayout:1.1.1) with AarToClassTransform
Transforming drawerlayout-1.1.1.aar (androidx.drawerlayout:drawerlayout:1.1.1) with IdentityTransform
Transforming coordinatorlayout-1.1.0.aar (androidx.coordinatorlayout:coordinatorlayout:1.1.0) with AarToClassTransform
Transforming coordinatorlayout-1.1.0.aar (androidx.coordinatorlayout:coordinatorlayout:1.1.0) with IdentityTransform
Transforming vectordrawable-animated-1.1.0.aar (androidx.vectordrawable:vectordrawable-animated:1.1.0) with AarToClassTransform
Transforming vectordrawable-animated-1.1.0.aar (androidx.vectordrawable:vectordrawable-animated:1.1.0) with IdentityTransform
Transforming vectordrawable-1.1.0.aar (androidx.vectordrawable:vectordrawable:1.1.0) with AarToClassTransform
Transforming vectordrawable-1.1.0.aar (androidx.vectordrawable:vectordrawable:1.1.0) with IdentityTransform
Transforming vectordrawable-1.1.0.aar (androidx.vectordrawable:vectordrawable:1.1.0) with AarToClassTransform
Transforming vectordrawable-1.1.0.aar (androidx.vectordrawable:vectordrawable:1.1.0) with IdentityTransform
Transforming recyclerview-1.1.0.aar (androidx.recyclerview:recyclerview:1.1.0) with AarToClassTransform
Transforming recyclerview-1.1.0.aar (androidx.recyclerview:recyclerview:1.1.0) with IdentityTransform
Transforming recyclerview-1.1.0.aar (androidx.recyclerview:recyclerview:1.1.0) with AarToClassTransform
Transforming recyclerview-1.1.0.aar (androidx.recyclerview:recyclerview:1.1.0) with IdentityTransform
Transforming viewpager-1.0.0.aar (androidx.viewpager:viewpager:1.0.0) with AarToClassTransform
Transforming viewpager-1.0.0.aar (androidx.viewpager:viewpager:1.0.0) with IdentityTransform
Transforming customview-1.1.0.aar (androidx.customview:customview:1.1.0) with AarToClassTransform
Transforming customview-1.1.0.aar (androidx.customview:customview:1.1.0) with IdentityTransform
Transforming customview-1.1.0.aar (androidx.customview:customview:1.1.0) with AarToClassTransform
Transforming customview-1.1.0.aar (androidx.customview:customview:1.1.0) with IdentityTransform
Transforming customview-1.1.0.aar (androidx.customview:customview:1.1.0) with AarToClassTransform
Transforming customview-1.1.0.aar (androidx.customview:customview:1.1.0) with IdentityTransform
Transforming customview-1.1.0.aar (androidx.customview:customview:1.1.0) with AarToClassTransform
Transforming customview-1.1.0.aar (androidx.customview:customview:1.1.0) with IdentityTransform
Transforming autofill-1.0.0.aar (androidx.autofill:autofill:1.0.0) with AarToClassTransform
Transforming autofill-1.0.0.aar (androidx.autofill:autofill:1.0.0) with IdentityTransform
Transforming graphics-path-1.0.1.aar (androidx.graphics:graphics-path:1.0.1) with AarToClassTransform
Transforming graphics-path-1.0.1.aar (androidx.graphics:graphics-path:1.0.1) with IdentityTransform
Transforming core-1.13.1.aar (androidx.core:core:1.13.1) with AarToClassTransform
Transforming core-1.13.1.aar (androidx.core:core:1.13.1) with IdentityTransform
Transforming core-1.13.1.aar (androidx.core:core:1.13.1) with AarToClassTransform
Transforming core-1.13.1.aar (androidx.core:core:1.13.1) with IdentityTransform
Transforming core-1.13.1.aar (androidx.core:core:1.13.1) with AarToClassTransform
Transforming core-1.13.1.aar (androidx.core:core:1.13.1) with IdentityTransform
Transforming core-1.13.1.aar (androidx.core:core:1.13.1) with AarToClassTransform
Transforming core-1.13.1.aar (androidx.core:core:1.13.1) with IdentityTransform
Transforming core-1.13.1.aar (androidx.core:core:1.13.1) with AarToClassTransform
Transforming core-1.13.1.aar (androidx.core:core:1.13.1) with IdentityTransform
Transforming core-1.13.1.aar (androidx.core:core:1.13.1) with AarToClassTransform
Transforming core-1.13.1.aar (androidx.core:core:1.13.1) with IdentityTransform
Transforming core-1.13.1.aar (androidx.core:core:1.13.1) with AarToClassTransform
Transforming core-1.13.1.aar (androidx.core:core:1.13.1) with IdentityTransform
Transforming core-1.13.1.aar (androidx.core:core:1.13.1) with AarToClassTransform
Transforming core-1.13.1.aar (androidx.core:core:1.13.1) with IdentityTransform
Transforming core-1.13.1.aar (androidx.core:core:1.13.1) with AarToClassTransform
Transforming core-1.13.1.aar (androidx.core:core:1.13.1) with IdentityTransform
Transforming core-1.13.1.aar (androidx.core:core:1.13.1) with AarToClassTransform
Transforming core-1.13.1.aar (androidx.core:core:1.13.1) with IdentityTransform
Transforming core-1.13.1.aar (androidx.core:core:1.13.1) with AarToClassTransform
Transforming core-1.13.1.aar (androidx.core:core:1.13.1) with IdentityTransform
Transforming core-1.13.1.aar (androidx.core:core:1.13.1) with AarToClassTransform
Transforming core-1.13.1.aar (androidx.core:core:1.13.1) with IdentityTransform
Transforming customview-poolingcontainer-1.0.0.aar (androidx.customview:customview-poolingcontainer:1.0.0) with AarToClassTransform
Transforming customview-poolingcontainer-1.0.0.aar (androidx.customview:customview-poolingcontainer:1.0.0) with IdentityTransform
Transforming core-ktx-1.13.1.aar (androidx.core:core-ktx:1.13.1) with AarToClassTransform
Transforming core-ktx-1.13.1.aar (androidx.core:core-ktx:1.13.1) with IdentityTransform
Transforming core-splashscreen-1.0.1.aar (androidx.core:core-splashscreen:1.0.1) with AarToClassTransform
Transforming core-splashscreen-1.0.1.aar (androidx.core:core-splashscreen:1.0.1) with IdentityTransform
Transforming room-common-2.6.1.jar (androidx.room:room-common:2.6.1) with IdentityTransform
Transforming room-common-2.6.1.jar (androidx.room:room-common:2.6.1) with IdentityTransform
Transforming room-common-2.6.1.jar (androidx.room:room-common:2.6.1) with DexingNoClasspathTransform
Transforming room-runtime-2.6.1.aar (androidx.room:room-runtime:2.6.1) with AarToClassTransform
Transforming room-runtime-2.6.1.aar (androidx.room:room-runtime:2.6.1) with IdentityTransform
Transforming room-ktx-2.6.1.aar (androidx.room:room-ktx:2.6.1) with AarToClassTransform
Transforming room-ktx-2.6.1.aar (androidx.room:room-ktx:2.6.1) with IdentityTransform
Transforming sqlcipher-android-4.6.1.aar (net.zetetic:sqlcipher-android:4.6.1) with AarToClassTransform
Transforming sqlcipher-android-4.6.1.aar (net.zetetic:sqlcipher-android:4.6.1) with IdentityTransform
Transforming sqlite-framework-2.4.0.aar (androidx.sqlite:sqlite-framework:2.4.0) with AarToClassTransform
Transforming sqlite-framework-2.4.0.aar (androidx.sqlite:sqlite-framework:2.4.0) with IdentityTransform
Transforming sqlite-2.4.0.aar (androidx.sqlite:sqlite:2.4.0) with AarToClassTransform
Transforming sqlite-2.4.0.aar (androidx.sqlite:sqlite:2.4.0) with IdentityTransform
Transforming sqlite-ktx-2.4.0.aar (androidx.sqlite:sqlite-ktx:2.4.0) with AarToClassTransform
Transforming sqlite-ktx-2.4.0.aar (androidx.sqlite:sqlite-ktx:2.4.0) with IdentityTransform
Transforming runtime-saveable-release.aar (androidx.compose.runtime:runtime-saveable-android:1.7.3) with AarToClassTransform
Transforming runtime-saveable-release.aar (androidx.compose.runtime:runtime-saveable-android:1.7.3) with IdentityTransform
Transforming runtime-release.aar (androidx.compose.runtime:runtime-android:1.7.3) with AarToClassTransform
Transforming runtime-release.aar (androidx.compose.runtime:runtime-android:1.7.3) with IdentityTransform
Transforming kotlinx-coroutines-core-jvm-1.8.1.jar (org.jetbrains.kotlinx:kotlinx-coroutines-core-jvm:1.8.1) with IdentityTransform
Transforming kotlinx-coroutines-core-jvm-1.8.1.jar (org.jetbrains.kotlinx:kotlinx-coroutines-core-jvm:1.8.1) with IdentityTransform
Transforming kotlinx-coroutines-core-jvm-1.8.1.jar (org.jetbrains.kotlinx:kotlinx-coroutines-core-jvm:1.8.1) with DexingNoClasspathTransform
Transforming kotlinx-coroutines-android-1.8.1.jar (org.jetbrains.kotlinx:kotlinx-coroutines-android:1.8.1) with IdentityTransform
Transforming kotlinx-coroutines-android-1.8.1.jar (org.jetbrains.kotlinx:kotlinx-coroutines-android:1.8.1) with IdentityTransform
Transforming kotlinx-coroutines-android-1.8.1.jar (org.jetbrains.kotlinx:kotlinx-coroutines-android:1.8.1) with DexingNoClasspathTransform
Transforming kotlinx-serialization-core-jvm-1.6.3.jar (org.jetbrains.kotlinx:kotlinx-serialization-core-jvm:1.6.3) with IdentityTransform
Transforming kotlinx-serialization-core-jvm-1.6.3.jar (org.jetbrains.kotlinx:kotlinx-serialization-core-jvm:1.6.3) with IdentityTransform
Transforming kotlinx-serialization-core-jvm-1.6.3.jar (org.jetbrains.kotlinx:kotlinx-serialization-core-jvm:1.6.3) with DexingNoClasspathTransform
Transforming kotlinx-serialization-json-jvm-1.6.3.jar (org.jetbrains.kotlinx:kotlinx-serialization-json-jvm:1.6.3) with IdentityTransform
Transforming kotlinx-serialization-json-jvm-1.6.3.jar (org.jetbrains.kotlinx:kotlinx-serialization-json-jvm:1.6.3) with IdentityTransform
Transforming kotlinx-serialization-json-jvm-1.6.3.jar (org.jetbrains.kotlinx:kotlinx-serialization-json-jvm:1.6.3) with DexingNoClasspathTransform
Transforming annotation-experimental-1.4.1.aar (androidx.annotation:annotation-experimental:1.4.1) with AarToClassTransform
Transforming annotation-experimental-1.4.1.aar (androidx.annotation:annotation-experimental:1.4.1) with IdentityTransform
Transforming logging-interceptor-4.12.0.jar (com.squareup.okhttp3:logging-interceptor:4.12.0) with IdentityTransform
Transforming logging-interceptor-4.12.0.jar (com.squareup.okhttp3:logging-interceptor:4.12.0) with IdentityTransform
Transforming logging-interceptor-4.12.0.jar (com.squareup.okhttp3:logging-interceptor:4.12.0) with DexingNoClasspathTransform
Transforming okhttp-sse-4.12.0.jar (com.squareup.okhttp3:okhttp-sse:4.12.0) with IdentityTransform
Transforming okhttp-sse-4.12.0.jar (com.squareup.okhttp3:okhttp-sse:4.12.0) with IdentityTransform
Transforming okhttp-sse-4.12.0.jar (com.squareup.okhttp3:okhttp-sse:4.12.0) with DexingNoClasspathTransform
Transforming converter-gson-2.9.0.jar (com.squareup.retrofit2:converter-gson:2.9.0) with IdentityTransform
Transforming converter-gson-2.9.0.jar (com.squareup.retrofit2:converter-gson:2.9.0) with IdentityTransform
Transforming converter-gson-2.9.0.jar (com.squareup.retrofit2:converter-gson:2.9.0) with DexingNoClasspathTransform
Transforming retrofit-2.9.0.jar (com.squareup.retrofit2:retrofit:2.9.0) with IdentityTransform
Transforming retrofit-2.9.0.jar (com.squareup.retrofit2:retrofit:2.9.0) with IdentityTransform
Transforming retrofit-2.9.0.jar (com.squareup.retrofit2:retrofit:2.9.0) with DexingNoClasspathTransform
Transforming okhttp-4.12.0.jar (com.squareup.okhttp3:okhttp:4.12.0) with IdentityTransform
Transforming okhttp-4.12.0.jar (com.squareup.okhttp3:okhttp:4.12.0) with IdentityTransform
Transforming okhttp-4.12.0.jar (com.squareup.okhttp3:okhttp:4.12.0) with DexingNoClasspathTransform
Transforming okio-jvm-3.6.0.jar (com.squareup.okio:okio-jvm:3.6.0) with IdentityTransform
Transforming okio-jvm-3.6.0.jar (com.squareup.okio:okio-jvm:3.6.0) with IdentityTransform
Transforming okio-jvm-3.6.0.jar (com.squareup.okio:okio-jvm:3.6.0) with DexingNoClasspathTransform
Transforming kotlin-stdlib-jdk8-1.9.10.jar (org.jetbrains.kotlin:kotlin-stdlib-jdk8:1.9.10) with IdentityTransform
Transforming kotlin-stdlib-jdk8-1.9.10.jar (org.jetbrains.kotlin:kotlin-stdlib-jdk8:1.9.10) with IdentityTransform
Transforming kotlin-stdlib-jdk8-1.9.10.jar (org.jetbrains.kotlin:kotlin-stdlib-jdk8:1.9.10) with DexingNoClasspathTransform
Transforming security-crypto-1.1.0-alpha06.aar (androidx.security:security-crypto:1.1.0-alpha06) with AarToClassTransform
Transforming security-crypto-1.1.0-alpha06.aar (androidx.security:security-crypto:1.1.0-alpha06) with IdentityTransform
Transforming versionedparcelable-1.1.1.aar (androidx.versionedparcelable:versionedparcelable:1.1.1) with AarToClassTransform
Transforming versionedparcelable-1.1.1.aar (androidx.versionedparcelable:versionedparcelable:1.1.1) with IdentityTransform
Transforming collection-ktx-1.4.4.jar (androidx.collection:collection-ktx:1.4.4) with IdentityTransform
Transforming collection-ktx-1.4.4.jar (androidx.collection:collection-ktx:1.4.4) with IdentityTransform
Transforming collection-ktx-1.4.4.jar (androidx.collection:collection-ktx:1.4.4) with DexingNoClasspathTransform
Transforming collection-jvm-1.4.4.jar (androidx.collection:collection-jvm:1.4.4) with IdentityTransform
Transforming collection-jvm-1.4.4.jar (androidx.collection:collection-jvm:1.4.4) with IdentityTransform
Transforming collection-jvm-1.4.4.jar (androidx.collection:collection-jvm:1.4.4) with DexingNoClasspathTransform
Transforming kotlin-stdlib-jdk7-1.9.10.jar (org.jetbrains.kotlin:kotlin-stdlib-jdk7:1.9.10) with IdentityTransform
Transforming kotlin-stdlib-jdk7-1.9.10.jar (org.jetbrains.kotlin:kotlin-stdlib-jdk7:1.9.10) with IdentityTransform
Transforming kotlin-stdlib-jdk7-1.9.10.jar (org.jetbrains.kotlin:kotlin-stdlib-jdk7:1.9.10) with DexingNoClasspathTransform
Transforming cursoradapter-1.0.0.aar (androidx.cursoradapter:cursoradapter:1.0.0) with AarToClassTransform
Transforming cursoradapter-1.0.0.aar (androidx.cursoradapter:cursoradapter:1.0.0) with IdentityTransform
Transforming profileinstaller-1.3.1.aar (androidx.profileinstaller:profileinstaller:1.3.1) with AarToClassTransform
Transforming profileinstaller-1.3.1.aar (androidx.profileinstaller:profileinstaller:1.3.1) with IdentityTransform
Transforming resourceinspection-annotation-1.0.1.jar (androidx.resourceinspection:resourceinspection-annotation:1.0.1) with IdentityTransform
Transforming resourceinspection-annotation-1.0.1.jar (androidx.resourceinspection:resourceinspection-annotation:1.0.1) with IdentityTransform
Transforming resourceinspection-annotation-1.0.1.jar (androidx.resourceinspection:resourceinspection-annotation:1.0.1) with DexingNoClasspathTransform
Transforming cardview-1.0.0.aar (androidx.cardview:cardview:1.0.0) with AarToClassTransform
Transforming cardview-1.0.0.aar (androidx.cardview:cardview:1.0.0) with IdentityTransform
Transforming core-runtime-2.2.0.aar (androidx.arch.core:core-runtime:2.2.0) with AarToClassTransform
Transforming core-runtime-2.2.0.aar (androidx.arch.core:core-runtime:2.2.0) with IdentityTransform
Transforming interpolator-1.0.0.aar (androidx.interpolator:interpolator:1.0.0) with AarToClassTransform
Transforming interpolator-1.0.0.aar (androidx.interpolator:interpolator:1.0.0) with IdentityTransform
Transforming interpolator-1.0.0.aar (androidx.interpolator:interpolator:1.0.0) with AarToClassTransform
Transforming interpolator-1.0.0.aar (androidx.interpolator:interpolator:1.0.0) with IdentityTransform
Transforming concurrent-futures-1.1.0.jar (androidx.concurrent:concurrent-futures:1.1.0) with IdentityTransform
Transforming concurrent-futures-1.1.0.jar (androidx.concurrent:concurrent-futures:1.1.0) with IdentityTransform
Transforming concurrent-futures-1.1.0.jar (androidx.concurrent:concurrent-futures:1.1.0) with DexingNoClasspathTransform
Transforming startup-runtime-1.1.1.aar (androidx.startup:startup-runtime:1.1.1) with AarToClassTransform
Transforming startup-runtime-1.1.1.aar (androidx.startup:startup-runtime:1.1.1) with IdentityTransform
Transforming tracing-1.0.0.aar (androidx.tracing:tracing:1.0.0) with AarToClassTransform
Transforming tracing-1.0.0.aar (androidx.tracing:tracing:1.0.0) with IdentityTransform
Transforming core-common-2.2.0.jar (androidx.arch.core:core-common:2.2.0) with IdentityTransform
Transforming core-common-2.2.0.jar (androidx.arch.core:core-common:2.2.0) with IdentityTransform
Transforming core-common-2.2.0.jar (androidx.arch.core:core-common:2.2.0) with DexingNoClasspathTransform
Transforming documentfile-1.0.0.aar (androidx.documentfile:documentfile:1.0.0) with AarToClassTransform
Transforming documentfile-1.0.0.aar (androidx.documentfile:documentfile:1.0.0) with IdentityTransform
Transforming localbroadcastmanager-1.0.0.aar (androidx.localbroadcastmanager:localbroadcastmanager:1.0.0) with AarToClassTransform
Transforming localbroadcastmanager-1.0.0.aar (androidx.localbroadcastmanager:localbroadcastmanager:1.0.0) with IdentityTransform
Transforming print-1.0.0.aar (androidx.print:print:1.0.0) with AarToClassTransform
Transforming print-1.0.0.aar (androidx.print:print:1.0.0) with IdentityTransform
Transforming annotation-jvm-1.8.1.jar (androidx.annotation:annotation-jvm:1.8.1) with IdentityTransform
Transforming annotation-jvm-1.8.1.jar (androidx.annotation:annotation-jvm:1.8.1) with IdentityTransform
Transforming annotation-jvm-1.8.1.jar (androidx.annotation:annotation-jvm:1.8.1) with DexingNoClasspathTransform
Transforming kotlin-stdlib-2.0.20.jar (org.jetbrains.kotlin:kotlin-stdlib:2.0.20) with IdentityTransform
Transforming kotlin-stdlib-2.0.20.jar (org.jetbrains.kotlin:kotlin-stdlib:2.0.20) with IdentityTransform
Transforming kotlin-stdlib-2.0.20.jar (org.jetbrains.kotlin:kotlin-stdlib:2.0.20) with DexingNoClasspathTransform
Transforming tink-android-1.8.0.jar (com.google.crypto.tink:tink-android:1.8.0) with IdentityTransform
Transforming tink-android-1.8.0.jar (com.google.crypto.tink:tink-android:1.8.0) with IdentityTransform
Transforming tink-android-1.8.0.jar (com.google.crypto.tink:tink-android:1.8.0) with DexingNoClasspathTransform
Transforming gson-2.10.1.jar (com.google.code.gson:gson:2.10.1) with IdentityTransform
Transforming gson-2.10.1.jar (com.google.code.gson:gson:2.10.1) with IdentityTransform
Transforming gson-2.10.1.jar (com.google.code.gson:gson:2.10.1) with DexingNoClasspathTransform
Transforming core-3.5.3.jar (com.google.zxing:core:3.5.3) with IdentityTransform
Transforming core-3.5.3.jar (com.google.zxing:core:3.5.3) with IdentityTransform
Transforming core-3.5.3.jar (com.google.zxing:core:3.5.3) with DexingNoClasspathTransform
Transforming annotations-23.0.0.jar (org.jetbrains:annotations:23.0.0) with IdentityTransform
Transforming annotations-23.0.0.jar (org.jetbrains:annotations:23.0.0) with IdentityTransform
Transforming annotations-23.0.0.jar (org.jetbrains:annotations:23.0.0) with DexingNoClasspathTransform
Transforming error_prone_annotations-2.15.0.jar (com.google.errorprone:error_prone_annotations:2.15.0) with IdentityTransform
Transforming error_prone_annotations-2.15.0.jar (com.google.errorprone:error_prone_annotations:2.15.0) with IdentityTransform
Transforming error_prone_annotations-2.15.0.jar (com.google.errorprone:error_prone_annotations:2.15.0) with DexingNoClasspathTransform
Transforming hilt-core-2.51.1.jar (com.google.dagger:hilt-core:2.51.1) with IdentityTransform
Transforming hilt-core-2.51.1.jar (com.google.dagger:hilt-core:2.51.1) with IdentityTransform
Transforming hilt-core-2.51.1.jar (com.google.dagger:hilt-core:2.51.1) with DexingNoClasspathTransform
Transforming dagger-2.51.1.jar (com.google.dagger:dagger:2.51.1) with IdentityTransform
Transforming dagger-2.51.1.jar (com.google.dagger:dagger:2.51.1) with IdentityTransform
Transforming dagger-2.51.1.jar (com.google.dagger:dagger:2.51.1) with DexingNoClasspathTransform
Transforming dagger-lint-aar-2.51.1.aar (com.google.dagger:dagger-lint-aar:2.51.1) with AarToClassTransform
Transforming dagger-lint-aar-2.51.1.aar (com.google.dagger:dagger-lint-aar:2.51.1) with IdentityTransform
Transforming jsr305-3.0.2.jar (com.google.code.findbugs:jsr305:3.0.2) with IdentityTransform
Transforming jsr305-3.0.2.jar (com.google.code.findbugs:jsr305:3.0.2) with IdentityTransform
Transforming jsr305-3.0.2.jar (com.google.code.findbugs:jsr305:3.0.2) with DexingNoClasspathTransform
Transforming javax.inject-1.jar (javax.inject:javax.inject:1) with IdentityTransform
Transforming javax.inject-1.jar (javax.inject:javax.inject:1) with IdentityTransform
Transforming javax.inject-1.jar (javax.inject:javax.inject:1) with DexingNoClasspathTransform
Transforming listenablefuture-1.0.jar (com.google.guava:listenablefuture:1.0) with IdentityTransform
Transforming listenablefuture-1.0.jar (com.google.guava:listenablefuture:1.0) with IdentityTransform
Transforming listenablefuture-1.0.jar (com.google.guava:listenablefuture:1.0) with DexingNoClasspathTransform
Transforming constraintlayout-solver-2.0.1.jar (androidx.constraintlayout:constraintlayout-solver:2.0.1) with IdentityTransform
Transforming constraintlayout-solver-2.0.1.jar (androidx.constraintlayout:constraintlayout-solver:2.0.1) with IdentityTransform
Transforming constraintlayout-solver-2.0.1.jar (androidx.constraintlayout:constraintlayout-solver:2.0.1) with DexingNoClasspathTransform
Transforming material-1.12.0.aar (com.google.android.material:material:1.12.0) with DexingNoClasspathTransform
Transforming material-1.12.0.aar (com.google.android.material:material:1.12.0) with DexingOutputSplitTransform
Transforming biometric-1.1.0.aar (androidx.biometric:biometric:1.1.0) with DexingNoClasspathTransform
Transforming biometric-1.1.0.aar (androidx.biometric:biometric:1.1.0) with DexingOutputSplitTransform
Transforming appcompat-resources-1.7.0.aar (androidx.appcompat:appcompat-resources:1.7.0) with DexingNoClasspathTransform
Transforming appcompat-resources-1.7.0.aar (androidx.appcompat:appcompat-resources:1.7.0) with DexingOutputSplitTransform
Transforming constraintlayout-2.0.1.aar (androidx.constraintlayout:constraintlayout:2.0.1) with DexingNoClasspathTransform
Transforming constraintlayout-2.0.1.aar (androidx.constraintlayout:constraintlayout:2.0.1) with DexingOutputSplitTransform
Transforming appcompat-1.7.0.aar (androidx.appcompat:appcompat:1.7.0) with DexingNoClasspathTransform
Transforming appcompat-1.7.0.aar (androidx.appcompat:appcompat:1.7.0) with DexingOutputSplitTransform
Transforming hilt-navigation-compose-1.2.0.aar (androidx.hilt:hilt-navigation-compose:1.2.0) with DexingNoClasspathTransform
Transforming hilt-navigation-compose-1.2.0.aar (androidx.hilt:hilt-navigation-compose:1.2.0) with DexingOutputSplitTransform
Transforming hilt-navigation-1.2.0.aar (androidx.hilt:hilt-navigation:1.2.0) with DexingNoClasspathTransform
Transforming hilt-navigation-1.2.0.aar (androidx.hilt:hilt-navigation:1.2.0) with DexingOutputSplitTransform
Transforming hilt-android-2.51.1.aar (com.google.dagger:hilt-android:2.51.1) with DexingNoClasspathTransform
Transforming hilt-android-2.51.1.aar (com.google.dagger:hilt-android:2.51.1) with DexingOutputSplitTransform
Transforming viewpager2-1.0.0.aar (androidx.viewpager2:viewpager2:1.0.0) with DexingNoClasspathTransform
Transforming viewpager2-1.0.0.aar (androidx.viewpager2:viewpager2:1.0.0) with DexingOutputSplitTransform
Transforming fragment-1.8.4.aar (androidx.fragment:fragment:1.8.4) with DexingNoClasspathTransform
Transforming fragment-1.8.4.aar (androidx.fragment:fragment:1.8.4) with DexingOutputSplitTransform
Transforming fragment-1.8.4.aar (androidx.fragment:fragment:1.8.4) with DexingNoClasspathTransform
Transforming fragment-1.8.4.aar (androidx.fragment:fragment:1.8.4) with DexingOutputSplitTransform
Transforming fragment-ktx-1.8.4.aar (androidx.fragment:fragment-ktx:1.8.4) with DexingNoClasspathTransform
Transforming fragment-ktx-1.8.4.aar (androidx.fragment:fragment-ktx:1.8.4) with DexingOutputSplitTransform
Transforming material3-release.aar (androidx.compose.material3:material3-android:1.3.0) with DexingNoClasspathTransform
Transforming material3-release.aar (androidx.compose.material3:material3-android:1.3.0) with DexingOutputSplitTransform
Transforming navigation-common-2.8.3.aar (androidx.navigation:navigation-common:2.8.3) with DexingNoClasspathTransform
Transforming navigation-common-2.8.3.aar (androidx.navigation:navigation-common:2.8.3) with DexingOutputSplitTransform
Transforming navigation-runtime-2.8.3.aar (androidx.navigation:navigation-runtime:2.8.3) with DexingNoClasspathTransform
Transforming navigation-runtime-2.8.3.aar (androidx.navigation:navigation-runtime:2.8.3) with DexingOutputSplitTransform
Transforming navigation-common-ktx-2.8.3.aar (androidx.navigation:navigation-common-ktx:2.8.3) with DexingNoClasspathTransform
Transforming navigation-common-ktx-2.8.3.aar (androidx.navigation:navigation-common-ktx:2.8.3) with DexingOutputSplitTransform
Transforming navigation-runtime-ktx-2.8.3.aar (androidx.navigation:navigation-runtime-ktx:2.8.3) with DexingNoClasspathTransform
Transforming navigation-runtime-ktx-2.8.3.aar (androidx.navigation:navigation-runtime-ktx:2.8.3) with DexingOutputSplitTransform
Transforming navigation-compose-2.8.3.aar (androidx.navigation:navigation-compose:2.8.3) with DexingNoClasspathTransform
Transforming navigation-compose-2.8.3.aar (androidx.navigation:navigation-compose:2.8.3) with DexingOutputSplitTransform
Transforming activity-ktx-1.9.2.aar (androidx.activity:activity-ktx:1.9.2) with DexingNoClasspathTransform
Transforming activity-ktx-1.9.2.aar (androidx.activity:activity-ktx:1.9.2) with DexingOutputSplitTransform
Transforming activity-1.9.2.aar (androidx.activity:activity:1.9.2) with DexingNoClasspathTransform
Transforming activity-1.9.2.aar (androidx.activity:activity:1.9.2) with DexingOutputSplitTransform
Transforming material-release.aar (androidx.compose.material:material-android:1.7.3) with DexingNoClasspathTransform
Transforming material-release.aar (androidx.compose.material:material-android:1.7.3) with DexingOutputSplitTransform
Transforming foundation-layout-release.aar (androidx.compose.foundation:foundation-layout-android:1.7.3) with DexingNoClasspathTransform
Transforming foundation-layout-release.aar (androidx.compose.foundation:foundation-layout-android:1.7.3) with DexingOutputSplitTransform
Transforming animation-core-release.aar (androidx.compose.animation:animation-core-android:1.7.3) with DexingNoClasspathTransform
Transforming animation-core-release.aar (androidx.compose.animation:animation-core-android:1.7.3) with DexingOutputSplitTransform
Transforming material-ripple-release.aar (androidx.compose.material:material-ripple-android:1.7.3) with DexingNoClasspathTransform
Transforming material-ripple-release.aar (androidx.compose.material:material-ripple-android:1.7.3) with DexingOutputSplitTransform
Transforming animation-release.aar (androidx.compose.animation:animation-android:1.7.3) with DexingNoClasspathTransform
Transforming animation-release.aar (androidx.compose.animation:animation-android:1.7.3) with DexingOutputSplitTransform
Transforming ui-tooling-data-release.aar (androidx.compose.ui:ui-tooling-data-android:1.7.3) with DexingNoClasspathTransform
Transforming ui-tooling-data-release.aar (androidx.compose.ui:ui-tooling-data-android:1.7.3) with DexingOutputSplitTransform
Transforming ui-unit-release.aar (androidx.compose.ui:ui-unit-android:1.7.3) with DexingNoClasspathTransform
Transforming ui-unit-release.aar (androidx.compose.ui:ui-unit-android:1.7.3) with DexingOutputSplitTransform
Transforming ui-text-release.aar (androidx.compose.ui:ui-text-android:1.7.3) with DexingNoClasspathTransform
Transforming ui-text-release.aar (androidx.compose.ui:ui-text-android:1.7.3) with DexingOutputSplitTransform
Transforming ui-util-release.aar (androidx.compose.ui:ui-util-android:1.7.3) with DexingNoClasspathTransform
Transforming ui-util-release.aar (androidx.compose.ui:ui-util-android:1.7.3) with DexingOutputSplitTransform
Transforming ui-geometry-release.aar (androidx.compose.ui:ui-geometry-android:1.7.3) with DexingNoClasspathTransform
Transforming ui-geometry-release.aar (androidx.compose.ui:ui-geometry-android:1.7.3) with DexingOutputSplitTransform
Transforming ui-tooling-preview-release.aar (androidx.compose.ui:ui-tooling-preview-android:1.7.3) with DexingNoClasspathTransform
Transforming ui-tooling-preview-release.aar (androidx.compose.ui:ui-tooling-preview-android:1.7.3) with DexingOutputSplitTransform
Transforming ui-graphics-release.aar (androidx.compose.ui:ui-graphics-android:1.7.3) with DexingNoClasspathTransform
Transforming ui-graphics-release.aar (androidx.compose.ui:ui-graphics-android:1.7.3) with DexingOutputSplitTransform
Transforming ui-tooling-release.aar (androidx.compose.ui:ui-tooling-android:1.7.3) with DexingNoClasspathTransform
Transforming ui-tooling-release.aar (androidx.compose.ui:ui-tooling-android:1.7.3) with DexingOutputSplitTransform
Transforming activity-compose-1.9.2.aar (androidx.activity:activity-compose:1.9.2) with DexingNoClasspathTransform
Transforming activity-compose-1.9.2.aar (androidx.activity:activity-compose:1.9.2) with DexingOutputSplitTransform
Transforming transition-1.5.0.aar (androidx.transition:transition:1.5.0) with DexingNoClasspathTransform
Transforming transition-1.5.0.aar (androidx.transition:transition:1.5.0) with DexingOutputSplitTransform
Transforming dynamicanimation-1.0.0.aar (androidx.dynamicanimation:dynamicanimation:1.0.0) with DexingNoClasspathTransform
Transforming dynamicanimation-1.0.0.aar (androidx.dynamicanimation:dynamicanimation:1.0.0) with DexingOutputSplitTransform
Transforming legacy-support-core-utils-1.0.0.aar (androidx.legacy:legacy-support-core-utils:1.0.0) with DexingNoClasspathTransform
Transforming legacy-support-core-utils-1.0.0.aar (androidx.legacy:legacy-support-core-utils:1.0.0) with DexingOutputSplitTransform
Transforming loader-1.0.0.aar (androidx.loader:loader:1.0.0) with DexingNoClasspathTransform
Transforming loader-1.0.0.aar (androidx.loader:loader:1.0.0) with DexingOutputSplitTransform
Transforming loader-1.0.0.aar (androidx.loader:loader:1.0.0) with DexingNoClasspathTransform
Transforming loader-1.0.0.aar (androidx.loader:loader:1.0.0) with DexingOutputSplitTransform
Transforming savedstate-ktx-1.2.1.aar (androidx.savedstate:savedstate-ktx:1.2.1) with DexingNoClasspathTransform
Transforming savedstate-ktx-1.2.1.aar (androidx.savedstate:savedstate-ktx:1.2.1) with DexingOutputSplitTransform
Transforming savedstate-1.2.1.aar (androidx.savedstate:savedstate:1.2.1) with DexingNoClasspathTransform
Transforming savedstate-1.2.1.aar (androidx.savedstate:savedstate:1.2.1) with DexingOutputSplitTransform
Transforming work-runtime-ktx-2.9.1.aar (androidx.work:work-runtime-ktx:2.9.1) with DexingNoClasspathTransform
Transforming work-runtime-ktx-2.9.1.aar (androidx.work:work-runtime-ktx:2.9.1) with DexingOutputSplitTransform
Transforming work-runtime-2.9.1.aar (androidx.work:work-runtime:2.9.1) with DexingNoClasspathTransform
Transforming work-runtime-2.9.1.aar (androidx.work:work-runtime:2.9.1) with DexingOutputSplitTransform
Transforming lifecycle-common-java8-2.8.6.jar (androidx.lifecycle:lifecycle-common-java8:2.8.6) with DexingOutputSplitTransform
Transforming lifecycle-service-2.8.6.aar (androidx.lifecycle:lifecycle-service:2.8.6) with DexingNoClasspathTransform
Transforming lifecycle-service-2.8.6.aar (androidx.lifecycle:lifecycle-service:2.8.6) with DexingOutputSplitTransform
Transforming lifecycle-livedata-2.8.6.aar (androidx.lifecycle:lifecycle-livedata:2.8.6) with DexingNoClasspathTransform
Transforming lifecycle-livedata-2.8.6.aar (androidx.lifecycle:lifecycle-livedata:2.8.6) with DexingOutputSplitTransform
Transforming lifecycle-livedata-2.8.6.aar (androidx.lifecycle:lifecycle-livedata:2.8.6) with DexingNoClasspathTransform
Transforming lifecycle-livedata-2.8.6.aar (androidx.lifecycle:lifecycle-livedata:2.8.6) with DexingOutputSplitTransform
Transforming lifecycle-common-jvm-2.8.6.jar (androidx.lifecycle:lifecycle-common-jvm:2.8.6) with DexingOutputSplitTransform
Transforming lifecycle-runtime-release.aar (androidx.lifecycle:lifecycle-runtime-android:2.8.6) with DexingNoClasspathTransform
Transforming lifecycle-runtime-release.aar (androidx.lifecycle:lifecycle-runtime-android:2.8.6) with DexingOutputSplitTransform
Transforming lifecycle-viewmodel-2.8.6.aar (androidx.lifecycle:lifecycle-viewmodel:2.8.6) with DexingNoClasspathTransform
Transforming lifecycle-viewmodel-2.8.6.aar (androidx.lifecycle:lifecycle-viewmodel:2.8.6) with DexingOutputSplitTransform
Transforming lifecycle-viewmodel-release.aar (androidx.lifecycle:lifecycle-viewmodel-android:2.8.6) with DexingNoClasspathTransform
Transforming lifecycle-viewmodel-release.aar (androidx.lifecycle:lifecycle-viewmodel-android:2.8.6) with DexingOutputSplitTransform
Transforming lifecycle-process-2.8.6.aar (androidx.lifecycle:lifecycle-process:2.8.6) with DexingNoClasspathTransform
Transforming lifecycle-process-2.8.6.aar (androidx.lifecycle:lifecycle-process:2.8.6) with DexingOutputSplitTransform
Transforming lifecycle-livedata-core-2.8.6.aar (androidx.lifecycle:lifecycle-livedata-core:2.8.6) with DexingNoClasspathTransform
Transforming lifecycle-livedata-core-2.8.6.aar (androidx.lifecycle:lifecycle-livedata-core:2.8.6) with DexingOutputSplitTransform
Transforming lifecycle-viewmodel-savedstate-2.8.6.aar (androidx.lifecycle:lifecycle-viewmodel-savedstate:2.8.6) with DexingNoClasspathTransform
Transforming lifecycle-viewmodel-savedstate-2.8.6.aar (androidx.lifecycle:lifecycle-viewmodel-savedstate:2.8.6) with DexingOutputSplitTransform
Transforming lifecycle-runtime-compose-release.aar (androidx.lifecycle:lifecycle-runtime-compose-android:2.8.6) with DexingNoClasspathTransform
Transforming lifecycle-runtime-compose-release.aar (androidx.lifecycle:lifecycle-runtime-compose-android:2.8.6) with DexingOutputSplitTransform
Transforming lifecycle-runtime-ktx-release.aar (androidx.lifecycle:lifecycle-runtime-ktx-android:2.8.6) with DexingNoClasspathTransform
Transforming lifecycle-runtime-ktx-release.aar (androidx.lifecycle:lifecycle-runtime-ktx-android:2.8.6) with DexingOutputSplitTransform
Transforming lifecycle-livedata-core-ktx-2.8.6.aar (androidx.lifecycle:lifecycle-livedata-core-ktx:2.8.6) with DexingNoClasspathTransform
Transforming lifecycle-livedata-core-ktx-2.8.6.aar (androidx.lifecycle:lifecycle-livedata-core-ktx:2.8.6) with DexingOutputSplitTransform
Transforming lifecycle-viewmodel-ktx-2.8.6.aar (androidx.lifecycle:lifecycle-viewmodel-ktx:2.8.6) with DexingNoClasspathTransform
Transforming lifecycle-viewmodel-ktx-2.8.6.aar (androidx.lifecycle:lifecycle-viewmodel-ktx:2.8.6) with DexingOutputSplitTransform
Transforming lifecycle-viewmodel-compose-release.aar (androidx.lifecycle:lifecycle-viewmodel-compose-android:2.8.6) with DexingNoClasspathTransform
Transforming lifecycle-viewmodel-compose-release.aar (androidx.lifecycle:lifecycle-viewmodel-compose-android:2.8.6) with DexingOutputSplitTransform
Transforming material-icons-extended-release.aar (androidx.compose.material:material-icons-extended-android:1.7.3) with DexingNoClasspathTransform
Transforming material-icons-extended-release.aar (androidx.compose.material:material-icons-extended-android:1.7.3) with DexingOutputSplitTransform
Transforming material-icons-core-release.aar (androidx.compose.material:material-icons-core-android:1.7.3) with DexingNoClasspathTransform
Transforming material-icons-core-release.aar (androidx.compose.material:material-icons-core-android:1.7.3) with DexingOutputSplitTransform
Transforming ui-release.aar (androidx.compose.ui:ui-android:1.7.3) with DexingNoClasspathTransform
Transforming ui-release.aar (androidx.compose.ui:ui-android:1.7.3) with DexingOutputSplitTransform
Transforming foundation-release.aar (androidx.compose.foundation:foundation-android:1.7.3) with DexingNoClasspathTransform
Transforming foundation-release.aar (androidx.compose.foundation:foundation-android:1.7.3) with DexingOutputSplitTransform
Transforming emoji2-views-helper-1.3.0.aar (androidx.emoji2:emoji2-views-helper:1.3.0) with DexingNoClasspathTransform
Transforming emoji2-views-helper-1.3.0.aar (androidx.emoji2:emoji2-views-helper:1.3.0) with DexingOutputSplitTransform
Transforming emoji2-1.3.0.aar (androidx.emoji2:emoji2:1.3.0) with DexingNoClasspathTransform
Transforming emoji2-1.3.0.aar (androidx.emoji2:emoji2:1.3.0) with DexingOutputSplitTransform
Transforming drawerlayout-1.1.1.aar (androidx.drawerlayout:drawerlayout:1.1.1) with DexingNoClasspathTransform
Transforming drawerlayout-1.1.1.aar (androidx.drawerlayout:drawerlayout:1.1.1) with DexingOutputSplitTransform
Transforming coordinatorlayout-1.1.0.aar (androidx.coordinatorlayout:coordinatorlayout:1.1.0) with DexingNoClasspathTransform
Transforming coordinatorlayout-1.1.0.aar (androidx.coordinatorlayout:coordinatorlayout:1.1.0) with DexingOutputSplitTransform
Transforming vectordrawable-animated-1.1.0.aar (androidx.vectordrawable:vectordrawable-animated:1.1.0) with DexingNoClasspathTransform
Transforming vectordrawable-animated-1.1.0.aar (androidx.vectordrawable:vectordrawable-animated:1.1.0) with DexingOutputSplitTransform
Transforming vectordrawable-1.1.0.aar (androidx.vectordrawable:vectordrawable:1.1.0) with DexingNoClasspathTransform
Transforming vectordrawable-1.1.0.aar (androidx.vectordrawable:vectordrawable:1.1.0) with DexingOutputSplitTransform
Transforming vectordrawable-1.1.0.aar (androidx.vectordrawable:vectordrawable:1.1.0) with DexingNoClasspathTransform
Transforming vectordrawable-1.1.0.aar (androidx.vectordrawable:vectordrawable:1.1.0) with DexingOutputSplitTransform
Transforming recyclerview-1.1.0.aar (androidx.recyclerview:recyclerview:1.1.0) with DexingNoClasspathTransform
Transforming recyclerview-1.1.0.aar (androidx.recyclerview:recyclerview:1.1.0) with DexingOutputSplitTransform
Transforming recyclerview-1.1.0.aar (androidx.recyclerview:recyclerview:1.1.0) with DexingNoClasspathTransform
Transforming recyclerview-1.1.0.aar (androidx.recyclerview:recyclerview:1.1.0) with DexingOutputSplitTransform
Transforming viewpager-1.0.0.aar (androidx.viewpager:viewpager:1.0.0) with DexingNoClasspathTransform
Transforming viewpager-1.0.0.aar (androidx.viewpager:viewpager:1.0.0) with DexingOutputSplitTransform
Transforming customview-1.1.0.aar (androidx.customview:customview:1.1.0) with DexingNoClasspathTransform
Transforming customview-1.1.0.aar (androidx.customview:customview:1.1.0) with DexingOutputSplitTransform
Transforming autofill-1.0.0.aar (androidx.autofill:autofill:1.0.0) with DexingNoClasspathTransform
Transforming autofill-1.0.0.aar (androidx.autofill:autofill:1.0.0) with DexingOutputSplitTransform
Transforming graphics-path-1.0.1.aar (androidx.graphics:graphics-path:1.0.1) with DexingNoClasspathTransform
Transforming graphics-path-1.0.1.aar (androidx.graphics:graphics-path:1.0.1) with DexingOutputSplitTransform
Transforming core-1.13.1.aar (androidx.core:core:1.13.1) with DexingNoClasspathTransform
Transforming core-1.13.1.aar (androidx.core:core:1.13.1) with DexingOutputSplitTransform
Transforming core-1.13.1.aar (androidx.core:core:1.13.1) with DexingNoClasspathTransform
Transforming core-1.13.1.aar (androidx.core:core:1.13.1) with DexingOutputSplitTransform
Transforming customview-poolingcontainer-1.0.0.aar (androidx.customview:customview-poolingcontainer:1.0.0) with DexingNoClasspathTransform
Transforming customview-poolingcontainer-1.0.0.aar (androidx.customview:customview-poolingcontainer:1.0.0) with DexingOutputSplitTransform
Transforming core-ktx-1.13.1.aar (androidx.core:core-ktx:1.13.1) with DexingNoClasspathTransform
Transforming core-ktx-1.13.1.aar (androidx.core:core-ktx:1.13.1) with DexingOutputSplitTransform
Transforming core-splashscreen-1.0.1.aar (androidx.core:core-splashscreen:1.0.1) with DexingNoClasspathTransform
Transforming core-splashscreen-1.0.1.aar (androidx.core:core-splashscreen:1.0.1) with DexingOutputSplitTransform
Transforming room-common-2.6.1.jar (androidx.room:room-common:2.6.1) with DexingOutputSplitTransform
Transforming room-runtime-2.6.1.aar (androidx.room:room-runtime:2.6.1) with DexingNoClasspathTransform
Transforming room-runtime-2.6.1.aar (androidx.room:room-runtime:2.6.1) with DexingOutputSplitTransform
Transforming room-ktx-2.6.1.aar (androidx.room:room-ktx:2.6.1) with DexingNoClasspathTransform
Transforming room-ktx-2.6.1.aar (androidx.room:room-ktx:2.6.1) with DexingOutputSplitTransform
Transforming sqlcipher-android-4.6.1.aar (net.zetetic:sqlcipher-android:4.6.1) with DexingNoClasspathTransform
Transforming sqlcipher-android-4.6.1.aar (net.zetetic:sqlcipher-android:4.6.1) with DexingOutputSplitTransform
Transforming sqlite-framework-2.4.0.aar (androidx.sqlite:sqlite-framework:2.4.0) with DexingNoClasspathTransform
Transforming sqlite-framework-2.4.0.aar (androidx.sqlite:sqlite-framework:2.4.0) with DexingOutputSplitTransform
Transforming sqlite-2.4.0.aar (androidx.sqlite:sqlite:2.4.0) with DexingNoClasspathTransform
Transforming sqlite-2.4.0.aar (androidx.sqlite:sqlite:2.4.0) with DexingOutputSplitTransform
Transforming sqlite-ktx-2.4.0.aar (androidx.sqlite:sqlite-ktx:2.4.0) with DexingNoClasspathTransform
Transforming sqlite-ktx-2.4.0.aar (androidx.sqlite:sqlite-ktx:2.4.0) with DexingOutputSplitTransform
Transforming runtime-saveable-release.aar (androidx.compose.runtime:runtime-saveable-android:1.7.3) with DexingNoClasspathTransform
Transforming runtime-saveable-release.aar (androidx.compose.runtime:runtime-saveable-android:1.7.3) with DexingOutputSplitTransform
Transforming runtime-release.aar (androidx.compose.runtime:runtime-android:1.7.3) with DexingNoClasspathTransform
Transforming runtime-release.aar (androidx.compose.runtime:runtime-android:1.7.3) with DexingOutputSplitTransform
Transforming kotlinx-coroutines-core-jvm-1.8.1.jar (org.jetbrains.kotlinx:kotlinx-coroutines-core-jvm:1.8.1) with DexingOutputSplitTransform
Transforming kotlinx-coroutines-android-1.8.1.jar (org.jetbrains.kotlinx:kotlinx-coroutines-android:1.8.1) with DexingOutputSplitTransform
Transforming kotlinx-serialization-core-jvm-1.6.3.jar (org.jetbrains.kotlinx:kotlinx-serialization-core-jvm:1.6.3) with DexingOutputSplitTransform
Transforming kotlinx-serialization-json-jvm-1.6.3.jar (org.jetbrains.kotlinx:kotlinx-serialization-json-jvm:1.6.3) with DexingOutputSplitTransform
Transforming annotation-experimental-1.4.1.aar (androidx.annotation:annotation-experimental:1.4.1) with DexingNoClasspathTransform
Transforming annotation-experimental-1.4.1.aar (androidx.annotation:annotation-experimental:1.4.1) with DexingOutputSplitTransform
Transforming logging-interceptor-4.12.0.jar (com.squareup.okhttp3:logging-interceptor:4.12.0) with DexingOutputSplitTransform
Transforming okhttp-sse-4.12.0.jar (com.squareup.okhttp3:okhttp-sse:4.12.0) with DexingOutputSplitTransform
Transforming converter-gson-2.9.0.jar (com.squareup.retrofit2:converter-gson:2.9.0) with DexingOutputSplitTransform
Transforming retrofit-2.9.0.jar (com.squareup.retrofit2:retrofit:2.9.0) with DexingOutputSplitTransform
Transforming okhttp-4.12.0.jar (com.squareup.okhttp3:okhttp:4.12.0) with DexingOutputSplitTransform
Transforming okio-jvm-3.6.0.jar (com.squareup.okio:okio-jvm:3.6.0) with DexingOutputSplitTransform
Transforming kotlin-stdlib-jdk8-1.9.10.jar (org.jetbrains.kotlin:kotlin-stdlib-jdk8:1.9.10) with DexingOutputSplitTransform
Transforming security-crypto-1.1.0-alpha06.aar (androidx.security:security-crypto:1.1.0-alpha06) with DexingNoClasspathTransform
Transforming security-crypto-1.1.0-alpha06.aar (androidx.security:security-crypto:1.1.0-alpha06) with DexingOutputSplitTransform
Transforming versionedparcelable-1.1.1.aar (androidx.versionedparcelable:versionedparcelable:1.1.1) with DexingNoClasspathTransform
Transforming versionedparcelable-1.1.1.aar (androidx.versionedparcelable:versionedparcelable:1.1.1) with DexingOutputSplitTransform
Transforming collection-ktx-1.4.4.jar (androidx.collection:collection-ktx:1.4.4) with DexingOutputSplitTransform
Transforming collection-jvm-1.4.4.jar (androidx.collection:collection-jvm:1.4.4) with DexingOutputSplitTransform
Transforming kotlin-stdlib-jdk7-1.9.10.jar (org.jetbrains.kotlin:kotlin-stdlib-jdk7:1.9.10) with DexingOutputSplitTransform
Transforming cursoradapter-1.0.0.aar (androidx.cursoradapter:cursoradapter:1.0.0) with DexingNoClasspathTransform
Transforming cursoradapter-1.0.0.aar (androidx.cursoradapter:cursoradapter:1.0.0) with DexingOutputSplitTransform
Transforming profileinstaller-1.3.1.aar (androidx.profileinstaller:profileinstaller:1.3.1) with DexingNoClasspathTransform
Transforming profileinstaller-1.3.1.aar (androidx.profileinstaller:profileinstaller:1.3.1) with DexingOutputSplitTransform
Transforming resourceinspection-annotation-1.0.1.jar (androidx.resourceinspection:resourceinspection-annotation:1.0.1) with DexingOutputSplitTransform
Transforming cardview-1.0.0.aar (androidx.cardview:cardview:1.0.0) with DexingNoClasspathTransform
Transforming cardview-1.0.0.aar (androidx.cardview:cardview:1.0.0) with DexingOutputSplitTransform
Transforming core-runtime-2.2.0.aar (androidx.arch.core:core-runtime:2.2.0) with DexingNoClasspathTransform
Transforming core-runtime-2.2.0.aar (androidx.arch.core:core-runtime:2.2.0) with DexingOutputSplitTransform
Transforming interpolator-1.0.0.aar (androidx.interpolator:interpolator:1.0.0) with DexingNoClasspathTransform
Transforming interpolator-1.0.0.aar (androidx.interpolator:interpolator:1.0.0) with DexingOutputSplitTransform
Transforming interpolator-1.0.0.aar (androidx.interpolator:interpolator:1.0.0) with DexingNoClasspathTransform
Transforming interpolator-1.0.0.aar (androidx.interpolator:interpolator:1.0.0) with DexingOutputSplitTransform
Transforming concurrent-futures-1.1.0.jar (androidx.concurrent:concurrent-futures:1.1.0) with DexingOutputSplitTransform
Transforming startup-runtime-1.1.1.aar (androidx.startup:startup-runtime:1.1.1) with DexingNoClasspathTransform
Transforming startup-runtime-1.1.1.aar (androidx.startup:startup-runtime:1.1.1) with DexingOutputSplitTransform
Transforming tracing-1.0.0.aar (androidx.tracing:tracing:1.0.0) with DexingNoClasspathTransform
Transforming tracing-1.0.0.aar (androidx.tracing:tracing:1.0.0) with DexingOutputSplitTransform
Transforming core-common-2.2.0.jar (androidx.arch.core:core-common:2.2.0) with DexingOutputSplitTransform
Transforming documentfile-1.0.0.aar (androidx.documentfile:documentfile:1.0.0) with DexingNoClasspathTransform
Transforming documentfile-1.0.0.aar (androidx.documentfile:documentfile:1.0.0) with DexingOutputSplitTransform
Transforming localbroadcastmanager-1.0.0.aar (androidx.localbroadcastmanager:localbroadcastmanager:1.0.0) with DexingNoClasspathTransform
Transforming localbroadcastmanager-1.0.0.aar (androidx.localbroadcastmanager:localbroadcastmanager:1.0.0) with DexingOutputSplitTransform
Transforming print-1.0.0.aar (androidx.print:print:1.0.0) with DexingNoClasspathTransform
Transforming print-1.0.0.aar (androidx.print:print:1.0.0) with DexingOutputSplitTransform
Transforming annotation-jvm-1.8.1.jar (androidx.annotation:annotation-jvm:1.8.1) with DexingOutputSplitTransform
Transforming kotlin-stdlib-2.0.20.jar (org.jetbrains.kotlin:kotlin-stdlib:2.0.20) with DexingOutputSplitTransform
Transforming tink-android-1.8.0.jar (com.google.crypto.tink:tink-android:1.8.0) with DexingOutputSplitTransform
Transforming gson-2.10.1.jar (com.google.code.gson:gson:2.10.1) with DexingOutputSplitTransform
Transforming core-3.5.3.jar (com.google.zxing:core:3.5.3) with DexingOutputSplitTransform
Transforming annotations-23.0.0.jar (org.jetbrains:annotations:23.0.0) with DexingOutputSplitTransform
Transforming error_prone_annotations-2.15.0.jar (com.google.errorprone:error_prone_annotations:2.15.0) with DexingOutputSplitTransform
Transforming hilt-core-2.51.1.jar (com.google.dagger:hilt-core:2.51.1) with DexingOutputSplitTransform
Transforming dagger-2.51.1.jar (com.google.dagger:dagger:2.51.1) with DexingOutputSplitTransform
Transforming dagger-lint-aar-2.51.1.aar (com.google.dagger:dagger-lint-aar:2.51.1) with DexingNoClasspathTransform
Transforming dagger-lint-aar-2.51.1.aar (com.google.dagger:dagger-lint-aar:2.51.1) with DexingOutputSplitTransform
Transforming jsr305-3.0.2.jar (com.google.code.findbugs:jsr305:3.0.2) with DexingOutputSplitTransform
Transforming javax.inject-1.jar (javax.inject:javax.inject:1) with DexingOutputSplitTransform
Transforming listenablefuture-1.0.jar (com.google.guava:listenablefuture:1.0) with DexingOutputSplitTransform
Transforming constraintlayout-solver-2.0.1.jar (androidx.constraintlayout:constraintlayout-solver:2.0.1) with DexingOutputSplitTransform
Transforming viewbinding-8.5.2.aar (androidx.databinding:viewbinding:8.5.2) with DexingNoClasspathTransform
Transforming viewbinding-8.5.2.aar (androidx.databinding:viewbinding:8.5.2) with DexingOutputSplitTransform
Build cache key for task ':app:mergeExtDexDebug' is ef1fb3ac33af2b03555442bf15251046
Task ':app:mergeExtDexDebug' is not up-to-date because:
  No history is available.
Loaded cache entry for task ':app:mergeExtDexDebug' with cache key ef1fb3ac33af2b03555442bf15251046
Resolve mutations for :app:mergeLibDexDebug (Thread[Execution worker,5,main]) started.
:app:mergeLibDexDebug (Thread[Execution worker,5,main]) started.

> Task :app:mergeLibDexDebug FROM-CACHE
Build cache key for task ':app:mergeLibDexDebug' is cc4a90f79fd298c061d99c2bb9800a1d
Task ':app:mergeLibDexDebug' is not up-to-date because:
  No history is available.
Loaded cache entry for task ':app:mergeLibDexDebug' with cache key cc4a90f79fd298c061d99c2bb9800a1d
Resolve mutations for :app:mergeDebugJniLibFolders (Thread[Execution worker,5,main]) started.
:app:mergeDebugJniLibFolders (Thread[Execution worker,5,main]) started.

> Task :app:mergeDebugJniLibFolders
Caching disabled for task ':app:mergeDebugJniLibFolders' because:
  Simple merging task
Task ':app:mergeDebugJniLibFolders' is not up-to-date because:
  No history is available.
The input changes require a full rebuild for incremental task ':app:mergeDebugJniLibFolders'.
Resolve mutations for :app:mergeDebugNativeLibs (Thread[Execution worker,5,main]) started.
:app:mergeDebugNativeLibs (Thread[Execution worker,5,main]) started.

> Task :app:mergeDebugNativeLibs
Transforming viewbinding-8.5.2.aar (androidx.databinding:viewbinding:8.5.2) with ExtractAarTransform
Transforming viewbinding-8.5.2.aar (androidx.databinding:viewbinding:8.5.2) with AarTransform
Transforming material-1.12.0.aar (com.google.android.material:material:1.12.0) with ExtractAarTransform
Transforming material-1.12.0.aar (com.google.android.material:material:1.12.0) with AarTransform
Transforming biometric-1.1.0.aar (androidx.biometric:biometric:1.1.0) with ExtractAarTransform
Transforming biometric-1.1.0.aar (androidx.biometric:biometric:1.1.0) with AarTransform
Transforming appcompat-resources-1.7.0.aar (androidx.appcompat:appcompat-resources:1.7.0) with ExtractAarTransform
Transforming appcompat-resources-1.7.0.aar (androidx.appcompat:appcompat-resources:1.7.0) with AarTransform
Transforming constraintlayout-2.0.1.aar (androidx.constraintlayout:constraintlayout:2.0.1) with ExtractAarTransform
Transforming constraintlayout-2.0.1.aar (androidx.constraintlayout:constraintlayout:2.0.1) with AarTransform
Transforming appcompat-1.7.0.aar (androidx.appcompat:appcompat:1.7.0) with ExtractAarTransform
Transforming appcompat-1.7.0.aar (androidx.appcompat:appcompat:1.7.0) with AarTransform
Transforming hilt-navigation-compose-1.2.0.aar (androidx.hilt:hilt-navigation-compose:1.2.0) with ExtractAarTransform
Transforming hilt-navigation-compose-1.2.0.aar (androidx.hilt:hilt-navigation-compose:1.2.0) with AarTransform
Transforming hilt-navigation-1.2.0.aar (androidx.hilt:hilt-navigation:1.2.0) with ExtractAarTransform
Transforming hilt-navigation-1.2.0.aar (androidx.hilt:hilt-navigation:1.2.0) with AarTransform
Transforming hilt-android-2.51.1.aar (com.google.dagger:hilt-android:2.51.1) with ExtractAarTransform
Transforming hilt-android-2.51.1.aar (com.google.dagger:hilt-android:2.51.1) with AarTransform
Transforming viewpager2-1.0.0.aar (androidx.viewpager2:viewpager2:1.0.0) with ExtractAarTransform
Transforming viewpager2-1.0.0.aar (androidx.viewpager2:viewpager2:1.0.0) with AarTransform
Transforming fragment-1.8.4.aar (androidx.fragment:fragment:1.8.4) with ExtractAarTransform
Transforming fragment-1.8.4.aar (androidx.fragment:fragment:1.8.4) with AarTransform
Transforming fragment-1.8.4.aar (androidx.fragment:fragment:1.8.4) with ExtractAarTransform
Transforming fragment-1.8.4.aar (androidx.fragment:fragment:1.8.4) with AarTransform
Transforming fragment-ktx-1.8.4.aar (androidx.fragment:fragment-ktx:1.8.4) with ExtractAarTransform
Transforming fragment-ktx-1.8.4.aar (androidx.fragment:fragment-ktx:1.8.4) with AarTransform
Transforming material3-release.aar (androidx.compose.material3:material3-android:1.3.0) with ExtractAarTransform
Transforming material3-release.aar (androidx.compose.material3:material3-android:1.3.0) with AarTransform
Transforming navigation-common-2.8.3.aar (androidx.navigation:navigation-common:2.8.3) with ExtractAarTransform
Transforming navigation-common-2.8.3.aar (androidx.navigation:navigation-common:2.8.3) with AarTransform
Transforming navigation-runtime-2.8.3.aar (androidx.navigation:navigation-runtime:2.8.3) with ExtractAarTransform
Transforming navigation-runtime-2.8.3.aar (androidx.navigation:navigation-runtime:2.8.3) with AarTransform
Transforming navigation-common-ktx-2.8.3.aar (androidx.navigation:navigation-common-ktx:2.8.3) with ExtractAarTransform
Transforming navigation-common-ktx-2.8.3.aar (androidx.navigation:navigation-common-ktx:2.8.3) with AarTransform
Transforming navigation-runtime-ktx-2.8.3.aar (androidx.navigation:navigation-runtime-ktx:2.8.3) with ExtractAarTransform
Transforming navigation-runtime-ktx-2.8.3.aar (androidx.navigation:navigation-runtime-ktx:2.8.3) with AarTransform
Transforming navigation-compose-2.8.3.aar (androidx.navigation:navigation-compose:2.8.3) with ExtractAarTransform
Transforming navigation-compose-2.8.3.aar (androidx.navigation:navigation-compose:2.8.3) with AarTransform
Transforming activity-ktx-1.9.2.aar (androidx.activity:activity-ktx:1.9.2) with ExtractAarTransform
Transforming activity-ktx-1.9.2.aar (androidx.activity:activity-ktx:1.9.2) with AarTransform
Transforming activity-1.9.2.aar (androidx.activity:activity:1.9.2) with ExtractAarTransform
Transforming activity-1.9.2.aar (androidx.activity:activity:1.9.2) with AarTransform
Transforming material-release.aar (androidx.compose.material:material-android:1.7.3) with ExtractAarTransform
Transforming material-release.aar (androidx.compose.material:material-android:1.7.3) with AarTransform
Transforming foundation-layout-release.aar (androidx.compose.foundation:foundation-layout-android:1.7.3) with ExtractAarTransform
Transforming foundation-layout-release.aar (androidx.compose.foundation:foundation-layout-android:1.7.3) with AarTransform
Transforming animation-core-release.aar (androidx.compose.animation:animation-core-android:1.7.3) with ExtractAarTransform
Transforming animation-core-release.aar (androidx.compose.animation:animation-core-android:1.7.3) with AarTransform
Transforming material-ripple-release.aar (androidx.compose.material:material-ripple-android:1.7.3) with ExtractAarTransform
Transforming material-ripple-release.aar (androidx.compose.material:material-ripple-android:1.7.3) with AarTransform
Transforming animation-release.aar (androidx.compose.animation:animation-android:1.7.3) with ExtractAarTransform
Transforming animation-release.aar (androidx.compose.animation:animation-android:1.7.3) with AarTransform
Transforming ui-tooling-data-release.aar (androidx.compose.ui:ui-tooling-data-android:1.7.3) with ExtractAarTransform
Transforming ui-tooling-data-release.aar (androidx.compose.ui:ui-tooling-data-android:1.7.3) with AarTransform
Transforming ui-unit-release.aar (androidx.compose.ui:ui-unit-android:1.7.3) with ExtractAarTransform
Transforming ui-unit-release.aar (androidx.compose.ui:ui-unit-android:1.7.3) with AarTransform
Transforming ui-text-release.aar (androidx.compose.ui:ui-text-android:1.7.3) with ExtractAarTransform
Transforming ui-text-release.aar (androidx.compose.ui:ui-text-android:1.7.3) with AarTransform
Transforming ui-util-release.aar (androidx.compose.ui:ui-util-android:1.7.3) with ExtractAarTransform
Transforming ui-util-release.aar (androidx.compose.ui:ui-util-android:1.7.3) with AarTransform
Transforming ui-geometry-release.aar (androidx.compose.ui:ui-geometry-android:1.7.3) with ExtractAarTransform
Transforming ui-geometry-release.aar (androidx.compose.ui:ui-geometry-android:1.7.3) with AarTransform
Transforming ui-tooling-preview-release.aar (androidx.compose.ui:ui-tooling-preview-android:1.7.3) with ExtractAarTransform
Transforming ui-tooling-preview-release.aar (androidx.compose.ui:ui-tooling-preview-android:1.7.3) with AarTransform
Transforming ui-graphics-release.aar (androidx.compose.ui:ui-graphics-android:1.7.3) with ExtractAarTransform
Transforming ui-graphics-release.aar (androidx.compose.ui:ui-graphics-android:1.7.3) with AarTransform
Transforming ui-tooling-release.aar (androidx.compose.ui:ui-tooling-android:1.7.3) with ExtractAarTransform
Transforming ui-tooling-release.aar (androidx.compose.ui:ui-tooling-android:1.7.3) with AarTransform
Transforming activity-compose-1.9.2.aar (androidx.activity:activity-compose:1.9.2) with ExtractAarTransform
Transforming activity-compose-1.9.2.aar (androidx.activity:activity-compose:1.9.2) with AarTransform
Transforming transition-1.5.0.aar (androidx.transition:transition:1.5.0) with ExtractAarTransform
Transforming transition-1.5.0.aar (androidx.transition:transition:1.5.0) with AarTransform
Transforming dynamicanimation-1.0.0.aar (androidx.dynamicanimation:dynamicanimation:1.0.0) with ExtractAarTransform
Transforming dynamicanimation-1.0.0.aar (androidx.dynamicanimation:dynamicanimation:1.0.0) with AarTransform
Transforming legacy-support-core-utils-1.0.0.aar (androidx.legacy:legacy-support-core-utils:1.0.0) with ExtractAarTransform
Transforming legacy-support-core-utils-1.0.0.aar (androidx.legacy:legacy-support-core-utils:1.0.0) with AarTransform
Transforming loader-1.0.0.aar (androidx.loader:loader:1.0.0) with ExtractAarTransform
Transforming loader-1.0.0.aar (androidx.loader:loader:1.0.0) with AarTransform
Transforming loader-1.0.0.aar (androidx.loader:loader:1.0.0) with ExtractAarTransform
Transforming loader-1.0.0.aar (androidx.loader:loader:1.0.0) with AarTransform
Transforming savedstate-ktx-1.2.1.aar (androidx.savedstate:savedstate-ktx:1.2.1) with ExtractAarTransform
Transforming savedstate-ktx-1.2.1.aar (androidx.savedstate:savedstate-ktx:1.2.1) with AarTransform
Transforming savedstate-1.2.1.aar (androidx.savedstate:savedstate:1.2.1) with ExtractAarTransform
Transforming savedstate-1.2.1.aar (androidx.savedstate:savedstate:1.2.1) with AarTransform
Transforming work-runtime-ktx-2.9.1.aar (androidx.work:work-runtime-ktx:2.9.1) with ExtractAarTransform
Transforming work-runtime-ktx-2.9.1.aar (androidx.work:work-runtime-ktx:2.9.1) with AarTransform
Transforming work-runtime-2.9.1.aar (androidx.work:work-runtime:2.9.1) with ExtractAarTransform
Transforming work-runtime-2.9.1.aar (androidx.work:work-runtime:2.9.1) with AarTransform
Transforming lifecycle-common-java8-2.8.6.jar (androidx.lifecycle:lifecycle-common-java8:2.8.6) with ExtractJniTransform
Transforming lifecycle-service-2.8.6.aar (androidx.lifecycle:lifecycle-service:2.8.6) with ExtractAarTransform
Transforming lifecycle-service-2.8.6.aar (androidx.lifecycle:lifecycle-service:2.8.6) with AarTransform
Transforming lifecycle-livedata-2.8.6.aar (androidx.lifecycle:lifecycle-livedata:2.8.6) with ExtractAarTransform
Transforming lifecycle-livedata-2.8.6.aar (androidx.lifecycle:lifecycle-livedata:2.8.6) with AarTransform
Transforming lifecycle-livedata-2.8.6.aar (androidx.lifecycle:lifecycle-livedata:2.8.6) with ExtractAarTransform
Transforming lifecycle-livedata-2.8.6.aar (androidx.lifecycle:lifecycle-livedata:2.8.6) with AarTransform
Transforming lifecycle-common-jvm-2.8.6.jar (androidx.lifecycle:lifecycle-common-jvm:2.8.6) with ExtractJniTransform
Transforming lifecycle-runtime-release.aar (androidx.lifecycle:lifecycle-runtime-android:2.8.6) with ExtractAarTransform
Transforming lifecycle-runtime-release.aar (androidx.lifecycle:lifecycle-runtime-android:2.8.6) with AarTransform
Transforming lifecycle-viewmodel-2.8.6.aar (androidx.lifecycle:lifecycle-viewmodel:2.8.6) with ExtractAarTransform
Transforming lifecycle-viewmodel-2.8.6.aar (androidx.lifecycle:lifecycle-viewmodel:2.8.6) with AarTransform
Transforming lifecycle-viewmodel-release.aar (androidx.lifecycle:lifecycle-viewmodel-android:2.8.6) with ExtractAarTransform
Transforming lifecycle-viewmodel-release.aar (androidx.lifecycle:lifecycle-viewmodel-android:2.8.6) with AarTransform
Transforming lifecycle-process-2.8.6.aar (androidx.lifecycle:lifecycle-process:2.8.6) with ExtractAarTransform
Transforming lifecycle-process-2.8.6.aar (androidx.lifecycle:lifecycle-process:2.8.6) with AarTransform
Transforming lifecycle-livedata-core-2.8.6.aar (androidx.lifecycle:lifecycle-livedata-core:2.8.6) with ExtractAarTransform
Transforming lifecycle-livedata-core-2.8.6.aar (androidx.lifecycle:lifecycle-livedata-core:2.8.6) with AarTransform
Transforming lifecycle-viewmodel-savedstate-2.8.6.aar (androidx.lifecycle:lifecycle-viewmodel-savedstate:2.8.6) with ExtractAarTransform
Transforming lifecycle-viewmodel-savedstate-2.8.6.aar (androidx.lifecycle:lifecycle-viewmodel-savedstate:2.8.6) with AarTransform
Transforming lifecycle-runtime-compose-release.aar (androidx.lifecycle:lifecycle-runtime-compose-android:2.8.6) with ExtractAarTransform
Transforming lifecycle-runtime-compose-release.aar (androidx.lifecycle:lifecycle-runtime-compose-android:2.8.6) with AarTransform
Transforming lifecycle-runtime-ktx-release.aar (androidx.lifecycle:lifecycle-runtime-ktx-android:2.8.6) with ExtractAarTransform
Transforming lifecycle-runtime-ktx-release.aar (androidx.lifecycle:lifecycle-runtime-ktx-android:2.8.6) with AarTransform
Transforming lifecycle-livedata-core-ktx-2.8.6.aar (androidx.lifecycle:lifecycle-livedata-core-ktx:2.8.6) with ExtractAarTransform
Transforming lifecycle-livedata-core-ktx-2.8.6.aar (androidx.lifecycle:lifecycle-livedata-core-ktx:2.8.6) with AarTransform
Transforming lifecycle-viewmodel-ktx-2.8.6.aar (androidx.lifecycle:lifecycle-viewmodel-ktx:2.8.6) with ExtractAarTransform
Transforming lifecycle-viewmodel-ktx-2.8.6.aar (androidx.lifecycle:lifecycle-viewmodel-ktx:2.8.6) with AarTransform
Transforming lifecycle-viewmodel-compose-release.aar (androidx.lifecycle:lifecycle-viewmodel-compose-android:2.8.6) with ExtractAarTransform
Transforming lifecycle-viewmodel-compose-release.aar (androidx.lifecycle:lifecycle-viewmodel-compose-android:2.8.6) with AarTransform
Transforming material-icons-extended-release.aar (androidx.compose.material:material-icons-extended-android:1.7.3) with ExtractAarTransform
Transforming material-icons-extended-release.aar (androidx.compose.material:material-icons-extended-android:1.7.3) with AarTransform
Transforming material-icons-core-release.aar (androidx.compose.material:material-icons-core-android:1.7.3) with ExtractAarTransform
Transforming material-icons-core-release.aar (androidx.compose.material:material-icons-core-android:1.7.3) with AarTransform
Transforming ui-release.aar (androidx.compose.ui:ui-android:1.7.3) with ExtractAarTransform
Transforming ui-release.aar (androidx.compose.ui:ui-android:1.7.3) with AarTransform
Transforming foundation-release.aar (androidx.compose.foundation:foundation-android:1.7.3) with ExtractAarTransform
Transforming foundation-release.aar (androidx.compose.foundation:foundation-android:1.7.3) with AarTransform
Transforming emoji2-views-helper-1.3.0.aar (androidx.emoji2:emoji2-views-helper:1.3.0) with ExtractAarTransform
Transforming emoji2-views-helper-1.3.0.aar (androidx.emoji2:emoji2-views-helper:1.3.0) with AarTransform
Transforming emoji2-1.3.0.aar (androidx.emoji2:emoji2:1.3.0) with ExtractAarTransform
Transforming emoji2-1.3.0.aar (androidx.emoji2:emoji2:1.3.0) with AarTransform
Transforming drawerlayout-1.1.1.aar (androidx.drawerlayout:drawerlayout:1.1.1) with ExtractAarTransform
Transforming drawerlayout-1.1.1.aar (androidx.drawerlayout:drawerlayout:1.1.1) with AarTransform
Transforming coordinatorlayout-1.1.0.aar (androidx.coordinatorlayout:coordinatorlayout:1.1.0) with ExtractAarTransform
Transforming coordinatorlayout-1.1.0.aar (androidx.coordinatorlayout:coordinatorlayout:1.1.0) with AarTransform
Transforming vectordrawable-animated-1.1.0.aar (androidx.vectordrawable:vectordrawable-animated:1.1.0) with ExtractAarTransform
Transforming vectordrawable-animated-1.1.0.aar (androidx.vectordrawable:vectordrawable-animated:1.1.0) with AarTransform
Transforming vectordrawable-1.1.0.aar (androidx.vectordrawable:vectordrawable:1.1.0) with ExtractAarTransform
Transforming vectordrawable-1.1.0.aar (androidx.vectordrawable:vectordrawable:1.1.0) with AarTransform
Transforming vectordrawable-1.1.0.aar (androidx.vectordrawable:vectordrawable:1.1.0) with ExtractAarTransform
Transforming vectordrawable-1.1.0.aar (androidx.vectordrawable:vectordrawable:1.1.0) with AarTransform
Transforming recyclerview-1.1.0.aar (androidx.recyclerview:recyclerview:1.1.0) with ExtractAarTransform
Transforming recyclerview-1.1.0.aar (androidx.recyclerview:recyclerview:1.1.0) with AarTransform
Transforming recyclerview-1.1.0.aar (androidx.recyclerview:recyclerview:1.1.0) with ExtractAarTransform
Transforming recyclerview-1.1.0.aar (androidx.recyclerview:recyclerview:1.1.0) with AarTransform
Transforming viewpager-1.0.0.aar (androidx.viewpager:viewpager:1.0.0) with ExtractAarTransform
Transforming viewpager-1.0.0.aar (androidx.viewpager:viewpager:1.0.0) with AarTransform
Transforming customview-1.1.0.aar (androidx.customview:customview:1.1.0) with ExtractAarTransform
Transforming customview-1.1.0.aar (androidx.customview:customview:1.1.0) with AarTransform
Transforming customview-1.1.0.aar (androidx.customview:customview:1.1.0) with ExtractAarTransform
Transforming customview-1.1.0.aar (androidx.customview:customview:1.1.0) with AarTransform
Transforming customview-1.1.0.aar (androidx.customview:customview:1.1.0) with ExtractAarTransform
Transforming customview-1.1.0.aar (androidx.customview:customview:1.1.0) with AarTransform
Transforming customview-1.1.0.aar (androidx.customview:customview:1.1.0) with ExtractAarTransform
Transforming customview-1.1.0.aar (androidx.customview:customview:1.1.0) with AarTransform
Transforming autofill-1.0.0.aar (androidx.autofill:autofill:1.0.0) with ExtractAarTransform
Transforming autofill-1.0.0.aar (androidx.autofill:autofill:1.0.0) with AarTransform
Transforming graphics-path-1.0.1.aar (androidx.graphics:graphics-path:1.0.1) with ExtractAarTransform
Transforming graphics-path-1.0.1.aar (androidx.graphics:graphics-path:1.0.1) with AarTransform
Transforming core-1.13.1.aar (androidx.core:core:1.13.1) with ExtractAarTransform
Transforming core-1.13.1.aar (androidx.core:core:1.13.1) with AarTransform
Transforming core-1.13.1.aar (androidx.core:core:1.13.1) with ExtractAarTransform
Transforming core-1.13.1.aar (androidx.core:core:1.13.1) with AarTransform
Transforming core-1.13.1.aar (androidx.core:core:1.13.1) with ExtractAarTransform
Transforming core-1.13.1.aar (androidx.core:core:1.13.1) with AarTransform
Transforming core-1.13.1.aar (androidx.core:core:1.13.1) with ExtractAarTransform
Transforming core-1.13.1.aar (androidx.core:core:1.13.1) with AarTransform
Transforming core-1.13.1.aar (androidx.core:core:1.13.1) with ExtractAarTransform
Transforming core-1.13.1.aar (androidx.core:core:1.13.1) with AarTransform
Transforming core-1.13.1.aar (androidx.core:core:1.13.1) with ExtractAarTransform
Transforming core-1.13.1.aar (androidx.core:core:1.13.1) with AarTransform
Transforming core-1.13.1.aar (androidx.core:core:1.13.1) with ExtractAarTransform
Transforming core-1.13.1.aar (androidx.core:core:1.13.1) with AarTransform
Transforming core-1.13.1.aar (androidx.core:core:1.13.1) with ExtractAarTransform
Transforming core-1.13.1.aar (androidx.core:core:1.13.1) with AarTransform
Transforming core-1.13.1.aar (androidx.core:core:1.13.1) with ExtractAarTransform
Transforming core-1.13.1.aar (androidx.core:core:1.13.1) with AarTransform
Transforming core-1.13.1.aar (androidx.core:core:1.13.1) with ExtractAarTransform
Transforming core-1.13.1.aar (androidx.core:core:1.13.1) with AarTransform
Transforming core-1.13.1.aar (androidx.core:core:1.13.1) with ExtractAarTransform
Transforming core-1.13.1.aar (androidx.core:core:1.13.1) with AarTransform
Transforming core-1.13.1.aar (androidx.core:core:1.13.1) with ExtractAarTransform
Transforming core-1.13.1.aar (androidx.core:core:1.13.1) with AarTransform
Transforming customview-poolingcontainer-1.0.0.aar (androidx.customview:customview-poolingcontainer:1.0.0) with ExtractAarTransform
Transforming customview-poolingcontainer-1.0.0.aar (androidx.customview:customview-poolingcontainer:1.0.0) with AarTransform
Transforming core-ktx-1.13.1.aar (androidx.core:core-ktx:1.13.1) with ExtractAarTransform
Transforming core-ktx-1.13.1.aar (androidx.core:core-ktx:1.13.1) with AarTransform
Transforming core-splashscreen-1.0.1.aar (androidx.core:core-splashscreen:1.0.1) with ExtractAarTransform
Transforming core-splashscreen-1.0.1.aar (androidx.core:core-splashscreen:1.0.1) with AarTransform
Transforming room-common-2.6.1.jar (androidx.room:room-common:2.6.1) with ExtractJniTransform
Transforming room-runtime-2.6.1.aar (androidx.room:room-runtime:2.6.1) with ExtractAarTransform
Transforming room-runtime-2.6.1.aar (androidx.room:room-runtime:2.6.1) with AarTransform
Transforming room-ktx-2.6.1.aar (androidx.room:room-ktx:2.6.1) with ExtractAarTransform
Transforming room-ktx-2.6.1.aar (androidx.room:room-ktx:2.6.1) with AarTransform
Transforming sqlcipher-android-4.6.1.aar (net.zetetic:sqlcipher-android:4.6.1) with ExtractAarTransform
Transforming sqlcipher-android-4.6.1.aar (net.zetetic:sqlcipher-android:4.6.1) with AarTransform
Transforming sqlite-framework-2.4.0.aar (androidx.sqlite:sqlite-framework:2.4.0) with ExtractAarTransform
Transforming sqlite-framework-2.4.0.aar (androidx.sqlite:sqlite-framework:2.4.0) with AarTransform
Transforming sqlite-2.4.0.aar (androidx.sqlite:sqlite:2.4.0) with ExtractAarTransform
Transforming sqlite-2.4.0.aar (androidx.sqlite:sqlite:2.4.0) with AarTransform
Transforming sqlite-ktx-2.4.0.aar (androidx.sqlite:sqlite-ktx:2.4.0) with ExtractAarTransform
Transforming sqlite-ktx-2.4.0.aar (androidx.sqlite:sqlite-ktx:2.4.0) with AarTransform
Transforming runtime-saveable-release.aar (androidx.compose.runtime:runtime-saveable-android:1.7.3) with ExtractAarTransform
Transforming runtime-saveable-release.aar (androidx.compose.runtime:runtime-saveable-android:1.7.3) with AarTransform
Transforming runtime-release.aar (androidx.compose.runtime:runtime-android:1.7.3) with ExtractAarTransform
Transforming runtime-release.aar (androidx.compose.runtime:runtime-android:1.7.3) with AarTransform
Transforming kotlinx-coroutines-core-jvm-1.8.1.jar (org.jetbrains.kotlinx:kotlinx-coroutines-core-jvm:1.8.1) with ExtractJniTransform
Transforming kotlinx-coroutines-android-1.8.1.jar (org.jetbrains.kotlinx:kotlinx-coroutines-android:1.8.1) with ExtractJniTransform
Transforming kotlinx-serialization-core-jvm-1.6.3.jar (org.jetbrains.kotlinx:kotlinx-serialization-core-jvm:1.6.3) with ExtractJniTransform
Transforming kotlinx-serialization-json-jvm-1.6.3.jar (org.jetbrains.kotlinx:kotlinx-serialization-json-jvm:1.6.3) with ExtractJniTransform
Transforming annotation-experimental-1.4.1.aar (androidx.annotation:annotation-experimental:1.4.1) with ExtractAarTransform
Transforming annotation-experimental-1.4.1.aar (androidx.annotation:annotation-experimental:1.4.1) with AarTransform
Transforming logging-interceptor-4.12.0.jar (com.squareup.okhttp3:logging-interceptor:4.12.0) with ExtractJniTransform
Transforming okhttp-sse-4.12.0.jar (com.squareup.okhttp3:okhttp-sse:4.12.0) with ExtractJniTransform
Transforming converter-gson-2.9.0.jar (com.squareup.retrofit2:converter-gson:2.9.0) with ExtractJniTransform
Transforming retrofit-2.9.0.jar (com.squareup.retrofit2:retrofit:2.9.0) with ExtractJniTransform
Transforming okhttp-4.12.0.jar (com.squareup.okhttp3:okhttp:4.12.0) with ExtractJniTransform
Transforming okio-jvm-3.6.0.jar (com.squareup.okio:okio-jvm:3.6.0) with ExtractJniTransform
Transforming kotlin-stdlib-jdk8-1.9.10.jar (org.jetbrains.kotlin:kotlin-stdlib-jdk8:1.9.10) with ExtractJniTransform
Transforming security-crypto-1.1.0-alpha06.aar (androidx.security:security-crypto:1.1.0-alpha06) with ExtractAarTransform
Transforming security-crypto-1.1.0-alpha06.aar (androidx.security:security-crypto:1.1.0-alpha06) with AarTransform
Transforming versionedparcelable-1.1.1.aar (androidx.versionedparcelable:versionedparcelable:1.1.1) with ExtractAarTransform
Transforming versionedparcelable-1.1.1.aar (androidx.versionedparcelable:versionedparcelable:1.1.1) with AarTransform
Transforming collection-ktx-1.4.4.jar (androidx.collection:collection-ktx:1.4.4) with ExtractJniTransform
Transforming collection-jvm-1.4.4.jar (androidx.collection:collection-jvm:1.4.4) with ExtractJniTransform
Transforming kotlin-stdlib-jdk7-1.9.10.jar (org.jetbrains.kotlin:kotlin-stdlib-jdk7:1.9.10) with ExtractJniTransform
Transforming cursoradapter-1.0.0.aar (androidx.cursoradapter:cursoradapter:1.0.0) with ExtractAarTransform
Transforming cursoradapter-1.0.0.aar (androidx.cursoradapter:cursoradapter:1.0.0) with AarTransform
Transforming profileinstaller-1.3.1.aar (androidx.profileinstaller:profileinstaller:1.3.1) with ExtractAarTransform
Transforming profileinstaller-1.3.1.aar (androidx.profileinstaller:profileinstaller:1.3.1) with AarTransform
Transforming resourceinspection-annotation-1.0.1.jar (androidx.resourceinspection:resourceinspection-annotation:1.0.1) with ExtractJniTransform
Transforming cardview-1.0.0.aar (androidx.cardview:cardview:1.0.0) with ExtractAarTransform
Transforming cardview-1.0.0.aar (androidx.cardview:cardview:1.0.0) with AarTransform
Transforming core-runtime-2.2.0.aar (androidx.arch.core:core-runtime:2.2.0) with ExtractAarTransform
Transforming core-runtime-2.2.0.aar (androidx.arch.core:core-runtime:2.2.0) with AarTransform
Transforming interpolator-1.0.0.aar (androidx.interpolator:interpolator:1.0.0) with ExtractAarTransform
Transforming interpolator-1.0.0.aar (androidx.interpolator:interpolator:1.0.0) with AarTransform
Transforming interpolator-1.0.0.aar (androidx.interpolator:interpolator:1.0.0) with ExtractAarTransform
Transforming interpolator-1.0.0.aar (androidx.interpolator:interpolator:1.0.0) with AarTransform
Transforming concurrent-futures-1.1.0.jar (androidx.concurrent:concurrent-futures:1.1.0) with ExtractJniTransform
Transforming startup-runtime-1.1.1.aar (androidx.startup:startup-runtime:1.1.1) with ExtractAarTransform
Transforming startup-runtime-1.1.1.aar (androidx.startup:startup-runtime:1.1.1) with AarTransform
Transforming tracing-1.0.0.aar (androidx.tracing:tracing:1.0.0) with ExtractAarTransform
Transforming tracing-1.0.0.aar (androidx.tracing:tracing:1.0.0) with AarTransform
Transforming core-common-2.2.0.jar (androidx.arch.core:core-common:2.2.0) with ExtractJniTransform
Transforming documentfile-1.0.0.aar (androidx.documentfile:documentfile:1.0.0) with ExtractAarTransform
Transforming documentfile-1.0.0.aar (androidx.documentfile:documentfile:1.0.0) with AarTransform
Transforming localbroadcastmanager-1.0.0.aar (androidx.localbroadcastmanager:localbroadcastmanager:1.0.0) with ExtractAarTransform
Transforming localbroadcastmanager-1.0.0.aar (androidx.localbroadcastmanager:localbroadcastmanager:1.0.0) with AarTransform
Transforming print-1.0.0.aar (androidx.print:print:1.0.0) with ExtractAarTransform
Transforming print-1.0.0.aar (androidx.print:print:1.0.0) with AarTransform
Transforming annotation-jvm-1.8.1.jar (androidx.annotation:annotation-jvm:1.8.1) with ExtractJniTransform
Transforming kotlin-stdlib-2.0.20.jar (org.jetbrains.kotlin:kotlin-stdlib:2.0.20) with ExtractJniTransform
Transforming tink-android-1.8.0.jar (com.google.crypto.tink:tink-android:1.8.0) with ExtractJniTransform
Transforming gson-2.10.1.jar (com.google.code.gson:gson:2.10.1) with ExtractJniTransform
Transforming core-3.5.3.jar (com.google.zxing:core:3.5.3) with ExtractJniTransform
Transforming annotations-23.0.0.jar (org.jetbrains:annotations:23.0.0) with ExtractJniTransform
Transforming error_prone_annotations-2.15.0.jar (com.google.errorprone:error_prone_annotations:2.15.0) with ExtractJniTransform
Transforming hilt-core-2.51.1.jar (com.google.dagger:hilt-core:2.51.1) with ExtractJniTransform
Transforming dagger-2.51.1.jar (com.google.dagger:dagger:2.51.1) with ExtractJniTransform
Transforming dagger-lint-aar-2.51.1.aar (com.google.dagger:dagger-lint-aar:2.51.1) with ExtractAarTransform
Transforming dagger-lint-aar-2.51.1.aar (com.google.dagger:dagger-lint-aar:2.51.1) with AarTransform
Transforming jsr305-3.0.2.jar (com.google.code.findbugs:jsr305:3.0.2) with ExtractJniTransform
Transforming javax.inject-1.jar (javax.inject:javax.inject:1) with ExtractJniTransform
Transforming listenablefuture-1.0.jar (com.google.guava:listenablefuture:1.0) with ExtractJniTransform
Transforming constraintlayout-solver-2.0.1.jar (androidx.constraintlayout:constraintlayout-solver:2.0.1) with ExtractJniTransform
Caching disabled for task ':app:mergeDebugNativeLibs' because:
  Caching has been disabled for the task
Task ':app:mergeDebugNativeLibs' is not up-to-date because:
  No history is available.
Resolve mutations for :app:stripDebugDebugSymbols (Thread[Execution worker,5,main]) started.
:app:stripDebugDebugSymbols (Thread[Execution worker,5,main]) started.

> Task :app:stripDebugDebugSymbols
Caching disabled for task ':app:stripDebugDebugSymbols' because:
  Caching has been disabled for the task
Task ':app:stripDebugDebugSymbols' is not up-to-date because:
  No history is available.
The input changes require a full rebuild for incremental task ':app:stripDebugDebugSymbols'.
C/C++: android.ndkVersion from module build.gradle is [26.1.10909125]
C/C++: android.ndkPath from module build.gradle is not set
C/C++: ndk.dir in local.properties is not set
C/C++: Not considering ANDROID_NDK_HOME because support was removed after deprecation period.
C/C++: sdkFolder is /usr/local/lib/android/sdk
C/C++: Folder /usr/local/lib/android/sdk/ndk/26.1.10909125 does not exist. Ignoring.
C/C++: Folder /usr/local/lib/android/sdk/ndk-bundle does not exist. Ignoring.
Unable to strip library '/home/runner/work/sovereign-vantage-android/sovereign-vantage-android/app/build/intermediates/merged_native_libs/debug/mergeDebugNativeLibs/out/lib/arm64-v8a/libandroidx.graphics.path.so' due to missing strip tool for ABI 'arm64-v8a'. Packaging it as is.
C/C++: android.ndkVersion from module build.gradle is [26.1.10909125]
C/C++: android.ndkPath from module build.gradle is not set
C/C++: ndk.dir in local.properties is not set
C/C++: Not considering ANDROID_NDK_HOME because support was removed after deprecation period.
C/C++: sdkFolder is /usr/local/lib/android/sdk
C/C++: Folder /usr/local/lib/android/sdk/ndk/26.1.10909125 does not exist. Ignoring.
C/C++: Folder /usr/local/lib/android/sdk/ndk-bundle does not exist. Ignoring.
Unable to strip library '/home/runner/work/sovereign-vantage-android/sovereign-vantage-android/app/build/intermediates/merged_native_libs/debug/mergeDebugNativeLibs/out/lib/arm64-v8a/libsqlcipher.so' due to missing strip tool for ABI 'arm64-v8a'. Packaging it as is.
C/C++: android.ndkVersion from module build.gradle is [26.1.10909125]
C/C++: android.ndkPath from module build.gradle is not set
C/C++: ndk.dir in local.properties is not set
C/C++: Not considering ANDROID_NDK_HOME because support was removed after deprecation period.
C/C++: sdkFolder is /usr/local/lib/android/sdk
C/C++: Folder /usr/local/lib/android/sdk/ndk/26.1.10909125 does not exist. Ignoring.
C/C++: Folder /usr/local/lib/android/sdk/ndk-bundle does not exist. Ignoring.
Unable to strip library '/home/runner/work/sovereign-vantage-android/sovereign-vantage-android/app/build/intermediates/merged_native_libs/debug/mergeDebugNativeLibs/out/lib/armeabi-v7a/libandroidx.graphics.path.so' due to missing strip tool for ABI 'armeabi-v7a'. Packaging it as is.
C/C++: android.ndkVersion from module build.gradle is [26.1.10909125]
C/C++: android.ndkPath from module build.gradle is not set
C/C++: ndk.dir in local.properties is not set
C/C++: Not considering ANDROID_NDK_HOME because support was removed after deprecation period.
C/C++: sdkFolder is /usr/local/lib/android/sdk
C/C++: Folder /usr/local/lib/android/sdk/ndk/26.1.10909125 does not exist. Ignoring.
C/C++: Folder /usr/local/lib/android/sdk/ndk-bundle does not exist. Ignoring.
Unable to strip library '/home/runner/work/sovereign-vantage-android/sovereign-vantage-android/app/build/intermediates/merged_native_libs/debug/mergeDebugNativeLibs/out/lib/armeabi-v7a/libsqlcipher.so' due to missing strip tool for ABI 'armeabi-v7a'. Packaging it as is.
C/C++: android.ndkVersion from module build.gradle is [26.1.10909125]
C/C++: android.ndkPath from module build.gradle is not set
C/C++: ndk.dir in local.properties is not set
C/C++: Not considering ANDROID_NDK_HOME because support was removed after deprecation period.
C/C++: sdkFolder is /usr/local/lib/android/sdk
C/C++: Folder /usr/local/lib/android/sdk/ndk/26.1.10909125 does not exist. Ignoring.
C/C++: Folder /usr/local/lib/android/sdk/ndk-bundle does not exist. Ignoring.
Unable to strip library '/home/runner/work/sovereign-vantage-android/sovereign-vantage-android/app/build/intermediates/merged_native_libs/debug/mergeDebugNativeLibs/out/lib/x86/libandroidx.graphics.path.so' due to missing strip tool for ABI 'x86'. Packaging it as is.
C/C++: android.ndkVersion from module build.gradle is [26.1.10909125]
C/C++: android.ndkPath from module build.gradle is not set
C/C++: ndk.dir in local.properties is not set
C/C++: Not considering ANDROID_NDK_HOME because support was removed after deprecation period.
C/C++: sdkFolder is /usr/local/lib/android/sdk
C/C++: Folder /usr/local/lib/android/sdk/ndk/26.1.10909125 does not exist. Ignoring.
C/C++: Folder /usr/local/lib/android/sdk/ndk-bundle does not exist. Ignoring.
Unable to strip library '/home/runner/work/sovereign-vantage-android/sovereign-vantage-android/app/build/intermediates/merged_native_libs/debug/mergeDebugNativeLibs/out/lib/x86/libsqlcipher.so' due to missing strip tool for ABI 'x86'. Packaging it as is.
C/C++: android.ndkVersion from module build.gradle is [26.1.10909125]
C/C++: android.ndkPath from module build.gradle is not set
C/C++: ndk.dir in local.properties is not set
C/C++: Not considering ANDROID_NDK_HOME because support was removed after deprecation period.
C/C++: sdkFolder is /usr/local/lib/android/sdk
C/C++: Folder /usr/local/lib/android/sdk/ndk/26.1.10909125 does not exist. Ignoring.
C/C++: Folder /usr/local/lib/android/sdk/ndk-bundle does not exist. Ignoring.
Unable to strip library '/home/runner/work/sovereign-vantage-android/sovereign-vantage-android/app/build/intermediates/merged_native_libs/debug/mergeDebugNativeLibs/out/lib/x86_64/libandroidx.graphics.path.so' due to missing strip tool for ABI 'x86_64'. Packaging it as is.
C/C++: android.ndkVersion from module build.gradle is [26.1.10909125]
C/C++: android.ndkPath from module build.gradle is not set
C/C++: ndk.dir in local.properties is not set
C/C++: Not considering ANDROID_NDK_HOME because support was removed after deprecation period.
C/C++: sdkFolder is /usr/local/lib/android/sdk
C/C++: Folder /usr/local/lib/android/sdk/ndk/26.1.10909125 does not exist. Ignoring.
C/C++: Folder /usr/local/lib/android/sdk/ndk-bundle does not exist. Ignoring.
Unable to strip library '/home/runner/work/sovereign-vantage-android/sovereign-vantage-android/app/build/intermediates/merged_native_libs/debug/mergeDebugNativeLibs/out/lib/x86_64/libsqlcipher.so' due to missing strip tool for ABI 'x86_64'. Packaging it as is.
Unable to strip the following libraries, packaging them as they are: libandroidx.graphics.path.so, libsqlcipher.so.
Resolve mutations for :app:validateSigningDebug (Thread[Execution worker,5,main]) started.
:app:validateSigningDebug (Thread[Execution worker,5,main]) started.

> Task :app:validateSigningDebug
Caching disabled for task ':app:validateSigningDebug' because:
  Caching has been disabled for the task
Task ':app:validateSigningDebug' is not up-to-date because:
  No history is available.
Resolve mutations for :app:writeDebugAppMetadata (Thread[Execution worker,5,main]) started.
:app:writeDebugAppMetadata (Thread[Execution worker,5,main]) started.

> Task :app:writeDebugAppMetadata
Caching disabled for task ':app:writeDebugAppMetadata' because:
  Caching has been disabled for the task
Task ':app:writeDebugAppMetadata' is not up-to-date because:
  No history is available.
Resolve mutations for :app:writeDebugSigningConfigVersions (Thread[Execution worker,5,main]) started.
:app:writeDebugSigningConfigVersions (Thread[Execution worker,5,main]) started.

> Task :app:writeDebugSigningConfigVersions
Caching disabled for task ':app:writeDebugSigningConfigVersions' because:
  Caching has been disabled for the task
Task ':app:writeDebugSigningConfigVersions' is not up-to-date because:
  No history is available.

> Task :app:compileDebugKotlin FAILED
e: file:///home/runner/work/sovereign-vantage-android/sovereign-vantage-android/app/src/main/java/com/miwealth/sovereignvantage/ui/trading/TradingScreen.kt:256:21 This material API is experimental and is likely to change or to be removed in the future.
e: file:///home/runner/work/sovereign-vantage-android/sovereign-vantage-android/app/src/main/java/com/miwealth/sovereignvantage/ui/trading/TradingScreen.kt:267:46 This material API is experimental and is likely to change or to be removed in the future.
e: file:///home/runner/work/sovereign-vantage-android/sovereign-vantage-android/app/src/main/java/com/miwealth/sovereignvantage/ui/trading/TradingScreen.kt:267:74 This material API is experimental and is likely to change or to be removed in the future.
e: file:///home/runner/work/sovereign-vantage-android/sovereign-vantage-android/app/src/main/java/com/miwealth/sovereignvantage/ui/trading/TradingScreen.kt:268:64 This material API is experimental and is likely to change or to be removed in the future.
e: file:///home/runner/work/sovereign-vantage-android/sovereign-vantage-android/app/src/main/java/com/miwealth/sovereignvantage/ui/trading/TradingScreen.kt:280:25 This material API is experimental and is likely to change or to be removed in the future.
Finished executing kotlin compiler using DAEMON strategy

FAILURE: Build failed with an exception.

* What went wrong:
Execution failed for task ':app:compileDebugKotlin'.
> A failure occurred while executing org.jetbrains.kotlin.compilerRunner.GradleCompilerRunnerWithWorkers$GradleKotlinCompilerWorkAction
   > Compilation error. See log for more details

* Try:
> Run with --debug option to get more log output.
> Run with --scan to get full insights.
> Get more help at https://help.gradle.org.

* Exception is:
org.gradle.api.tasks.TaskExecutionException: Execution failed for task ':app:compileDebugKotlin'.
	at org.gradle.api.internal.tasks.execution.ExecuteActionsTaskExecuter.lambda$executeIfValid$1(ExecuteActionsTaskExecuter.java:130)
	at org.gradle.internal.Try$Failure.ifSuccessfulOrElse(Try.java:293)
	at org.gradle.api.internal.tasks.execution.ExecuteActionsTaskExecuter.executeIfValid(ExecuteActionsTaskExecuter.java:128)
	at org.gradle.api.internal.tasks.execution.ExecuteActionsTaskExecuter.execute(ExecuteActionsTaskExecuter.java:116)
	at org.gradle.api.internal.tasks.execution.FinalizePropertiesTaskExecuter.execute(FinalizePropertiesTaskExecuter.java:46)
	at org.gradle.api.internal.tasks.execution.ResolveTaskExecutionModeExecuter.execute(ResolveTaskExecutionModeExecuter.java:51)
	at org.gradle.api.internal.tasks.execution.SkipTaskWithNoActionsExecuter.execute(SkipTaskWithNoActionsExecuter.java:57)
	at org.gradle.api.internal.tasks.execution.SkipOnlyIfTaskExecuter.execute(SkipOnlyIfTaskExecuter.java:74)
	at org.gradle.api.internal.tasks.execution.CatchExceptionTaskExecuter.execute(CatchExceptionTaskExecuter.java:36)
	at org.gradle.api.internal.tasks.execution.EventFiringTaskExecuter$1.executeTask(EventFiringTaskExecuter.java:77)
	at org.gradle.api.internal.tasks.execution.EventFiringTaskExecuter$1.call(EventFiringTaskExecuter.java:55)
	at org.gradle.api.internal.tasks.execution.EventFiringTaskExecuter$1.call(EventFiringTaskExecuter.java:52)
	at org.gradle.internal.operations.DefaultBuildOperationRunner$CallableBuildOperationWorker.execute(DefaultBuildOperationRunner.java:209)
	at org.gradle.internal.operations.DefaultBuildOperationRunner$CallableBuildOperationWorker.execute(DefaultBuildOperationRunner.java:204)
	at org.gradle.internal.operations.DefaultBuildOperationRunner$2.execute(DefaultBuildOperationRunner.java:66)
	at org.gradle.internal.operations.DefaultBuildOperationRunner$2.execute(DefaultBuildOperationRunner.java:59)
	at org.gradle.internal.operations.DefaultBuildOperationRunner.execute(DefaultBuildOperationRunner.java:166)
	at org.gradle.internal.operations.DefaultBuildOperationRunner.execute(DefaultBuildOperationRunner.java:59)
	at org.gradle.internal.operations.DefaultBuildOperationRunner.call(DefaultBuildOperationRunner.java:53)
	at org.gradle.api.internal.tasks.execution.EventFiringTaskExecuter.execute(EventFiringTaskExecuter.java:52)
	at org.gradle.execution.plan.LocalTaskNodeExecutor.execute(LocalTaskNodeExecutor.java:42)
	at org.gradle.execution.taskgraph.DefaultTaskExecutionGraph$InvokeNodeExecutorsAction.execute(DefaultTaskExecutionGraph.java:331)
	at org.gradle.execution.taskgraph.DefaultTaskExecutionGraph$InvokeNodeExecutorsAction.execute(DefaultTaskExecutionGraph.java:318)
	at org.gradle.execution.taskgraph.DefaultTaskExecutionGraph$BuildOperationAwareExecutionAction.lambda$execute$0(DefaultTaskExecutionGraph.java:314)
	at org.gradle.internal.operations.CurrentBuildOperationRef.with(CurrentBuildOperationRef.java:85)
	at org.gradle.execution.taskgraph.DefaultTaskExecutionGraph$BuildOperationAwareExecutionAction.execute(DefaultTaskExecutionGraph.java:314)
	at org.gradle.execution.taskgraph.DefaultTaskExecutionGraph$BuildOperationAwareExecutionAction.execute(DefaultTaskExecutionGraph.java:303)
	at org.gradle.execution.plan.DefaultPlanExecutor$ExecutorWorker.execute(DefaultPlanExecutor.java:459)
	at org.gradle.execution.plan.DefaultPlanExecutor$ExecutorWorker.run(DefaultPlanExecutor.java:376)
	at org.gradle.execution.plan.DefaultPlanExecutor.process(DefaultPlanExecutor.java:111)
	at org.gradle.execution.taskgraph.DefaultTaskExecutionGraph.executeWithServices(DefaultTaskExecutionGraph.java:138)
	at org.gradle.execution.taskgraph.DefaultTaskExecutionGraph.execute(DefaultTaskExecutionGraph.java:123)
	at org.gradle.execution.SelectedTaskExecutionAction.execute(SelectedTaskExecutionAction.java:35)
	at org.gradle.execution.DryRunBuildExecutionAction.execute(DryRunBuildExecutionAction.java:51)
	at org.gradle.execution.BuildOperationFiringBuildWorkerExecutor$ExecuteTasks.call(BuildOperationFiringBuildWorkerExecutor.java:54)
	at org.gradle.execution.BuildOperationFiringBuildWorkerExecutor$ExecuteTasks.call(BuildOperationFiringBuildWorkerExecutor.java:43)
	at org.gradle.internal.operations.DefaultBuildOperationRunner$CallableBuildOperationWorker.execute(DefaultBuildOperationRunner.java:209)
	at org.gradle.internal.operations.DefaultBuildOperationRunner$CallableBuildOperationWorker.execute(DefaultBuildOperationRunner.java:204)
	at org.gradle.internal.operations.DefaultBuildOperationRunner$2.execute(DefaultBuildOperationRunner.java:66)
	at org.gradle.internal.operations.DefaultBuildOperationRunner$2.execute(DefaultBuildOperationRunner.java:59)
	at org.gradle.internal.operations.DefaultBuildOperationRunner.execute(DefaultBuildOperationRunner.java:166)
	at org.gradle.internal.operations.DefaultBuildOperationRunner.execute(DefaultBuildOperationRunner.java:59)
	at org.gradle.internal.operations.DefaultBuildOperationRunner.call(DefaultBuildOperationRunner.java:53)
	at org.gradle.execution.BuildOperationFiringBuildWorkerExecutor.execute(BuildOperationFiringBuildWorkerExecutor.java:40)
	at org.gradle.internal.build.DefaultBuildLifecycleController.lambda$executeTasks$10(DefaultBuildLifecycleController.java:313)
	at org.gradle.internal.model.StateTransitionController.doTransition(StateTransitionController.java:266)
	at org.gradle.internal.model.StateTransitionController.lambda$tryTransition$8(StateTransitionController.java:177)
	at org.gradle.internal.work.DefaultSynchronizer.withLock(DefaultSynchronizer.java:44)
	at org.gradle.internal.model.StateTransitionController.tryTransition(StateTransitionController.java:177)
	at org.gradle.internal.build.DefaultBuildLifecycleController.executeTasks(DefaultBuildLifecycleController.java:304)
	at org.gradle.internal.build.DefaultBuildWorkGraphController$DefaultBuildWorkGraph.runWork(DefaultBuildWorkGraphController.java:220)
	at org.gradle.internal.work.DefaultWorkerLeaseService.withLocks(DefaultWorkerLeaseService.java:267)
	at org.gradle.internal.work.DefaultWorkerLeaseService.runAsWorkerThread(DefaultWorkerLeaseService.java:131)
	at org.gradle.composite.internal.DefaultBuildController.doRun(DefaultBuildController.java:181)
	at org.gradle.composite.internal.DefaultBuildController.access$000(DefaultBuildController.java:50)
	at org.gradle.composite.internal.DefaultBuildController$BuildOpRunnable.lambda$run$0(DefaultBuildController.java:198)
	at org.gradle.internal.operations.CurrentBuildOperationRef.with(CurrentBuildOperationRef.java:85)
	at org.gradle.composite.internal.DefaultBuildController$BuildOpRunnable.run(DefaultBuildController.java:198)
	at org.gradle.internal.concurrent.ExecutorPolicy$CatchAndRecordFailures.onExecute(ExecutorPolicy.java:64)
	at org.gradle.internal.concurrent.AbstractManagedExecutor$1.run(AbstractManagedExecutor.java:48)
Caused by: org.gradle.workers.internal.DefaultWorkerExecutor$WorkExecutionException: A failure occurred while executing org.jetbrains.kotlin.compilerRunner.GradleCompilerRunnerWithWorkers$GradleKotlinCompilerWorkAction
	at org.gradle.workers.internal.DefaultWorkerExecutor$WorkItemExecution.waitForCompletion(DefaultWorkerExecutor.java:287)
	at org.gradle.internal.work.DefaultAsyncWorkTracker.lambda$waitForItemsAndGatherFailures$2(DefaultAsyncWorkTracker.java:130)
	at org.gradle.internal.Factories$1.create(Factories.java:31)
	at org.gradle.internal.work.DefaultWorkerLeaseService.withoutLocks(DefaultWorkerLeaseService.java:339)
	at org.gradle.internal.work.DefaultWorkerLeaseService.withoutLocks(DefaultWorkerLeaseService.java:322)
	at org.gradle.internal.work.DefaultWorkerLeaseService.withoutLock(DefaultWorkerLeaseService.java:327)
	at org.gradle.internal.work.DefaultAsyncWorkTracker.waitForItemsAndGatherFailures(DefaultAsyncWorkTracker.java:126)
	at org.gradle.internal.work.DefaultAsyncWorkTracker.waitForItemsAndGatherFailures(DefaultAsyncWorkTracker.java:92)
	at org.gradle.internal.work.DefaultAsyncWorkTracker.waitForAll(DefaultAsyncWorkTracker.java:78)
	at org.gradle.internal.work.DefaultAsyncWorkTracker.waitForCompletion(DefaultAsyncWorkTracker.java:66)
	at org.gradle.api.internal.tasks.execution.TaskExecution$3.run(TaskExecution.java:252)
	at org.gradle.internal.operations.DefaultBuildOperationRunner$1.execute(DefaultBuildOperationRunner.java:29)
	at org.gradle.internal.operations.DefaultBuildOperationRunner$1.execute(DefaultBuildOperationRunner.java:26)
	at org.gradle.internal.operations.DefaultBuildOperationRunner$2.execute(DefaultBuildOperationRunner.java:66)
	at org.gradle.internal.operations.DefaultBuildOperationRunner$2.execute(DefaultBuildOperationRunner.java:59)
	at org.gradle.internal.operations.DefaultBuildOperationRunner.execute(DefaultBuildOperationRunner.java:166)
	at org.gradle.internal.operations.DefaultBuildOperationRunner.execute(DefaultBuildOperationRunner.java:59)
	at org.gradle.internal.operations.DefaultBuildOperationRunner.run(DefaultBuildOperationRunner.java:47)
	at org.gradle.api.internal.tasks.execution.TaskExecution.executeAction(TaskExecution.java:229)
	at org.gradle.api.internal.tasks.execution.TaskExecution.executeActions(TaskExecution.java:212)
	at org.gradle.api.internal.tasks.execution.TaskExecution.executeWithPreviousOutputFiles(TaskExecution.java:195)
	at org.gradle.api.internal.tasks.execution.TaskExecution.execute(TaskExecution.java:162)
	at org.gradle.internal.execution.steps.ExecuteStep.executeInternal(ExecuteStep.java:105)
	at org.gradle.internal.execution.steps.ExecuteStep.access$000(ExecuteStep.java:44)
	at org.gradle.internal.execution.steps.ExecuteStep$1.call(ExecuteStep.java:59)
	at org.gradle.internal.execution.steps.ExecuteStep$1.call(ExecuteStep.java:56)
	at org.gradle.internal.operations.DefaultBuildOperationRunner$CallableBuildOperationWorker.execute(DefaultBuildOperationRunner.java:209)
	at org.gradle.internal.operations.DefaultBuildOperationRunner$CallableBuildOperationWorker.execute(DefaultBuildOperationRunner.java:204)
	at org.gradle.internal.operations.DefaultBuildOperationRunner$2.execute(DefaultBuildOperationRunner.java:66)
	at org.gradle.internal.operations.DefaultBuildOperationRunner$2.execute(DefaultBuildOperationRunner.java:59)
	at org.gradle.internal.operations.DefaultBuildOperationRunner.execute(DefaultBuildOperationRunner.java:166)
	at org.gradle.internal.operations.DefaultBuildOperationRunner.execute(DefaultBuildOperationRunner.java:59)
	at org.gradle.internal.operations.DefaultBuildOperationRunner.call(DefaultBuildOperationRunner.java:53)
	at org.gradle.internal.execution.steps.ExecuteStep.execute(ExecuteStep.java:56)
	at org.gradle.internal.execution.steps.ExecuteStep.execute(ExecuteStep.java:44)
	at org.gradle.internal.execution.steps.CancelExecutionStep.execute(CancelExecutionStep.java:42)
	at org.gradle.internal.execution.steps.TimeoutStep.executeWithoutTimeout(TimeoutStep.java:75)
	at org.gradle.internal.execution.steps.TimeoutStep.execute(TimeoutStep.java:55)
	at org.gradle.internal.execution.steps.PreCreateOutputParentsStep.execute(PreCreateOutputParentsStep.java:50)
	at org.gradle.internal.execution.steps.PreCreateOutputParentsStep.execute(PreCreateOutputParentsStep.java:28)
	at org.gradle.internal.execution.steps.RemovePreviousOutputsStep.execute(RemovePreviousOutputsStep.java:67)
	at org.gradle.internal.execution.steps.RemovePreviousOutputsStep.execute(RemovePreviousOutputsStep.java:37)
	at org.gradle.internal.execution.steps.BroadcastChangingOutputsStep.execute(BroadcastChangingOutputsStep.java:61)
	at org.gradle.internal.execution.steps.BroadcastChangingOutputsStep.execute(BroadcastChangingOutputsStep.java:26)
	at org.gradle.internal.execution.steps.CaptureOutputsAfterExecutionStep.execute(CaptureOutputsAfterExecutionStep.java:69)
	at org.gradle.internal.execution.steps.CaptureOutputsAfterExecutionStep.execute(CaptureOutputsAfterExecutionStep.java:46)
	at org.gradle.internal.execution.steps.ResolveInputChangesStep.execute(ResolveInputChangesStep.java:40)
	at org.gradle.internal.execution.steps.ResolveInputChangesStep.execute(ResolveInputChangesStep.java:29)
	at org.gradle.internal.execution.steps.BuildCacheStep.executeWithoutCache(BuildCacheStep.java:189)
	at org.gradle.internal.execution.steps.BuildCacheStep.executeAndStoreInCache(BuildCacheStep.java:145)
	at org.gradle.internal.execution.steps.BuildCacheStep.lambda$executeWithCache$4(BuildCacheStep.java:101)
	at org.gradle.internal.execution.steps.BuildCacheStep.lambda$executeWithCache$5(BuildCacheStep.java:101)
	at org.gradle.internal.Try$Success.map(Try.java:175)
	at org.gradle.internal.execution.steps.BuildCacheStep.executeWithCache(BuildCacheStep.java:85)
	at org.gradle.internal.execution.steps.BuildCacheStep.lambda$execute$0(BuildCacheStep.java:74)
	at org.gradle.internal.Either$Left.fold(Either.java:115)
	at org.gradle.internal.execution.caching.CachingState.fold(CachingState.java:62)
	at org.gradle.internal.execution.steps.BuildCacheStep.execute(BuildCacheStep.java:73)
	at org.gradle.internal.execution.steps.BuildCacheStep.execute(BuildCacheStep.java:48)
	at org.gradle.internal.execution.steps.StoreExecutionStateStep.execute(StoreExecutionStateStep.java:46)
	at org.gradle.internal.execution.steps.StoreExecutionStateStep.execute(StoreExecutionStateStep.java:35)
	at org.gradle.internal.execution.steps.SkipUpToDateStep.executeBecause(SkipUpToDateStep.java:75)
	at org.gradle.internal.execution.steps.SkipUpToDateStep.lambda$execute$2(SkipUpToDateStep.java:53)
	at org.gradle.internal.execution.steps.SkipUpToDateStep.execute(SkipUpToDateStep.java:53)
	at org.gradle.internal.execution.steps.SkipUpToDateStep.execute(SkipUpToDateStep.java:35)
	at org.gradle.internal.execution.steps.legacy.MarkSnapshottingInputsFinishedStep.execute(MarkSnapshottingInputsFinishedStep.java:37)
	at org.gradle.internal.execution.steps.legacy.MarkSnapshottingInputsFinishedStep.execute(MarkSnapshottingInputsFinishedStep.java:27)
	at org.gradle.internal.execution.steps.ResolveIncrementalCachingStateStep.executeDelegate(ResolveIncrementalCachingStateStep.java:49)
	at org.gradle.internal.execution.steps.ResolveIncrementalCachingStateStep.executeDelegate(ResolveIncrementalCachingStateStep.java:27)
	at org.gradle.internal.execution.steps.AbstractResolveCachingStateStep.execute(AbstractResolveCachingStateStep.java:71)
	at org.gradle.internal.execution.steps.AbstractResolveCachingStateStep.execute(AbstractResolveCachingStateStep.java:39)
	at org.gradle.internal.execution.steps.ResolveChangesStep.execute(ResolveChangesStep.java:65)
	at org.gradle.internal.execution.steps.ResolveChangesStep.execute(ResolveChangesStep.java:36)
	at org.gradle.internal.execution.steps.ValidateStep.execute(ValidateStep.java:105)
	at org.gradle.internal.execution.steps.ValidateStep.execute(ValidateStep.java:54)
	at org.gradle.internal.execution.steps.AbstractCaptureStateBeforeExecutionStep.execute(AbstractCaptureStateBeforeExecutionStep.java:64)
	at org.gradle.internal.execution.steps.AbstractCaptureStateBeforeExecutionStep.execute(AbstractCaptureStateBeforeExecutionStep.java:43)
	at org.gradle.internal.execution.steps.AbstractSkipEmptyWorkStep.executeWithNonEmptySources(AbstractSkipEmptyWorkStep.java:125)
	at org.gradle.internal.execution.steps.AbstractSkipEmptyWorkStep.execute(AbstractSkipEmptyWorkStep.java:61)
	at org.gradle.internal.execution.steps.AbstractSkipEmptyWorkStep.execute(AbstractSkipEmptyWorkStep.java:36)
	at org.gradle.internal.execution.steps.legacy.MarkSnapshottingInputsStartedStep.execute(MarkSnapshottingInputsStartedStep.java:38)
	at org.gradle.internal.execution.steps.LoadPreviousExecutionStateStep.execute(LoadPreviousExecutionStateStep.java:36)
	at org.gradle.internal.execution.steps.LoadPreviousExecutionStateStep.execute(LoadPreviousExecutionStateStep.java:23)
	at org.gradle.internal.execution.steps.HandleStaleOutputsStep.execute(HandleStaleOutputsStep.java:75)
	at org.gradle.internal.execution.steps.HandleStaleOutputsStep.execute(HandleStaleOutputsStep.java:41)
	at org.gradle.internal.execution.steps.AssignMutableWorkspaceStep.lambda$execute$0(AssignMutableWorkspaceStep.java:35)
	at org.gradle.api.internal.tasks.execution.TaskExecution$4.withWorkspace(TaskExecution.java:289)
	at org.gradle.internal.execution.steps.AssignMutableWorkspaceStep.execute(AssignMutableWorkspaceStep.java:31)
	at org.gradle.internal.execution.steps.AssignMutableWorkspaceStep.execute(AssignMutableWorkspaceStep.java:22)
	at org.gradle.internal.execution.steps.ChoosePipelineStep.execute(ChoosePipelineStep.java:40)
	at org.gradle.internal.execution.steps.ChoosePipelineStep.execute(ChoosePipelineStep.java:23)
	at org.gradle.internal.execution.steps.ExecuteWorkBuildOperationFiringStep.lambda$execute$2(ExecuteWorkBuildOperationFiringStep.java:67)
	at org.gradle.internal.execution.steps.ExecuteWorkBuildOperationFiringStep.execute(ExecuteWorkBuildOperationFiringStep.java:67)
	at org.gradle.internal.execution.steps.ExecuteWorkBuildOperationFiringStep.execute(ExecuteWorkBuildOperationFiringStep.java:39)
	at org.gradle.internal.execution.steps.IdentityCacheStep.execute(IdentityCacheStep.java:46)
	at org.gradle.internal.execution.steps.IdentityCacheStep.execute(IdentityCacheStep.java:34)
	at org.gradle.internal.execution.steps.IdentifyStep.execute(IdentifyStep.java:48)
	at org.gradle.internal.execution.steps.IdentifyStep.execute(IdentifyStep.java:35)
	at org.gradle.internal.execution.impl.DefaultExecutionEngine$1.execute(DefaultExecutionEngine.java:61)
	at org.gradle.api.internal.tasks.execution.ExecuteActionsTaskExecuter.executeIfValid(ExecuteActionsTaskExecuter.java:127)
	at org.gradle.api.internal.tasks.execution.ExecuteActionsTaskExecuter.execute(ExecuteActionsTaskExecuter.java:116)
	at org.gradle.api.internal.tasks.execution.FinalizePropertiesTaskExecuter.execute(FinalizePropertiesTaskExecuter.java:46)
	at org.gradle.api.internal.tasks.execution.ResolveTaskExecutionModeExecuter.execute(ResolveTaskExecutionModeExecuter.java:51)
	at org.gradle.api.internal.tasks.execution.SkipTaskWithNoActionsExecuter.execute(SkipTaskWithNoActionsExecuter.java:57)
	at org.gradle.api.internal.tasks.execution.SkipOnlyIfTaskExecuter.execute(SkipOnlyIfTaskExecuter.java:74)
	at org.gradle.api.internal.tasks.execution.CatchExceptionTaskExecuter.execute(CatchExceptionTaskExecuter.java:36)
	at org.gradle.api.internal.tasks.execution.EventFiringTaskExecuter$1.executeTask(EventFiringTaskExecuter.java:77)
	at org.gradle.api.internal.tasks.execution.EventFiringTaskExecuter$1.call(EventFiringTaskExecuter.java:55)
	at org.gradle.api.internal.tasks.execution.EventFiringTaskExecuter$1.call(EventFiringTaskExecuter.java:52)
	at org.gradle.internal.operations.DefaultBuildOperationRunner$CallableBuildOperationWorker.execute(DefaultBuildOperationRunner.java:209)
	at org.gradle.internal.operations.DefaultBuildOperationRunner$CallableBuildOperationWorker.execute(DefaultBuildOperationRunner.java:204)
	at org.gradle.internal.operations.DefaultBuildOperationRunner$2.execute(DefaultBuildOperationRunner.java:66)
	at org.gradle.internal.operations.DefaultBuildOperationRunner$2.execute(DefaultBuildOperationRunner.java:59)
	at org.gradle.internal.operations.DefaultBuildOperationRunner.execute(DefaultBuildOperationRunner.java:166)
	at org.gradle.internal.operations.DefaultBuildOperationRunner.execute(DefaultBuildOperationRunner.java:59)
	at org.gradle.internal.operations.DefaultBuildOperationRunner.call(DefaultBuildOperationRunner.java:53)
	at org.gradle.api.internal.tasks.execution.EventFiringTaskExecuter.execute(EventFiringTaskExecuter.java:52)
	at org.gradle.execution.plan.LocalTaskNodeExecutor.execute(LocalTaskNodeExecutor.java:42)
	at org.gradle.execution.taskgraph.DefaultTaskExecutionGraph$InvokeNodeExecutorsAction.execute(DefaultTaskExecutionGraph.java:331)
	at org.gradle.execution.taskgraph.DefaultTaskExecutionGraph$InvokeNodeExecutorsAction.execute(DefaultTaskExecutionGraph.java:318)
	at org.gradle.execution.taskgraph.DefaultTaskExecutionGraph$BuildOperationAwareExecutionAction.lambda$execute$0(DefaultTaskExecutionGraph.java:314)
	at org.gradle.internal.operations.CurrentBuildOperationRef.with(CurrentBuildOperationRef.java:85)
	at org.gradle.execution.taskgraph.DefaultTaskExecutionGraph$BuildOperationAwareExecutionAction.execute(DefaultTaskExecutionGraph.java:314)
	at org.gradle.execution.taskgraph.DefaultTaskExecutionGraph$BuildOperationAwareExecutionAction.execute(DefaultTaskExecutionGraph.java:303)
	at org.gradle.execution.plan.DefaultPlanExecutor$ExecutorWorker.execute(DefaultPlanExecutor.java:459)
	at org.gradle.execution.plan.DefaultPlanExecutor$ExecutorWorker.run(DefaultPlanExecutor.java:376)
	at org.gradle.execution.plan.DefaultPlanExecutor.process(DefaultPlanExecutor.java:111)
	at org.gradle.execution.taskgraph.DefaultTaskExecutionGraph.executeWithServices(DefaultTaskExecutionGraph.java:138)
	at org.gradle.execution.taskgraph.DefaultTaskExecutionGraph.execute(DefaultTaskExecutionGraph.java:123)
	at org.gradle.execution.SelectedTaskExecutionAction.execute(SelectedTaskExecutionAction.java:35)
	at org.gradle.execution.DryRunBuildExecutionAction.execute(DryRunBuildExecutionAction.java:51)
	at org.gradle.execution.BuildOperationFiringBuildWorkerExecutor$ExecuteTasks.call(BuildOperationFiringBuildWorkerExecutor.java:54)
	at org.gradle.execution.BuildOperationFiringBuildWorkerExecutor$ExecuteTasks.call(BuildOperationFiringBuildWorkerExecutor.java:43)
	at org.gradle.internal.operations.DefaultBuildOperationRunner$CallableBuildOperationWorker.execute(DefaultBuildOperationRunner.java:209)
	at org.gradle.internal.operations.DefaultBuildOperationRunner$CallableBuildOperationWorker.execute(DefaultBuildOperationRunner.java:204)
	at org.gradle.internal.operations.DefaultBuildOperationRunner$2.execute(DefaultBuildOperationRunner.java:66)
	at org.gradle.internal.operations.DefaultBuildOperationRunner$2.execute(DefaultBuildOperationRunner.java:59)
	at org.gradle.internal.operations.DefaultBuildOperationRunner.execute(DefaultBuildOperationRunner.java:166)
	at org.gradle.internal.operations.DefaultBuildOperationRunner.execute(DefaultBuildOperationRunner.java:59)
	at org.gradle.internal.operations.DefaultBuildOperationRunner.call(DefaultBuildOperationRunner.java:53)
	at org.gradle.execution.BuildOperationFiringBuildWorkerExecutor.execute(BuildOperationFiringBuildWorkerExecutor.java:40)
	at org.gradle.internal.build.DefaultBuildLifecycleController.lambda$executeTasks$10(DefaultBuildLifecycleController.java:313)
	at org.gradle.internal.model.StateTransitionController.doTransition(StateTransitionController.java:266)
	at org.gradle.internal.model.StateTransitionController.lambda$tryTransition$8(StateTransitionController.java:177)
	at org.gradle.internal.work.DefaultSynchronizer.withLock(DefaultSynchronizer.java:44)
	at org.gradle.internal.model.StateTransitionController.tryTransition(StateTransitionController.java:177)
	at org.gradle.internal.build.DefaultBuildLifecycleController.executeTasks(DefaultBuildLifecycleController.java:304)
	at org.gradle.internal.build.DefaultBuildWorkGraphController$DefaultBuildWorkGraph.runWork(DefaultBuildWorkGraphController.java:220)
	at org.gradle.internal.work.DefaultWorkerLeaseService.withLocks(DefaultWorkerLeaseService.java:267)
	at org.gradle.internal.work.DefaultWorkerLeaseService.runAsWorkerThread(DefaultWorkerLeaseService.java:131)
	at org.gradle.composite.internal.DefaultBuildController.doRun(DefaultBuildController.java:181)
	at org.gradle.composite.internal.DefaultBuildController.access$000(DefaultBuildController.java:50)
	at org.gradle.composite.internal.DefaultBuildController$BuildOpRunnable.lambda$run$0(DefaultBuildController.java:198)
	at org.gradle.internal.operations.CurrentBuildOperationRef.with(CurrentBuildOperationRef.java:85)
	at org.gradle.composite.internal.DefaultBuildController$BuildOpRunnable.run(DefaultBuildController.java:198)
	at org.gradle.internal.concurrent.ExecutorPolicy$CatchAndRecordFailures.onExecute(ExecutorPolicy.java:64)
	at org.gradle.internal.concurrent.AbstractManagedExecutor$1.run(AbstractManagedExecutor.java:48)
Caused by: org.jetbrains.kotlin.gradle.tasks.CompilationErrorException: Compilation error. See log for more details
	at org.jetbrains.kotlin.gradle.tasks.TasksUtilsKt.throwExceptionIfCompilationFailed(tasksUtils.kt:21)
	at org.jetbrains.kotlin.compilerRunner.GradleKotlinCompilerWork.run(GradleKotlinCompilerWork.kt:119)
	at org.jetbrains.kotlin.compilerRunner.GradleCompilerRunnerWithWorkers$GradleKotlinCompilerWorkAction.execute(GradleCompilerRunnerWithWorkers.kt:76)
	at org.gradle.workers.internal.DefaultWorkerServer.execute(DefaultWorkerServer.java:63)
	at org.gradle.workers.internal.NoIsolationWorkerFactory$1$1.create(NoIsolationWorkerFactory.java:66)
	at org.gradle.workers.internal.NoIsolationWorkerFactory$1$1.create(NoIsolationWorkerFactory.java:62)
	at org.gradle.internal.classloader.ClassLoaderUtils.executeInClassloader(ClassLoaderUtils.java:100)
	at org.gradle.workers.internal.NoIsolationWorkerFactory$1.lambda$execute$0(NoIsolationWorkerFactory.java:62)
	at org.gradle.workers.internal.AbstractWorker$1.call(AbstractWorker.java:44)
	at org.gradle.workers.internal.AbstractWorker$1.call(AbstractWorker.java:41)
	at org.gradle.internal.operations.DefaultBuildOperationRunner$CallableBuildOperationWorker.execute(DefaultBuildOperationRunner.java:209)
	at org.gradle.internal.operations.DefaultBuildOperationRunner$CallableBuildOperationWorker.execute(DefaultBuildOperationRunner.java:204)
	at org.gradle.internal.operations.DefaultBuildOperationRunner$2.execute(DefaultBuildOperationRunner.java:66)
	at org.gradle.internal.operations.DefaultBuildOperationRunner$2.execute(DefaultBuildOperationRunner.java:59)
	at org.gradle.internal.operations.DefaultBuildOperationRunner.execute(DefaultBuildOperationRunner.java:166)
	at org.gradle.internal.operations.DefaultBuildOperationRunner.execute(DefaultBuildOperationRunner.java:59)
	at org.gradle.internal.operations.DefaultBuildOperationRunner.call(DefaultBuildOperationRunner.java:53)
	at org.gradle.workers.internal.AbstractWorker.executeWrappedInBuildOperation(AbstractWorker.java:41)
	at org.gradle.workers.internal.NoIsolationWorkerFactory$1.execute(NoIsolationWorkerFactory.java:59)
	at org.gradle.workers.internal.DefaultWorkerExecutor.lambda$submitWork$0(DefaultWorkerExecutor.java:174)
	at org.gradle.internal.work.DefaultConditionalExecutionQueue$ExecutionRunner.runExecution(DefaultConditionalExecutionQueue.java:195)
	at org.gradle.internal.work.DefaultConditionalExecutionQueue$ExecutionRunner.access$700(DefaultConditionalExecutionQueue.java:128)
	at org.gradle.internal.work.DefaultConditionalExecutionQueue$ExecutionRunner$1.run(DefaultConditionalExecutionQueue.java:170)
	at org.gradle.internal.Factories$1.create(Factories.java:31)
	at org.gradle.internal.work.DefaultWorkerLeaseService.withLocks(DefaultWorkerLeaseService.java:267)
	at org.gradle.internal.work.DefaultWorkerLeaseService.runAsWorkerThread(DefaultWorkerLeaseService.java:131)
	at org.gradle.internal.work.DefaultWorkerLeaseService.runAsWorkerThread(DefaultWorkerLeaseService.java:136)
	at org.gradle.internal.work.DefaultConditionalExecutionQueue$ExecutionRunner.runBatch(DefaultConditionalExecutionQueue.java:165)
	at org.gradle.internal.work.DefaultConditionalExecutionQueue$ExecutionRunner.run(DefaultConditionalExecutionQueue.java:134)
	... 2 more


BUILD FAILED in 35s
33 actionable tasks: 11 executed, 5 from cache, 17 up-to-date
